Jul  9 13:32:31 fw.rodolfoarce.local dhclient[10762]: DHCPDISCOVER on vtnet0 to 255.255.255.255 port 67 interval 2
Jul  9 13:32:33 fw.rodolfoarce.local dhclient[10762]: DHCPDISCOVER on vtnet0 to 255.255.255.255 port 67 interval 2
Jul  9 13:32:35 fw.rodolfoarce.local dhclient[10762]: DHCPDISCOVER on vtnet0 to 255.255.255.255 port 67 interval 4
Jul  9 13:32:39 fw.rodolfoarce.local dhclient[10762]: DHCPDISCOVER on vtnet0 to 255.255.255.255 port 67 interval 7
Jul  9 13:32:46 fw.rodolfoarce.local dhclient[10762]: DHCPDISCOVER on vtnet0 to 255.255.255.255 port 67 interval 15
Jul  9 13:33:00 fw.rodolfoarce.local /usr/sbin/cron[40600]: (root) CMD (/usr/sbin/newsyslog)
Jul  9 13:33:02 fw.rodolfoarce.local dhclient[10762]: DHCPDISCOVER on vtnet0 to 255.255.255.255 port 67 interval 13
Jul  9 13:33:15 fw.rodolfoarce.local dhclient[10762]: DHCPDISCOVER on vtnet0 to 255.255.255.255 port 67 interval 10
Jul  9 13:33:21 fw.rodolfoarce.local filterlog[32783]: 4,,,1000000103,vtnet0,match,block,in,4,0x0,,241,7525,0,none,6,tcp,40,79.110.62.149,10.255.255.1,41594,22,0,S,1818245561,,1024,,
Jul  9 13:33:25 fw.rodolfoarce.local dhclient[10762]: No DHCPOFFERS received.
Jul  9 13:33:25 fw.rodolfoarce.local dhclient[10762]: No working leases in persistent database - sleeping.
Jul  9 09:33:25 fw.rodolfoarce.local dhclient[41587]: FAIL
Jul  9 13:33:29 fw.rodolfoarce.local dhcp6c[28115]: Sending Solicit
Jul  9 13:33:40 fw.rodolfoarce.local dhclient[10762]: DHCPDISCOVER on vtnet0 to 255.255.255.255 port 67 interval 1
Jul  9 13:33:47 fw.rodolfoarce.local dhclient[10762]: message repeated 7 times: [ DHCPDISCOVER on vtnet0 to 255.255.255.255 port 67 interval 1]
Jul  9 13:33:48 fw.rodolfoarce.local dhclient[10762]: DHCPDISCOVER on vtnet0 to 255.255.255.255 port 67 interval 2
Jul  9 13:33:50 fw.rodolfoarce.local dhclient[10762]: DHCPDISCOVER on vtnet0 to 255.255.255.255 port 67 interval 4
Jul  9 13:33:54 fw.rodolfoarce.local dhclient[10762]: DHCPDISCOVER on vtnet0 to 255.255.255.255 port 67 interval 11
Jul  9 13:33:56 fw.rodolfoarce.local filterlog[32783]: 4,,,1000000103,vtnet0,match,block,in,4,0x0,,240,54321,0,none,17,udp,71,95.214.53.134,10.255.255.1,29256,53,51
Jul  9 13:34:00 fw.rodolfoarce.local /usr/sbin/cron[57227]: (root) CMD (/usr/sbin/newsyslog)
Jul  9 13:34:06 fw.rodolfoarce.local dhclient[10762]: DHCPDISCOVER on vtnet0 to 255.255.255.255 port 67 interval 13
Jul  9 13:34:19 fw.rodolfoarce.local dhclient[10762]: DHCPDISCOVER on vtnet0 to 255.255.255.255 port 67 interval 19
Jul  9 13:34:38 fw.rodolfoarce.local dhclient[10762]: DHCPDISCOVER on vtnet0 to 255.255.255.255 port 67 interval 3
Jul  9 13:34:41 fw.rodolfoarce.local dhclient[10762]: No DHCPOFFERS received.
Jul  9 13:34:41 fw.rodolfoarce.local dhclient[10762]: No working leases in persistent database - sleeping.
Jul  9 09:34:41 fw.rodolfoarce.local dhclient[75792]: FAIL
Jul  9 13:34:56 fw.rodolfoarce.local dhclient[10762]: DHCPDISCOVER on vtnet0 to 255.255.255.255 port 67 interval 2
Jul  9 13:34:58 fw.rodolfoarce.local dhclient[10762]: DHCPDISCOVER on vtnet0 to 255.255.255.255 port 67 interval 3
Jul  9 13:35:00 fw.rodolfoarce.local /usr/sbin/cron[77108]: (root) CMD (/usr/libexec/atrun)
Jul  9 13:35:00 fw.rodolfoarce.local /usr/sbin/cron[77059]: (root) CMD (/usr/sbin/newsyslog)
Jul  9 13:35:01 fw.rodolfoarce.local dhclient[10762]: DHCPDISCOVER on vtnet0 to 255.255.255.255 port 67 interval 8
Jul  9 13:35:09 fw.rodolfoarce.local dhclient[10762]: DHCPDISCOVER on vtnet0 to 255.255.255.255 port 67 interval 9
Jul  9 13:35:18 fw.rodolfoarce.local dhclient[10762]: DHCPDISCOVER on vtnet0 to 255.255.255.255 port 67 interval 12
Jul  9 13:35:19 fw.rodolfoarce.local dhcp6c[28115]: Sending Solicit
Jul  9 13:35:30 fw.rodolfoarce.local dhclient[10762]: DHCPDISCOVER on vtnet0 to 255.255.255.255 port 67 interval 21
Jul  9 13:35:51 fw.rodolfoarce.local dhclient[10762]: DHCPDISCOVER on vtnet0 to 255.255.255.255 port 67 interval 6
Jul  9 13:35:57 fw.rodolfoarce.local dhclient[10762]: No DHCPOFFERS received.
Jul  9 13:35:57 fw.rodolfoarce.local dhclient[10762]: No working leases in persistent database - sleeping.
Jul  9 09:35:57 fw.rodolfoarce.local dhclient[93168]: FAIL
Jul  9 13:36:00 fw.rodolfoarce.local /usr/sbin/cron[93721]: (root) CMD (/usr/sbin/newsyslog)
Jul  9 13:36:12 fw.rodolfoarce.local dhclient[10762]: DHCPDISCOVER on vtnet0 to 255.255.255.255 port 67 interval 2
Jul  9 13:36:14 fw.rodolfoarce.local dhclient[10762]: DHCPDISCOVER on vtnet0 to 255.255.255.255 port 67 interval 2
Jul  9 13:36:16 fw.rodolfoarce.local dhclient[10762]: DHCPDISCOVER on vtnet0 to 255.255.255.255 port 67 interval 5
Jul  9 13:36:22 fw.rodolfoarce.local dhclient[10762]: DHCPDISCOVER on vtnet0 to 255.255.255.255 port 67 interval 11
Jul  9 13:36:33 fw.rodolfoarce.local dhclient[10762]: DHCPDISCOVER on vtnet0 to 255.255.255.255 port 67 interval 13
Jul  9 13:36:46 fw.rodolfoarce.local dhclient[10762]: DHCPDISCOVER on vtnet0 to 255.255.255.255 port 67 interval 16
Jul  9 13:36:54 fw.rodolfoarce.local filterlog[32783]: 4,,,1000000103,vtnet0,match,block,in,4,0x0,,50,22033,0,none,17,udp,76,23.132.96.223,10.255.255.1,41864,53,56
Jul  9 13:36:54 fw.rodolfoarce.local filterlog[32783]: 4,,,1000000103,vtnet0,match,block,in,4,0x0,,50,22095,0,none,17,udp,76,23.132.96.223,10.255.255.1,64053,53,56
Jul  9 13:36:54 fw.rodolfoarce.local filterlog[32783]: 4,,,1000000103,vtnet0,match,block,in,4,0x0,,49,22130,0,none,17,udp,76,23.132.96.223,10.255.255.1,40791,53,56
Jul  9 13:36:55 fw.rodolfoarce.local filterlog[32783]: 4,,,1000000103,vtnet0,match,block,in,4,0x0,,49,22192,0,none,17,udp,76,23.132.96.223,10.255.255.1,30209,53,56
Jul  9 13:37:00 fw.rodolfoarce.local /usr/sbin/cron[11074]: (root) CMD (/usr/sbin/newsyslog)
Jul  9 13:37:01 fw.rodolfoarce.local filterlog[32783]: 4,,,1000000103,vtnet0,match,block,in,4,0x0,,50,23016,0,none,17,udp,76,23.132.96.223,10.255.255.1,62930,53,56
Jul  9 13:37:02 fw.rodolfoarce.local dhclient[10762]: DHCPDISCOVER on vtnet0 to 255.255.255.255 port 67 interval 8
Jul  9 13:37:02 fw.rodolfoarce.local filterlog[32783]: 4,,,1000000103,vtnet0,match,block,in,4,0x0,,50,23375,0,none,17,udp,76,23.132.96.223,10.255.255.1,36169,53,56
Jul  9 13:37:04 fw.rodolfoarce.local filterlog[32783]: 4,,,1000000103,vtnet0,match,block,in,4,0x0,,49,23627,0,none,17,udp,76,23.132.96.223,10.255.255.1,37772,53,56
Jul  9 13:37:07 fw.rodolfoarce.local filterlog[32783]: 4,,,1000000103,vtnet0,match,block,in,4,0x0,,50,23818,0,none,17,udp,76,23.132.96.223,10.255.255.1,35213,53,56
Jul  9 13:37:10 fw.rodolfoarce.local dhclient[10762]: DHCPDISCOVER on vtnet0 to 255.255.255.255 port 67 interval 3
Jul  9 13:37:13 fw.rodolfoarce.local dhclient[10762]: No DHCPOFFERS received.
Jul  9 13:37:13 fw.rodolfoarce.local dhclient[10762]: No working leases in persistent database - sleeping.
Jul  9 09:37:13 fw.rodolfoarce.local dhclient[11822]: FAIL
Jul  9 13:37:16 fw.rodolfoarce.local filterlog[32783]: 4,,,1000000103,vtnet0,match,block,in,4,0x0,,49,25531,0,none,17,udp,76,23.132.96.223,10.255.255.1,50446,53,56
Jul  9 13:37:20 fw.rodolfoarce.local dhcp6c[28115]: Sending Solicit
Jul  9 13:37:28 fw.rodolfoarce.local dhclient[10762]: DHCPDISCOVER on vtnet0 to 255.255.255.255 port 67 interval 2
Jul  9 13:37:30 fw.rodolfoarce.local dhclient[10762]: DHCPDISCOVER on vtnet0 to 255.255.255.255 port 67 interval 3
Jul  9 13:37:33 fw.rodolfoarce.local dhclient[10762]: DHCPDISCOVER on vtnet0 to 255.255.255.255 port 67 interval 7
Jul  9 13:37:40 fw.rodolfoarce.local dhclient[10762]: DHCPDISCOVER on vtnet0 to 255.255.255.255 port 67 interval 11
Jul  9 13:37:51 fw.rodolfoarce.local dhclient[10762]: DHCPDISCOVER on vtnet0 to 255.255.255.255 port 67 interval 14
Jul  9 13:38:00 fw.rodolfoarce.local /usr/sbin/cron[28702]: (root) CMD (/usr/sbin/newsyslog)
Jul  9 13:38:05 fw.rodolfoarce.local dhclient[10762]: DHCPDISCOVER on vtnet0 to 255.255.255.255 port 67 interval 14
Jul  9 13:38:19 fw.rodolfoarce.local dhclient[10762]: DHCPDISCOVER on vtnet0 to 255.255.255.255 port 67 interval 10
Jul  9 13:38:29 fw.rodolfoarce.local dhclient[10762]: No DHCPOFFERS received.
Jul  9 13:38:29 fw.rodolfoarce.local dhclient[10762]: No working leases in persistent database - sleeping.
Jul  9 09:38:29 fw.rodolfoarce.local dhclient[29476]: FAIL
Jul  9 13:38:44 fw.rodolfoarce.local dhclient[10762]: DHCPDISCOVER on vtnet0 to 255.255.255.255 port 67 interval 2
Jul  9 13:38:46 fw.rodolfoarce.local dhclient[10762]: DHCPDISCOVER on vtnet0 to 255.255.255.255 port 67 interval 5
Jul  9 13:38:52 fw.rodolfoarce.local dhclient[10762]: DHCPDISCOVER on vtnet0 to 255.255.255.255 port 67 interval 8
Jul  9 13:39:00 fw.rodolfoarce.local dhclient[10762]: DHCPDISCOVER on vtnet0 to 255.255.255.255 port 67 interval 15
Jul  9 13:39:00 fw.rodolfoarce.local /usr/sbin/cron[49336]: (root) CMD (/usr/sbin/newsyslog)
Jul  9 13:39:15 fw.rodolfoarce.local dhclient[10762]: DHCPDISCOVER on vtnet0 to 255.255.255.255 port 67 interval 14
Jul  9 13:39:23 fw.rodolfoarce.local dhcp6c[28115]: Sending Solicit
Jul  9 13:39:29 fw.rodolfoarce.local dhclient[10762]: DHCPDISCOVER on vtnet0 to 255.255.255.255 port 67 interval 10
Jul  9 13:39:39 fw.rodolfoarce.local dhclient[10762]: DHCPDISCOVER on vtnet0 to 255.255.255.255 port 67 interval 6
Jul  9 13:39:45 fw.rodolfoarce.local dhclient[10762]: No DHCPOFFERS received.
Jul  9 13:39:45 fw.rodolfoarce.local dhclient[10762]: No working leases in persistent database - sleeping.
Jul  9 09:39:45 fw.rodolfoarce.local dhclient[69104]: FAIL
Jul  9 13:40:00 fw.rodolfoarce.local /usr/sbin/cron[70083]: (root) CMD (/usr/sbin/newsyslog)
Jul  9 13:40:00 fw.rodolfoarce.local /usr/sbin/cron[70394]: (root) CMD (/usr/libexec/atrun)
Jul  9 13:40:00 fw.rodolfoarce.local dhclient[10762]: DHCPDISCOVER on vtnet0 to 255.255.255.255 port 67 interval 2
Jul  9 13:40:02 fw.rodolfoarce.local dhclient[10762]: DHCPDISCOVER on vtnet0 to 255.255.255.255 port 67 interval 4
Jul  9 13:40:06 fw.rodolfoarce.local dhclient[10762]: DHCPDISCOVER on vtnet0 to 255.255.255.255 port 67 interval 9
Jul  9 13:40:15 fw.rodolfoarce.local dhclient[10762]: DHCPDISCOVER on vtnet0 to 255.255.255.255 port 67 interval 14
Jul  9 13:40:29 fw.rodolfoarce.local dhclient[10762]: DHCPDISCOVER on vtnet0 to 255.255.255.255 port 67 interval 15
Jul  9 13:40:44 fw.rodolfoarce.local dhclient[10762]: DHCPDISCOVER on vtnet0 to 255.255.255.255 port 67 interval 12
Jul  9 13:40:56 fw.rodolfoarce.local dhclient[10762]: DHCPDISCOVER on vtnet0 to 255.255.255.255 port 67 interval 5
Jul  9 13:41:00 fw.rodolfoarce.local /usr/sbin/cron[88551]: (root) CMD (/usr/sbin/newsyslog)
Jul  9 13:41:02 fw.rodolfoarce.local dhclient[10762]: No DHCPOFFERS received.
Jul  9 13:41:02 fw.rodolfoarce.local dhclient[10762]: No working leases in persistent database - sleeping.
Jul  9 09:41:02 fw.rodolfoarce.local dhclient[89552]: FAIL
Jul  9 13:41:14 fw.rodolfoarce.local dhcp6c[28115]: Sending Solicit
Jul  9 13:41:17 fw.rodolfoarce.local dhclient[10762]: DHCPDISCOVER on vtnet0 to 255.255.255.255 port 67 interval 2
Jul  9 13:41:21 fw.rodolfoarce.local dhclient[10762]: message repeated 2 times: [ DHCPDISCOVER on vtnet0 to 255.255.255.255 port 67 interval 2]
Jul  9 13:41:23 fw.rodolfoarce.local dhclient[10762]: DHCPDISCOVER on vtnet0 to 255.255.255.255 port 67 interval 4
Jul  9 13:41:27 fw.rodolfoarce.local dhclient[10762]: DHCPDISCOVER on vtnet0 to 255.255.255.255 port 67 interval 7
Jul  9 13:41:34 fw.rodolfoarce.local dhclient[10762]: DHCPDISCOVER on vtnet0 to 255.255.255.255 port 67 interval 14
Jul  9 13:41:48 fw.rodolfoarce.local dhclient[10762]: DHCPDISCOVER on vtnet0 to 255.255.255.255 port 67 interval 14
Jul  9 13:42:00 fw.rodolfoarce.local /usr/sbin/cron[6696]: (root) CMD (/usr/sbin/newsyslog)
Jul  9 13:42:02 fw.rodolfoarce.local dhclient[10762]: DHCPDISCOVER on vtnet0 to 255.255.255.255 port 67 interval 14
Jul  9 13:42:16 fw.rodolfoarce.local dhclient[10762]: DHCPDISCOVER on vtnet0 to 255.255.255.255 port 67 interval 2
Jul  9 13:42:18 fw.rodolfoarce.local dhclient[10762]: No DHCPOFFERS received.
Jul  9 13:42:18 fw.rodolfoarce.local dhclient[10762]: No working leases in persistent database - sleeping.
Jul  9 09:42:18 fw.rodolfoarce.local dhclient[7207]: FAIL
Jul  9 13:42:33 fw.rodolfoarce.local dhclient[10762]: DHCPDISCOVER on vtnet0 to 255.255.255.255 port 67 interval 1
Jul  9 13:42:34 fw.rodolfoarce.local dhclient[10762]: DHCPDISCOVER on vtnet0 to 255.255.255.255 port 67 interval 2
Jul  9 13:42:36 fw.rodolfoarce.local dhclient[10762]: DHCPDISCOVER on vtnet0 to 255.255.255.255 port 67 interval 4
Jul  9 13:42:41 fw.rodolfoarce.local dhclient[10762]: DHCPDISCOVER on vtnet0 to 255.255.255.255 port 67 interval 9
Jul  9 13:42:50 fw.rodolfoarce.local dhclient[10762]: DHCPDISCOVER on vtnet0 to 255.255.255.255 port 67 interval 10
Jul  9 13:43:00 fw.rodolfoarce.local /usr/sbin/cron[27764]: (root) CMD (/usr/sbin/newsyslog)
Jul  9 13:43:00 fw.rodolfoarce.local dhclient[10762]: DHCPDISCOVER on vtnet0 to 255.255.255.255 port 67 interval 10
Jul  9 13:43:10 fw.rodolfoarce.local dhclient[10762]: DHCPDISCOVER on vtnet0 to 255.255.255.255 port 67 interval 20
Jul  9 13:43:25 fw.rodolfoarce.local dhcp6c[28115]: Sending Solicit
Jul  9 13:43:30 fw.rodolfoarce.local dhclient[10762]: DHCPDISCOVER on vtnet0 to 255.255.255.255 port 67 interval 4
Jul  9 13:43:34 fw.rodolfoarce.local dhclient[10762]: No DHCPOFFERS received.
Jul  9 13:43:34 fw.rodolfoarce.local dhclient[10762]: No working leases in persistent database - sleeping.
Jul  9 09:43:34 fw.rodolfoarce.local dhclient[28610]: FAIL
Jul  9 13:43:49 fw.rodolfoarce.local dhclient[10762]: DHCPDISCOVER on vtnet0 to 255.255.255.255 port 67 interval 2
Jul  9 13:43:51 fw.rodolfoarce.local dhclient[10762]: DHCPDISCOVER on vtnet0 to 255.255.255.255 port 67 interval 5
Jul  9 13:43:56 fw.rodolfoarce.local dhclient[10762]: DHCPDISCOVER on vtnet0 to 255.255.255.255 port 67 interval 12
Jul  9 13:44:00 fw.rodolfoarce.local /usr/sbin/cron[48394]: (root) CMD (/usr/sbin/newsyslog)
Jul  9 13:44:08 fw.rodolfoarce.local dhclient[10762]: DHCPDISCOVER on vtnet0 to 255.255.255.255 port 67 interval 19
Jul  9 13:44:27 fw.rodolfoarce.local dhclient[10762]: DHCPDISCOVER on vtnet0 to 255.255.255.255 port 67 interval 9
Jul  9 13:44:36 fw.rodolfoarce.local dhclient[10762]: DHCPDISCOVER on vtnet0 to 255.255.255.255 port 67 interval 14
Jul  9 13:44:50 fw.rodolfoarce.local dhclient[10762]: No DHCPOFFERS received.
Jul  9 13:44:50 fw.rodolfoarce.local dhclient[10762]: No working leases in persistent database - sleeping.
Jul  9 09:44:50 fw.rodolfoarce.local dhclient[66001]: FAIL
Jul  9 13:45:00 fw.rodolfoarce.local /usr/sbin/cron[67475]: (root) CMD (/usr/libexec/atrun)
Jul  9 13:45:00 fw.rodolfoarce.local /usr/sbin/cron[67398]: (root) CMD (/usr/sbin/newsyslog)
Jul  9 13:45:05 fw.rodolfoarce.local dhclient[10762]: DHCPDISCOVER on vtnet0 to 255.255.255.255 port 67 interval 1
Jul  9 13:45:06 fw.rodolfoarce.local dhclient[10762]: DHCPDISCOVER on vtnet0 to 255.255.255.255 port 67 interval 2
Jul  9 13:45:08 fw.rodolfoarce.local dhclient[10762]: DHCPDISCOVER on vtnet0 to 255.255.255.255 port 67 interval 3
Jul  9 13:45:12 fw.rodolfoarce.local dhclient[10762]: DHCPDISCOVER on vtnet0 to 255.255.255.255 port 67 interval 7
Jul  9 13:45:19 fw.rodolfoarce.local dhclient[10762]: DHCPDISCOVER on vtnet0 to 255.255.255.255 port 67 interval 20
Jul  9 13:45:22 fw.rodolfoarce.local dhcp6c[28115]: Sending Solicit
Jul  9 13:45:36 fw.rodolfoarce.local filterlog[32783]: 4,,,1000000103,vtnet1,match,block,in,4,0x0,,64,42449,0,DF,6,tcp,76,10.1.1.3,172.67.157.37,53860,443,24,PA,2387167348:2387167372,286621513,249,,nop;nop;TS
Jul  9 13:45:36 fw.rodolfoarce.local filterlog[32783]: 4,,,1000000103,vtnet1,match,block,in,4,0x0,,64,42450,0,DF,6,tcp,52,10.1.1.3,172.67.157.37,53860,443,0,FA,2387167372,286621513,249,,nop;nop;TS
Jul  9 13:45:36 fw.rodolfoarce.local filterlog[32783]: 4,,,1000000103,vtnet1,match,block,in,4,0x0,,64,42451,0,DF,6,tcp,52,10.1.1.3,172.67.157.37,53860,443,0,FA,2387167372,286621513,249,,nop;nop;TS
Jul  9 13:45:36 fw.rodolfoarce.local filterlog[32783]: 4,,,1000000103,vtnet1,match,block,in,4,0x0,,64,42452,0,DF,6,tcp,76,10.1.1.3,172.67.157.37,53860,443,24,FPA,2387167348:2387167372,286621513,249,,nop;nop;TS
Jul  9 13:45:37 fw.rodolfoarce.local filterlog[32783]: 4,,,1000000103,vtnet1,match,block,in,4,0x0,,64,42453,0,DF,6,tcp,76,10.1.1.3,172.67.157.37,53860,443,24,FPA,2387167348:2387167372,286621513,249,,nop;nop;TS
Jul  9 13:45:37 fw.rodolfoarce.local filterlog[32783]: 4,,,1000000103,vtnet1,match,block,in,4,0x0,,64,42454,0,DF,6,tcp,76,10.1.1.3,172.67.157.37,53860,443,24,FPA,2387167348:2387167372,286621513,249,,nop;nop;TS
Jul  9 13:45:39 fw.rodolfoarce.local dhclient[10762]: DHCPDISCOVER on vtnet0 to 255.255.255.255 port 67 interval 14
Jul  9 13:45:40 fw.rodolfoarce.local filterlog[32783]: 4,,,1000000103,vtnet1,match,block,in,4,0x0,,64,42455,0,DF,6,tcp,76,10.1.1.3,172.67.157.37,53860,443,24,FPA,2387167348:2387167372,286621513,249,,nop;nop;TS
Jul  9 13:45:43 fw.rodolfoarce.local filterlog[32783]: 4,,,1000000103,vtnet1,match,block,in,4,0x0,,64,42456,0,DF,6,tcp,76,10.1.1.3,172.67.157.37,53860,443,24,FPA,2387167348:2387167372,286621513,249,,nop;nop;TS
Jul  9 13:45:50 fw.rodolfoarce.local filterlog[32783]: 4,,,1000000103,vtnet1,match,block,in,4,0x0,,64,42457,0,DF,6,tcp,76,10.1.1.3,172.67.157.37,53860,443,24,FPA,2387167348:2387167372,286621513,249,,nop;nop;TS
Jul  9 13:45:53 fw.rodolfoarce.local dhclient[10762]: DHCPDISCOVER on vtnet0 to 255.255.255.255 port 67 interval 11
Jul  9 13:46:00 fw.rodolfoarce.local /usr/sbin/cron[84281]: (root) CMD (/usr/sbin/newsyslog)
Jul  9 13:46:04 fw.rodolfoarce.local filterlog[32783]: 4,,,1000000103,vtnet1,match,block,in,4,0x0,,64,42458,0,DF,6,tcp,76,10.1.1.3,172.67.157.37,53860,443,24,FPA,2387167348:2387167372,286621513,249,,nop;nop;TS
Jul  9 13:46:04 fw.rodolfoarce.local dhclient[10762]: DHCPDISCOVER on vtnet0 to 255.255.255.255 port 67 interval 2
Jul  9 13:46:06 fw.rodolfoarce.local dhclient[10762]: No DHCPOFFERS received.
Jul  9 13:46:06 fw.rodolfoarce.local dhclient[10762]: No working leases in persistent database - sleeping.
Jul  9 09:46:06 fw.rodolfoarce.local dhclient[85201]: FAIL
Jul  9 13:46:21 fw.rodolfoarce.local dhclient[10762]: DHCPDISCOVER on vtnet0 to 255.255.255.255 port 67 interval 1
Jul  9 13:46:22 fw.rodolfoarce.local dhclient[10762]: DHCPDISCOVER on vtnet0 to 255.255.255.255 port 67 interval 2
Jul  9 13:46:24 fw.rodolfoarce.local dhclient[10762]: DHCPDISCOVER on vtnet0 to 255.255.255.255 port 67 interval 2
Jul  9 13:46:26 fw.rodolfoarce.local dhclient[10762]: DHCPDISCOVER on vtnet0 to 255.255.255.255 port 67 interval 5
Jul  9 13:46:30 fw.rodolfoarce.local filterlog[32783]: 4,,,1000000103,vtnet1,match,block,in,4,0x0,,64,42459,0,DF,6,tcp,76,10.1.1.3,172.67.157.37,53860,443,24,FPA,2387167348:2387167372,286621513,249,,nop;nop;TS
Jul  9 13:46:31 fw.rodolfoarce.local dhclient[10762]: DHCPDISCOVER on vtnet0 to 255.255.255.255 port 67 interval 13
Jul  9 13:46:44 fw.rodolfoarce.local dhclient[10762]: DHCPDISCOVER on vtnet0 to 255.255.255.255 port 67 interval 17
Jul  9 13:47:00 fw.rodolfoarce.local /usr/sbin/cron[4249]: (root) CMD (/usr/sbin/newsyslog)
Jul  9 13:47:01 fw.rodolfoarce.local dhclient[10762]: DHCPDISCOVER on vtnet0 to 255.255.255.255 port 67 interval 21
Jul  9 13:47:23 fw.rodolfoarce.local dhclient[10762]: No DHCPOFFERS received.
Jul  9 13:47:23 fw.rodolfoarce.local dhclient[10762]: No working leases in persistent database - sleeping.
Jul  9 09:47:23 fw.rodolfoarce.local dhclient[5325]: FAIL
Jul  9 13:47:23 fw.rodolfoarce.local dhcp6c[28115]: Sending Solicit
Jul  9 13:47:38 fw.rodolfoarce.local dhclient[10762]: DHCPDISCOVER on vtnet0 to 255.255.255.255 port 67 interval 2
Jul  9 13:47:40 fw.rodolfoarce.local dhclient[10762]: DHCPDISCOVER on vtnet0 to 255.255.255.255 port 67 interval 5
Jul  9 13:47:45 fw.rodolfoarce.local dhclient[10762]: DHCPDISCOVER on vtnet0 to 255.255.255.255 port 67 interval 9
Jul  9 13:47:54 fw.rodolfoarce.local dhclient[10762]: DHCPDISCOVER on vtnet0 to 255.255.255.255 port 67 interval 15
Jul  9 13:48:00 fw.rodolfoarce.local /usr/sbin/cron[24808]: (root) CMD (/usr/sbin/newsyslog)
Jul  9 13:48:09 fw.rodolfoarce.local dhclient[10762]: DHCPDISCOVER on vtnet0 to 255.255.255.255 port 67 interval 15
Jul  9 13:48:24 fw.rodolfoarce.local dhclient[10762]: DHCPDISCOVER on vtnet0 to 255.255.255.255 port 67 interval 11
Jul  9 13:48:35 fw.rodolfoarce.local dhclient[10762]: DHCPDISCOVER on vtnet0 to 255.255.255.255 port 67 interval 4
Jul  9 13:48:39 fw.rodolfoarce.local dhclient[10762]: No DHCPOFFERS received.
Jul  9 13:48:39 fw.rodolfoarce.local dhclient[10762]: No working leases in persistent database - sleeping.
Jul  9 09:48:39 fw.rodolfoarce.local dhclient[25800]: FAIL
Jul  9 13:48:54 fw.rodolfoarce.local dhclient[10762]: DHCPDISCOVER on vtnet0 to 255.255.255.255 port 67 interval 1
Jul  9 13:48:55 fw.rodolfoarce.local dhclient[10762]: DHCPDISCOVER on vtnet0 to 255.255.255.255 port 67 interval 1
Jul  9 13:48:56 fw.rodolfoarce.local dhclient[10762]: DHCPDISCOVER on vtnet0 to 255.255.255.255 port 67 interval 2
Jul  9 13:48:58 fw.rodolfoarce.local dhclient[10762]: DHCPDISCOVER on vtnet0 to 255.255.255.255 port 67 interval 4
Jul  9 13:49:00 fw.rodolfoarce.local /usr/sbin/cron[43035]: (root) CMD (/usr/sbin/newsyslog)
Jul  9 13:49:03 fw.rodolfoarce.local dhclient[10762]: DHCPDISCOVER on vtnet0 to 255.255.255.255 port 67 interval 7
Jul  9 13:49:10 fw.rodolfoarce.local dhclient[10762]: DHCPDISCOVER on vtnet0 to 255.255.255.255 port 67 interval 15
Jul  9 13:49:25 fw.rodolfoarce.local dhclient[10762]: DHCPDISCOVER on vtnet0 to 255.255.255.255 port 67 interval 11
Jul  9 13:49:28 fw.rodolfoarce.local dhcp6c[28115]: Sending Solicit
Jul  9 13:49:36 fw.rodolfoarce.local dhclient[10762]: DHCPDISCOVER on vtnet0 to 255.255.255.255 port 67 interval 11
Jul  9 13:49:47 fw.rodolfoarce.local dhclient[10762]: DHCPDISCOVER on vtnet0 to 255.255.255.255 port 67 interval 8
Jul  9 13:49:55 fw.rodolfoarce.local dhclient[10762]: No DHCPOFFERS received.
Jul  9 13:49:55 fw.rodolfoarce.local dhclient[10762]: No working leases in persistent database - sleeping.
Jul  9 09:49:55 fw.rodolfoarce.local dhclient[64170]: FAIL
Jul  9 13:50:00 fw.rodolfoarce.local /usr/sbin/cron[64826]: (root) CMD (/usr/libexec/atrun)
Jul  9 13:50:00 fw.rodolfoarce.local /usr/sbin/cron[64617]: (root) CMD (/usr/sbin/newsyslog)
Jul  9 13:50:10 fw.rodolfoarce.local dhclient[10762]: DHCPDISCOVER on vtnet0 to 255.255.255.255 port 67 interval 2
Jul  9 13:50:12 fw.rodolfoarce.local dhclient[10762]: DHCPDISCOVER on vtnet0 to 255.255.255.255 port 67 interval 5
Jul  9 13:50:17 fw.rodolfoarce.local dhclient[10762]: DHCPDISCOVER on vtnet0 to 255.255.255.255 port 67 interval 11
Jul  9 13:50:28 fw.rodolfoarce.local dhclient[10762]: DHCPDISCOVER on vtnet0 to 255.255.255.255 port 67 interval 15
Jul  9 13:50:43 fw.rodolfoarce.local dhclient[10762]: DHCPDISCOVER on vtnet0 to 255.255.255.255 port 67 interval 13
Jul  9 13:50:56 fw.rodolfoarce.local dhclient[10762]: DHCPDISCOVER on vtnet0 to 255.255.255.255 port 67 interval 15
Jul  9 13:51:00 fw.rodolfoarce.local /usr/sbin/cron[81330]: (root) CMD (/usr/sbin/newsyslog)
Jul  9 13:51:11 fw.rodolfoarce.local dhclient[10762]: No DHCPOFFERS received.
Jul  9 13:51:11 fw.rodolfoarce.local dhclient[10762]: No working leases in persistent database - sleeping.
Jul  9 09:51:11 fw.rodolfoarce.local dhclient[82218]: FAIL
Jul  9 13:51:27 fw.rodolfoarce.local dhclient[10762]: DHCPDISCOVER on vtnet0 to 255.255.255.255 port 67 interval 1
Jul  9 13:51:27 fw.rodolfoarce.local dhcp6c[28115]: Sending Solicit
Jul  9 13:51:28 fw.rodolfoarce.local dhclient[10762]: DHCPDISCOVER on vtnet0 to 255.255.255.255 port 67 interval 1
Jul  9 13:51:32 fw.rodolfoarce.local dhclient[10762]: message repeated 4 times: [ DHCPDISCOVER on vtnet0 to 255.255.255.255 port 67 interval 1]
Jul  9 13:51:33 fw.rodolfoarce.local dhclient[10762]: DHCPDISCOVER on vtnet0 to 255.255.255.255 port 67 interval 2
Jul  9 13:51:35 fw.rodolfoarce.local dhclient[10762]: DHCPDISCOVER on vtnet0 to 255.255.255.255 port 67 interval 5
Jul  9 13:51:40 fw.rodolfoarce.local dhclient[10762]: DHCPDISCOVER on vtnet0 to 255.255.255.255 port 67 interval 9
Jul  9 13:51:49 fw.rodolfoarce.local dhclient[10762]: DHCPDISCOVER on vtnet0 to 255.255.255.255 port 67 interval 18
Jul  9 13:52:00 fw.rodolfoarce.local /usr/sbin/cron[750]: (root) CMD (/usr/sbin/newsyslog)
Jul  9 13:52:07 fw.rodolfoarce.local dhclient[10762]: DHCPDISCOVER on vtnet0 to 255.255.255.255 port 67 interval 21
Jul  9 13:52:28 fw.rodolfoarce.local dhclient[10762]: No DHCPOFFERS received.
Jul  9 13:52:28 fw.rodolfoarce.local dhclient[10762]: No working leases in persistent database - sleeping.
Jul  9 09:52:28 fw.rodolfoarce.local dhclient[1496]: FAIL
Jul  9 13:52:43 fw.rodolfoarce.local dhclient[10762]: DHCPDISCOVER on vtnet0 to 255.255.255.255 port 67 interval 1
Jul  9 13:52:44 fw.rodolfoarce.local dhclient[10762]: DHCPDISCOVER on vtnet0 to 255.255.255.255 port 67 interval 2
Jul  9 13:52:46 fw.rodolfoarce.local dhclient[10762]: DHCPDISCOVER on vtnet0 to 255.255.255.255 port 67 interval 5
Jul  9 13:52:52 fw.rodolfoarce.local dhclient[10762]: DHCPDISCOVER on vtnet0 to 255.255.255.255 port 67 interval 6
Jul  9 13:52:58 fw.rodolfoarce.local dhclient[10762]: DHCPDISCOVER on vtnet0 to 255.255.255.255 port 67 interval 12
Jul  9 13:53:00 fw.rodolfoarce.local /usr/sbin/cron[19990]: (root) CMD (/usr/sbin/newsyslog)
Jul  9 13:53:10 fw.rodolfoarce.local dhclient[10762]: DHCPDISCOVER on vtnet0 to 255.255.255.255 port 67 interval 17
Jul  9 13:53:27 fw.rodolfoarce.local dhclient[10762]: DHCPDISCOVER on vtnet0 to 255.255.255.255 port 67 interval 17
Jul  9 13:53:33 fw.rodolfoarce.local dhcp6c[28115]: Sending Solicit
Jul  9 13:53:44 fw.rodolfoarce.local dhclient[10762]: No DHCPOFFERS received.
Jul  9 13:53:44 fw.rodolfoarce.local dhclient[10762]: No working leases in persistent database - sleeping.
Jul  9 09:53:44 fw.rodolfoarce.local dhclient[20488]: FAIL
Jul  9 13:53:59 fw.rodolfoarce.local dhclient[10762]: DHCPDISCOVER on vtnet0 to 255.255.255.255 port 67 interval 2
Jul  9 13:54:00 fw.rodolfoarce.local /usr/sbin/cron[30256]: (root) CMD (/usr/sbin/newsyslog)
Jul  9 13:54:01 fw.rodolfoarce.local dhclient[10762]: DHCPDISCOVER on vtnet0 to 255.255.255.255 port 67 interval 4
Jul  9 13:54:05 fw.rodolfoarce.local dhclient[10762]: DHCPDISCOVER on vtnet0 to 255.255.255.255 port 67 interval 7
Jul  9 13:54:12 fw.rodolfoarce.local dhclient[10762]: DHCPDISCOVER on vtnet0 to 255.255.255.255 port 67 interval 11
Jul  9 13:54:23 fw.rodolfoarce.local dhclient[10762]: DHCPDISCOVER on vtnet0 to 255.255.255.255 port 67 interval 11
Jul  9 13:54:34 fw.rodolfoarce.local dhclient[10762]: DHCPDISCOVER on vtnet0 to 255.255.255.255 port 67 interval 10
Jul  9 13:54:44 fw.rodolfoarce.local dhclient[10762]: DHCPDISCOVER on vtnet0 to 255.255.255.255 port 67 interval 7
Jul  9 13:54:51 fw.rodolfoarce.local dhclient[10762]: DHCPDISCOVER on vtnet0 to 255.255.255.255 port 67 interval 9
Jul  9 13:55:00 fw.rodolfoarce.local /usr/sbin/cron[39235]: (root) CMD (/usr/sbin/newsyslog)
Jul  9 13:55:00 fw.rodolfoarce.local /usr/sbin/cron[39511]: (root) CMD (/usr/libexec/atrun)
Jul  9 13:55:00 fw.rodolfoarce.local dhclient[10762]: No DHCPOFFERS received.
Jul  9 13:55:00 fw.rodolfoarce.local dhclient[10762]: No working leases in persistent database - sleeping.
Jul  9 09:55:00 fw.rodolfoarce.local dhclient[50677]: FAIL
Jul  9 13:55:15 fw.rodolfoarce.local dhclient[10762]: DHCPDISCOVER on vtnet0 to 255.255.255.255 port 67 interval 1
Jul  9 13:55:16 fw.rodolfoarce.local dhclient[10762]: DHCPDISCOVER on vtnet0 to 255.255.255.255 port 67 interval 1
Jul  9 13:55:18 fw.rodolfoarce.local dhclient[10762]: DHCPDISCOVER on vtnet0 to 255.255.255.255 port 67 interval 2
Jul  9 13:55:20 fw.rodolfoarce.local dhclient[10762]: DHCPDISCOVER on vtnet0 to 255.255.255.255 port 67 interval 3
Jul  9 13:55:23 fw.rodolfoarce.local dhclient[10762]: DHCPDISCOVER on vtnet0 to 255.255.255.255 port 67 interval 5
Jul  9 13:55:25 fw.rodolfoarce.local dhcp6c[28115]: Sending Solicit
Jul  9 13:55:28 fw.rodolfoarce.local dhclient[10762]: DHCPDISCOVER on vtnet0 to 255.255.255.255 port 67 interval 5
Jul  9 13:55:33 fw.rodolfoarce.local dhclient[10762]: DHCPDISCOVER on vtnet0 to 255.255.255.255 port 67 interval 14
Jul  9 13:55:47 fw.rodolfoarce.local dhclient[10762]: DHCPDISCOVER on vtnet0 to 255.255.255.255 port 67 interval 16
Jul  9 13:56:00 fw.rodolfoarce.local /usr/sbin/cron[58722]: (root) CMD (/usr/sbin/newsyslog)
Jul  9 13:56:03 fw.rodolfoarce.local dhclient[10762]: DHCPDISCOVER on vtnet0 to 255.255.255.255 port 67 interval 13
Jul  9 13:56:03 fw.rodolfoarce.local filterlog[32783]: 4,,,1000000103,vtnet0,match,block,in,4,0x0,,44,30714,0,DF,17,udp,73,116.203.186.235,10.255.255.1,19806,53,53
Jul  9 13:56:16 fw.rodolfoarce.local dhclient[10762]: No DHCPOFFERS received.
Jul  9 13:56:16 fw.rodolfoarce.local dhclient[10762]: No working leases in persistent database - sleeping.
Jul  9 09:56:16 fw.rodolfoarce.local dhclient[77571]: FAIL
Jul  9 13:56:18 fw.rodolfoarce.local filterlog[32783]: 4,,,1000000103,vtnet0,match,block,in,4,0x0,,45,46005,0,DF,17,udp,73,95.217.161.107,10.255.255.1,36233,53,53
Jul  9 13:56:31 fw.rodolfoarce.local dhclient[10762]: DHCPDISCOVER on vtnet0 to 255.255.255.255 port 67 interval 2
Jul  9 13:56:33 fw.rodolfoarce.local dhclient[10762]: DHCPDISCOVER on vtnet0 to 255.255.255.255 port 67 interval 3
Jul  9 13:56:36 fw.rodolfoarce.local dhclient[10762]: DHCPDISCOVER on vtnet0 to 255.255.255.255 port 67 interval 3
Jul  9 13:56:39 fw.rodolfoarce.local dhclient[10762]: DHCPDISCOVER on vtnet0 to 255.255.255.255 port 67 interval 7
Jul  9 13:56:46 fw.rodolfoarce.local dhclient[10762]: DHCPDISCOVER on vtnet0 to 255.255.255.255 port 67 interval 15
Jul  9 13:57:00 fw.rodolfoarce.local /usr/sbin/cron[77996]: (root) CMD (/usr/sbin/newsyslog)
Jul  9 13:57:01 fw.rodolfoarce.local dhclient[10762]: DHCPDISCOVER on vtnet0 to 255.255.255.255 port 67 interval 12
Jul  9 13:57:13 fw.rodolfoarce.local dhclient[10762]: DHCPDISCOVER on vtnet0 to 255.255.255.255 port 67 interval 12
Jul  9 13:57:25 fw.rodolfoarce.local dhclient[10762]: DHCPDISCOVER on vtnet0 to 255.255.255.255 port 67 interval 7
Jul  9 13:57:32 fw.rodolfoarce.local dhclient[10762]: No DHCPOFFERS received.
Jul  9 13:57:32 fw.rodolfoarce.local dhclient[10762]: No working leases in persistent database - sleeping.
Jul  9 09:57:32 fw.rodolfoarce.local dhclient[97147]: FAIL
Jul  9 13:57:34 fw.rodolfoarce.local dhcp6c[28115]: Sending Solicit
Jul  9 13:57:48 fw.rodolfoarce.local dhclient[10762]: DHCPDISCOVER on vtnet0 to 255.255.255.255 port 67 interval 1
Jul  9 13:57:50 fw.rodolfoarce.local dhclient[10762]: message repeated 2 times: [ DHCPDISCOVER on vtnet0 to 255.255.255.255 port 67 interval 1]
Jul  9 13:57:51 fw.rodolfoarce.local dhclient[10762]: DHCPDISCOVER on vtnet0 to 255.255.255.255 port 67 interval 2
Jul  9 13:57:53 fw.rodolfoarce.local dhclient[10762]: DHCPDISCOVER on vtnet0 to 255.255.255.255 port 67 interval 5
Jul  9 13:57:58 fw.rodolfoarce.local dhclient[10762]: DHCPDISCOVER on vtnet0 to 255.255.255.255 port 67 interval 10
Jul  9 13:58:00 fw.rodolfoarce.local /usr/sbin/cron[97653]: (root) CMD (/usr/sbin/newsyslog)
Jul  9 13:58:08 fw.rodolfoarce.local dhclient[10762]: DHCPDISCOVER on vtnet0 to 255.255.255.255 port 67 interval 14
Jul  9 13:58:22 fw.rodolfoarce.local dhclient[10762]: DHCPDISCOVER on vtnet0 to 255.255.255.255 port 67 interval 18
Jul  9 13:58:40 fw.rodolfoarce.local dhclient[10762]: DHCPDISCOVER on vtnet0 to 255.255.255.255 port 67 interval 9
Jul  9 13:58:49 fw.rodolfoarce.local dhclient[10762]: No DHCPOFFERS received.
Jul  9 13:58:49 fw.rodolfoarce.local dhclient[10762]: No working leases in persistent database - sleeping.
Jul  9 09:58:49 fw.rodolfoarce.local dhclient[16612]: FAIL
Jul  9 13:59:00 fw.rodolfoarce.local /usr/sbin/cron[17089]: (root) CMD (/usr/sbin/newsyslog)
Jul  9 13:59:04 fw.rodolfoarce.local dhclient[10762]: DHCPDISCOVER on vtnet0 to 255.255.255.255 port 67 interval 1
Jul  9 13:59:05 fw.rodolfoarce.local dhclient[10762]: DHCPDISCOVER on vtnet0 to 255.255.255.255 port 67 interval 2
Jul  9 13:59:07 fw.rodolfoarce.local dhclient[10762]: DHCPDISCOVER on vtnet0 to 255.255.255.255 port 67 interval 5
Jul  9 13:59:13 fw.rodolfoarce.local dhclient[10762]: DHCPDISCOVER on vtnet0 to 255.255.255.255 port 67 interval 13
Jul  9 13:59:26 fw.rodolfoarce.local dhclient[10762]: DHCPDISCOVER on vtnet0 to 255.255.255.255 port 67 interval 15
Jul  9 13:59:41 fw.rodolfoarce.local dhclient[10762]: DHCPDISCOVER on vtnet0 to 255.255.255.255 port 67 interval 8
Jul  9 13:59:42 fw.rodolfoarce.local dhcp6c[28115]: Sending Solicit
Jul  9 13:59:49 fw.rodolfoarce.local dhclient[10762]: DHCPDISCOVER on vtnet0 to 255.255.255.255 port 67 interval 7
Jul  9 13:59:56 fw.rodolfoarce.local dhclient[10762]: DHCPDISCOVER on vtnet0 to 255.255.255.255 port 67 interval 9
Jul  9 14:00:00 fw.rodolfoarce.local /usr/sbin/cron[36067]: (root) CMD (/usr/bin/nice -n20 /usr/local/sbin/expiretable -v -t 3600 virusprot)
Jul  9 14:00:00 fw.rodolfoarce.local /usr/sbin/cron[36119]: (root) CMD (/usr/sbin/newsyslog)
Jul  9 14:00:00 fw.rodolfoarce.local /usr/sbin/cron[36429]: (root) CMD (/usr/libexec/atrun)
Jul  9 14:00:05 fw.rodolfoarce.local dhclient[10762]: No DHCPOFFERS received.
Jul  9 14:00:05 fw.rodolfoarce.local dhclient[10762]: No working leases in persistent database - sleeping.
Jul  9 10:00:05 fw.rodolfoarce.local dhclient[37388]: FAIL
Jul  9 14:00:20 fw.rodolfoarce.local dhclient[10762]: DHCPDISCOVER on vtnet0 to 255.255.255.255 port 67 interval 1
Jul  9 14:00:21 fw.rodolfoarce.local dhclient[10762]: DHCPDISCOVER on vtnet0 to 255.255.255.255 port 67 interval 2
Jul  9 14:00:23 fw.rodolfoarce.local dhclient[10762]: DHCPDISCOVER on vtnet0 to 255.255.255.255 port 67 interval 4
Jul  9 14:00:27 fw.rodolfoarce.local dhclient[10762]: DHCPDISCOVER on vtnet0 to 255.255.255.255 port 67 interval 10
Jul  9 14:00:38 fw.rodolfoarce.local dhclient[10762]: DHCPDISCOVER on vtnet0 to 255.255.255.255 port 67 interval 7
Jul  9 14:00:45 fw.rodolfoarce.local dhclient[10762]: DHCPDISCOVER on vtnet0 to 255.255.255.255 port 67 interval 8
Jul  9 14:00:53 fw.rodolfoarce.local dhclient[10762]: DHCPDISCOVER on vtnet0 to 255.255.255.255 port 67 interval 18
Jul  9 14:01:00 fw.rodolfoarce.local /usr/sbin/cron[55026]: (root) CMD (/usr/sbin/newsyslog)
Jul  9 14:01:11 fw.rodolfoarce.local dhclient[10762]: DHCPDISCOVER on vtnet0 to 255.255.255.255 port 67 interval 10
Jul  9 14:01:21 fw.rodolfoarce.local dhclient[10762]: No DHCPOFFERS received.
Jul  9 14:01:21 fw.rodolfoarce.local dhclient[10762]: No working leases in persistent database - sleeping.
Jul  9 10:01:21 fw.rodolfoarce.local dhclient[72341]: FAIL
Jul  9 14:01:32 fw.rodolfoarce.local dhcp6c[28115]: Sending Solicit
Jul  9 14:01:36 fw.rodolfoarce.local dhclient[10762]: DHCPDISCOVER on vtnet0 to 255.255.255.255 port 67 interval 2
Jul  9 14:01:38 fw.rodolfoarce.local dhclient[10762]: DHCPDISCOVER on vtnet0 to 255.255.255.255 port 67 interval 2
Jul  9 14:01:40 fw.rodolfoarce.local dhclient[10762]: DHCPDISCOVER on vtnet0 to 255.255.255.255 port 67 interval 3
Jul  9 14:01:43 fw.rodolfoarce.local dhclient[10762]: DHCPDISCOVER on vtnet0 to 255.255.255.255 port 67 interval 4
Jul  9 14:01:47 fw.rodolfoarce.local dhclient[10762]: DHCPDISCOVER on vtnet0 to 255.255.255.255 port 67 interval 5
Jul  9 14:01:52 fw.rodolfoarce.local dhclient[10762]: DHCPDISCOVER on vtnet0 to 255.255.255.255 port 67 interval 7
Jul  9 14:01:59 fw.rodolfoarce.local dhclient[10762]: DHCPDISCOVER on vtnet0 to 255.255.255.255 port 67 interval 10
Jul  9 14:02:00 fw.rodolfoarce.local /usr/sbin/cron[72548]: (root) CMD (/usr/sbin/newsyslog)
Jul  9 14:02:09 fw.rodolfoarce.local dhclient[10762]: DHCPDISCOVER on vtnet0 to 255.255.255.255 port 67 interval 16
Jul  9 14:02:26 fw.rodolfoarce.local dhclient[10762]: DHCPDISCOVER on vtnet0 to 255.255.255.255 port 67 interval 11
Jul  9 14:02:37 fw.rodolfoarce.local dhclient[10762]: No DHCPOFFERS received.
Jul  9 14:02:37 fw.rodolfoarce.local dhclient[10762]: No working leases in persistent database - sleeping.
Jul  9 10:02:37 fw.rodolfoarce.local dhclient[90441]: FAIL
Jul  9 14:02:52 fw.rodolfoarce.local dhclient[10762]: DHCPDISCOVER on vtnet0 to 255.255.255.255 port 67 interval 1
Jul  9 14:02:53 fw.rodolfoarce.local dhclient[10762]: DHCPDISCOVER on vtnet0 to 255.255.255.255 port 67 interval 1
Jul  9 14:02:54 fw.rodolfoarce.local dhclient[10762]: DHCPDISCOVER on vtnet0 to 255.255.255.255 port 67 interval 2
Jul  9 14:02:56 fw.rodolfoarce.local dhclient[10762]: DHCPDISCOVER on vtnet0 to 255.255.255.255 port 67 interval 4
Jul  9 14:03:00 fw.rodolfoarce.local /usr/sbin/cron[90836]: (root) CMD (/usr/sbin/newsyslog)
Jul  9 14:03:00 fw.rodolfoarce.local dhclient[10762]: DHCPDISCOVER on vtnet0 to 255.255.255.255 port 67 interval 7
Jul  9 14:03:07 fw.rodolfoarce.local dhclient[10762]: DHCPDISCOVER on vtnet0 to 255.255.255.255 port 67 interval 9
Jul  9 14:03:16 fw.rodolfoarce.local dhclient[10762]: DHCPDISCOVER on vtnet0 to 255.255.255.255 port 67 interval 14
Jul  9 14:03:30 fw.rodolfoarce.local dhclient[10762]: DHCPDISCOVER on vtnet0 to 255.255.255.255 port 67 interval 7
Jul  9 14:03:37 fw.rodolfoarce.local dhclient[10762]: DHCPDISCOVER on vtnet0 to 255.255.255.255 port 67 interval 7
Jul  9 14:03:40 fw.rodolfoarce.local dhcp6c[28115]: Sending Solicit
Jul  9 14:03:44 fw.rodolfoarce.local dhclient[10762]: DHCPDISCOVER on vtnet0 to 255.255.255.255 port 67 interval 9
Jul  9 14:03:53 fw.rodolfoarce.local dhclient[10762]: No DHCPOFFERS received.
Jul  9 14:03:53 fw.rodolfoarce.local dhclient[10762]: No working leases in persistent database - sleeping.
Jul  9 10:03:53 fw.rodolfoarce.local dhclient[11015]: FAIL
Jul  9 14:04:00 fw.rodolfoarce.local /usr/sbin/cron[11624]: (root) CMD (/usr/sbin/newsyslog)
Jul  9 14:04:08 fw.rodolfoarce.local dhclient[10762]: DHCPDISCOVER on vtnet0 to 255.255.255.255 port 67 interval 2
Jul  9 14:04:10 fw.rodolfoarce.local dhclient[10762]: DHCPDISCOVER on vtnet0 to 255.255.255.255 port 67 interval 4
Jul  9 14:04:14 fw.rodolfoarce.local dhclient[10762]: DHCPDISCOVER on vtnet0 to 255.255.255.255 port 67 interval 9
Jul  9 14:04:23 fw.rodolfoarce.local dhclient[10762]: DHCPDISCOVER on vtnet0 to 255.255.255.255 port 67 interval 15
Jul  9 14:04:38 fw.rodolfoarce.local dhclient[10762]: DHCPDISCOVER on vtnet0 to 255.255.255.255 port 67 interval 9
Jul  9 14:04:48 fw.rodolfoarce.local dhclient[10762]: DHCPDISCOVER on vtnet0 to 255.255.255.255 port 67 interval 15
Jul  9 14:05:00 fw.rodolfoarce.local /usr/sbin/cron[30929]: (root) CMD (/usr/sbin/newsyslog)
Jul  9 14:05:00 fw.rodolfoarce.local /usr/sbin/cron[31163]: (root) CMD (/usr/libexec/atrun)
Jul  9 14:05:03 fw.rodolfoarce.local dhclient[10762]: DHCPDISCOVER on vtnet0 to 255.255.255.255 port 67 interval 6
Jul  9 14:05:09 fw.rodolfoarce.local dhclient[10762]: No DHCPOFFERS received.
Jul  9 14:05:09 fw.rodolfoarce.local dhclient[10762]: No working leases in persistent database - sleeping.
Jul  9 10:05:09 fw.rodolfoarce.local dhclient[32254]: FAIL
Jul  9 14:05:24 fw.rodolfoarce.local dhclient[10762]: DHCPDISCOVER on vtnet0 to 255.255.255.255 port 67 interval 2
Jul  9 14:05:26 fw.rodolfoarce.local dhclient[10762]: DHCPDISCOVER on vtnet0 to 255.255.255.255 port 67 interval 4
Jul  9 14:05:30 fw.rodolfoarce.local dhclient[10762]: DHCPDISCOVER on vtnet0 to 255.255.255.255 port 67 interval 8
Jul  9 14:05:38 fw.rodolfoarce.local dhclient[10762]: DHCPDISCOVER on vtnet0 to 255.255.255.255 port 67 interval 11
Jul  9 14:05:47 fw.rodolfoarce.local dhcp6c[28115]: Sending Solicit
Jul  9 14:05:49 fw.rodolfoarce.local dhclient[10762]: DHCPDISCOVER on vtnet0 to 255.255.255.255 port 67 interval 14
Jul  9 14:06:00 fw.rodolfoarce.local /usr/sbin/cron[47721]: (root) CMD (/usr/sbin/newsyslog)
Jul  9 14:06:03 fw.rodolfoarce.local dhclient[10762]: DHCPDISCOVER on vtnet0 to 255.255.255.255 port 67 interval 10
Jul  9 14:06:13 fw.rodolfoarce.local dhclient[10762]: DHCPDISCOVER on vtnet0 to 255.255.255.255 port 67 interval 12
Jul  9 14:06:25 fw.rodolfoarce.local dhclient[10762]: No DHCPOFFERS received.
Jul  9 14:06:25 fw.rodolfoarce.local dhclient[10762]: No working leases in persistent database - sleeping.
Jul  9 10:06:25 fw.rodolfoarce.local dhclient[65289]: FAIL
Jul  9 14:06:41 fw.rodolfoarce.local dhclient[10762]: DHCPDISCOVER on vtnet0 to 255.255.255.255 port 67 interval 1
Jul  9 14:06:42 fw.rodolfoarce.local dhclient[10762]: DHCPDISCOVER on vtnet0 to 255.255.255.255 port 67 interval 2
Jul  9 14:06:44 fw.rodolfoarce.local dhclient[10762]: DHCPDISCOVER on vtnet0 to 255.255.255.255 port 67 interval 5
Jul  9 14:06:49 fw.rodolfoarce.local dhclient[10762]: DHCPDISCOVER on vtnet0 to 255.255.255.255 port 67 interval 9
Jul  9 14:06:58 fw.rodolfoarce.local dhclient[10762]: DHCPDISCOVER on vtnet0 to 255.255.255.255 port 67 interval 10
Jul  9 14:07:00 fw.rodolfoarce.local /usr/sbin/cron[65675]: (root) CMD (/usr/sbin/newsyslog)
Jul  9 14:07:08 fw.rodolfoarce.local dhclient[10762]: DHCPDISCOVER on vtnet0 to 255.255.255.255 port 67 interval 9
Jul  9 14:07:17 fw.rodolfoarce.local dhclient[10762]: DHCPDISCOVER on vtnet0 to 255.255.255.255 port 67 interval 10
Jul  9 14:07:27 fw.rodolfoarce.local dhclient[10762]: DHCPDISCOVER on vtnet0 to 255.255.255.255 port 67 interval 12
Jul  9 14:07:39 fw.rodolfoarce.local dhclient[10762]: DHCPDISCOVER on vtnet0 to 255.255.255.255 port 67 interval 3
Jul  9 14:07:42 fw.rodolfoarce.local dhclient[10762]: No DHCPOFFERS received.
Jul  9 14:07:42 fw.rodolfoarce.local dhclient[10762]: No working leases in persistent database - sleeping.
Jul  9 10:07:42 fw.rodolfoarce.local dhclient[85419]: FAIL
Jul  9 14:07:46 fw.rodolfoarce.local dhcp6c[28115]: Sending Solicit
Jul  9 14:07:57 fw.rodolfoarce.local dhclient[10762]: DHCPDISCOVER on vtnet0 to 255.255.255.255 port 67 interval 2
Jul  9 14:07:59 fw.rodolfoarce.local dhclient[10762]: DHCPDISCOVER on vtnet0 to 255.255.255.255 port 67 interval 3
Jul  9 14:08:00 fw.rodolfoarce.local /usr/sbin/cron[85939]: (root) CMD (/usr/sbin/newsyslog)
Jul  9 14:08:02 fw.rodolfoarce.local dhclient[10762]: DHCPDISCOVER on vtnet0 to 255.255.255.255 port 67 interval 5
Jul  9 14:08:07 fw.rodolfoarce.local dhclient[10762]: DHCPDISCOVER on vtnet0 to 255.255.255.255 port 67 interval 9
Jul  9 14:08:17 fw.rodolfoarce.local dhclient[10762]: DHCPDISCOVER on vtnet0 to 255.255.255.255 port 67 interval 16
Jul  9 14:08:33 fw.rodolfoarce.local dhclient[10762]: DHCPDISCOVER on vtnet0 to 255.255.255.255 port 67 interval 18
Jul  9 14:08:51 fw.rodolfoarce.local dhclient[10762]: DHCPDISCOVER on vtnet0 to 255.255.255.255 port 67 interval 7
Jul  9 14:08:58 fw.rodolfoarce.local dhclient[10762]: No DHCPOFFERS received.
Jul  9 14:08:58 fw.rodolfoarce.local dhclient[10762]: No working leases in persistent database - sleeping.
Jul  9 10:08:58 fw.rodolfoarce.local dhclient[5226]: FAIL
Jul  9 14:09:00 fw.rodolfoarce.local /usr/sbin/cron[5817]: (root) CMD (/usr/sbin/newsyslog)
Jul  9 14:09:13 fw.rodolfoarce.local dhclient[10762]: DHCPDISCOVER on vtnet0 to 255.255.255.255 port 67 interval 2
Jul  9 14:09:15 fw.rodolfoarce.local dhclient[10762]: DHCPDISCOVER on vtnet0 to 255.255.255.255 port 67 interval 4
Jul  9 14:09:19 fw.rodolfoarce.local dhclient[10762]: DHCPDISCOVER on vtnet0 to 255.255.255.255 port 67 interval 4
Jul  9 14:09:19 fw.rodolfoarce.local filterlog[32783]: 4,,,1000000103,vtnet0,match,block,in,4,0x48,,39,34172,0,DF,6,tcp,60,47.76.106.175,10.255.255.1,37902,22,0,S,1089638956,,29200,,mss;sackOK;TS;nop;wscale
Jul  9 14:09:20 fw.rodolfoarce.local filterlog[32783]: 4,,,1000000103,vtnet0,match,block,in,4,0x48,,39,34173,0,DF,6,tcp,60,47.76.106.175,10.255.255.1,37902,22,0,S,1089638956,,29200,,mss;sackOK;TS;nop;wscale
Jul  9 14:09:22 fw.rodolfoarce.local filterlog[32783]: 4,,,1000000103,vtnet0,match,block,in,4,0x48,,39,34174,0,DF,6,tcp,60,47.76.106.175,10.255.255.1,37902,22,0,S,1089638956,,29200,,mss;sackOK;TS;nop;wscale
Jul  9 14:09:23 fw.rodolfoarce.local dhclient[10762]: DHCPDISCOVER on vtnet0 to 255.255.255.255 port 67 interval 4
Jul  9 14:09:26 fw.rodolfoarce.local filterlog[32783]: 4,,,1000000103,vtnet0,match,block,in,4,0x48,,39,34175,0,DF,6,tcp,60,47.76.106.175,10.255.255.1,37902,22,0,S,1089638956,,29200,,mss;sackOK;TS;nop;wscale
Jul  9 14:09:27 fw.rodolfoarce.local dhclient[10762]: DHCPDISCOVER on vtnet0 to 255.255.255.255 port 67 interval 4
Jul  9 14:09:31 fw.rodolfoarce.local dhclient[10762]: DHCPDISCOVER on vtnet0 to 255.255.255.255 port 67 interval 11
Jul  9 14:09:42 fw.rodolfoarce.local dhclient[10762]: DHCPDISCOVER on vtnet0 to 255.255.255.255 port 67 interval 13
Jul  9 14:09:54 fw.rodolfoarce.local dhcp6c[28115]: Sending Solicit
Jul  9 14:09:54 fw.rodolfoarce.local filterlog[32783]: 4,,,1000000103,vtnet0,match,block,in,4,0x0,,240,20590,0,none,17,udp,71,3.89.48.113,10.255.255.1,10346,53,51
Jul  9 14:09:55 fw.rodolfoarce.local dhclient[10762]: DHCPDISCOVER on vtnet0 to 255.255.255.255 port 67 interval 13
Jul  9 14:09:56 fw.rodolfoarce.local filterlog[32783]: 4,,,1000000103,vtnet0,match,block,in,4,0x0,,238,20691,0,none,17,udp,71,3.89.48.113,10.255.255.1,5562,53,51
Jul  9 14:09:58 fw.rodolfoarce.local filterlog[32783]: 4,,,1000000103,vtnet0,match,block,in,4,0x0,,237,20749,0,none,17,udp,71,3.89.48.113,10.255.255.1,26013,53,51
Jul  9 14:10:00 fw.rodolfoarce.local /usr/sbin/cron[25538]: (root) CMD (/usr/libexec/atrun)
Jul  9 14:10:00 fw.rodolfoarce.local /usr/sbin/cron[25392]: (root) CMD (/usr/sbin/newsyslog)
Jul  9 14:10:03 fw.rodolfoarce.local filterlog[32783]: 4,,,1000000103,vtnet0,match,block,in,4,0x0,,237,20778,0,none,17,udp,71,3.89.48.113,10.255.255.1,20051,53,51
Jul  9 14:10:08 fw.rodolfoarce.local filterlog[32783]: 4,,,1000000103,vtnet0,match,block,in,4,0x0,,237,20917,0,none,17,udp,71,3.89.48.113,10.255.255.1,46419,53,51
Jul  9 14:10:08 fw.rodolfoarce.local dhclient[10762]: DHCPDISCOVER on vtnet0 to 255.255.255.255 port 67 interval 6
Jul  9 14:10:14 fw.rodolfoarce.local filterlog[32783]: 4,,,1000000103,vtnet0,match,block,in,4,0x0,,240,53289,0,none,17,udp,71,52.90.138.24,10.255.255.1,31976,53,51
Jul  9 14:10:14 fw.rodolfoarce.local dhclient[10762]: No DHCPOFFERS received.
Jul  9 14:10:14 fw.rodolfoarce.local dhclient[10762]: No working leases in persistent database - sleeping.
Jul  9 10:10:14 fw.rodolfoarce.local dhclient[26558]: FAIL
Jul  9 14:10:17 fw.rodolfoarce.local filterlog[32783]: 4,,,1000000103,vtnet0,match,block,in,4,0x0,,240,53505,0,none,17,udp,71,52.90.138.24,10.255.255.1,29031,53,51
Jul  9 14:10:18 fw.rodolfoarce.local filterlog[32783]: 4,,,1000000103,vtnet0,match,block,in,4,0x0,,240,21467,0,none,17,udp,71,3.89.48.113,10.255.255.1,20382,53,51
Jul  9 14:10:19 fw.rodolfoarce.local filterlog[32783]: 4,,,1000000103,vtnet0,match,block,in,4,0x0,,240,53550,0,none,17,udp,71,52.90.138.24,10.255.255.1,12046,53,51
Jul  9 14:10:24 fw.rodolfoarce.local filterlog[32783]: 4,,,1000000103,vtnet0,match,block,in,4,0x0,,240,53598,0,none,17,udp,71,52.90.138.24,10.255.255.1,29881,53,51
Jul  9 14:10:28 fw.rodolfoarce.local filterlog[32783]: 4,,,1000000103,vtnet0,match,block,in,4,0x0,,240,53713,0,none,17,udp,71,52.90.138.24,10.255.255.1,19784,53,51
Jul  9 14:10:30 fw.rodolfoarce.local dhclient[10762]: DHCPDISCOVER on vtnet0 to 255.255.255.255 port 67 interval 2
Jul  9 14:10:32 fw.rodolfoarce.local dhclient[10762]: DHCPDISCOVER on vtnet0 to 255.255.255.255 port 67 interval 5
Jul  9 14:10:34 fw.rodolfoarce.local filterlog[32783]: 4,,,1000000103,vtnet0,match,block,in,4,0x0,,240,52784,0,none,17,udp,71,54.81.246.142,10.255.255.1,35068,53,51
Jul  9 14:10:36 fw.rodolfoarce.local filterlog[32783]: 4,,,1000000103,vtnet0,match,block,in,4,0x0,,240,52814,0,none,17,udp,71,54.81.246.142,10.255.255.1,50218,53,51
Jul  9 14:10:37 fw.rodolfoarce.local dhclient[10762]: DHCPDISCOVER on vtnet0 to 255.255.255.255 port 67 interval 13
Jul  9 14:10:37 fw.rodolfoarce.local filterlog[32783]: 4,,,1000000103,vtnet0,match,block,in,4,0x0,,240,54235,0,none,17,udp,71,52.90.138.24,10.255.255.1,11889,53,51
Jul  9 14:10:39 fw.rodolfoarce.local filterlog[32783]: 4,,,1000000103,vtnet0,match,block,in,4,0x0,,240,52907,0,none,17,udp,71,54.81.246.142,10.255.255.1,31303,53,51
Jul  9 14:10:44 fw.rodolfoarce.local filterlog[32783]: 4,,,1000000103,vtnet0,match,block,in,4,0x0,,240,52927,0,none,17,udp,71,54.81.246.142,10.255.255.1,59207,53,51
Jul  9 14:10:49 fw.rodolfoarce.local filterlog[32783]: 4,,,1000000103,vtnet0,match,block,in,4,0x0,,240,53015,0,none,17,udp,71,54.81.246.142,10.255.255.1,21101,53,51
Jul  9 14:10:50 fw.rodolfoarce.local dhclient[10762]: DHCPDISCOVER on vtnet0 to 255.255.255.255 port 67 interval 14
Jul  9 14:10:56 fw.rodolfoarce.local filterlog[32783]: 4,,,1000000103,vtnet0,match,block,in,4,0x0,,237,22909,0,none,17,udp,71,3.89.48.113,10.255.255.1,26566,53,51
Jul  9 14:10:58 fw.rodolfoarce.local filterlog[32783]: 4,,,1000000103,vtnet0,match,block,in,4,0x0,,240,53116,0,none,17,udp,71,54.81.246.142,10.255.255.1,18914,53,51
Jul  9 14:11:00 fw.rodolfoarce.local /usr/sbin/cron[46792]: (root) CMD (/usr/sbin/newsyslog)
Jul  9 14:11:04 fw.rodolfoarce.local dhclient[10762]: DHCPDISCOVER on vtnet0 to 255.255.255.255 port 67 interval 21
Jul  9 14:11:25 fw.rodolfoarce.local dhclient[10762]: DHCPDISCOVER on vtnet0 to 255.255.255.255 port 67 interval 6
Jul  9 14:11:31 fw.rodolfoarce.local dhclient[10762]: No DHCPOFFERS received.
Jul  9 14:11:31 fw.rodolfoarce.local dhclient[10762]: No working leases in persistent database - sleeping.
Jul  9 10:11:31 fw.rodolfoarce.local dhclient[64239]: FAIL
Jul  9 14:11:34 fw.rodolfoarce.local filterlog[32783]: 4,,,1000000103,vtnet0,match,block,in,4,0x0,,240,56574,0,none,17,udp,71,52.90.138.24,10.255.255.1,27110,53,51
Jul  9 14:11:46 fw.rodolfoarce.local dhclient[10762]: DHCPDISCOVER on vtnet0 to 255.255.255.255 port 67 interval 1
Jul  9 14:11:48 fw.rodolfoarce.local dhclient[10762]: message repeated 2 times: [ DHCPDISCOVER on vtnet0 to 255.255.255.255 port 67 interval 1]
Jul  9 14:11:49 fw.rodolfoarce.local dhclient[10762]: DHCPDISCOVER on vtnet0 to 255.255.255.255 port 67 interval 2
Jul  9 14:11:51 fw.rodolfoarce.local dhclient[10762]: DHCPDISCOVER on vtnet0 to 255.255.255.255 port 67 interval 3
