Jun 30 14:13:28 fw.rodolfoarce.local dhclient[10762]: No working leases in persistent database - sleeping.
Jun 30 10:13:28 fw.rodolfoarce.local dhclient[44086]: FAIL
Jun 30 14:13:43 fw.rodolfoarce.local dhclient[10762]: DHCPDISCOVER on vtnet0 to 255.255.255.255 port 67 interval 1
Jun 30 14:13:47 fw.rodolfoarce.local dhclient[10762]: message repeated 4 times: [ DHCPDISCOVER on vtnet0 to 255.255.255.255 port 67 interval 1]
Jun 30 14:13:48 fw.rodolfoarce.local dhclient[10762]: DHCPDISCOVER on vtnet0 to 255.255.255.255 port 67 interval 2
Jun 30 14:13:50 fw.rodolfoarce.local dhclient[10762]: DHCPDISCOVER on vtnet0 to 255.255.255.255 port 67 interval 3
Jun 30 14:13:53 fw.rodolfoarce.local dhclient[10762]: DHCPDISCOVER on vtnet0 to 255.255.255.255 port 67 interval 3
Jun 30 14:13:57 fw.rodolfoarce.local dhclient[10762]: DHCPDISCOVER on vtnet0 to 255.255.255.255 port 67 interval 4
Jun 30 14:14:00 fw.rodolfoarce.local /usr/sbin/cron[44527]: (root) CMD (/usr/sbin/newsyslog)
Jun 30 14:14:01 fw.rodolfoarce.local dhclient[10762]: DHCPDISCOVER on vtnet0 to 255.255.255.255 port 67 interval 6
Jun 30 14:14:13 fw.rodolfoarce.local dhclient[10762]: message repeated 2 times: [ DHCPDISCOVER on vtnet0 to 255.255.255.255 port 67 interval 6]
Jun 30 14:14:19 fw.rodolfoarce.local dhclient[10762]: DHCPDISCOVER on vtnet0 to 255.255.255.255 port 67 interval 9
Jun 30 14:14:28 fw.rodolfoarce.local dhclient[10762]: DHCPDISCOVER on vtnet0 to 255.255.255.255 port 67 interval 16
Jun 30 14:14:44 fw.rodolfoarce.local dhclient[10762]: No DHCPOFFERS received.
Jun 30 14:14:44 fw.rodolfoarce.local dhclient[10762]: No working leases in persistent database - sleeping.
Jun 30 10:14:44 fw.rodolfoarce.local dhclient[62800]: FAIL
Jun 30 14:14:59 fw.rodolfoarce.local dhclient[10762]: DHCPDISCOVER on vtnet0 to 255.255.255.255 port 67 interval 2
Jun 30 14:15:00 fw.rodolfoarce.local /usr/sbin/cron[63578]: (root) CMD (/usr/sbin/newsyslog)
Jun 30 14:15:00 fw.rodolfoarce.local /usr/sbin/cron[63733]: (root) CMD (/usr/libexec/atrun)
Jun 30 14:15:01 fw.rodolfoarce.local dhclient[10762]: DHCPDISCOVER on vtnet0 to 255.255.255.255 port 67 interval 3
Jun 30 14:15:05 fw.rodolfoarce.local dhclient[10762]: DHCPDISCOVER on vtnet0 to 255.255.255.255 port 67 interval 4
Jun 30 14:15:07 fw.rodolfoarce.local filterlog[32783]: 4,,,1000000103,vtnet0,match,block,in,4,0x88,,49,45479,0,DF,17,udp,71,198.41.241.115,10.255.255.1,42636,53,51
Jun 30 14:15:07 fw.rodolfoarce.local filterlog[32783]: 4,,,1000000103,vtnet0,match,block,in,4,0x88,,49,45480,0,DF,17,udp,71,198.41.241.115,10.255.255.1,42636,53,51
Jun 30 14:15:09 fw.rodolfoarce.local dhclient[10762]: DHCPDISCOVER on vtnet0 to 255.255.255.255 port 67 interval 9
Jun 30 14:15:18 fw.rodolfoarce.local dhclient[10762]: DHCPDISCOVER on vtnet0 to 255.255.255.255 port 67 interval 10
Jun 30 14:15:26 fw.rodolfoarce.local dhcp6c[28115]: Sending Solicit
Jun 30 14:15:28 fw.rodolfoarce.local dhclient[10762]: DHCPDISCOVER on vtnet0 to 255.255.255.255 port 67 interval 14
Jun 30 14:15:42 fw.rodolfoarce.local dhclient[10762]: DHCPDISCOVER on vtnet0 to 255.255.255.255 port 67 interval 16
Jun 30 14:15:58 fw.rodolfoarce.local dhclient[10762]: DHCPDISCOVER on vtnet0 to 255.255.255.255 port 67 interval 2
Jun 30 14:16:00 fw.rodolfoarce.local /usr/sbin/cron[84236]: (root) CMD (/usr/sbin/newsyslog)
Jun 30 14:16:00 fw.rodolfoarce.local dhclient[10762]: No DHCPOFFERS received.
Jun 30 14:16:00 fw.rodolfoarce.local dhclient[10762]: No working leases in persistent database - sleeping.
Jun 30 10:16:00 fw.rodolfoarce.local dhclient[84833]: FAIL
Jun 30 14:16:15 fw.rodolfoarce.local dhclient[10762]: DHCPDISCOVER on vtnet0 to 255.255.255.255 port 67 interval 1
Jun 30 14:16:16 fw.rodolfoarce.local dhclient[10762]: DHCPDISCOVER on vtnet0 to 255.255.255.255 port 67 interval 2
Jun 30 14:16:18 fw.rodolfoarce.local dhclient[10762]: DHCPDISCOVER on vtnet0 to 255.255.255.255 port 67 interval 3
Jun 30 14:16:21 fw.rodolfoarce.local dhclient[10762]: DHCPDISCOVER on vtnet0 to 255.255.255.255 port 67 interval 5
Jun 30 14:16:26 fw.rodolfoarce.local dhclient[10762]: DHCPDISCOVER on vtnet0 to 255.255.255.255 port 67 interval 8
Jun 30 14:16:30 fw.rodolfoarce.local filterlog[32783]: 4,,,1000000103,vtnet0,match,block,in,4,0x0,,52,19425,0,none,17,udp,71,185.191.171.17,10.255.255.1,55363,53,51
Jun 30 14:16:30 fw.rodolfoarce.local filterlog[32783]: 4,,,1000000103,vtnet0,match,block,in,4,0x0,,51,62522,0,none,17,udp,71,185.191.171.17,10.255.255.1,19819,53,51
Jun 30 14:16:31 fw.rodolfoarce.local filterlog[32783]: 4,,,1000000103,vtnet0,match,block,in,4,0x0,,51,52205,0,none,17,udp,71,185.191.171.17,10.255.255.1,49099,53,51
Jun 30 14:16:32 fw.rodolfoarce.local filterlog[32783]: 4,,,1000000103,vtnet0,match,block,in,4,0x0,,51,49741,0,none,17,udp,71,185.191.171.17,10.255.255.1,51152,53,51
Jun 30 14:16:32 fw.rodolfoarce.local filterlog[32783]: 4,,,1000000103,vtnet0,match,block,in,4,0x0,,52,43037,0,none,17,udp,71,185.191.171.17,10.255.255.1,50092,53,51
Jun 30 14:16:34 fw.rodolfoarce.local filterlog[32783]: 4,,,1000000103,vtnet0,match,block,in,4,0x0,,52,58646,0,none,17,udp,71,185.191.171.17,10.255.255.1,23817,53,51
Jun 30 14:16:34 fw.rodolfoarce.local dhclient[10762]: DHCPDISCOVER on vtnet0 to 255.255.255.255 port 67 interval 8
Jun 30 14:16:35 fw.rodolfoarce.local filterlog[32783]: 4,,,1000000103,vtnet0,match,block,in,4,0x0,,51,57992,0,none,17,udp,71,185.191.171.17,10.255.255.1,62065,53,51
Jun 30 14:16:38 fw.rodolfoarce.local filterlog[32783]: 4,,,1000000103,vtnet0,match,block,in,4,0x0,,52,63416,0,none,17,udp,71,185.191.171.17,10.255.255.1,30259,53,51
Jun 30 14:16:41 fw.rodolfoarce.local filterlog[32783]: 4,,,1000000103,vtnet0,match,block,in,4,0x0,,51,7578,0,none,17,udp,71,185.191.171.17,10.255.255.1,46921,53,51
Jun 30 14:16:43 fw.rodolfoarce.local dhclient[10762]: DHCPDISCOVER on vtnet0 to 255.255.255.255 port 67 interval 21
Jun 30 14:17:00 fw.rodolfoarce.local /usr/sbin/cron[1583]: (root) CMD (/usr/sbin/newsyslog)
Jun 30 14:17:04 fw.rodolfoarce.local dhclient[10762]: DHCPDISCOVER on vtnet0 to 255.255.255.255 port 67 interval 12
Jun 30 14:17:15 fw.rodolfoarce.local dhcp6c[28115]: Sending Solicit
Jun 30 14:17:16 fw.rodolfoarce.local dhclient[10762]: No DHCPOFFERS received.
Jun 30 14:17:16 fw.rodolfoarce.local dhclient[10762]: No working leases in persistent database - sleeping.
Jun 30 10:17:16 fw.rodolfoarce.local dhclient[2519]: FAIL
Jun 30 14:17:31 fw.rodolfoarce.local dhclient[10762]: DHCPDISCOVER on vtnet0 to 255.255.255.255 port 67 interval 1
Jun 30 14:17:32 fw.rodolfoarce.local dhclient[10762]: DHCPDISCOVER on vtnet0 to 255.255.255.255 port 67 interval 2
Jun 30 14:17:34 fw.rodolfoarce.local dhclient[10762]: DHCPDISCOVER on vtnet0 to 255.255.255.255 port 67 interval 5
Jun 30 14:17:39 fw.rodolfoarce.local dhclient[10762]: DHCPDISCOVER on vtnet0 to 255.255.255.255 port 67 interval 14
Jun 30 14:17:53 fw.rodolfoarce.local dhclient[10762]: DHCPDISCOVER on vtnet0 to 255.255.255.255 port 67 interval 8
Jun 30 14:18:00 fw.rodolfoarce.local /usr/sbin/cron[19275]: (root) CMD (/usr/sbin/newsyslog)
Jun 30 14:18:01 fw.rodolfoarce.local dhclient[10762]: DHCPDISCOVER on vtnet0 to 255.255.255.255 port 67 interval 8
Jun 30 14:18:09 fw.rodolfoarce.local dhclient[10762]: DHCPDISCOVER on vtnet0 to 255.255.255.255 port 67 interval 7
Jun 30 14:18:16 fw.rodolfoarce.local dhclient[10762]: DHCPDISCOVER on vtnet0 to 255.255.255.255 port 67 interval 10
Jun 30 14:18:26 fw.rodolfoarce.local dhclient[10762]: DHCPDISCOVER on vtnet0 to 255.255.255.255 port 67 interval 6
Jun 30 14:18:32 fw.rodolfoarce.local dhclient[10762]: No DHCPOFFERS received.
Jun 30 14:18:32 fw.rodolfoarce.local dhclient[10762]: No working leases in persistent database - sleeping.
Jun 30 10:18:32 fw.rodolfoarce.local dhclient[31105]: FAIL
Jun 30 14:18:47 fw.rodolfoarce.local dhclient[10762]: DHCPDISCOVER on vtnet0 to 255.255.255.255 port 67 interval 1
Jun 30 14:18:49 fw.rodolfoarce.local dhclient[10762]: message repeated 2 times: [ DHCPDISCOVER on vtnet0 to 255.255.255.255 port 67 interval 1]
Jun 30 14:18:51 fw.rodolfoarce.local dhclient[10762]: DHCPDISCOVER on vtnet0 to 255.255.255.255 port 67 interval 2
Jun 30 14:18:53 fw.rodolfoarce.local dhclient[10762]: DHCPDISCOVER on vtnet0 to 255.255.255.255 port 67 interval 4
Jun 30 14:18:57 fw.rodolfoarce.local dhclient[10762]: DHCPDISCOVER on vtnet0 to 255.255.255.255 port 67 interval 11
Jun 30 14:19:00 fw.rodolfoarce.local /usr/sbin/cron[38505]: (root) CMD (/usr/sbin/newsyslog)
Jun 30 14:19:08 fw.rodolfoarce.local dhclient[10762]: DHCPDISCOVER on vtnet0 to 255.255.255.255 port 67 interval 21
Jun 30 14:19:15 fw.rodolfoarce.local dhcp6c[28115]: Sending Solicit
Jun 30 14:19:29 fw.rodolfoarce.local dhclient[10762]: DHCPDISCOVER on vtnet0 to 255.255.255.255 port 67 interval 19
Jun 30 14:19:48 fw.rodolfoarce.local dhclient[10762]: No DHCPOFFERS received.
Jun 30 14:19:48 fw.rodolfoarce.local dhclient[10762]: No working leases in persistent database - sleeping.
Jun 30 10:19:48 fw.rodolfoarce.local dhclient[57746]: FAIL
Jun 30 14:20:00 fw.rodolfoarce.local /usr/sbin/cron[58205]: (root) CMD (/usr/sbin/newsyslog)
Jun 30 14:20:00 fw.rodolfoarce.local /usr/sbin/cron[58416]: (root) CMD (/usr/libexec/atrun)
Jun 30 14:20:03 fw.rodolfoarce.local dhclient[10762]: DHCPDISCOVER on vtnet0 to 255.255.255.255 port 67 interval 1
Jun 30 14:20:04 fw.rodolfoarce.local dhclient[10762]: DHCPDISCOVER on vtnet0 to 255.255.255.255 port 67 interval 2
Jun 30 14:20:09 fw.rodolfoarce.local dhclient[10762]: message repeated 2 times: [ DHCPDISCOVER on vtnet0 to 255.255.255.255 port 67 interval 2]
Jun 30 14:20:11 fw.rodolfoarce.local dhclient[10762]: DHCPDISCOVER on vtnet0 to 255.255.255.255 port 67 interval 3
Jun 30 14:20:14 fw.rodolfoarce.local dhclient[10762]: DHCPDISCOVER on vtnet0 to 255.255.255.255 port 67 interval 3
Jun 30 14:20:17 fw.rodolfoarce.local dhclient[10762]: DHCPDISCOVER on vtnet0 to 255.255.255.255 port 67 interval 8
Jun 30 14:20:23 fw.rodolfoarce.local filterlog[32783]: 4,,,1000000103,vtnet0,match,block,in,4,0x0,,240,27285,0,none,17,udp,71,54.198.12.2,10.255.255.1,39913,53,51
Jun 30 14:20:25 fw.rodolfoarce.local dhclient[10762]: DHCPDISCOVER on vtnet0 to 255.255.255.255 port 67 interval 12
Jun 30 14:20:26 fw.rodolfoarce.local filterlog[32783]: 4,,,1000000103,vtnet0,match,block,in,4,0x0,,240,27335,0,none,17,udp,71,54.198.12.2,10.255.255.1,60731,53,51
Jun 30 14:20:28 fw.rodolfoarce.local filterlog[32783]: 4,,,1000000103,vtnet0,match,block,in,4,0x0,,240,27408,0,none,17,udp,71,54.198.12.2,10.255.255.1,63274,53,51
Jun 30 14:20:32 fw.rodolfoarce.local filterlog[32783]: 4,,,1000000103,vtnet0,match,block,in,4,0x0,,240,27677,0,none,17,udp,71,54.198.12.2,10.255.255.1,61085,53,51
Jun 30 14:20:37 fw.rodolfoarce.local dhclient[10762]: DHCPDISCOVER on vtnet0 to 255.255.255.255 port 67 interval 12
Jun 30 14:20:37 fw.rodolfoarce.local filterlog[32783]: 4,,,1000000103,vtnet0,match,block,in,4,0x0,,240,27967,0,none,17,udp,71,54.198.12.2,10.255.255.1,62746,53,51
Jun 30 14:20:47 fw.rodolfoarce.local filterlog[32783]: 4,,,1000000103,vtnet0,match,block,in,4,0x0,,240,28446,0,none,17,udp,71,54.198.12.2,10.255.255.1,14116,53,51
Jun 30 14:20:49 fw.rodolfoarce.local dhclient[10762]: DHCPDISCOVER on vtnet0 to 255.255.255.255 port 67 interval 11
Jun 30 14:21:00 fw.rodolfoarce.local /usr/sbin/cron[78743]: (root) CMD (/usr/sbin/newsyslog)
Jun 30 14:21:00 fw.rodolfoarce.local dhclient[10762]: DHCPDISCOVER on vtnet0 to 255.255.255.255 port 67 interval 4
Jun 30 14:21:04 fw.rodolfoarce.local dhclient[10762]: No DHCPOFFERS received.
Jun 30 14:21:04 fw.rodolfoarce.local dhclient[10762]: No working leases in persistent database - sleeping.
Jun 30 10:21:04 fw.rodolfoarce.local dhclient[79811]: FAIL
Jun 30 14:21:18 fw.rodolfoarce.local filterlog[32783]: 4,,,1000000103,vtnet0,match,block,in,4,0x0,,240,48622,0,none,17,udp,71,3.81.202.86,10.255.255.1,58086,53,51
Jun 30 14:21:19 fw.rodolfoarce.local dhclient[10762]: DHCPDISCOVER on vtnet0 to 255.255.255.255 port 67 interval 1
Jun 30 14:21:20 fw.rodolfoarce.local dhclient[10762]: DHCPDISCOVER on vtnet0 to 255.255.255.255 port 67 interval 2
Jun 30 14:21:21 fw.rodolfoarce.local filterlog[32783]: 4,,,1000000103,vtnet0,match,block,in,4,0x0,,240,48833,0,none,17,udp,71,3.81.202.86,10.255.255.1,28295,53,51
Jun 30 14:21:21 fw.rodolfoarce.local dhcp6c[28115]: Sending Solicit
Jun 30 14:21:22 fw.rodolfoarce.local dhclient[10762]: DHCPDISCOVER on vtnet0 to 255.255.255.255 port 67 interval 5
Jun 30 14:21:23 fw.rodolfoarce.local filterlog[32783]: 4,,,1000000103,vtnet0,match,block,in,4,0x0,,240,48871,0,none,17,udp,71,3.81.202.86,10.255.255.1,18509,53,51
Jun 30 14:21:27 fw.rodolfoarce.local dhclient[10762]: DHCPDISCOVER on vtnet0 to 255.255.255.255 port 67 interval 9
Jun 30 14:21:28 fw.rodolfoarce.local filterlog[32783]: 4,,,1000000103,vtnet0,match,block,in,4,0x0,,240,49265,0,none,17,udp,71,3.81.202.86,10.255.255.1,20176,53,51
Jun 30 14:21:33 fw.rodolfoarce.local filterlog[32783]: 4,,,1000000103,vtnet0,match,block,in,4,0x0,,240,49619,0,none,17,udp,71,3.81.202.86,10.255.255.1,31533,53,51
Jun 30 14:21:36 fw.rodolfoarce.local dhclient[10762]: DHCPDISCOVER on vtnet0 to 255.255.255.255 port 67 interval 16
Jun 30 14:21:42 fw.rodolfoarce.local filterlog[32783]: 4,,,1000000103,vtnet0,match,block,in,4,0x0,,240,50191,0,none,17,udp,71,3.81.202.86,10.255.255.1,4829,53,51
Jun 30 14:21:47 fw.rodolfoarce.local filterlog[32783]: 4,,,1000000103,vtnet0,match,block,in,4,0x0,,240,29721,0,none,17,udp,71,54.198.12.2,10.255.255.1,24179,53,51
Jun 30 14:21:52 fw.rodolfoarce.local dhclient[10762]: DHCPDISCOVER on vtnet0 to 255.255.255.255 port 67 interval 21
Jun 30 14:22:00 fw.rodolfoarce.local /usr/sbin/cron[97370]: (root) CMD (/usr/sbin/newsyslog)
Jun 30 14:22:13 fw.rodolfoarce.local dhclient[10762]: DHCPDISCOVER on vtnet0 to 255.255.255.255 port 67 interval 7
Jun 30 14:22:20 fw.rodolfoarce.local dhclient[10762]: No DHCPOFFERS received.
Jun 30 14:22:20 fw.rodolfoarce.local dhclient[10762]: No working leases in persistent database - sleeping.
Jun 30 10:22:20 fw.rodolfoarce.local dhclient[97830]: FAIL
Jun 30 14:22:25 fw.rodolfoarce.local filterlog[32783]: 4,,,1000000103,vtnet0,match,block,in,4,0x0,,240,17181,0,none,17,udp,71,3.236.208.92,10.255.255.1,13638,53,51
Jun 30 14:22:28 fw.rodolfoarce.local filterlog[32783]: 4,,,1000000103,vtnet0,match,block,in,4,0x0,,237,17386,0,none,17,udp,71,3.236.208.92,10.255.255.1,59262,53,51
Jun 30 14:22:30 fw.rodolfoarce.local filterlog[32783]: 4,,,1000000103,vtnet0,match,block,in,4,0x0,,240,17507,0,none,17,udp,71,3.236.208.92,10.255.255.1,34194,53,51
Jun 30 14:22:35 fw.rodolfoarce.local filterlog[32783]: 4,,,1000000103,vtnet0,match,block,in,4,0x0,,238,17928,0,none,17,udp,71,3.236.208.92,10.255.255.1,33871,53,51
Jun 30 14:22:36 fw.rodolfoarce.local dhclient[10762]: DHCPDISCOVER on vtnet0 to 255.255.255.255 port 67 interval 2
Jun 30 14:22:38 fw.rodolfoarce.local dhclient[10762]: DHCPDISCOVER on vtnet0 to 255.255.255.255 port 67 interval 4
Jun 30 14:22:40 fw.rodolfoarce.local filterlog[32783]: 4,,,1000000103,vtnet0,match,block,in,4,0x0,,238,18000,0,none,17,udp,71,3.236.208.92,10.255.255.1,31069,53,51
Jun 30 14:22:42 fw.rodolfoarce.local dhclient[10762]: DHCPDISCOVER on vtnet0 to 255.255.255.255 port 67 interval 4
Jun 30 14:22:46 fw.rodolfoarce.local dhclient[10762]: DHCPDISCOVER on vtnet0 to 255.255.255.255 port 67 interval 9
Jun 30 14:22:49 fw.rodolfoarce.local filterlog[32783]: 4,,,1000000103,vtnet0,match,block,in,4,0x0,,240,18232,0,none,17,udp,71,3.236.208.92,10.255.255.1,34553,53,51
Jun 30 14:22:55 fw.rodolfoarce.local dhclient[10762]: DHCPDISCOVER on vtnet0 to 255.255.255.255 port 67 interval 8
Jun 30 14:23:00 fw.rodolfoarce.local /usr/sbin/cron[14512]: (root) CMD (/usr/sbin/newsyslog)
Jun 30 14:23:03 fw.rodolfoarce.local dhclient[10762]: DHCPDISCOVER on vtnet0 to 255.255.255.255 port 67 interval 8
Jun 30 14:23:08 fw.rodolfoarce.local filterlog[32783]: 4,,,1000000103,vtnet0,match,block,in,4,0x0,,240,54448,0,none,17,udp,71,3.81.202.86,10.255.255.1,44213,53,51
Jun 30 14:23:11 fw.rodolfoarce.local filterlog[32783]: 4,,,1000000103,vtnet0,match,block,in,4,0x0,,236,54321,0,none,17,udp,58,40.83.133.10,10.255.255.1,34767,53,38
Jun 30 14:23:11 fw.rodolfoarce.local dhclient[10762]: DHCPDISCOVER on vtnet0 to 255.255.255.255 port 67 interval 16
Jun 30 14:23:26 fw.rodolfoarce.local dhcp6c[28115]: Sending Solicit
Jun 30 14:23:27 fw.rodolfoarce.local dhclient[10762]: DHCPDISCOVER on vtnet0 to 255.255.255.255 port 67 interval 10
Jun 30 14:23:37 fw.rodolfoarce.local dhclient[10762]: No DHCPOFFERS received.
Jun 30 14:23:37 fw.rodolfoarce.local dhclient[10762]: No working leases in persistent database - sleeping.
Jun 30 10:23:37 fw.rodolfoarce.local dhclient[15504]: FAIL
Jun 30 14:23:47 fw.rodolfoarce.local filterlog[32783]: 4,,,1000000103,vtnet0,match,block,in,4,0x0,,240,19113,0,none,17,udp,71,3.236.208.92,10.255.255.1,45241,53,51
Jun 30 14:23:52 fw.rodolfoarce.local dhclient[10762]: DHCPDISCOVER on vtnet0 to 255.255.255.255 port 67 interval 2
Jun 30 14:23:54 fw.rodolfoarce.local dhclient[10762]: DHCPDISCOVER on vtnet0 to 255.255.255.255 port 67 interval 2
Jun 30 14:23:56 fw.rodolfoarce.local dhclient[10762]: DHCPDISCOVER on vtnet0 to 255.255.255.255 port 67 interval 4
Jun 30 14:24:00 fw.rodolfoarce.local /usr/sbin/cron[34180]: (root) CMD (/usr/sbin/newsyslog)
Jun 30 14:24:00 fw.rodolfoarce.local dhclient[10762]: DHCPDISCOVER on vtnet0 to 255.255.255.255 port 67 interval 10
Jun 30 14:24:10 fw.rodolfoarce.local dhclient[10762]: DHCPDISCOVER on vtnet0 to 255.255.255.255 port 67 interval 14
Jun 30 14:24:24 fw.rodolfoarce.local dhclient[10762]: DHCPDISCOVER on vtnet0 to 255.255.255.255 port 67 interval 8
Jun 30 14:24:25 fw.rodolfoarce.local filterlog[32783]: 4,,,1000000103,vtnet0,match,block,in,4,0x0,,240,22439,0,none,17,udp,71,3.236.208.92,10.255.255.1,24833,53,51
Jun 30 14:24:33 fw.rodolfoarce.local dhclient[10762]: DHCPDISCOVER on vtnet0 to 255.255.255.255 port 67 interval 9
Jun 30 14:24:42 fw.rodolfoarce.local dhclient[10762]: DHCPDISCOVER on vtnet0 to 255.255.255.255 port 67 interval 11
Jun 30 14:24:53 fw.rodolfoarce.local dhclient[10762]: No DHCPOFFERS received.
Jun 30 14:24:53 fw.rodolfoarce.local dhclient[10762]: No working leases in persistent database - sleeping.
Jun 30 10:24:53 fw.rodolfoarce.local dhclient[54486]: FAIL
Jun 30 14:25:00 fw.rodolfoarce.local /usr/sbin/cron[54923]: (root) CMD (/usr/sbin/newsyslog)
Jun 30 14:25:00 fw.rodolfoarce.local /usr/sbin/cron[55133]: (root) CMD (/usr/libexec/atrun)
Jun 30 14:25:08 fw.rodolfoarce.local dhclient[10762]: DHCPDISCOVER on vtnet0 to 255.255.255.255 port 67 interval 2
Jun 30 14:25:10 fw.rodolfoarce.local dhclient[10762]: DHCPDISCOVER on vtnet0 to 255.255.255.255 port 67 interval 5
Jun 30 14:25:15 fw.rodolfoarce.local dhclient[10762]: DHCPDISCOVER on vtnet0 to 255.255.255.255 port 67 interval 8
Jun 30 14:25:19 fw.rodolfoarce.local dhcp6c[28115]: Sending Solicit
Jun 30 14:25:23 fw.rodolfoarce.local dhclient[10762]: DHCPDISCOVER on vtnet0 to 255.255.255.255 port 67 interval 10
Jun 30 14:25:33 fw.rodolfoarce.local dhclient[10762]: DHCPDISCOVER on vtnet0 to 255.255.255.255 port 67 interval 10
Jun 30 14:25:41 fw.rodolfoarce.local filterlog[32783]: 4,,,1000000103,vtnet0,match,block,in,4,0x0,,240,25700,0,none,17,udp,71,3.236.208.92,10.255.255.1,6157,53,51
Jun 30 14:25:43 fw.rodolfoarce.local dhclient[10762]: DHCPDISCOVER on vtnet0 to 255.255.255.255 port 67 interval 21
Jun 30 14:26:00 fw.rodolfoarce.local /usr/sbin/cron[74386]: (root) CMD (/usr/sbin/newsyslog)
Jun 30 14:26:05 fw.rodolfoarce.local dhclient[10762]: DHCPDISCOVER on vtnet0 to 255.255.255.255 port 67 interval 4
Jun 30 14:26:09 fw.rodolfoarce.local dhclient[10762]: No DHCPOFFERS received.
Jun 30 14:26:09 fw.rodolfoarce.local dhclient[10762]: No working leases in persistent database - sleeping.
Jun 30 10:26:09 fw.rodolfoarce.local dhclient[75393]: FAIL
Jun 30 14:26:24 fw.rodolfoarce.local dhclient[10762]: DHCPDISCOVER on vtnet0 to 255.255.255.255 port 67 interval 1
Jun 30 14:26:25 fw.rodolfoarce.local dhclient[10762]: DHCPDISCOVER on vtnet0 to 255.255.255.255 port 67 interval 2
Jun 30 14:26:27 fw.rodolfoarce.local dhclient[10762]: DHCPDISCOVER on vtnet0 to 255.255.255.255 port 67 interval 4
Jun 30 14:26:31 fw.rodolfoarce.local dhclient[10762]: DHCPDISCOVER on vtnet0 to 255.255.255.255 port 67 interval 6
Jun 30 14:26:37 fw.rodolfoarce.local dhclient[10762]: DHCPDISCOVER on vtnet0 to 255.255.255.255 port 67 interval 8
Jun 30 14:26:45 fw.rodolfoarce.local dhclient[10762]: DHCPDISCOVER on vtnet0 to 255.255.255.255 port 67 interval 13
Jun 30 14:26:58 fw.rodolfoarce.local dhclient[10762]: DHCPDISCOVER on vtnet0 to 255.255.255.255 port 67 interval 20
Jun 30 14:27:00 fw.rodolfoarce.local /usr/sbin/cron[94973]: (root) CMD (/usr/sbin/newsyslog)
Jun 30 14:27:15 fw.rodolfoarce.local dhcp6c[28115]: Sending Solicit
Jun 30 14:27:18 fw.rodolfoarce.local dhclient[10762]: DHCPDISCOVER on vtnet0 to 255.255.255.255 port 67 interval 7
Jun 30 14:27:25 fw.rodolfoarce.local dhclient[10762]: No DHCPOFFERS received.
Jun 30 14:27:25 fw.rodolfoarce.local dhclient[10762]: No working leases in persistent database - sleeping.
Jun 30 10:27:25 fw.rodolfoarce.local dhclient[95681]: FAIL
Jun 30 14:27:41 fw.rodolfoarce.local dhclient[10762]: DHCPDISCOVER on vtnet0 to 255.255.255.255 port 67 interval 1
Jun 30 14:27:42 fw.rodolfoarce.local dhclient[10762]: DHCPDISCOVER on vtnet0 to 255.255.255.255 port 67 interval 2
Jun 30 14:27:44 fw.rodolfoarce.local dhclient[10762]: DHCPDISCOVER on vtnet0 to 255.255.255.255 port 67 interval 2
Jun 30 14:27:46 fw.rodolfoarce.local dhclient[10762]: DHCPDISCOVER on vtnet0 to 255.255.255.255 port 67 interval 5
Jun 30 14:27:51 fw.rodolfoarce.local dhclient[10762]: DHCPDISCOVER on vtnet0 to 255.255.255.255 port 67 interval 11
Jun 30 14:28:00 fw.rodolfoarce.local /usr/sbin/cron[13885]: (root) CMD (/usr/sbin/newsyslog)
Jun 30 14:28:02 fw.rodolfoarce.local dhclient[10762]: DHCPDISCOVER on vtnet0 to 255.255.255.255 port 67 interval 13
Jun 30 14:28:15 fw.rodolfoarce.local dhclient[10762]: DHCPDISCOVER on vtnet0 to 255.255.255.255 port 67 interval 15
Jun 30 14:28:30 fw.rodolfoarce.local dhclient[10762]: DHCPDISCOVER on vtnet0 to 255.255.255.255 port 67 interval 12
Jun 30 14:28:42 fw.rodolfoarce.local dhclient[10762]: No DHCPOFFERS received.
Jun 30 14:28:42 fw.rodolfoarce.local dhclient[10762]: No working leases in persistent database - sleeping.
Jun 30 10:28:42 fw.rodolfoarce.local dhclient[14889]: FAIL
Jun 30 14:28:57 fw.rodolfoarce.local dhclient[10762]: DHCPDISCOVER on vtnet0 to 255.255.255.255 port 67 interval 1
Jun 30 14:28:58 fw.rodolfoarce.local dhclient[10762]: DHCPDISCOVER on vtnet0 to 255.255.255.255 port 67 interval 2
Jun 30 14:29:00 fw.rodolfoarce.local /usr/sbin/cron[32191]: (root) CMD (/usr/sbin/newsyslog)
Jun 30 14:29:00 fw.rodolfoarce.local dhclient[10762]: DHCPDISCOVER on vtnet0 to 255.255.255.255 port 67 interval 4
Jun 30 14:29:04 fw.rodolfoarce.local dhclient[10762]: DHCPDISCOVER on vtnet0 to 255.255.255.255 port 67 interval 5
Jun 30 14:29:10 fw.rodolfoarce.local dhclient[10762]: DHCPDISCOVER on vtnet0 to 255.255.255.255 port 67 interval 9
Jun 30 14:29:16 fw.rodolfoarce.local dhcp6c[28115]: Sending Solicit
Jun 30 14:29:19 fw.rodolfoarce.local dhclient[10762]: DHCPDISCOVER on vtnet0 to 255.255.255.255 port 67 interval 10
Jun 30 14:29:29 fw.rodolfoarce.local dhclient[10762]: DHCPDISCOVER on vtnet0 to 255.255.255.255 port 67 interval 8
Jun 30 14:29:37 fw.rodolfoarce.local dhclient[10762]: DHCPDISCOVER on vtnet0 to 255.255.255.255 port 67 interval 16
Jun 30 14:29:53 fw.rodolfoarce.local dhclient[10762]: DHCPDISCOVER on vtnet0 to 255.255.255.255 port 67 interval 5
Jun 30 14:29:58 fw.rodolfoarce.local dhclient[10762]: No DHCPOFFERS received.
Jun 30 14:29:58 fw.rodolfoarce.local dhclient[10762]: No working leases in persistent database - sleeping.
Jun 30 10:29:58 fw.rodolfoarce.local dhclient[50862]: FAIL
Jun 30 14:30:00 fw.rodolfoarce.local /usr/sbin/cron[51824]: (root) CMD (/usr/libexec/atrun)
Jun 30 14:30:00 fw.rodolfoarce.local /usr/sbin/cron[51550]: (root) CMD (/usr/sbin/newsyslog)
Jun 30 14:30:13 fw.rodolfoarce.local dhclient[10762]: DHCPDISCOVER on vtnet0 to 255.255.255.255 port 67 interval 1
Jun 30 14:30:14 fw.rodolfoarce.local dhclient[10762]: DHCPDISCOVER on vtnet0 to 255.255.255.255 port 67 interval 1
Jun 30 14:30:15 fw.rodolfoarce.local dhclient[10762]: DHCPDISCOVER on vtnet0 to 255.255.255.255 port 67 interval 2
Jun 30 14:30:17 fw.rodolfoarce.local dhclient[10762]: DHCPDISCOVER on vtnet0 to 255.255.255.255 port 67 interval 3
Jun 30 14:30:20 fw.rodolfoarce.local dhclient[10762]: DHCPDISCOVER on vtnet0 to 255.255.255.255 port 67 interval 5
Jun 30 14:30:25 fw.rodolfoarce.local dhclient[10762]: DHCPDISCOVER on vtnet0 to 255.255.255.255 port 67 interval 7
Jun 30 14:30:32 fw.rodolfoarce.local dhclient[10762]: DHCPDISCOVER on vtnet0 to 255.255.255.255 port 67 interval 21
Jun 30 14:30:53 fw.rodolfoarce.local dhclient[10762]: DHCPDISCOVER on vtnet0 to 255.255.255.255 port 67 interval 21
Jun 30 14:31:00 fw.rodolfoarce.local /usr/sbin/cron[70428]: (root) CMD (/usr/sbin/newsyslog)
Jun 30 14:31:14 fw.rodolfoarce.local dhclient[10762]: No DHCPOFFERS received.
Jun 30 14:31:14 fw.rodolfoarce.local dhclient[10762]: No working leases in persistent database - sleeping.
Jun 30 10:31:14 fw.rodolfoarce.local dhclient[71163]: FAIL
Jun 30 14:31:28 fw.rodolfoarce.local dhcp6c[28115]: Sending Solicit
Jun 30 14:31:29 fw.rodolfoarce.local dhclient[10762]: DHCPDISCOVER on vtnet0 to 255.255.255.255 port 67 interval 1
Jun 30 14:31:34 fw.rodolfoarce.local dhclient[10762]: message repeated 4 times: [ DHCPDISCOVER on vtnet0 to 255.255.255.255 port 67 interval 1]
Jun 30 14:31:35 fw.rodolfoarce.local dhclient[10762]: DHCPDISCOVER on vtnet0 to 255.255.255.255 port 67 interval 2
Jun 30 14:31:37 fw.rodolfoarce.local dhclient[10762]: DHCPDISCOVER on vtnet0 to 255.255.255.255 port 67 interval 4
Jun 30 14:31:41 fw.rodolfoarce.local dhclient[10762]: DHCPDISCOVER on vtnet0 to 255.255.255.255 port 67 interval 6
Jun 30 14:31:47 fw.rodolfoarce.local dhclient[10762]: DHCPDISCOVER on vtnet0 to 255.255.255.255 port 67 interval 6
Jun 30 14:31:53 fw.rodolfoarce.local dhclient[10762]: DHCPDISCOVER on vtnet0 to 255.255.255.255 port 67 interval 7
Jun 30 14:32:00 fw.rodolfoarce.local /usr/sbin/cron[91236]: (root) CMD (/usr/sbin/newsyslog)
Jun 30 14:32:00 fw.rodolfoarce.local dhclient[10762]: DHCPDISCOVER on vtnet0 to 255.255.255.255 port 67 interval 14
Jun 30 14:32:14 fw.rodolfoarce.local dhclient[10762]: DHCPDISCOVER on vtnet0 to 255.255.255.255 port 67 interval 14
Jun 30 14:32:16 fw.rodolfoarce.local filterlog[32783]: 4,,,1000000103,vtnet0,match,block,in,4,0x0,,46,61108,0,none,17,udp,90,18.201.20.17,10.255.255.1,56311,53,70
Jun 30 14:32:17 fw.rodolfoarce.local filterlog[32783]: 4,,,1000000103,vtnet0,match,block,in,4,0x0,,46,11707,0,none,17,udp,90,18.201.20.17,10.255.255.1,54979,53,70
Jun 30 14:32:17 fw.rodolfoarce.local filterlog[32783]: 4,,,1000000103,vtnet0,match,block,in,4,0x0,,46,40833,0,none,17,udp,90,18.201.20.17,10.255.255.1,44792,53,70
Jun 30 14:32:18 fw.rodolfoarce.local filterlog[32783]: 4,,,1000000103,vtnet0,match,block,in,4,0x0,,46,63492,0,none,17,udp,90,18.201.20.17,10.255.255.1,58145,53,70
Jun 30 14:32:19 fw.rodolfoarce.local filterlog[32783]: 4,,,1000000103,vtnet0,match,block,in,4,0x0,,46,24536,0,none,17,udp,90,18.201.20.17,10.255.255.1,56322,53,70
Jun 30 14:32:20 fw.rodolfoarce.local filterlog[32783]: 4,,,1000000103,vtnet0,match,block,in,4,0x0,,46,30757,0,none,17,udp,90,18.201.20.17,10.255.255.1,38827,53,70
Jun 30 14:32:21 fw.rodolfoarce.local filterlog[32783]: 4,,,1000000103,vtnet0,match,block,in,4,0x0,,46,59861,0,none,17,udp,90,18.201.20.17,10.255.255.1,42757,53,70
Jun 30 14:32:22 fw.rodolfoarce.local filterlog[32783]: 4,,,1000000103,vtnet0,match,block,in,4,0x0,,46,31163,0,none,17,udp,90,18.201.20.17,10.255.255.1,46614,53,70
Jun 30 14:32:24 fw.rodolfoarce.local filterlog[32783]: 4,,,1000000103,vtnet0,match,block,in,4,0x0,,46,28076,0,none,17,udp,90,18.201.20.17,10.255.255.1,40125,53,70
Jun 30 14:32:28 fw.rodolfoarce.local dhclient[10762]: DHCPDISCOVER on vtnet0 to 255.255.255.255 port 67 interval 2
Jun 30 14:32:30 fw.rodolfoarce.local dhclient[10762]: No DHCPOFFERS received.
Jun 30 14:32:30 fw.rodolfoarce.local dhclient[10762]: No working leases in persistent database - sleeping.
Jun 30 10:32:30 fw.rodolfoarce.local dhclient[92202]: FAIL
Jun 30 14:32:45 fw.rodolfoarce.local dhclient[10762]: DHCPDISCOVER on vtnet0 to 255.255.255.255 port 67 interval 1
Jun 30 14:32:46 fw.rodolfoarce.local dhclient[10762]: DHCPDISCOVER on vtnet0 to 255.255.255.255 port 67 interval 2
Jun 30 14:32:49 fw.rodolfoarce.local dhclient[10762]: DHCPDISCOVER on vtnet0 to 255.255.255.255 port 67 interval 4
Jun 30 14:32:53 fw.rodolfoarce.local dhclient[10762]: DHCPDISCOVER on vtnet0 to 255.255.255.255 port 67 interval 6
Jun 30 14:32:59 fw.rodolfoarce.local dhclient[10762]: DHCPDISCOVER on vtnet0 to 255.255.255.255 port 67 interval 12
Jun 30 14:33:00 fw.rodolfoarce.local /usr/sbin/cron[9215]: (root) CMD (/usr/sbin/newsyslog)
Jun 30 14:33:11 fw.rodolfoarce.local dhclient[10762]: DHCPDISCOVER on vtnet0 to 255.255.255.255 port 67 interval 12
Jun 30 14:33:16 fw.rodolfoarce.local dhcp6c[28115]: Sending Solicit
Jun 30 14:33:23 fw.rodolfoarce.local dhclient[10762]: DHCPDISCOVER on vtnet0 to 255.255.255.255 port 67 interval 8
Jun 30 14:33:31 fw.rodolfoarce.local dhclient[10762]: DHCPDISCOVER on vtnet0 to 255.255.255.255 port 67 interval 15
Jun 30 14:33:46 fw.rodolfoarce.local dhclient[10762]: No DHCPOFFERS received.
Jun 30 14:33:46 fw.rodolfoarce.local dhclient[10762]: No working leases in persistent database - sleeping.
Jun 30 10:33:46 fw.rodolfoarce.local dhclient[9788]: FAIL
Jun 30 14:34:00 fw.rodolfoarce.local /usr/sbin/cron[28844]: (root) CMD (/usr/sbin/newsyslog)
Jun 30 14:34:01 fw.rodolfoarce.local dhclient[10762]: DHCPDISCOVER on vtnet0 to 255.255.255.255 port 67 interval 2
Jun 30 14:34:03 fw.rodolfoarce.local dhclient[10762]: DHCPDISCOVER on vtnet0 to 255.255.255.255 port 67 interval 5
Jun 30 14:34:08 fw.rodolfoarce.local dhclient[10762]: DHCPDISCOVER on vtnet0 to 255.255.255.255 port 67 interval 10
Jun 30 14:34:18 fw.rodolfoarce.local dhclient[10762]: DHCPDISCOVER on vtnet0 to 255.255.255.255 port 67 interval 21
Jun 30 14:34:39 fw.rodolfoarce.local dhclient[10762]: DHCPDISCOVER on vtnet0 to 255.255.255.255 port 67 interval 20
Jun 30 14:34:59 fw.rodolfoarce.local dhclient[10762]: DHCPDISCOVER on vtnet0 to 255.255.255.255 port 67 interval 3
Jun 30 14:35:00 fw.rodolfoarce.local /usr/sbin/cron[46898]: (root) CMD (/usr/sbin/newsyslog)
Jun 30 14:35:00 fw.rodolfoarce.local /usr/sbin/cron[47239]: (root) CMD (/usr/libexec/atrun)
Jun 30 14:35:02 fw.rodolfoarce.local dhclient[10762]: No DHCPOFFERS received.
Jun 30 14:35:02 fw.rodolfoarce.local dhclient[10762]: No working leases in persistent database - sleeping.
Jun 30 10:35:02 fw.rodolfoarce.local dhclient[47991]: FAIL
Jun 30 14:35:18 fw.rodolfoarce.local dhclient[10762]: DHCPDISCOVER on vtnet0 to 255.255.255.255 port 67 interval 1
Jun 30 14:35:20 fw.rodolfoarce.local dhclient[10762]: message repeated 2 times: [ DHCPDISCOVER on vtnet0 to 255.255.255.255 port 67 interval 1]
Jun 30 14:35:20 fw.rodolfoarce.local dhcp6c[28115]: Sending Solicit
Jun 30 14:35:21 fw.rodolfoarce.local dhclient[10762]: DHCPDISCOVER on vtnet0 to 255.255.255.255 port 67 interval 1
Jun 30 14:35:22 fw.rodolfoarce.local dhclient[10762]: DHCPDISCOVER on vtnet0 to 255.255.255.255 port 67 interval 2
Jun 30 14:35:24 fw.rodolfoarce.local dhclient[10762]: DHCPDISCOVER on vtnet0 to 255.255.255.255 port 67 interval 4
Jun 30 14:35:28 fw.rodolfoarce.local dhclient[10762]: DHCPDISCOVER on vtnet0 to 255.255.255.255 port 67 interval 10
Jun 30 14:35:38 fw.rodolfoarce.local dhclient[10762]: DHCPDISCOVER on vtnet0 to 255.255.255.255 port 67 interval 12
Jun 30 14:35:50 fw.rodolfoarce.local dhclient[10762]: DHCPDISCOVER on vtnet0 to 255.255.255.255 port 67 interval 12
Jun 30 14:36:00 fw.rodolfoarce.local /usr/sbin/cron[66033]: (root) CMD (/usr/sbin/newsyslog)
Jun 30 14:36:02 fw.rodolfoarce.local dhclient[10762]: DHCPDISCOVER on vtnet0 to 255.255.255.255 port 67 interval 17
Jun 30 14:36:19 fw.rodolfoarce.local dhclient[10762]: No DHCPOFFERS received.
Jun 30 14:36:19 fw.rodolfoarce.local dhclient[10762]: No working leases in persistent database - sleeping.
Jun 30 10:36:19 fw.rodolfoarce.local dhclient[67236]: FAIL
Jun 30 14:36:34 fw.rodolfoarce.local dhclient[10762]: DHCPDISCOVER on vtnet0 to 255.255.255.255 port 67 interval 2
Jun 30 14:36:36 fw.rodolfoarce.local dhclient[10762]: DHCPDISCOVER on vtnet0 to 255.255.255.255 port 67 interval 3
Jun 30 14:36:39 fw.rodolfoarce.local dhclient[10762]: DHCPDISCOVER on vtnet0 to 255.255.255.255 port 67 interval 7
Jun 30 14:36:46 fw.rodolfoarce.local dhclient[10762]: DHCPDISCOVER on vtnet0 to 255.255.255.255 port 67 interval 13
Jun 30 14:37:00 fw.rodolfoarce.local dhclient[10762]: DHCPDISCOVER on vtnet0 to 255.255.255.255 port 67 interval 13
Jun 30 14:37:00 fw.rodolfoarce.local /usr/sbin/cron[85029]: (root) CMD (/usr/sbin/newsyslog)
Jun 30 14:37:13 fw.rodolfoarce.local dhclient[10762]: DHCPDISCOVER on vtnet0 to 255.255.255.255 port 67 interval 15
Jun 30 14:37:28 fw.rodolfoarce.local dhclient[10762]: DHCPDISCOVER on vtnet0 to 255.255.255.255 port 67 interval 7
Jun 30 14:37:32 fw.rodolfoarce.local dhcp6c[28115]: Sending Solicit
Jun 30 14:37:35 fw.rodolfoarce.local dhclient[10762]: No DHCPOFFERS received.
Jun 30 14:37:35 fw.rodolfoarce.local dhclient[10762]: No working leases in persistent database - sleeping.
Jun 30 10:37:35 fw.rodolfoarce.local dhclient[85961]: FAIL
Jun 30 14:37:50 fw.rodolfoarce.local dhclient[10762]: DHCPDISCOVER on vtnet0 to 255.255.255.255 port 67 interval 1
Jun 30 14:37:51 fw.rodolfoarce.local dhclient[10762]: DHCPDISCOVER on vtnet0 to 255.255.255.255 port 67 interval 2
Jun 30 14:37:53 fw.rodolfoarce.local dhclient[10762]: DHCPDISCOVER on vtnet0 to 255.255.255.255 port 67 interval 4
Jun 30 14:37:57 fw.rodolfoarce.local dhclient[10762]: DHCPDISCOVER on vtnet0 to 255.255.255.255 port 67 interval 9
Jun 30 14:38:00 fw.rodolfoarce.local /usr/sbin/cron[2376]: (root) CMD (/usr/sbin/newsyslog)
Jun 30 14:38:06 fw.rodolfoarce.local dhclient[10762]: DHCPDISCOVER on vtnet0 to 255.255.255.255 port 67 interval 12
Jun 30 14:38:18 fw.rodolfoarce.local dhclient[10762]: DHCPDISCOVER on vtnet0 to 255.255.255.255 port 67 interval 13
Jun 30 14:38:31 fw.rodolfoarce.local dhclient[10762]: DHCPDISCOVER on vtnet0 to 255.255.255.255 port 67 interval 15
Jun 30 14:38:46 fw.rodolfoarce.local dhclient[10762]: DHCPDISCOVER on vtnet0 to 255.255.255.255 port 67 interval 5
Jun 30 14:38:51 fw.rodolfoarce.local dhclient[10762]: No DHCPOFFERS received.
Jun 30 14:38:51 fw.rodolfoarce.local dhclient[10762]: No working leases in persistent database - sleeping.
Jun 30 10:38:51 fw.rodolfoarce.local dhclient[3412]: FAIL
Jun 30 14:39:00 fw.rodolfoarce.local /usr/sbin/cron[23497]: (root) CMD (/usr/sbin/newsyslog)
Jun 30 14:39:06 fw.rodolfoarce.local dhclient[10762]: DHCPDISCOVER on vtnet0 to 255.255.255.255 port 67 interval 2
Jun 30 14:39:08 fw.rodolfoarce.local dhclient[10762]: DHCPDISCOVER on vtnet0 to 255.255.255.255 port 67 interval 2
Jun 30 14:39:10 fw.rodolfoarce.local dhclient[10762]: DHCPDISCOVER on vtnet0 to 255.255.255.255 port 67 interval 4
Jun 30 14:39:14 fw.rodolfoarce.local dhclient[10762]: DHCPDISCOVER on vtnet0 to 255.255.255.255 port 67 interval 5
Jun 30 14:39:19 fw.rodolfoarce.local dhclient[10762]: DHCPDISCOVER on vtnet0 to 255.255.255.255 port 67 interval 12
Jun 30 14:39:32 fw.rodolfoarce.local dhclient[10762]: DHCPDISCOVER on vtnet0 to 255.255.255.255 port 67 interval 18
Jun 30 14:39:42 fw.rodolfoarce.local dhcp6c[28115]: Sending Solicit
Jun 30 14:39:50 fw.rodolfoarce.local dhclient[10762]: DHCPDISCOVER on vtnet0 to 255.255.255.255 port 67 interval 13
Jun 30 14:40:00 fw.rodolfoarce.local /usr/sbin/cron[35403]: (root) CMD (/usr/libexec/atrun)
Jun 30 14:40:00 fw.rodolfoarce.local /usr/sbin/cron[35150]: (root) CMD (/usr/sbin/newsyslog)
Jun 30 14:40:03 fw.rodolfoarce.local dhclient[10762]: DHCPDISCOVER on vtnet0 to 255.255.255.255 port 67 interval 4
Jun 30 14:40:07 fw.rodolfoarce.local dhclient[10762]: No DHCPOFFERS received.
Jun 30 14:40:07 fw.rodolfoarce.local dhclient[10762]: No working leases in persistent database - sleeping.
Jun 30 10:40:07 fw.rodolfoarce.local dhclient[43496]: FAIL
Jun 30 14:40:22 fw.rodolfoarce.local dhclient[10762]: DHCPDISCOVER on vtnet0 to 255.255.255.255 port 67 interval 1
Jun 30 14:40:23 fw.rodolfoarce.local dhclient[10762]: DHCPDISCOVER on vtnet0 to 255.255.255.255 port 67 interval 2
Jun 30 14:40:25 fw.rodolfoarce.local dhclient[10762]: DHCPDISCOVER on vtnet0 to 255.255.255.255 port 67 interval 3
Jun 30 14:40:28 fw.rodolfoarce.local dhclient[10762]: DHCPDISCOVER on vtnet0 to 255.255.255.255 port 67 interval 4
Jun 30 14:40:32 fw.rodolfoarce.local dhclient[10762]: DHCPDISCOVER on vtnet0 to 255.255.255.255 port 67 interval 11
Jun 30 14:40:43 fw.rodolfoarce.local dhclient[10762]: DHCPDISCOVER on vtnet0 to 255.255.255.255 port 67 interval 11
Jun 30 14:40:54 fw.rodolfoarce.local dhclient[10762]: DHCPDISCOVER on vtnet0 to 255.255.255.255 port 67 interval 13
Jun 30 14:41:00 fw.rodolfoarce.local /usr/sbin/cron[44234]: (root) CMD (/usr/sbin/newsyslog)
Jun 30 14:41:08 fw.rodolfoarce.local dhclient[10762]: DHCPDISCOVER on vtnet0 to 255.255.255.255 port 67 interval 15
Jun 30 14:41:23 fw.rodolfoarce.local dhclient[10762]: No DHCPOFFERS received.
Jun 30 14:41:23 fw.rodolfoarce.local dhclient[10762]: No working leases in persistent database - sleeping.
Jun 30 10:41:23 fw.rodolfoarce.local dhclient[62608]: FAIL
Jun 30 14:41:32 fw.rodolfoarce.local dhcp6c[28115]: Sending Solicit
Jun 30 14:41:38 fw.rodolfoarce.local dhclient[10762]: DHCPDISCOVER on vtnet0 to 255.255.255.255 port 67 interval 2
Jun 30 14:41:40 fw.rodolfoarce.local dhclient[10762]: DHCPDISCOVER on vtnet0 to 255.255.255.255 port 67 interval 5
Jun 30 14:41:45 fw.rodolfoarce.local dhclient[10762]: DHCPDISCOVER on vtnet0 to 255.255.255.255 port 67 interval 10
Jun 30 14:41:55 fw.rodolfoarce.local dhclient[10762]: DHCPDISCOVER on vtnet0 to 255.255.255.255 port 67 interval 14
Jun 30 14:42:00 fw.rodolfoarce.local /usr/sbin/cron[62861]: (root) CMD (/usr/sbin/newsyslog)
Jun 30 14:42:09 fw.rodolfoarce.local dhclient[10762]: DHCPDISCOVER on vtnet0 to 255.255.255.255 port 67 interval 14
Jun 30 14:42:23 fw.rodolfoarce.local dhclient[10762]: DHCPDISCOVER on vtnet0 to 255.255.255.255 port 67 interval 15
Jun 30 14:42:38 fw.rodolfoarce.local dhclient[10762]: DHCPDISCOVER on vtnet0 to 255.255.255.255 port 67 interval 1
Jun 30 14:42:39 fw.rodolfoarce.local dhclient[10762]: No DHCPOFFERS received.
Jun 30 14:42:39 fw.rodolfoarce.local dhclient[10762]: No working leases in persistent database - sleeping.
Jun 30 10:42:39 fw.rodolfoarce.local dhclient[83265]: FAIL
Jun 30 14:42:54 fw.rodolfoarce.local dhclient[10762]: DHCPDISCOVER on vtnet0 to 255.255.255.255 port 67 interval 1
Jun 30 14:42:55 fw.rodolfoarce.local dhclient[10762]: DHCPDISCOVER on vtnet0 to 255.255.255.255 port 67 interval 2
Jun 30 14:42:57 fw.rodolfoarce.local dhclient[10762]: DHCPDISCOVER on vtnet0 to 255.255.255.255 port 67 interval 4
Jun 30 14:43:00 fw.rodolfoarce.local /usr/sbin/cron[83576]: (root) CMD (/usr/sbin/newsyslog)
Jun 30 14:43:01 fw.rodolfoarce.local dhclient[10762]: DHCPDISCOVER on vtnet0 to 255.255.255.255 port 67 interval 9
Jun 30 14:43:10 fw.rodolfoarce.local dhclient[10762]: DHCPDISCOVER on vtnet0 to 255.255.255.255 port 67 interval 19
Jun 30 14:43:29 fw.rodolfoarce.local dhclient[10762]: DHCPDISCOVER on vtnet0 to 255.255.255.255 port 67 interval 7
Jun 30 14:43:37 fw.rodolfoarce.local dhclient[10762]: DHCPDISCOVER on vtnet0 to 255.255.255.255 port 67 interval 7
Jun 30 14:43:43 fw.rodolfoarce.local dhcp6c[28115]: Sending Solicit
Jun 30 14:43:44 fw.rodolfoarce.local dhclient[10762]: DHCPDISCOVER on vtnet0 to 255.255.255.255 port 67 interval 11
Jun 30 14:43:55 fw.rodolfoarce.local dhclient[10762]: No DHCPOFFERS received.
Jun 30 14:43:55 fw.rodolfoarce.local dhclient[10762]: No working leases in persistent database - sleeping.
Jun 30 10:43:55 fw.rodolfoarce.local dhclient[3211]: FAIL
Jun 30 14:44:00 fw.rodolfoarce.local /usr/sbin/cron[3795]: (root) CMD (/usr/sbin/newsyslog)
Jun 30 14:44:10 fw.rodolfoarce.local dhclient[10762]: DHCPDISCOVER on vtnet0 to 255.255.255.255 port 67 interval 1
Jun 30 14:44:11 fw.rodolfoarce.local dhclient[10762]: DHCPDISCOVER on vtnet0 to 255.255.255.255 port 67 interval 2
Jun 30 14:44:13 fw.rodolfoarce.local dhclient[10762]: DHCPDISCOVER on vtnet0 to 255.255.255.255 port 67 interval 3
Jun 30 14:44:16 fw.rodolfoarce.local dhclient[10762]: DHCPDISCOVER on vtnet0 to 255.255.255.255 port 67 interval 6
Jun 30 14:44:22 fw.rodolfoarce.local dhclient[10762]: DHCPDISCOVER on vtnet0 to 255.255.255.255 port 67 interval 10
Jun 30 14:44:32 fw.rodolfoarce.local dhclient[10762]: DHCPDISCOVER on vtnet0 to 255.255.255.255 port 67 interval 15
Jun 30 14:44:47 fw.rodolfoarce.local dhclient[10762]: DHCPDISCOVER on vtnet0 to 255.255.255.255 port 67 interval 15
Jun 30 14:45:00 fw.rodolfoarce.local /usr/sbin/cron[22218]: (root) CMD (/usr/sbin/newsyslog)
Jun 30 14:45:00 fw.rodolfoarce.local /usr/sbin/cron[22245]: (root) CMD (/usr/libexec/atrun)
Jun 30 14:45:02 fw.rodolfoarce.local dhclient[10762]: DHCPDISCOVER on vtnet0 to 255.255.255.255 port 67 interval 9
Jun 30 14:45:11 fw.rodolfoarce.local dhclient[10762]: No DHCPOFFERS received.
Jun 30 14:45:11 fw.rodolfoarce.local dhclient[10762]: No working leases in persistent database - sleeping.
Jun 30 10:45:11 fw.rodolfoarce.local dhclient[42644]: FAIL
Jun 30 14:45:26 fw.rodolfoarce.local dhclient[10762]: DHCPDISCOVER on vtnet0 to 255.255.255.255 port 67 interval 2
Jun 30 14:45:28 fw.rodolfoarce.local dhclient[10762]: DHCPDISCOVER on vtnet0 to 255.255.255.255 port 67 interval 2
Jun 30 14:45:31 fw.rodolfoarce.local dhclient[10762]: DHCPDISCOVER on vtnet0 to 255.255.255.255 port 67 interval 3
Jun 30 14:45:34 fw.rodolfoarce.local dhclient[10762]: DHCPDISCOVER on vtnet0 to 255.255.255.255 port 67 interval 7
Jun 30 14:45:35 fw.rodolfoarce.local dhcp6c[28115]: Sending Solicit
Jun 30 14:45:41 fw.rodolfoarce.local dhclient[10762]: DHCPDISCOVER on vtnet0 to 255.255.255.255 port 67 interval 8
Jun 30 14:45:49 fw.rodolfoarce.local dhclient[10762]: DHCPDISCOVER on vtnet0 to 255.255.255.255 port 67 interval 9
Jun 30 14:45:58 fw.rodolfoarce.local dhclient[10762]: DHCPDISCOVER on vtnet0 to 255.255.255.255 port 67 interval 17
Jun 30 14:46:00 fw.rodolfoarce.local /usr/sbin/cron[43642]: (root) CMD (/usr/sbin/newsyslog)
Jun 30 14:46:15 fw.rodolfoarce.local dhclient[10762]: DHCPDISCOVER on vtnet0 to 255.255.255.255 port 67 interval 9
Jun 30 14:46:24 fw.rodolfoarce.local dhclient[10762]: DHCPDISCOVER on vtnet0 to 255.255.255.255 port 67 interval 3
Jun 30 14:46:27 fw.rodolfoarce.local dhclient[10762]: No DHCPOFFERS received.
Jun 30 14:46:27 fw.rodolfoarce.local dhclient[10762]: No working leases in persistent database - sleeping.
Jun 30 10:46:27 fw.rodolfoarce.local dhclient[61369]: FAIL
Jun 30 14:46:42 fw.rodolfoarce.local dhclient[10762]: DHCPDISCOVER on vtnet0 to 255.255.255.255 port 67 interval 2
Jun 30 14:46:44 fw.rodolfoarce.local dhclient[10762]: DHCPDISCOVER on vtnet0 to 255.255.255.255 port 67 interval 5
Jun 30 14:46:49 fw.rodolfoarce.local dhclient[10762]: DHCPDISCOVER on vtnet0 to 255.255.255.255 port 67 interval 8
Jun 30 14:46:57 fw.rodolfoarce.local dhclient[10762]: DHCPDISCOVER on vtnet0 to 255.255.255.255 port 67 interval 14
Jun 30 14:47:00 fw.rodolfoarce.local /usr/sbin/cron[61813]: (root) CMD (/usr/sbin/newsyslog)
Jun 30 14:47:12 fw.rodolfoarce.local dhclient[10762]: DHCPDISCOVER on vtnet0 to 255.255.255.255 port 67 interval 15
Jun 30 14:47:27 fw.rodolfoarce.local dhclient[10762]: DHCPDISCOVER on vtnet0 to 255.255.255.255 port 67 interval 15
Jun 30 14:47:30 fw.rodolfoarce.local dhcp6c[28115]: Sending Solicit
Jun 30 14:47:42 fw.rodolfoarce.local dhclient[10762]: DHCPDISCOVER on vtnet0 to 255.255.255.255 port 67 interval 1
Jun 30 14:47:43 fw.rodolfoarce.local dhclient[10762]: No DHCPOFFERS received.
Jun 30 14:47:43 fw.rodolfoarce.local dhclient[10762]: No working leases in persistent database - sleeping.
Jun 30 10:47:43 fw.rodolfoarce.local dhclient[80164]: FAIL
Jun 30 14:47:58 fw.rodolfoarce.local dhclient[10762]: DHCPDISCOVER on vtnet0 to 255.255.255.255 port 67 interval 2
Jun 30 14:48:00 fw.rodolfoarce.local /usr/sbin/cron[80567]: (root) CMD (/usr/sbin/newsyslog)
Jun 30 14:48:00 fw.rodolfoarce.local dhclient[10762]: DHCPDISCOVER on vtnet0 to 255.255.255.255 port 67 interval 2
Jun 30 14:48:02 fw.rodolfoarce.local dhclient[10762]: DHCPDISCOVER on vtnet0 to 255.255.255.255 port 67 interval 5
Jun 30 14:48:07 fw.rodolfoarce.local dhclient[10762]: DHCPDISCOVER on vtnet0 to 255.255.255.255 port 67 interval 12
Jun 30 14:48:19 fw.rodolfoarce.local dhclient[10762]: DHCPDISCOVER on vtnet0 to 255.255.255.255 port 67 interval 7
Jun 30 14:48:26 fw.rodolfoarce.local dhclient[10762]: DHCPDISCOVER on vtnet0 to 255.255.255.255 port 67 interval 12
Jun 30 14:48:38 fw.rodolfoarce.local dhclient[10762]: DHCPDISCOVER on vtnet0 to 255.255.255.255 port 67 interval 21
Jun 30 14:49:00 fw.rodolfoarce.local dhclient[10762]: No DHCPOFFERS received.
Jun 30 14:49:00 fw.rodolfoarce.local dhclient[10762]: No working leases in persistent database - sleeping.
Jun 30 14:49:00 fw.rodolfoarce.local /usr/sbin/cron[98618]: (root) CMD (/usr/sbin/newsyslog)
Jun 30 10:49:00 fw.rodolfoarce.local dhclient[99211]: FAIL
Jun 30 14:49:15 fw.rodolfoarce.local dhclient[10762]: DHCPDISCOVER on vtnet0 to 255.255.255.255 port 67 interval 1
Jun 30 14:49:16 fw.rodolfoarce.local dhclient[10762]: DHCPDISCOVER on vtnet0 to 255.255.255.255 port 67 interval 2
Jun 30 14:49:18 fw.rodolfoarce.local dhclient[10762]: DHCPDISCOVER on vtnet0 to 255.255.255.255 port 67 interval 3
Jun 30 14:49:21 fw.rodolfoarce.local dhclient[10762]: DHCPDISCOVER on vtnet0 to 255.255.255.255 port 67 interval 7
Jun 30 14:49:24 fw.rodolfoarce.local filterlog[32783]: 4,,,1000000103,vtnet0,match,block,in,4,0x48,,234,55880,0,none,17,udp,59,154.212.141.253,10.255.255.1,58914,53,39
Jun 30 14:49:28 fw.rodolfoarce.local dhcp6c[28115]: Sending Solicit
Jun 30 14:49:28 fw.rodolfoarce.local dhclient[10762]: DHCPDISCOVER on vtnet0 to 255.255.255.255 port 67 interval 11
Jun 30 14:49:39 fw.rodolfoarce.local dhclient[10762]: DHCPDISCOVER on vtnet0 to 255.255.255.255 port 67 interval 13
Jun 30 14:49:52 fw.rodolfoarce.local dhclient[10762]: DHCPDISCOVER on vtnet0 to 255.255.255.255 port 67 interval 14
Jun 30 14:50:00 fw.rodolfoarce.local /usr/sbin/cron[16911]: (root) CMD (/usr/sbin/newsyslog)
Jun 30 14:50:00 fw.rodolfoarce.local /usr/sbin/cron[16983]: (root) CMD (/usr/libexec/atrun)
Jun 30 14:50:06 fw.rodolfoarce.local dhclient[10762]: DHCPDISCOVER on vtnet0 to 255.255.255.255 port 67 interval 8
Jun 30 14:50:14 fw.rodolfoarce.local dhclient[10762]: DHCPDISCOVER on vtnet0 to 255.255.255.255 port 67 interval 2
Jun 30 14:50:16 fw.rodolfoarce.local dhclient[10762]: No DHCPOFFERS received.
Jun 30 14:50:16 fw.rodolfoarce.local dhclient[10762]: No working leases in persistent database - sleeping.
Jun 30 10:50:16 fw.rodolfoarce.local dhclient[34449]: FAIL
Jun 30 14:50:23 fw.rodolfoarce.local filterlog[32783]: 4,,,1000000103,vtnet0,match,block,in,4,0x0,,41,15895,0,DF,6,tcp,52,47.101.151.54,10.255.255.1,21866,22,0,S,2604991538,,29200,,mss;nop;nop;sackOK;nop;wscale
Jun 30 14:50:24 fw.rodolfoarce.local filterlog[32783]: 4,,,1000000103,vtnet0,match,block,in,4,0x0,,41,15896,0,DF,6,tcp,52,47.101.151.54,10.255.255.1,21866,22,0,S,2604991538,,29200,,mss;nop;nop;sackOK;nop;wscale
Jun 30 14:50:26 fw.rodolfoarce.local filterlog[32783]: 4,,,1000000103,vtnet0,match,block,in,4,0x0,,41,15897,0,DF,6,tcp,52,47.101.151.54,10.255.255.1,21866,22,0,S,2604991538,,29200,,mss;nop;nop;sackOK;nop;wscale
Jun 30 14:50:31 fw.rodolfoarce.local dhclient[10762]: DHCPDISCOVER on vtnet0 to 255.255.255.255 port 67 interval 2
Jun 30 14:50:33 fw.rodolfoarce.local dhclient[10762]: DHCPDISCOVER on vtnet0 to 255.255.255.255 port 67 interval 2
Jun 30 14:50:34 fw.rodolfoarce.local filterlog[32783]: 4,,,1000000103,vtnet0,match,block,in,4,0x0,,41,25465,0,DF,6,tcp,52,47.101.151.54,10.255.255.1,31648,22,0,S,2604991541,,29200,,mss;nop;nop;sackOK;nop;wscale
Jun 30 14:50:35 fw.rodolfoarce.local dhclient[10762]: DHCPDISCOVER on vtnet0 to 255.255.255.255 port 67 interval 5
Jun 30 14:50:40 fw.rodolfoarce.local dhclient[10762]: DHCPDISCOVER on vtnet0 to 255.255.255.255 port 67 interval 6
Jun 30 14:50:47 fw.rodolfoarce.local dhclient[10762]: DHCPDISCOVER on vtnet0 to 255.255.255.255 port 67 interval 15
Jun 30 14:51:00 fw.rodolfoarce.local /usr/sbin/cron[34560]: (root) CMD (/usr/sbin/newsyslog)
Jun 30 14:51:02 fw.rodolfoarce.local dhclient[10762]: DHCPDISCOVER on vtnet0 to 255.255.255.255 port 67 interval 20
Jun 30 14:51:21 fw.rodolfoarce.local dhcp6c[28115]: Sending Solicit
Jun 30 14:51:22 fw.rodolfoarce.local dhclient[10762]: DHCPDISCOVER on vtnet0 to 255.255.255.255 port 67 interval 9
Jun 30 14:51:31 fw.rodolfoarce.local dhclient[10762]: DHCPDISCOVER on vtnet0 to 255.255.255.255 port 67 interval 1
Jun 30 14:51:32 fw.rodolfoarce.local dhclient[10762]: No DHCPOFFERS received.
Jun 30 14:51:32 fw.rodolfoarce.local dhclient[10762]: No working leases in persistent database - sleeping.
Jun 30 10:51:32 fw.rodolfoarce.local dhclient[51505]: FAIL
Jun 30 14:51:47 fw.rodolfoarce.local dhclient[10762]: DHCPDISCOVER on vtnet0 to 255.255.255.255 port 67 interval 2
Jun 30 14:51:57 fw.rodolfoarce.local dhclient[10762]: message repeated 5 times: [ DHCPDISCOVER on vtnet0 to 255.255.255.255 port 67 interval 2]
Jun 30 14:51:59 fw.rodolfoarce.local dhclient[10762]: DHCPDISCOVER on vtnet0 to 255.255.255.255 port 67 interval 5
Jun 30 14:52:00 fw.rodolfoarce.local /usr/sbin/cron[51761]: (root) CMD (/usr/sbin/newsyslog)
Jun 30 14:52:04 fw.rodolfoarce.local dhclient[10762]: DHCPDISCOVER on vtnet0 to 255.255.255.255 port 67 interval 7
