Jul  9 10:51:55 fw.rodolfoarce.local dhclient[10762]: DHCPDISCOVER on vtnet0 to 255.255.255.255 port 67 interval 18
Jul  9 10:52:00 fw.rodolfoarce.local /usr/sbin/cron[2664]: (root) CMD (/usr/sbin/newsyslog)
Jul  9 10:52:13 fw.rodolfoarce.local dhclient[10762]: No DHCPOFFERS received.
Jul  9 10:52:13 fw.rodolfoarce.local dhclient[10762]: No working leases in persistent database - sleeping.
Jul  9 06:52:13 fw.rodolfoarce.local dhclient[23304]: FAIL
Jul  9 10:52:28 fw.rodolfoarce.local dhclient[10762]: DHCPDISCOVER on vtnet0 to 255.255.255.255 port 67 interval 2
Jul  9 10:52:30 fw.rodolfoarce.local dhclient[10762]: DHCPDISCOVER on vtnet0 to 255.255.255.255 port 67 interval 4
Jul  9 10:52:34 fw.rodolfoarce.local dhclient[10762]: DHCPDISCOVER on vtnet0 to 255.255.255.255 port 67 interval 8
Jul  9 10:52:42 fw.rodolfoarce.local dhclient[10762]: DHCPDISCOVER on vtnet0 to 255.255.255.255 port 67 interval 9
Jul  9 10:52:52 fw.rodolfoarce.local dhclient[10762]: DHCPDISCOVER on vtnet0 to 255.255.255.255 port 67 interval 17
Jul  9 10:53:00 fw.rodolfoarce.local /usr/sbin/cron[23907]: (root) CMD (/usr/sbin/newsyslog)
Jul  9 10:53:09 fw.rodolfoarce.local dhclient[10762]: DHCPDISCOVER on vtnet0 to 255.255.255.255 port 67 interval 11
Jul  9 10:53:20 fw.rodolfoarce.local dhclient[10762]: DHCPDISCOVER on vtnet0 to 255.255.255.255 port 67 interval 9
Jul  9 10:53:29 fw.rodolfoarce.local dhcp6c[28115]: Sending Solicit
Jul  9 10:53:29 fw.rodolfoarce.local dhclient[10762]: No DHCPOFFERS received.
Jul  9 10:53:29 fw.rodolfoarce.local dhclient[10762]: No working leases in persistent database - sleeping.
Jul  9 06:53:29 fw.rodolfoarce.local dhclient[42938]: FAIL
Jul  9 10:53:44 fw.rodolfoarce.local dhclient[10762]: DHCPDISCOVER on vtnet0 to 255.255.255.255 port 67 interval 2
Jul  9 10:53:46 fw.rodolfoarce.local dhclient[10762]: DHCPDISCOVER on vtnet0 to 255.255.255.255 port 67 interval 4
Jul  9 10:53:49 fw.rodolfoarce.local filterlog[32783]: 4,,,1000000103,vtnet0,match,block,in,4,0x0,,47,34520,0,DF,17,udp,72,164.92.89.122,10.255.255.1,36183,53,52
Jul  9 10:53:49 fw.rodolfoarce.local filterlog[32783]: 4,,,1000000103,vtnet0,match,block,in,4,0x0,,47,34612,0,DF,17,udp,83,164.92.89.122,10.255.255.1,36183,53,63
Jul  9 10:53:50 fw.rodolfoarce.local dhclient[10762]: DHCPDISCOVER on vtnet0 to 255.255.255.255 port 67 interval 9
Jul  9 10:53:50 fw.rodolfoarce.local filterlog[32783]: 4,,,1000000103,vtnet0,match,block,in,4,0x0,,47,34755,0,DF,17,udp,72,164.92.89.122,10.255.255.1,36183,53,52
Jul  9 10:53:51 fw.rodolfoarce.local filterlog[32783]: 4,,,1000000103,vtnet0,match,block,in,4,0x0,,47,34794,0,DF,17,udp,83,164.92.89.122,10.255.255.1,36183,53,63
Jul  9 10:53:53 fw.rodolfoarce.local filterlog[32783]: 4,,,1000000103,vtnet0,match,block,in,4,0x0,,47,35028,0,DF,17,udp,72,164.92.89.122,10.255.255.1,36183,53,52
Jul  9 10:53:54 fw.rodolfoarce.local filterlog[32783]: 4,,,1000000103,vtnet0,match,block,in,4,0x0,,47,35031,0,DF,17,udp,83,164.92.89.122,10.255.255.1,36183,53,63
Jul  9 10:53:57 fw.rodolfoarce.local filterlog[32783]: 4,,,1000000103,vtnet0,match,block,in,4,0x0,,47,35352,0,DF,17,udp,72,164.92.89.122,10.255.255.1,36183,53,52
Jul  9 10:53:59 fw.rodolfoarce.local filterlog[32783]: 4,,,1000000103,vtnet0,match,block,in,4,0x0,,47,35408,0,DF,17,udp,83,164.92.89.122,10.255.255.1,36183,53,63
Jul  9 10:53:59 fw.rodolfoarce.local dhclient[10762]: DHCPDISCOVER on vtnet0 to 255.255.255.255 port 67 interval 12
Jul  9 10:54:00 fw.rodolfoarce.local /usr/sbin/cron[43321]: (root) CMD (/usr/sbin/newsyslog)
Jul  9 10:54:01 fw.rodolfoarce.local filterlog[32783]: 4,,,1000000103,vtnet0,match,block,in,4,0x0,,47,35553,0,DF,17,udp,72,164.92.89.122,10.255.255.1,36183,53,52
Jul  9 10:54:04 fw.rodolfoarce.local filterlog[32783]: 4,,,1000000103,vtnet0,match,block,in,4,0x0,,47,36097,0,DF,17,udp,83,164.92.89.122,10.255.255.1,36183,53,63
Jul  9 10:54:07 fw.rodolfoarce.local filterlog[32783]: 4,,,1000000103,vtnet0,match,block,in,4,0x0,,47,36130,0,DF,17,udp,83,164.92.89.122,10.255.255.1,36183,53,63
Jul  9 10:54:07 fw.rodolfoarce.local filterlog[32783]: 4,,,1000000103,vtnet0,match,block,in,4,0x0,,47,36140,0,DF,17,udp,72,164.92.89.122,10.255.255.1,36183,53,52
Jul  9 10:54:08 fw.rodolfoarce.local filterlog[32783]: 4,,,1000000103,vtnet0,match,block,in,4,0x0,,47,36291,0,DF,17,udp,83,164.92.89.122,10.255.255.1,36183,53,63
Jul  9 10:54:09 fw.rodolfoarce.local filterlog[32783]: 4,,,1000000103,vtnet0,match,block,in,4,0x0,,47,36321,0,DF,17,udp,72,164.92.89.122,10.255.255.1,36183,53,52
Jul  9 10:54:10 fw.rodolfoarce.local filterlog[32783]: 4,,,1000000103,vtnet0,match,block,in,4,0x0,,47,36552,0,DF,17,udp,83,164.92.89.122,10.255.255.1,36183,53,63
Jul  9 10:54:11 fw.rodolfoarce.local filterlog[32783]: 4,,,1000000103,vtnet0,match,block,in,4,0x0,,47,36848,0,DF,17,udp,72,164.92.89.122,10.255.255.1,36183,53,52
Jul  9 10:54:11 fw.rodolfoarce.local dhclient[10762]: DHCPDISCOVER on vtnet0 to 255.255.255.255 port 67 interval 19
Jul  9 10:54:13 fw.rodolfoarce.local filterlog[32783]: 4,,,1000000103,vtnet0,match,block,in,4,0x0,,47,37294,0,DF,17,udp,83,164.92.89.122,10.255.255.1,36183,53,63
Jul  9 10:54:15 fw.rodolfoarce.local filterlog[32783]: 4,,,1000000103,vtnet0,match,block,in,4,0x0,,47,37388,0,DF,17,udp,72,164.92.89.122,10.255.255.1,36183,53,52
Jul  9 10:54:17 fw.rodolfoarce.local filterlog[32783]: 4,,,1000000103,vtnet0,match,block,in,4,0x0,,47,37717,0,DF,17,udp,83,164.92.89.122,10.255.255.1,36183,53,63
Jul  9 10:54:19 fw.rodolfoarce.local filterlog[32783]: 4,,,1000000103,vtnet0,match,block,in,4,0x0,,47,38059,0,DF,17,udp,72,164.92.89.122,10.255.255.1,36183,53,52
Jul  9 10:54:21 fw.rodolfoarce.local filterlog[32783]: 4,,,1000000103,vtnet0,match,block,in,4,0x0,,47,38200,0,DF,17,udp,83,164.92.89.122,10.255.255.1,36183,53,63
Jul  9 10:54:22 fw.rodolfoarce.local filterlog[32783]: 4,,,1000000103,vtnet0,match,block,in,4,0x0,,47,38268,0,DF,17,udp,72,164.92.89.122,10.255.255.1,36183,53,52
Jul  9 10:54:22 fw.rodolfoarce.local filterlog[32783]: 4,,,1000000103,vtnet0,match,block,in,4,0x0,,47,38416,0,DF,17,udp,83,164.92.89.122,10.255.255.1,36183,53,63
Jul  9 10:54:23 fw.rodolfoarce.local filterlog[32783]: 4,,,1000000103,vtnet0,match,block,in,4,0x0,,47,38533,0,DF,17,udp,72,164.92.89.122,10.255.255.1,36183,53,52
Jul  9 10:54:24 fw.rodolfoarce.local filterlog[32783]: 4,,,1000000103,vtnet0,match,block,in,4,0x0,,47,38587,0,DF,17,udp,83,164.92.89.122,10.255.255.1,36183,53,63
Jul  9 10:54:25 fw.rodolfoarce.local filterlog[32783]: 4,,,1000000103,vtnet0,match,block,in,4,0x0,,47,38862,0,DF,17,udp,72,164.92.89.122,10.255.255.1,36183,53,52
Jul  9 10:54:27 fw.rodolfoarce.local filterlog[32783]: 4,,,1000000103,vtnet0,match,block,in,4,0x0,,47,39101,0,DF,17,udp,83,164.92.89.122,10.255.255.1,36183,53,63
Jul  9 10:54:29 fw.rodolfoarce.local filterlog[32783]: 4,,,1000000103,vtnet0,match,block,in,4,0x0,,47,39558,0,DF,17,udp,72,164.92.89.122,10.255.255.1,36183,53,52
Jul  9 10:54:31 fw.rodolfoarce.local dhclient[10762]: DHCPDISCOVER on vtnet0 to 255.255.255.255 port 67 interval 9
Jul  9 10:54:31 fw.rodolfoarce.local filterlog[32783]: 4,,,1000000103,vtnet0,match,block,in,4,0x0,,47,39912,0,DF,17,udp,83,164.92.89.122,10.255.255.1,36183,53,63
Jul  9 10:54:34 fw.rodolfoarce.local filterlog[32783]: 4,,,1000000103,vtnet0,match,block,in,4,0x0,,47,40446,0,DF,17,udp,72,164.92.89.122,10.255.255.1,36183,53,52
Jul  9 10:54:36 fw.rodolfoarce.local filterlog[32783]: 4,,,1000000103,vtnet0,match,block,in,4,0x0,,47,40460,0,DF,17,udp,83,164.92.89.122,10.255.255.1,36183,53,63
Jul  9 10:54:40 fw.rodolfoarce.local dhclient[10762]: DHCPDISCOVER on vtnet0 to 255.255.255.255 port 67 interval 5
Jul  9 10:54:45 fw.rodolfoarce.local dhclient[10762]: No DHCPOFFERS received.
Jul  9 10:54:45 fw.rodolfoarce.local dhclient[10762]: No working leases in persistent database - sleeping.
Jul  9 06:54:45 fw.rodolfoarce.local dhclient[59995]: FAIL
Jul  9 10:55:00 fw.rodolfoarce.local /usr/sbin/cron[61217]: (root) CMD (/usr/libexec/atrun)
Jul  9 10:55:00 fw.rodolfoarce.local /usr/sbin/cron[60942]: (root) CMD (/usr/sbin/newsyslog)
Jul  9 10:55:00 fw.rodolfoarce.local dhclient[10762]: DHCPDISCOVER on vtnet0 to 255.255.255.255 port 67 interval 1
Jul  9 10:55:01 fw.rodolfoarce.local dhclient[10762]: DHCPDISCOVER on vtnet0 to 255.255.255.255 port 67 interval 1
Jul  9 10:55:02 fw.rodolfoarce.local dhclient[10762]: DHCPDISCOVER on vtnet0 to 255.255.255.255 port 67 interval 2
Jul  9 10:55:04 fw.rodolfoarce.local dhclient[10762]: DHCPDISCOVER on vtnet0 to 255.255.255.255 port 67 interval 4
Jul  9 10:55:08 fw.rodolfoarce.local dhclient[10762]: DHCPDISCOVER on vtnet0 to 255.255.255.255 port 67 interval 6
Jul  9 10:55:14 fw.rodolfoarce.local dhclient[10762]: DHCPDISCOVER on vtnet0 to 255.255.255.255 port 67 interval 12
Jul  9 10:55:26 fw.rodolfoarce.local dhclient[10762]: DHCPDISCOVER on vtnet0 to 255.255.255.255 port 67 interval 14
Jul  9 10:55:32 fw.rodolfoarce.local dhcp6c[28115]: Sending Solicit
Jul  9 10:55:40 fw.rodolfoarce.local dhclient[10762]: DHCPDISCOVER on vtnet0 to 255.255.255.255 port 67 interval 14
Jul  9 10:55:54 fw.rodolfoarce.local dhclient[10762]: DHCPDISCOVER on vtnet0 to 255.255.255.255 port 67 interval 7
Jul  9 10:56:00 fw.rodolfoarce.local /usr/sbin/cron[81517]: (root) CMD (/usr/sbin/newsyslog)
Jul  9 10:56:01 fw.rodolfoarce.local dhclient[10762]: No DHCPOFFERS received.
Jul  9 10:56:01 fw.rodolfoarce.local dhclient[10762]: No working leases in persistent database - sleeping.
Jul  9 06:56:01 fw.rodolfoarce.local dhclient[82424]: FAIL
Jul  9 10:56:02 fw.rodolfoarce.local filterlog[32783]: 4,,,1000000103,vtnet0,match,block,in,4,0x0,,112,57103,0,none,17,udp,83,35.93.129.38,10.255.255.1,5209,53,63
Jul  9 10:56:03 fw.rodolfoarce.local filterlog[32783]: 4,,,1000000103,vtnet0,match,block,in,4,0x0,,112,52722,0,none,17,udp,83,35.93.129.38,10.255.255.1,31746,53,63
Jul  9 10:56:04 fw.rodolfoarce.local filterlog[32783]: 4,,,1000000103,vtnet0,match,block,in,4,0x0,,111,4732,0,none,17,udp,83,35.93.129.38,10.255.255.1,48009,53,63
Jul  9 10:56:05 fw.rodolfoarce.local filterlog[32783]: 4,,,1000000103,vtnet0,match,block,in,4,0x0,,112,35638,0,none,17,udp,83,35.93.129.38,10.255.255.1,30710,53,63
Jul  9 10:56:06 fw.rodolfoarce.local filterlog[32783]: 4,,,1000000103,vtnet0,match,block,in,4,0x0,,112,7975,0,none,17,udp,83,35.93.129.38,10.255.255.1,1589,53,63
Jul  9 10:56:06 fw.rodolfoarce.local filterlog[32783]: 4,,,1000000103,vtnet0,match,block,in,4,0x0,,112,42859,0,none,17,udp,83,35.93.129.38,10.255.255.1,34448,53,63
Jul  9 10:56:07 fw.rodolfoarce.local filterlog[32783]: 4,,,1000000103,vtnet0,match,block,in,4,0x0,,111,34126,0,none,17,udp,83,35.93.129.38,10.255.255.1,50202,53,63
Jul  9 10:56:09 fw.rodolfoarce.local filterlog[32783]: 4,,,1000000103,vtnet0,match,block,in,4,0x0,,112,4757,0,none,17,udp,83,35.93.129.38,10.255.255.1,13103,53,63
Jul  9 10:56:10 fw.rodolfoarce.local filterlog[32783]: 4,,,1000000103,vtnet0,match,block,in,4,0x0,,112,15564,0,none,17,udp,83,35.93.129.38,10.255.255.1,25821,53,63
Jul  9 10:56:12 fw.rodolfoarce.local filterlog[32783]: 4,,,1000000103,vtnet0,match,block,in,4,0x0,,111,29262,0,none,17,udp,83,35.93.129.38,10.255.255.1,3257,53,63
Jul  9 10:56:13 fw.rodolfoarce.local filterlog[32783]: 4,,,1000000103,vtnet0,match,block,in,4,0x0,,111,62314,0,none,17,udp,83,35.93.129.38,10.255.255.1,25312,53,63
Jul  9 10:56:14 fw.rodolfoarce.local filterlog[32783]: 4,,,1000000103,vtnet0,match,block,in,4,0x0,,112,29128,0,none,17,udp,83,35.93.129.38,10.255.255.1,9025,53,63
Jul  9 10:56:15 fw.rodolfoarce.local filterlog[32783]: 4,,,1000000103,vtnet0,match,block,in,4,0x0,,112,50311,0,none,17,udp,83,35.93.129.38,10.255.255.1,54648,53,63
Jul  9 10:56:16 fw.rodolfoarce.local filterlog[32783]: 4,,,1000000103,vtnet0,match,block,in,4,0x0,,111,65258,0,none,17,udp,83,35.93.129.38,10.255.255.1,17672,53,63
Jul  9 10:56:16 fw.rodolfoarce.local dhclient[10762]: DHCPDISCOVER on vtnet0 to 255.255.255.255 port 67 interval 1
Jul  9 10:56:17 fw.rodolfoarce.local filterlog[32783]: 4,,,1000000103,vtnet0,match,block,in,4,0x0,,111,46019,0,none,17,udp,83,35.93.129.38,10.255.255.1,56198,53,63
Jul  9 10:56:17 fw.rodolfoarce.local dhclient[10762]: DHCPDISCOVER on vtnet0 to 255.255.255.255 port 67 interval 2
Jul  9 10:56:18 fw.rodolfoarce.local filterlog[32783]: 4,,,1000000103,vtnet0,match,block,in,4,0x0,,112,34206,0,none,17,udp,83,35.93.129.38,10.255.255.1,1986,53,63
Jul  9 10:56:19 fw.rodolfoarce.local filterlog[32783]: 4,,,1000000103,vtnet0,match,block,in,4,0x0,,112,18368,0,none,17,udp,83,35.93.129.38,10.255.255.1,53491,53,63
Jul  9 10:56:20 fw.rodolfoarce.local dhclient[10762]: DHCPDISCOVER on vtnet0 to 255.255.255.255 port 67 interval 3
Jul  9 10:56:21 fw.rodolfoarce.local filterlog[32783]: 4,,,1000000103,vtnet0,match,block,in,4,0x0,,112,16859,0,none,17,udp,83,35.93.129.38,10.255.255.1,21625,53,63
Jul  9 10:56:22 fw.rodolfoarce.local filterlog[32783]: 4,,,1000000103,vtnet0,match,block,in,4,0x0,,112,21344,0,none,17,udp,83,35.93.129.38,10.255.255.1,53022,53,63
Jul  9 10:56:23 fw.rodolfoarce.local dhclient[10762]: DHCPDISCOVER on vtnet0 to 255.255.255.255 port 67 interval 3
Jul  9 10:56:23 fw.rodolfoarce.local filterlog[32783]: 4,,,1000000103,vtnet0,match,block,in,4,0x0,,111,13339,0,none,17,udp,83,35.93.129.38,10.255.255.1,26417,53,63
Jul  9 10:56:24 fw.rodolfoarce.local filterlog[32783]: 4,,,1000000103,vtnet0,match,block,in,4,0x0,,112,29629,0,none,17,udp,83,35.93.129.38,10.255.255.1,25772,53,63
Jul  9 10:56:25 fw.rodolfoarce.local filterlog[32783]: 4,,,1000000103,vtnet0,match,block,in,4,0x0,,112,47391,0,none,17,udp,83,35.93.129.38,10.255.255.1,41823,53,63
Jul  9 10:56:26 fw.rodolfoarce.local dhclient[10762]: DHCPDISCOVER on vtnet0 to 255.255.255.255 port 67 interval 7
Jul  9 10:56:26 fw.rodolfoarce.local filterlog[32783]: 4,,,1000000103,vtnet0,match,block,in,4,0x0,,112,42297,0,none,17,udp,83,35.93.129.38,10.255.255.1,30655,53,63
Jul  9 10:56:27 fw.rodolfoarce.local filterlog[32783]: 4,,,1000000103,vtnet0,match,block,in,4,0x0,,111,1556,0,none,17,udp,83,35.93.129.38,10.255.255.1,25663,53,63
Jul  9 10:56:28 fw.rodolfoarce.local filterlog[32783]: 4,,,1000000103,vtnet0,match,block,in,4,0x0,,111,59678,0,none,17,udp,83,35.93.129.38,10.255.255.1,15903,53,63
Jul  9 10:56:29 fw.rodolfoarce.local filterlog[32783]: 4,,,1000000103,vtnet0,match,block,in,4,0x0,,111,57640,0,none,17,udp,83,35.93.129.38,10.255.255.1,41216,53,63
Jul  9 10:56:31 fw.rodolfoarce.local filterlog[32783]: 4,,,1000000103,vtnet0,match,block,in,4,0x0,,112,29842,0,none,17,udp,83,35.93.129.38,10.255.255.1,62268,53,63
Jul  9 10:56:32 fw.rodolfoarce.local filterlog[32783]: 4,,,1000000103,vtnet0,match,block,in,4,0x0,,112,13474,0,none,17,udp,83,35.93.129.38,10.255.255.1,38797,53,63
Jul  9 10:56:33 fw.rodolfoarce.local dhclient[10762]: DHCPDISCOVER on vtnet0 to 255.255.255.255 port 67 interval 13
Jul  9 10:56:33 fw.rodolfoarce.local filterlog[32783]: 4,,,1000000103,vtnet0,match,block,in,4,0x0,,112,51443,0,none,17,udp,83,35.93.129.38,10.255.255.1,10815,53,63
Jul  9 10:56:34 fw.rodolfoarce.local filterlog[32783]: 4,,,1000000103,vtnet0,match,block,in,4,0x0,,112,8420,0,none,17,udp,83,35.93.129.38,10.255.255.1,59367,53,63
Jul  9 10:56:35 fw.rodolfoarce.local filterlog[32783]: 4,,,1000000103,vtnet0,match,block,in,4,0x0,,112,34953,0,none,17,udp,83,35.93.129.38,10.255.255.1,4708,53,63
Jul  9 10:56:36 fw.rodolfoarce.local filterlog[32783]: 4,,,1000000103,vtnet0,match,block,in,4,0x0,,111,44653,0,none,17,udp,83,35.93.129.38,10.255.255.1,44827,53,63
Jul  9 10:56:37 fw.rodolfoarce.local filterlog[32783]: 4,,,1000000103,vtnet0,match,block,in,4,0x0,,112,16663,0,none,17,udp,83,35.93.129.38,10.255.255.1,38519,53,63
Jul  9 10:56:38 fw.rodolfoarce.local filterlog[32783]: 4,,,1000000103,vtnet0,match,block,in,4,0x0,,111,44112,0,none,17,udp,83,35.93.129.38,10.255.255.1,56155,53,63
Jul  9 10:56:40 fw.rodolfoarce.local filterlog[32783]: 4,,,1000000103,vtnet0,match,block,in,4,0x0,,111,30566,0,none,17,udp,83,35.93.129.38,10.255.255.1,35325,53,63
Jul  9 10:56:41 fw.rodolfoarce.local filterlog[32783]: 4,,,1000000103,vtnet0,match,block,in,4,0x0,,112,4087,0,none,17,udp,83,35.93.129.38,10.255.255.1,10643,53,63
Jul  9 10:56:42 fw.rodolfoarce.local filterlog[32783]: 4,,,1000000103,vtnet0,match,block,in,4,0x0,,112,46539,0,none,17,udp,87,35.93.129.38,10.255.255.1,41786,53,67
Jul  9 10:56:43 fw.rodolfoarce.local filterlog[32783]: 4,,,1000000103,vtnet0,match,block,in,4,0x0,,111,7279,0,none,17,udp,87,35.93.129.38,10.255.255.1,24120,53,67
Jul  9 10:56:44 fw.rodolfoarce.local filterlog[32783]: 4,,,1000000103,vtnet0,match,block,in,4,0x0,,112,9892,0,none,17,udp,87,35.93.129.38,10.255.255.1,52119,53,67
Jul  9 10:56:44 fw.rodolfoarce.local filterlog[32783]: 4,,,1000000103,vtnet0,match,block,in,4,0x0,,111,12639,0,none,17,udp,87,35.93.129.38,10.255.255.1,33061,53,67
Jul  9 10:56:46 fw.rodolfoarce.local filterlog[32783]: 4,,,1000000103,vtnet0,match,block,in,4,0x0,,112,17567,0,none,17,udp,87,35.93.129.38,10.255.255.1,27713,53,67
Jul  9 10:56:46 fw.rodolfoarce.local dhclient[10762]: DHCPDISCOVER on vtnet0 to 255.255.255.255 port 67 interval 9
Jul  9 10:56:47 fw.rodolfoarce.local filterlog[32783]: 4,,,1000000103,vtnet0,match,block,in,4,0x0,,111,50693,0,none,17,udp,87,35.93.129.38,10.255.255.1,50499,53,67
Jul  9 10:56:48 fw.rodolfoarce.local filterlog[32783]: 4,,,1000000103,vtnet0,match,block,in,4,0x0,,112,33955,0,none,17,udp,87,35.93.129.38,10.255.255.1,20467,53,67
Jul  9 10:56:50 fw.rodolfoarce.local filterlog[32783]: 4,,,1000000103,vtnet0,match,block,in,4,0x0,,111,38472,0,none,17,udp,87,35.93.129.38,10.255.255.1,50418,53,67
Jul  9 10:56:51 fw.rodolfoarce.local filterlog[32783]: 4,,,1000000103,vtnet0,match,block,in,4,0x0,,112,9007,0,none,17,udp,87,35.93.129.38,10.255.255.1,15533,53,67
Jul  9 10:56:55 fw.rodolfoarce.local dhclient[10762]: DHCPDISCOVER on vtnet0 to 255.255.255.255 port 67 interval 18
Jul  9 10:57:00 fw.rodolfoarce.local /usr/sbin/cron[2935]: (root) CMD (/usr/sbin/newsyslog)
Jul  9 10:57:13 fw.rodolfoarce.local dhclient[10762]: DHCPDISCOVER on vtnet0 to 255.255.255.255 port 67 interval 4
Jul  9 10:57:17 fw.rodolfoarce.local dhclient[10762]: No DHCPOFFERS received.
Jul  9 10:57:17 fw.rodolfoarce.local dhclient[10762]: No working leases in persistent database - sleeping.
Jul  9 06:57:17 fw.rodolfoarce.local dhclient[20944]: FAIL
Jul  9 10:57:32 fw.rodolfoarce.local dhclient[10762]: DHCPDISCOVER on vtnet0 to 255.255.255.255 port 67 interval 2
Jul  9 10:57:34 fw.rodolfoarce.local dhclient[10762]: DHCPDISCOVER on vtnet0 to 255.255.255.255 port 67 interval 2
Jul  9 10:57:36 fw.rodolfoarce.local dhclient[10762]: DHCPDISCOVER on vtnet0 to 255.255.255.255 port 67 interval 4
Jul  9 10:57:40 fw.rodolfoarce.local dhclient[10762]: DHCPDISCOVER on vtnet0 to 255.255.255.255 port 67 interval 8
Jul  9 10:57:42 fw.rodolfoarce.local dhcp6c[28115]: Sending Solicit
Jul  9 10:57:48 fw.rodolfoarce.local dhclient[10762]: DHCPDISCOVER on vtnet0 to 255.255.255.255 port 67 interval 13
Jul  9 10:58:00 fw.rodolfoarce.local /usr/sbin/cron[21237]: (root) CMD (/usr/sbin/newsyslog)
Jul  9 10:58:01 fw.rodolfoarce.local dhclient[10762]: DHCPDISCOVER on vtnet0 to 255.255.255.255 port 67 interval 21
Jul  9 10:58:22 fw.rodolfoarce.local dhclient[10762]: DHCPDISCOVER on vtnet0 to 255.255.255.255 port 67 interval 11
Jul  9 10:58:34 fw.rodolfoarce.local dhclient[10762]: No DHCPOFFERS received.
Jul  9 10:58:34 fw.rodolfoarce.local dhclient[10762]: No working leases in persistent database - sleeping.
Jul  9 06:58:34 fw.rodolfoarce.local dhclient[38684]: FAIL
Jul  9 10:58:49 fw.rodolfoarce.local dhclient[10762]: DHCPDISCOVER on vtnet0 to 255.255.255.255 port 67 interval 1
Jul  9 10:58:55 fw.rodolfoarce.local dhclient[10762]: message repeated 6 times: [ DHCPDISCOVER on vtnet0 to 255.255.255.255 port 67 interval 1]
Jul  9 10:58:56 fw.rodolfoarce.local dhclient[10762]: DHCPDISCOVER on vtnet0 to 255.255.255.255 port 67 interval 2
Jul  9 10:58:58 fw.rodolfoarce.local dhclient[10762]: DHCPDISCOVER on vtnet0 to 255.255.255.255 port 67 interval 2
Jul  9 10:59:00 fw.rodolfoarce.local /usr/sbin/cron[38904]: (root) CMD (/usr/sbin/newsyslog)
Jul  9 10:59:01 fw.rodolfoarce.local dhclient[10762]: DHCPDISCOVER on vtnet0 to 255.255.255.255 port 67 interval 3
Jul  9 10:59:04 fw.rodolfoarce.local dhclient[10762]: DHCPDISCOVER on vtnet0 to 255.255.255.255 port 67 interval 6
Jul  9 10:59:10 fw.rodolfoarce.local dhclient[10762]: DHCPDISCOVER on vtnet0 to 255.255.255.255 port 67 interval 18
Jul  9 10:59:28 fw.rodolfoarce.local dhclient[10762]: DHCPDISCOVER on vtnet0 to 255.255.255.255 port 67 interval 8
Jul  9 10:59:30 fw.rodolfoarce.local dhcp6c[28115]: Sending Solicit
Jul  9 10:59:36 fw.rodolfoarce.local dhclient[10762]: DHCPDISCOVER on vtnet0 to 255.255.255.255 port 67 interval 13
Jul  9 10:59:49 fw.rodolfoarce.local dhclient[10762]: DHCPDISCOVER on vtnet0 to 255.255.255.255 port 67 interval 1
Jul  9 10:59:50 fw.rodolfoarce.local dhclient[10762]: No DHCPOFFERS received.
Jul  9 10:59:50 fw.rodolfoarce.local dhclient[10762]: No working leases in persistent database - sleeping.
Jul  9 06:59:50 fw.rodolfoarce.local dhclient[59320]: FAIL
Jul  9 11:00:00 fw.rodolfoarce.local /usr/sbin/cron[60434]: (root) CMD (/usr/bin/nice -n20 /usr/local/sbin/expiretable -v -t 3600 virusprot)
Jul  9 11:00:00 fw.rodolfoarce.local /usr/sbin/cron[60770]: (root) CMD (/usr/sbin/newsyslog)
Jul  9 11:00:00 fw.rodolfoarce.local /usr/sbin/cron[61077]: (root) CMD (/usr/libexec/atrun)
Jul  9 11:00:05 fw.rodolfoarce.local dhclient[10762]: DHCPDISCOVER on vtnet0 to 255.255.255.255 port 67 interval 2
Jul  9 11:00:07 fw.rodolfoarce.local dhclient[10762]: DHCPDISCOVER on vtnet0 to 255.255.255.255 port 67 interval 4
Jul  9 11:00:11 fw.rodolfoarce.local dhclient[10762]: DHCPDISCOVER on vtnet0 to 255.255.255.255 port 67 interval 4
Jul  9 11:00:15 fw.rodolfoarce.local dhclient[10762]: DHCPDISCOVER on vtnet0 to 255.255.255.255 port 67 interval 5
Jul  9 11:00:20 fw.rodolfoarce.local dhclient[10762]: DHCPDISCOVER on vtnet0 to 255.255.255.255 port 67 interval 14
Jul  9 11:00:35 fw.rodolfoarce.local dhclient[10762]: DHCPDISCOVER on vtnet0 to 255.255.255.255 port 67 interval 7
Jul  9 11:00:42 fw.rodolfoarce.local dhclient[10762]: DHCPDISCOVER on vtnet0 to 255.255.255.255 port 67 interval 9
Jul  9 11:00:51 fw.rodolfoarce.local dhclient[10762]: DHCPDISCOVER on vtnet0 to 255.255.255.255 port 67 interval 15
Jul  9 11:01:00 fw.rodolfoarce.local /usr/sbin/cron[79846]: (root) CMD (/usr/sbin/newsyslog)
Jul  9 11:01:06 fw.rodolfoarce.local dhclient[10762]: No DHCPOFFERS received.
Jul  9 11:01:06 fw.rodolfoarce.local dhclient[10762]: No working leases in persistent database - sleeping.
Jul  9 07:01:06 fw.rodolfoarce.local dhclient[80513]: FAIL
Jul  9 11:01:21 fw.rodolfoarce.local dhclient[10762]: DHCPDISCOVER on vtnet0 to 255.255.255.255 port 67 interval 2
Jul  9 11:01:23 fw.rodolfoarce.local dhclient[10762]: DHCPDISCOVER on vtnet0 to 255.255.255.255 port 67 interval 3
Jul  9 11:01:26 fw.rodolfoarce.local dhclient[10762]: DHCPDISCOVER on vtnet0 to 255.255.255.255 port 67 interval 6
Jul  9 11:01:26 fw.rodolfoarce.local dhcp6c[28115]: Sending Solicit
Jul  9 11:01:32 fw.rodolfoarce.local dhclient[10762]: DHCPDISCOVER on vtnet0 to 255.255.255.255 port 67 interval 12
Jul  9 11:01:42 fw.rodolfoarce.local filterlog[32783]: 4,,,1000000103,vtnet0,match,block,in,4,0x0,,102,45499,0,none,17,udp,84,74.125.113.148,10.255.255.1,59506,53,64
Jul  9 11:01:42 fw.rodolfoarce.local filterlog[32783]: 4,,,1000000103,vtnet0,match,block,in,4,0x0,,53,39873,0,DF,17,udp,73,172.70.129.86,10.255.255.1,25501,53,53
Jul  9 11:01:43 fw.rodolfoarce.local filterlog[32783]: 4,,,1000000103,vtnet0,match,block,in,4,0x0,,53,39874,0,DF,17,udp,73,172.70.129.86,10.255.255.1,25501,53,53
Jul  9 11:01:43 fw.rodolfoarce.local filterlog[32783]: 4,,,1000000103,vtnet0,match,block,in,4,0x0,,102,41381,0,none,17,udp,73,74.125.113.145,10.255.255.1,52027,53,53
Jul  9 11:01:44 fw.rodolfoarce.local dhclient[10762]: DHCPDISCOVER on vtnet0 to 255.255.255.255 port 67 interval 14
Jul  9 11:01:46 fw.rodolfoarce.local filterlog[32783]: 4,,,1000000103,vtnet0,match,block,in,4,0x0,,52,53908,0,none,17,udp,73,192.221.142.134,10.255.255.1,35159,53,53
Jul  9 11:01:47 fw.rodolfoarce.local filterlog[32783]: 4,,,1000000103,vtnet0,match,block,in,4,0x0,,52,46904,0,none,17,udp,73,192.221.142.135,10.255.255.1,24832,53,53
Jul  9 11:01:47 fw.rodolfoarce.local filterlog[32783]: 4,,,1000000103,vtnet0,match,block,in,4,0x0,,52,58579,0,none,17,udp,73,192.221.142.128,10.255.255.1,15018,53,53
Jul  9 11:01:47 fw.rodolfoarce.local filterlog[32783]: 4,,,1000000103,vtnet0,match,block,in,4,0x0,,102,55614,0,none,17,udp,73,192.178.37.24,10.255.255.1,43255,53,53
Jul  9 11:01:48 fw.rodolfoarce.local filterlog[32783]: 4,,,1000000103,vtnet0,match,block,in,4,0x0,,52,38373,0,none,17,udp,73,192.221.142.128,10.255.255.1,20604,53,53
Jul  9 11:01:49 fw.rodolfoarce.local filterlog[32783]: 4,,,1000000103,vtnet0,match,block,in,4,0x0,,53,3459,0,DF,17,udp,73,172.69.57.64,10.255.255.1,60857,53,53
Jul  9 11:01:49 fw.rodolfoarce.local filterlog[32783]: 4,,,1000000103,vtnet0,match,block,in,4,0x0,,53,3460,0,DF,17,udp,73,172.69.57.64,10.255.255.1,60857,53,53
Jul  9 11:01:50 fw.rodolfoarce.local filterlog[32783]: 4,,,1000000103,vtnet0,match,block,in,4,0x0,,53,55641,0,DF,17,udp,73,172.70.125.74,10.255.255.1,23997,53,53
Jul  9 11:01:50 fw.rodolfoarce.local filterlog[32783]: 4,,,1000000103,vtnet0,match,block,in,4,0x0,,53,55642,0,DF,17,udp,73,172.70.125.74,10.255.255.1,23997,53,53
Jul  9 11:01:50 fw.rodolfoarce.local filterlog[32783]: 4,,,1000000103,vtnet0,match,block,in,4,0x0,,53,52998,0,DF,17,udp,73,172.70.125.74,10.255.255.1,22230,53,53
Jul  9 11:01:51 fw.rodolfoarce.local filterlog[32783]: 4,,,1000000103,vtnet0,match,block,in,4,0x0,,53,52999,0,DF,17,udp,73,172.70.125.74,10.255.255.1,22230,53,53
Jul  9 11:01:58 fw.rodolfoarce.local dhclient[10762]: DHCPDISCOVER on vtnet0 to 255.255.255.255 port 67 interval 10
Jul  9 11:02:00 fw.rodolfoarce.local /usr/sbin/cron[99171]: (root) CMD (/usr/sbin/newsyslog)
Jul  9 11:02:08 fw.rodolfoarce.local dhclient[10762]: DHCPDISCOVER on vtnet0 to 255.255.255.255 port 67 interval 14
Jul  9 11:02:23 fw.rodolfoarce.local dhclient[10762]: No DHCPOFFERS received.
Jul  9 11:02:23 fw.rodolfoarce.local dhclient[10762]: No working leases in persistent database - sleeping.
Jul  9 07:02:23 fw.rodolfoarce.local dhclient[16986]: FAIL
Jul  9 11:02:38 fw.rodolfoarce.local dhclient[10762]: DHCPDISCOVER on vtnet0 to 255.255.255.255 port 67 interval 2
Jul  9 11:02:40 fw.rodolfoarce.local dhclient[10762]: DHCPDISCOVER on vtnet0 to 255.255.255.255 port 67 interval 2
Jul  9 11:02:42 fw.rodolfoarce.local dhclient[10762]: DHCPDISCOVER on vtnet0 to 255.255.255.255 port 67 interval 3
Jul  9 11:02:45 fw.rodolfoarce.local dhclient[10762]: DHCPDISCOVER on vtnet0 to 255.255.255.255 port 67 interval 8
Jul  9 11:02:53 fw.rodolfoarce.local dhclient[10762]: DHCPDISCOVER on vtnet0 to 255.255.255.255 port 67 interval 10
Jul  9 11:03:00 fw.rodolfoarce.local /usr/sbin/cron[17266]: (root) CMD (/usr/sbin/newsyslog)
Jul  9 11:03:03 fw.rodolfoarce.local dhclient[10762]: DHCPDISCOVER on vtnet0 to 255.255.255.255 port 67 interval 8
Jul  9 11:03:11 fw.rodolfoarce.local dhclient[10762]: DHCPDISCOVER on vtnet0 to 255.255.255.255 port 67 interval 10
Jul  9 11:03:21 fw.rodolfoarce.local dhclient[10762]: DHCPDISCOVER on vtnet0 to 255.255.255.255 port 67 interval 18
Jul  9 11:03:28 fw.rodolfoarce.local dhcp6c[28115]: Sending Solicit
Jul  9 11:03:39 fw.rodolfoarce.local dhclient[10762]: No DHCPOFFERS received.
Jul  9 11:03:39 fw.rodolfoarce.local dhclient[10762]: No working leases in persistent database - sleeping.
Jul  9 07:03:39 fw.rodolfoarce.local dhclient[34464]: FAIL
Jul  9 11:03:54 fw.rodolfoarce.local dhclient[10762]: DHCPDISCOVER on vtnet0 to 255.255.255.255 port 67 interval 1
Jul  9 11:03:56 fw.rodolfoarce.local dhclient[10762]: message repeated 2 times: [ DHCPDISCOVER on vtnet0 to 255.255.255.255 port 67 interval 1]
Jul  9 11:03:57 fw.rodolfoarce.local dhclient[10762]: DHCPDISCOVER on vtnet0 to 255.255.255.255 port 67 interval 2
Jul  9 11:03:59 fw.rodolfoarce.local dhclient[10762]: DHCPDISCOVER on vtnet0 to 255.255.255.255 port 67 interval 3
Jul  9 11:04:00 fw.rodolfoarce.local /usr/sbin/cron[34565]: (root) CMD (/usr/sbin/newsyslog)
Jul  9 11:04:02 fw.rodolfoarce.local dhclient[10762]: DHCPDISCOVER on vtnet0 to 255.255.255.255 port 67 interval 3
Jul  9 11:04:05 fw.rodolfoarce.local dhclient[10762]: DHCPDISCOVER on vtnet0 to 255.255.255.255 port 67 interval 4
Jul  9 11:04:10 fw.rodolfoarce.local dhclient[10762]: DHCPDISCOVER on vtnet0 to 255.255.255.255 port 67 interval 7
Jul  9 11:04:17 fw.rodolfoarce.local dhclient[10762]: DHCPDISCOVER on vtnet0 to 255.255.255.255 port 67 interval 14
Jul  9 11:04:31 fw.rodolfoarce.local dhclient[10762]: DHCPDISCOVER on vtnet0 to 255.255.255.255 port 67 interval 16
Jul  9 11:04:47 fw.rodolfoarce.local dhclient[10762]: DHCPDISCOVER on vtnet0 to 255.255.255.255 port 67 interval 8
Jul  9 11:04:55 fw.rodolfoarce.local dhclient[10762]: No DHCPOFFERS received.
Jul  9 11:04:55 fw.rodolfoarce.local dhclient[10762]: No working leases in persistent database - sleeping.
Jul  9 07:04:55 fw.rodolfoarce.local dhclient[52390]: FAIL
Jul  9 11:05:00 fw.rodolfoarce.local /usr/sbin/cron[52910]: (root) CMD (/usr/sbin/newsyslog)
Jul  9 11:05:00 fw.rodolfoarce.local /usr/sbin/cron[53235]: (root) CMD (/usr/libexec/atrun)
Jul  9 11:05:10 fw.rodolfoarce.local dhclient[10762]: DHCPDISCOVER on vtnet0 to 255.255.255.255 port 67 interval 1
Jul  9 11:05:11 fw.rodolfoarce.local dhclient[10762]: DHCPDISCOVER on vtnet0 to 255.255.255.255 port 67 interval 2
Jul  9 11:05:13 fw.rodolfoarce.local dhclient[10762]: DHCPDISCOVER on vtnet0 to 255.255.255.255 port 67 interval 5
Jul  9 11:05:18 fw.rodolfoarce.local dhclient[10762]: DHCPDISCOVER on vtnet0 to 255.255.255.255 port 67 interval 10
Jul  9 11:05:28 fw.rodolfoarce.local dhclient[10762]: DHCPDISCOVER on vtnet0 to 255.255.255.255 port 67 interval 11
Jul  9 11:05:38 fw.rodolfoarce.local dhcp6c[28115]: Sending Solicit
Jul  9 11:05:39 fw.rodolfoarce.local dhclient[10762]: DHCPDISCOVER on vtnet0 to 255.255.255.255 port 67 interval 7
Jul  9 11:05:46 fw.rodolfoarce.local dhclient[10762]: DHCPDISCOVER on vtnet0 to 255.255.255.255 port 67 interval 13
Jul  9 11:05:59 fw.rodolfoarce.local dhclient[10762]: DHCPDISCOVER on vtnet0 to 255.255.255.255 port 67 interval 11
Jul  9 11:06:00 fw.rodolfoarce.local /usr/sbin/cron[72800]: (root) CMD (/usr/sbin/newsyslog)
Jul  9 11:06:11 fw.rodolfoarce.local dhclient[10762]: No DHCPOFFERS received.
Jul  9 11:06:11 fw.rodolfoarce.local dhclient[10762]: No working leases in persistent database - sleeping.
Jul  9 07:06:11 fw.rodolfoarce.local dhclient[73856]: FAIL
Jul  9 11:06:26 fw.rodolfoarce.local dhclient[10762]: DHCPDISCOVER on vtnet0 to 255.255.255.255 port 67 interval 1
Jul  9 11:06:30 fw.rodolfoarce.local dhclient[10762]: message repeated 4 times: [ DHCPDISCOVER on vtnet0 to 255.255.255.255 port 67 interval 1]
Jul  9 11:06:31 fw.rodolfoarce.local dhclient[10762]: DHCPDISCOVER on vtnet0 to 255.255.255.255 port 67 interval 2
Jul  9 11:06:33 fw.rodolfoarce.local dhclient[10762]: DHCPDISCOVER on vtnet0 to 255.255.255.255 port 67 interval 5
Jul  9 11:06:38 fw.rodolfoarce.local dhclient[10762]: DHCPDISCOVER on vtnet0 to 255.255.255.255 port 67 interval 6
Jul  9 11:06:44 fw.rodolfoarce.local dhclient[10762]: DHCPDISCOVER on vtnet0 to 255.255.255.255 port 67 interval 10
Jul  9 11:06:54 fw.rodolfoarce.local dhclient[10762]: DHCPDISCOVER on vtnet0 to 255.255.255.255 port 67 interval 13
Jul  9 11:07:00 fw.rodolfoarce.local /usr/sbin/cron[93008]: (root) CMD (/usr/sbin/newsyslog)
Jul  9 11:07:08 fw.rodolfoarce.local dhclient[10762]: DHCPDISCOVER on vtnet0 to 255.255.255.255 port 67 interval 12
Jul  9 11:07:20 fw.rodolfoarce.local dhclient[10762]: DHCPDISCOVER on vtnet0 to 255.255.255.255 port 67 interval 7
Jul  9 11:07:27 fw.rodolfoarce.local dhclient[10762]: No DHCPOFFERS received.
Jul  9 11:07:27 fw.rodolfoarce.local dhclient[10762]: No working leases in persistent database - sleeping.
Jul  9 07:07:27 fw.rodolfoarce.local dhclient[11667]: FAIL
Jul  9 11:07:42 fw.rodolfoarce.local dhclient[10762]: DHCPDISCOVER on vtnet0 to 255.255.255.255 port 67 interval 1
Jul  9 11:07:44 fw.rodolfoarce.local dhclient[10762]: message repeated 2 times: [ DHCPDISCOVER on vtnet0 to 255.255.255.255 port 67 interval 1]
Jul  9 11:07:44 fw.rodolfoarce.local dhcp6c[28115]: Sending Solicit
Jul  9 11:07:45 fw.rodolfoarce.local dhclient[10762]: DHCPDISCOVER on vtnet0 to 255.255.255.255 port 67 interval 2
Jul  9 11:07:47 fw.rodolfoarce.local dhclient[10762]: DHCPDISCOVER on vtnet0 to 255.255.255.255 port 67 interval 4
Jul  9 11:07:51 fw.rodolfoarce.local dhclient[10762]: DHCPDISCOVER on vtnet0 to 255.255.255.255 port 67 interval 9
Jul  9 11:08:00 fw.rodolfoarce.local /usr/sbin/cron[11999]: (root) CMD (/usr/sbin/newsyslog)
Jul  9 11:08:00 fw.rodolfoarce.local dhclient[10762]: DHCPDISCOVER on vtnet0 to 255.255.255.255 port 67 interval 12
Jul  9 11:08:12 fw.rodolfoarce.local dhclient[10762]: DHCPDISCOVER on vtnet0 to 255.255.255.255 port 67 interval 17
Jul  9 11:08:29 fw.rodolfoarce.local dhclient[10762]: DHCPDISCOVER on vtnet0 to 255.255.255.255 port 67 interval 11
Jul  9 11:08:40 fw.rodolfoarce.local dhclient[10762]: DHCPDISCOVER on vtnet0 to 255.255.255.255 port 67 interval 3
Jul  9 11:08:43 fw.rodolfoarce.local dhclient[10762]: No DHCPOFFERS received.
Jul  9 11:08:43 fw.rodolfoarce.local dhclient[10762]: No working leases in persistent database - sleeping.
Jul  9 07:08:43 fw.rodolfoarce.local dhclient[30437]: FAIL
Jul  9 11:08:59 fw.rodolfoarce.local dhclient[10762]: DHCPDISCOVER on vtnet0 to 255.255.255.255 port 67 interval 1
Jul  9 11:09:00 fw.rodolfoarce.local dhclient[10762]: DHCPDISCOVER on vtnet0 to 255.255.255.255 port 67 interval 1
Jul  9 11:09:00 fw.rodolfoarce.local /usr/sbin/cron[30961]: (root) CMD (/usr/sbin/newsyslog)
Jul  9 11:09:01 fw.rodolfoarce.local dhclient[10762]: DHCPDISCOVER on vtnet0 to 255.255.255.255 port 67 interval 2
Jul  9 11:09:03 fw.rodolfoarce.local dhclient[10762]: DHCPDISCOVER on vtnet0 to 255.255.255.255 port 67 interval 3
Jul  9 11:09:06 fw.rodolfoarce.local dhclient[10762]: DHCPDISCOVER on vtnet0 to 255.255.255.255 port 67 interval 7
Jul  9 11:09:13 fw.rodolfoarce.local dhclient[10762]: DHCPDISCOVER on vtnet0 to 255.255.255.255 port 67 interval 9
Jul  9 11:09:22 fw.rodolfoarce.local dhclient[10762]: DHCPDISCOVER on vtnet0 to 255.255.255.255 port 67 interval 20
Jul  9 11:09:42 fw.rodolfoarce.local dhclient[10762]: DHCPDISCOVER on vtnet0 to 255.255.255.255 port 67 interval 10
Jul  9 11:09:52 fw.rodolfoarce.local dhclient[10762]: DHCPDISCOVER on vtnet0 to 255.255.255.255 port 67 interval 8
Jul  9 11:09:55 fw.rodolfoarce.local dhcp6c[28115]: Sending Solicit
Jul  9 11:10:00 fw.rodolfoarce.local /usr/sbin/cron[49079]: (root) CMD (/usr/sbin/newsyslog)
Jul  9 11:10:00 fw.rodolfoarce.local /usr/sbin/cron[49146]: (root) CMD (/usr/libexec/atrun)
Jul  9 11:10:00 fw.rodolfoarce.local dhclient[10762]: No DHCPOFFERS received.
Jul  9 11:10:00 fw.rodolfoarce.local dhclient[10762]: No working leases in persistent database - sleeping.
Jul  9 07:10:00 fw.rodolfoarce.local dhclient[50233]: FAIL
Jul  9 11:10:15 fw.rodolfoarce.local dhclient[10762]: DHCPDISCOVER on vtnet0 to 255.255.255.255 port 67 interval 1
Jul  9 11:10:16 fw.rodolfoarce.local dhclient[10762]: DHCPDISCOVER on vtnet0 to 255.255.255.255 port 67 interval 1
Jul  9 11:10:17 fw.rodolfoarce.local dhclient[10762]: DHCPDISCOVER on vtnet0 to 255.255.255.255 port 67 interval 2
Jul  9 11:10:20 fw.rodolfoarce.local dhclient[10762]: DHCPDISCOVER on vtnet0 to 255.255.255.255 port 67 interval 5
Jul  9 11:10:25 fw.rodolfoarce.local dhclient[10762]: DHCPDISCOVER on vtnet0 to 255.255.255.255 port 67 interval 7
Jul  9 11:10:32 fw.rodolfoarce.local dhclient[10762]: DHCPDISCOVER on vtnet0 to 255.255.255.255 port 67 interval 12
Jul  9 11:10:44 fw.rodolfoarce.local dhclient[10762]: DHCPDISCOVER on vtnet0 to 255.255.255.255 port 67 interval 14
Jul  9 11:10:58 fw.rodolfoarce.local dhclient[10762]: DHCPDISCOVER on vtnet0 to 255.255.255.255 port 67 interval 8
Jul  9 11:11:00 fw.rodolfoarce.local /usr/sbin/cron[67244]: (root) CMD (/usr/sbin/newsyslog)
Jul  9 11:11:06 fw.rodolfoarce.local dhclient[10762]: DHCPDISCOVER on vtnet0 to 255.255.255.255 port 67 interval 10
Jul  9 11:11:16 fw.rodolfoarce.local dhclient[10762]: No DHCPOFFERS received.
Jul  9 11:11:16 fw.rodolfoarce.local dhclient[10762]: No working leases in persistent database - sleeping.
Jul  9 07:11:16 fw.rodolfoarce.local dhclient[67997]: FAIL
Jul  9 11:11:32 fw.rodolfoarce.local dhclient[10762]: DHCPDISCOVER on vtnet0 to 255.255.255.255 port 67 interval 1
Jul  9 11:11:33 fw.rodolfoarce.local dhclient[10762]: DHCPDISCOVER on vtnet0 to 255.255.255.255 port 67 interval 1
Jul  9 11:11:34 fw.rodolfoarce.local dhclient[10762]: DHCPDISCOVER on vtnet0 to 255.255.255.255 port 67 interval 2
Jul  9 11:11:36 fw.rodolfoarce.local dhclient[10762]: DHCPDISCOVER on vtnet0 to 255.255.255.255 port 67 interval 4
Jul  9 11:11:40 fw.rodolfoarce.local dhclient[10762]: DHCPDISCOVER on vtnet0 to 255.255.255.255 port 67 interval 8
Jul  9 11:11:48 fw.rodolfoarce.local dhclient[10762]: DHCPDISCOVER on vtnet0 to 255.255.255.255 port 67 interval 8
Jul  9 11:11:49 fw.rodolfoarce.local dhcp6c[28115]: Sending Solicit
Jul  9 11:11:56 fw.rodolfoarce.local dhclient[10762]: DHCPDISCOVER on vtnet0 to 255.255.255.255 port 67 interval 9
Jul  9 11:12:00 fw.rodolfoarce.local /usr/sbin/cron[85974]: (root) CMD (/usr/sbin/newsyslog)
Jul  9 11:12:05 fw.rodolfoarce.local dhclient[10762]: DHCPDISCOVER on vtnet0 to 255.255.255.255 port 67 interval 21
Jul  9 11:12:26 fw.rodolfoarce.local dhclient[10762]: DHCPDISCOVER on vtnet0 to 255.255.255.255 port 67 interval 7
Jul  9 11:12:33 fw.rodolfoarce.local dhclient[10762]: No DHCPOFFERS received.
Jul  9 11:12:33 fw.rodolfoarce.local dhclient[10762]: No working leases in persistent database - sleeping.
Jul  9 07:12:33 fw.rodolfoarce.local dhclient[6567]: FAIL
Jul  9 11:12:48 fw.rodolfoarce.local dhclient[10762]: DHCPDISCOVER on vtnet0 to 255.255.255.255 port 67 interval 2
Jul  9 11:12:50 fw.rodolfoarce.local dhclient[10762]: DHCPDISCOVER on vtnet0 to 255.255.255.255 port 67 interval 4
Jul  9 11:12:54 fw.rodolfoarce.local dhclient[10762]: DHCPDISCOVER on vtnet0 to 255.255.255.255 port 67 interval 6
Jul  9 11:13:00 fw.rodolfoarce.local /usr/sbin/cron[6923]: (root) CMD (/usr/sbin/newsyslog)
Jul  9 11:13:00 fw.rodolfoarce.local dhclient[10762]: DHCPDISCOVER on vtnet0 to 255.255.255.255 port 67 interval 13
Jul  9 11:13:13 fw.rodolfoarce.local dhclient[10762]: DHCPDISCOVER on vtnet0 to 255.255.255.255 port 67 interval 20
Jul  9 11:13:34 fw.rodolfoarce.local dhclient[10762]: DHCPDISCOVER on vtnet0 to 255.255.255.255 port 67 interval 7
Jul  9 11:13:41 fw.rodolfoarce.local dhclient[10762]: DHCPDISCOVER on vtnet0 to 255.255.255.255 port 67 interval 8
Jul  9 11:13:44 fw.rodolfoarce.local dhcp6c[28115]: Sending Solicit
Jul  9 11:13:49 fw.rodolfoarce.local dhclient[10762]: No DHCPOFFERS received.
Jul  9 11:13:49 fw.rodolfoarce.local dhclient[10762]: No working leases in persistent database - sleeping.
Jul  9 07:13:49 fw.rodolfoarce.local dhclient[26094]: FAIL
Jul  9 11:14:00 fw.rodolfoarce.local /usr/sbin/cron[26489]: (root) CMD (/usr/sbin/newsyslog)
Jul  9 11:14:04 fw.rodolfoarce.local dhclient[10762]: DHCPDISCOVER on vtnet0 to 255.255.255.255 port 67 interval 1
Jul  9 11:14:05 fw.rodolfoarce.local dhclient[10762]: DHCPDISCOVER on vtnet0 to 255.255.255.255 port 67 interval 2
Jul  9 11:14:07 fw.rodolfoarce.local dhclient[10762]: DHCPDISCOVER on vtnet0 to 255.255.255.255 port 67 interval 4
Jul  9 11:14:11 fw.rodolfoarce.local dhclient[10762]: DHCPDISCOVER on vtnet0 to 255.255.255.255 port 67 interval 6
Jul  9 11:14:17 fw.rodolfoarce.local dhclient[10762]: DHCPDISCOVER on vtnet0 to 255.255.255.255 port 67 interval 7
Jul  9 11:14:24 fw.rodolfoarce.local dhclient[10762]: DHCPDISCOVER on vtnet0 to 255.255.255.255 port 67 interval 15
Jul  9 11:14:39 fw.rodolfoarce.local dhclient[10762]: DHCPDISCOVER on vtnet0 to 255.255.255.255 port 67 interval 17
Jul  9 11:14:56 fw.rodolfoarce.local dhclient[10762]: DHCPDISCOVER on vtnet0 to 255.255.255.255 port 67 interval 7
Jul  9 11:15:00 fw.rodolfoarce.local /usr/sbin/cron[43785]: (root) CMD (/usr/sbin/newsyslog)
Jul  9 11:15:00 fw.rodolfoarce.local /usr/sbin/cron[43930]: (root) CMD (/usr/libexec/atrun)
Jul  9 11:15:03 fw.rodolfoarce.local dhclient[10762]: DHCPDISCOVER on vtnet0 to 255.255.255.255 port 67 interval 2
Jul  9 11:15:05 fw.rodolfoarce.local dhclient[10762]: No DHCPOFFERS received.
Jul  9 11:15:05 fw.rodolfoarce.local dhclient[10762]: No working leases in persistent database - sleeping.
Jul  9 07:15:05 fw.rodolfoarce.local dhclient[44562]: FAIL
Jul  9 11:15:20 fw.rodolfoarce.local dhclient[10762]: DHCPDISCOVER on vtnet0 to 255.255.255.255 port 67 interval 2
Jul  9 11:15:22 fw.rodolfoarce.local dhclient[10762]: DHCPDISCOVER on vtnet0 to 255.255.255.255 port 67 interval 3
Jul  9 11:15:26 fw.rodolfoarce.local dhclient[10762]: DHCPDISCOVER on vtnet0 to 255.255.255.255 port 67 interval 7
Jul  9 11:15:33 fw.rodolfoarce.local dhclient[10762]: DHCPDISCOVER on vtnet0 to 255.255.255.255 port 67 interval 7
Jul  9 11:15:40 fw.rodolfoarce.local dhclient[10762]: DHCPDISCOVER on vtnet0 to 255.255.255.255 port 67 interval 14
Jul  9 11:15:44 fw.rodolfoarce.local dhcp6c[28115]: Sending Solicit
Jul  9 11:15:54 fw.rodolfoarce.local dhclient[10762]: DHCPDISCOVER on vtnet0 to 255.255.255.255 port 67 interval 19
Jul  9 11:16:00 fw.rodolfoarce.local /usr/sbin/cron[62402]: (root) CMD (/usr/sbin/newsyslog)
Jul  9 11:16:13 fw.rodolfoarce.local dhclient[10762]: DHCPDISCOVER on vtnet0 to 255.255.255.255 port 67 interval 8
Jul  9 11:16:21 fw.rodolfoarce.local dhclient[10762]: No DHCPOFFERS received.
Jul  9 11:16:21 fw.rodolfoarce.local dhclient[10762]: No working leases in persistent database - sleeping.
Jul  9 07:16:21 fw.rodolfoarce.local dhclient[62993]: FAIL
Jul  9 11:16:36 fw.rodolfoarce.local dhclient[10762]: DHCPDISCOVER on vtnet0 to 255.255.255.255 port 67 interval 1
Jul  9 11:16:37 fw.rodolfoarce.local dhclient[10762]: DHCPDISCOVER on vtnet0 to 255.255.255.255 port 67 interval 1
Jul  9 11:16:38 fw.rodolfoarce.local dhclient[10762]: DHCPDISCOVER on vtnet0 to 255.255.255.255 port 67 interval 2
Jul  9 11:16:40 fw.rodolfoarce.local dhclient[10762]: DHCPDISCOVER on vtnet0 to 255.255.255.255 port 67 interval 5
Jul  9 11:16:45 fw.rodolfoarce.local dhclient[10762]: DHCPDISCOVER on vtnet0 to 255.255.255.255 port 67 interval 5
Jul  9 11:16:50 fw.rodolfoarce.local dhclient[10762]: DHCPDISCOVER on vtnet0 to 255.255.255.255 port 67 interval 9
Jul  9 11:16:59 fw.rodolfoarce.local dhclient[10762]: DHCPDISCOVER on vtnet0 to 255.255.255.255 port 67 interval 11
Jul  9 11:17:00 fw.rodolfoarce.local /usr/sbin/cron[79831]: (root) CMD (/usr/sbin/newsyslog)
Jul  9 11:17:10 fw.rodolfoarce.local dhclient[10762]: DHCPDISCOVER on vtnet0 to 255.255.255.255 port 67 interval 10
Jul  9 11:17:21 fw.rodolfoarce.local dhclient[10762]: DHCPDISCOVER on vtnet0 to 255.255.255.255 port 67 interval 12
Jul  9 11:17:33 fw.rodolfoarce.local dhclient[10762]: DHCPDISCOVER on vtnet0 to 255.255.255.255 port 67 interval 4
Jul  9 11:17:37 fw.rodolfoarce.local dhclient[10762]: No DHCPOFFERS received.
Jul  9 11:17:37 fw.rodolfoarce.local dhclient[10762]: No working leases in persistent database - sleeping.
Jul  9 07:17:37 fw.rodolfoarce.local dhclient[80409]: FAIL
Jul  9 11:17:52 fw.rodolfoarce.local dhclient[10762]: DHCPDISCOVER on vtnet0 to 255.255.255.255 port 67 interval 1
Jul  9 11:17:55 fw.rodolfoarce.local dhclient[10762]: message repeated 3 times: [ DHCPDISCOVER on vtnet0 to 255.255.255.255 port 67 interval 1]
Jul  9 11:17:55 fw.rodolfoarce.local dhcp6c[28115]: Sending Solicit
Jul  9 11:17:56 fw.rodolfoarce.local dhclient[10762]: DHCPDISCOVER on vtnet0 to 255.255.255.255 port 67 interval 1
Jul  9 11:17:57 fw.rodolfoarce.local dhclient[10762]: DHCPDISCOVER on vtnet0 to 255.255.255.255 port 67 interval 2
Jul  9 11:17:59 fw.rodolfoarce.local dhclient[10762]: DHCPDISCOVER on vtnet0 to 255.255.255.255 port 67 interval 3
Jul  9 11:18:00 fw.rodolfoarce.local /usr/sbin/cron[99767]: (root) CMD (/usr/sbin/newsyslog)
Jul  9 11:18:02 fw.rodolfoarce.local dhclient[10762]: DHCPDISCOVER on vtnet0 to 255.255.255.255 port 67 interval 3
Jul  9 11:18:05 fw.rodolfoarce.local dhclient[10762]: DHCPDISCOVER on vtnet0 to 255.255.255.255 port 67 interval 5
Jul  9 11:18:10 fw.rodolfoarce.local dhclient[10762]: DHCPDISCOVER on vtnet0 to 255.255.255.255 port 67 interval 8
Jul  9 11:18:18 fw.rodolfoarce.local dhclient[10762]: DHCPDISCOVER on vtnet0 to 255.255.255.255 port 67 interval 7
Jul  9 11:18:26 fw.rodolfoarce.local dhclient[10762]: DHCPDISCOVER on vtnet0 to 255.255.255.255 port 67 interval 9
Jul  9 11:18:35 fw.rodolfoarce.local dhclient[10762]: DHCPDISCOVER on vtnet0 to 255.255.255.255 port 67 interval 14
Jul  9 11:18:49 fw.rodolfoarce.local dhclient[10762]: DHCPDISCOVER on vtnet0 to 255.255.255.255 port 67 interval 4
Jul  9 11:18:53 fw.rodolfoarce.local dhclient[10762]: No DHCPOFFERS received.
Jul  9 11:18:53 fw.rodolfoarce.local dhclient[10762]: No working leases in persistent database - sleeping.
Jul  9 07:18:53 fw.rodolfoarce.local dhclient[18270]: FAIL
Jul  9 11:19:00 fw.rodolfoarce.local /usr/sbin/cron[18374]: (root) CMD (/usr/sbin/newsyslog)
Jul  9 11:19:08 fw.rodolfoarce.local dhclient[10762]: DHCPDISCOVER on vtnet0 to 255.255.255.255 port 67 interval 1
Jul  9 11:19:09 fw.rodolfoarce.local dhclient[10762]: DHCPDISCOVER on vtnet0 to 255.255.255.255 port 67 interval 2
Jul  9 11:19:11 fw.rodolfoarce.local dhclient[10762]: DHCPDISCOVER on vtnet0 to 255.255.255.255 port 67 interval 3
Jul  9 11:19:15 fw.rodolfoarce.local dhclient[10762]: DHCPDISCOVER on vtnet0 to 255.255.255.255 port 67 interval 6
Jul  9 11:19:21 fw.rodolfoarce.local dhclient[10762]: DHCPDISCOVER on vtnet0 to 255.255.255.255 port 67 interval 11
Jul  9 11:19:32 fw.rodolfoarce.local dhclient[10762]: DHCPDISCOVER on vtnet0 to 255.255.255.255 port 67 interval 13
Jul  9 11:19:45 fw.rodolfoarce.local dhclient[10762]: DHCPDISCOVER on vtnet0 to 255.255.255.255 port 67 interval 12
Jul  9 11:19:56 fw.rodolfoarce.local filterlog[32783]: 4,,,1000000103,vtnet0,match,block,in,4,0x0,,236,54321,0,none,6,tcp,40,172.169.111.185,10.255.255.1,56973,53,0,S,2790490091,,65535,,
Jul  9 11:19:57 fw.rodolfoarce.local dhclient[10762]: DHCPDISCOVER on vtnet0 to 255.255.255.255 port 67 interval 12
Jul  9 11:19:58 fw.rodolfoarce.local dhcp6c[28115]: Sending Solicit
Jul  9 11:20:00 fw.rodolfoarce.local /usr/sbin/cron[36306]: (root) CMD (/usr/sbin/newsyslog)
Jul  9 11:20:00 fw.rodolfoarce.local /usr/sbin/cron[36572]: (root) CMD (/usr/libexec/atrun)
Jul  9 11:20:09 fw.rodolfoarce.local dhclient[10762]: No DHCPOFFERS received.
Jul  9 11:20:09 fw.rodolfoarce.local dhclient[10762]: No working leases in persistent database - sleeping.
Jul  9 07:20:09 fw.rodolfoarce.local dhclient[37761]: FAIL
Jul  9 11:20:24 fw.rodolfoarce.local dhclient[10762]: DHCPDISCOVER on vtnet0 to 255.255.255.255 port 67 interval 1
Jul  9 11:20:29 fw.rodolfoarce.local dhclient[10762]: message repeated 5 times: [ DHCPDISCOVER on vtnet0 to 255.255.255.255 port 67 interval 1]
Jul  9 11:20:30 fw.rodolfoarce.local dhclient[10762]: DHCPDISCOVER on vtnet0 to 255.255.255.255 port 67 interval 2
Jul  9 11:20:32 fw.rodolfoarce.local dhclient[10762]: DHCPDISCOVER on vtnet0 to 255.255.255.255 port 67 interval 2
Jul  9 11:20:34 fw.rodolfoarce.local dhclient[10762]: DHCPDISCOVER on vtnet0 to 255.255.255.255 port 67 interval 5
Jul  9 11:20:39 fw.rodolfoarce.local dhclient[10762]: DHCPDISCOVER on vtnet0 to 255.255.255.255 port 67 interval 6
Jul  9 11:20:45 fw.rodolfoarce.local dhclient[10762]: DHCPDISCOVER on vtnet0 to 255.255.255.255 port 67 interval 7
Jul  9 11:20:53 fw.rodolfoarce.local dhclient[10762]: DHCPDISCOVER on vtnet0 to 255.255.255.255 port 67 interval 14
Jul  9 11:21:00 fw.rodolfoarce.local /usr/sbin/cron[56521]: (root) CMD (/usr/sbin/newsyslog)
Jul  9 11:21:07 fw.rodolfoarce.local dhclient[10762]: DHCPDISCOVER on vtnet0 to 255.255.255.255 port 67 interval 18
Jul  9 11:21:25 fw.rodolfoarce.local dhclient[10762]: No DHCPOFFERS received.
Jul  9 11:21:25 fw.rodolfoarce.local dhclient[10762]: No working leases in persistent database - sleeping.
Jul  9 07:21:25 fw.rodolfoarce.local dhclient[57446]: FAIL
Jul  9 11:21:40 fw.rodolfoarce.local dhclient[10762]: DHCPDISCOVER on vtnet0 to 255.255.255.255 port 67 interval 2
Jul  9 11:21:42 fw.rodolfoarce.local dhclient[10762]: DHCPDISCOVER on vtnet0 to 255.255.255.255 port 67 interval 5
Jul  9 11:21:47 fw.rodolfoarce.local dhclient[10762]: DHCPDISCOVER on vtnet0 to 255.255.255.255 port 67 interval 5
Jul  9 11:21:52 fw.rodolfoarce.local dhclient[10762]: DHCPDISCOVER on vtnet0 to 255.255.255.255 port 67 interval 12
Jul  9 11:22:00 fw.rodolfoarce.local /usr/sbin/cron[74734]: (root) CMD (/usr/sbin/newsyslog)
Jul  9 11:22:04 fw.rodolfoarce.local dhclient[10762]: DHCPDISCOVER on vtnet0 to 255.255.255.255 port 67 interval 19
Jul  9 11:22:05 fw.rodolfoarce.local dhcp6c[28115]: Sending Solicit
Jul  9 11:22:23 fw.rodolfoarce.local dhclient[10762]: DHCPDISCOVER on vtnet0 to 255.255.255.255 port 67 interval 12
Jul  9 11:22:35 fw.rodolfoarce.local dhclient[10762]: DHCPDISCOVER on vtnet0 to 255.255.255.255 port 67 interval 6
Jul  9 11:22:41 fw.rodolfoarce.local dhclient[10762]: No DHCPOFFERS received.
Jul  9 11:22:41 fw.rodolfoarce.local dhclient[10762]: No working leases in persistent database - sleeping.
Jul  9 07:22:41 fw.rodolfoarce.local dhclient[75667]: FAIL
Jul  9 11:22:56 fw.rodolfoarce.local dhclient[10762]: DHCPDISCOVER on vtnet0 to 255.255.255.255 port 67 interval 2
Jul  9 11:22:59 fw.rodolfoarce.local dhclient[10762]: DHCPDISCOVER on vtnet0 to 255.255.255.255 port 67 interval 4
Jul  9 11:23:00 fw.rodolfoarce.local /usr/sbin/cron[93720]: (root) CMD (/usr/sbin/newsyslog)
Jul  9 11:23:03 fw.rodolfoarce.local dhclient[10762]: DHCPDISCOVER on vtnet0 to 255.255.255.255 port 67 interval 4
