Jul  2 13:30:05 fw.rodolfoarce.local dhclient[10762]: No DHCPOFFERS received.
Jul  2 13:30:05 fw.rodolfoarce.local dhclient[10762]: No working leases in persistent database - sleeping.
Jul  2 09:30:05 fw.rodolfoarce.local dhclient[53371]: FAIL
Jul  2 13:30:20 fw.rodolfoarce.local dhclient[10762]: DHCPDISCOVER on vtnet0 to 255.255.255.255 port 67 interval 1
Jul  2 13:30:21 fw.rodolfoarce.local dhclient[10762]: DHCPDISCOVER on vtnet0 to 255.255.255.255 port 67 interval 2
Jul  2 13:30:25 fw.rodolfoarce.local dhclient[10762]: message repeated 2 times: [ DHCPDISCOVER on vtnet0 to 255.255.255.255 port 67 interval 2]
Jul  2 13:30:27 fw.rodolfoarce.local dhclient[10762]: DHCPDISCOVER on vtnet0 to 255.255.255.255 port 67 interval 5
Jul  2 13:30:32 fw.rodolfoarce.local dhclient[10762]: DHCPDISCOVER on vtnet0 to 255.255.255.255 port 67 interval 11
Jul  2 13:30:34 fw.rodolfoarce.local dhcp6c[28115]: Sending Solicit
Jul  2 13:30:43 fw.rodolfoarce.local dhclient[10762]: DHCPDISCOVER on vtnet0 to 255.255.255.255 port 67 interval 19
Jul  2 13:31:00 fw.rodolfoarce.local /usr/sbin/cron[71657]: (root) CMD (/usr/sbin/newsyslog)
Jul  2 13:31:03 fw.rodolfoarce.local dhclient[10762]: DHCPDISCOVER on vtnet0 to 255.255.255.255 port 67 interval 16
Jul  2 13:31:19 fw.rodolfoarce.local dhclient[10762]: DHCPDISCOVER on vtnet0 to 255.255.255.255 port 67 interval 2
Jul  2 13:31:21 fw.rodolfoarce.local dhclient[10762]: No DHCPOFFERS received.
Jul  2 13:31:21 fw.rodolfoarce.local dhclient[10762]: No working leases in persistent database - sleeping.
Jul  2 09:31:21 fw.rodolfoarce.local dhclient[90876]: FAIL
Jul  2 13:31:36 fw.rodolfoarce.local dhclient[10762]: DHCPDISCOVER on vtnet0 to 255.255.255.255 port 67 interval 1
Jul  2 13:31:37 fw.rodolfoarce.local dhclient[10762]: DHCPDISCOVER on vtnet0 to 255.255.255.255 port 67 interval 1
Jul  2 13:31:38 fw.rodolfoarce.local dhclient[10762]: DHCPDISCOVER on vtnet0 to 255.255.255.255 port 67 interval 2
Jul  2 13:31:40 fw.rodolfoarce.local dhclient[10762]: DHCPDISCOVER on vtnet0 to 255.255.255.255 port 67 interval 5
Jul  2 13:31:45 fw.rodolfoarce.local dhclient[10762]: DHCPDISCOVER on vtnet0 to 255.255.255.255 port 67 interval 13
Jul  2 13:31:58 fw.rodolfoarce.local dhclient[10762]: DHCPDISCOVER on vtnet0 to 255.255.255.255 port 67 interval 8
Jul  2 13:32:00 fw.rodolfoarce.local /usr/sbin/cron[91201]: (root) CMD (/usr/sbin/newsyslog)
Jul  2 13:32:06 fw.rodolfoarce.local dhclient[10762]: DHCPDISCOVER on vtnet0 to 255.255.255.255 port 67 interval 8
Jul  2 13:32:14 fw.rodolfoarce.local dhclient[10762]: DHCPDISCOVER on vtnet0 to 255.255.255.255 port 67 interval 18
Jul  2 13:32:32 fw.rodolfoarce.local dhclient[10762]: DHCPDISCOVER on vtnet0 to 255.255.255.255 port 67 interval 5
Jul  2 13:32:33 fw.rodolfoarce.local dhcp6c[28115]: Sending Solicit
Jul  2 13:32:38 fw.rodolfoarce.local dhclient[10762]: No DHCPOFFERS received.
Jul  2 13:32:38 fw.rodolfoarce.local dhclient[10762]: No working leases in persistent database - sleeping.
Jul  2 09:32:38 fw.rodolfoarce.local dhclient[8707]: FAIL
Jul  2 13:32:53 fw.rodolfoarce.local dhclient[10762]: DHCPDISCOVER on vtnet0 to 255.255.255.255 port 67 interval 2
Jul  2 13:32:55 fw.rodolfoarce.local dhclient[10762]: DHCPDISCOVER on vtnet0 to 255.255.255.255 port 67 interval 3
Jul  2 13:32:58 fw.rodolfoarce.local dhclient[10762]: DHCPDISCOVER on vtnet0 to 255.255.255.255 port 67 interval 5
Jul  2 13:33:00 fw.rodolfoarce.local /usr/sbin/cron[9239]: (root) CMD (/usr/sbin/newsyslog)
Jul  2 13:33:03 fw.rodolfoarce.local dhclient[10762]: DHCPDISCOVER on vtnet0 to 255.255.255.255 port 67 interval 7
Jul  2 13:33:10 fw.rodolfoarce.local dhclient[10762]: DHCPDISCOVER on vtnet0 to 255.255.255.255 port 67 interval 10
Jul  2 13:33:20 fw.rodolfoarce.local dhclient[10762]: DHCPDISCOVER on vtnet0 to 255.255.255.255 port 67 interval 9
Jul  2 13:33:29 fw.rodolfoarce.local dhclient[10762]: DHCPDISCOVER on vtnet0 to 255.255.255.255 port 67 interval 9
Jul  2 13:33:39 fw.rodolfoarce.local dhclient[10762]: DHCPDISCOVER on vtnet0 to 255.255.255.255 port 67 interval 11
Jul  2 13:33:50 fw.rodolfoarce.local dhclient[10762]: DHCPDISCOVER on vtnet0 to 255.255.255.255 port 67 interval 4
Jul  2 13:33:54 fw.rodolfoarce.local dhclient[10762]: No DHCPOFFERS received.
Jul  2 13:33:54 fw.rodolfoarce.local dhclient[10762]: No working leases in persistent database - sleeping.
Jul  2 09:33:54 fw.rodolfoarce.local dhclient[27186]: FAIL
Jul  2 13:34:00 fw.rodolfoarce.local /usr/sbin/cron[27745]: (root) CMD (/usr/sbin/newsyslog)
Jul  2 13:34:09 fw.rodolfoarce.local dhclient[10762]: DHCPDISCOVER on vtnet0 to 255.255.255.255 port 67 interval 2
Jul  2 13:34:11 fw.rodolfoarce.local dhclient[10762]: DHCPDISCOVER on vtnet0 to 255.255.255.255 port 67 interval 5
Jul  2 13:34:16 fw.rodolfoarce.local dhclient[10762]: DHCPDISCOVER on vtnet0 to 255.255.255.255 port 67 interval 7
Jul  2 13:34:22 fw.rodolfoarce.local dhcp6c[28115]: Sending Solicit
Jul  2 13:34:23 fw.rodolfoarce.local dhclient[10762]: DHCPDISCOVER on vtnet0 to 255.255.255.255 port 67 interval 11
Jul  2 13:34:34 fw.rodolfoarce.local dhclient[10762]: DHCPDISCOVER on vtnet0 to 255.255.255.255 port 67 interval 20
Jul  2 13:34:54 fw.rodolfoarce.local dhclient[10762]: DHCPDISCOVER on vtnet0 to 255.255.255.255 port 67 interval 16
Jul  2 13:35:00 fw.rodolfoarce.local /usr/sbin/cron[46062]: (root) CMD (/usr/sbin/newsyslog)
Jul  2 13:35:00 fw.rodolfoarce.local /usr/sbin/cron[46262]: (root) CMD (/usr/libexec/atrun)
Jul  2 13:35:10 fw.rodolfoarce.local dhclient[10762]: No DHCPOFFERS received.
Jul  2 13:35:10 fw.rodolfoarce.local dhclient[10762]: No working leases in persistent database - sleeping.
Jul  2 09:35:10 fw.rodolfoarce.local dhclient[47353]: FAIL
Jul  2 13:35:25 fw.rodolfoarce.local dhclient[10762]: DHCPDISCOVER on vtnet0 to 255.255.255.255 port 67 interval 1
Jul  2 13:35:26 fw.rodolfoarce.local dhclient[10762]: DHCPDISCOVER on vtnet0 to 255.255.255.255 port 67 interval 1
Jul  2 13:35:27 fw.rodolfoarce.local dhclient[10762]: DHCPDISCOVER on vtnet0 to 255.255.255.255 port 67 interval 2
Jul  2 13:35:30 fw.rodolfoarce.local dhclient[10762]: DHCPDISCOVER on vtnet0 to 255.255.255.255 port 67 interval 5
Jul  2 13:35:35 fw.rodolfoarce.local dhclient[10762]: DHCPDISCOVER on vtnet0 to 255.255.255.255 port 67 interval 8
Jul  2 13:35:51 fw.rodolfoarce.local dhclient[10762]: message repeated 2 times: [ DHCPDISCOVER on vtnet0 to 255.255.255.255 port 67 interval 8]
Jul  2 13:35:59 fw.rodolfoarce.local dhclient[10762]: DHCPDISCOVER on vtnet0 to 255.255.255.255 port 67 interval 13
Jul  2 13:36:00 fw.rodolfoarce.local /usr/sbin/cron[64705]: (root) CMD (/usr/sbin/newsyslog)
Jul  2 13:36:12 fw.rodolfoarce.local dhclient[10762]: DHCPDISCOVER on vtnet0 to 255.255.255.255 port 67 interval 11
Jul  2 13:36:23 fw.rodolfoarce.local dhclient[10762]: DHCPDISCOVER on vtnet0 to 255.255.255.255 port 67 interval 3
Jul  2 13:36:26 fw.rodolfoarce.local dhclient[10762]: No DHCPOFFERS received.
Jul  2 13:36:26 fw.rodolfoarce.local dhclient[10762]: No working leases in persistent database - sleeping.
Jul  2 09:36:26 fw.rodolfoarce.local dhclient[84135]: FAIL
Jul  2 13:36:26 fw.rodolfoarce.local dhcp6c[28115]: Sending Solicit
Jul  2 13:36:41 fw.rodolfoarce.local dhclient[10762]: DHCPDISCOVER on vtnet0 to 255.255.255.255 port 67 interval 1
Jul  2 13:36:42 fw.rodolfoarce.local dhclient[10762]: DHCPDISCOVER on vtnet0 to 255.255.255.255 port 67 interval 1
Jul  2 13:36:43 fw.rodolfoarce.local dhclient[10762]: DHCPDISCOVER on vtnet0 to 255.255.255.255 port 67 interval 2
Jul  2 13:36:45 fw.rodolfoarce.local dhclient[10762]: DHCPDISCOVER on vtnet0 to 255.255.255.255 port 67 interval 5
Jul  2 13:36:50 fw.rodolfoarce.local dhclient[10762]: DHCPDISCOVER on vtnet0 to 255.255.255.255 port 67 interval 6
Jul  2 13:36:56 fw.rodolfoarce.local dhclient[10762]: DHCPDISCOVER on vtnet0 to 255.255.255.255 port 67 interval 10
Jul  2 13:37:00 fw.rodolfoarce.local /usr/sbin/cron[84687]: (root) CMD (/usr/sbin/newsyslog)
Jul  2 13:37:06 fw.rodolfoarce.local dhclient[10762]: DHCPDISCOVER on vtnet0 to 255.255.255.255 port 67 interval 14
Jul  2 13:37:20 fw.rodolfoarce.local dhclient[10762]: DHCPDISCOVER on vtnet0 to 255.255.255.255 port 67 interval 15
Jul  2 13:37:36 fw.rodolfoarce.local dhclient[10762]: DHCPDISCOVER on vtnet0 to 255.255.255.255 port 67 interval 6
Jul  2 13:37:42 fw.rodolfoarce.local dhclient[10762]: No DHCPOFFERS received.
Jul  2 13:37:42 fw.rodolfoarce.local dhclient[10762]: No working leases in persistent database - sleeping.
Jul  2 09:37:42 fw.rodolfoarce.local dhclient[4899]: FAIL
Jul  2 13:37:57 fw.rodolfoarce.local dhclient[10762]: DHCPDISCOVER on vtnet0 to 255.255.255.255 port 67 interval 1
Jul  2 13:37:58 fw.rodolfoarce.local dhclient[10762]: DHCPDISCOVER on vtnet0 to 255.255.255.255 port 67 interval 1
Jul  2 13:37:59 fw.rodolfoarce.local dhclient[10762]: DHCPDISCOVER on vtnet0 to 255.255.255.255 port 67 interval 2
Jul  2 13:38:00 fw.rodolfoarce.local /usr/sbin/cron[5387]: (root) CMD (/usr/sbin/newsyslog)
Jul  2 13:38:01 fw.rodolfoarce.local dhclient[10762]: DHCPDISCOVER on vtnet0 to 255.255.255.255 port 67 interval 3
Jul  2 13:38:04 fw.rodolfoarce.local dhclient[10762]: DHCPDISCOVER on vtnet0 to 255.255.255.255 port 67 interval 6
Jul  2 13:38:10 fw.rodolfoarce.local dhclient[10762]: DHCPDISCOVER on vtnet0 to 255.255.255.255 port 67 interval 6
Jul  2 13:38:16 fw.rodolfoarce.local dhclient[10762]: DHCPDISCOVER on vtnet0 to 255.255.255.255 port 67 interval 9
Jul  2 13:38:25 fw.rodolfoarce.local dhclient[10762]: DHCPDISCOVER on vtnet0 to 255.255.255.255 port 67 interval 13
Jul  2 13:38:36 fw.rodolfoarce.local dhcp6c[28115]: Sending Solicit
Jul  2 13:38:38 fw.rodolfoarce.local dhclient[10762]: DHCPDISCOVER on vtnet0 to 255.255.255.255 port 67 interval 15
Jul  2 13:38:53 fw.rodolfoarce.local dhclient[10762]: DHCPDISCOVER on vtnet0 to 255.255.255.255 port 67 interval 5
Jul  2 13:38:58 fw.rodolfoarce.local dhclient[10762]: No DHCPOFFERS received.
Jul  2 13:38:58 fw.rodolfoarce.local dhclient[10762]: No working leases in persistent database - sleeping.
Jul  2 09:38:58 fw.rodolfoarce.local dhclient[23441]: FAIL
Jul  2 13:39:00 fw.rodolfoarce.local /usr/sbin/cron[23681]: (root) CMD (/usr/sbin/newsyslog)
Jul  2 13:39:13 fw.rodolfoarce.local dhclient[10762]: DHCPDISCOVER on vtnet0 to 255.255.255.255 port 67 interval 2
Jul  2 13:39:15 fw.rodolfoarce.local dhclient[10762]: DHCPDISCOVER on vtnet0 to 255.255.255.255 port 67 interval 5
Jul  2 13:39:20 fw.rodolfoarce.local dhclient[10762]: DHCPDISCOVER on vtnet0 to 255.255.255.255 port 67 interval 13
Jul  2 13:39:22 fw.rodolfoarce.local filterlog[32783]: 4,,,1000000103,vtnet0,match,block,in,4,0x0,,241,54321,0,none,17,udp,78,172.105.20.190,10.255.255.1,44773,53,58
Jul  2 13:39:33 fw.rodolfoarce.local dhclient[10762]: DHCPDISCOVER on vtnet0 to 255.255.255.255 port 67 interval 11
Jul  2 13:39:45 fw.rodolfoarce.local dhclient[10762]: DHCPDISCOVER on vtnet0 to 255.255.255.255 port 67 interval 11
Jul  2 13:39:56 fw.rodolfoarce.local dhclient[10762]: DHCPDISCOVER on vtnet0 to 255.255.255.255 port 67 interval 15
Jul  2 13:40:00 fw.rodolfoarce.local /usr/sbin/cron[42007]: (root) CMD (/usr/sbin/newsyslog)
Jul  2 13:40:00 fw.rodolfoarce.local /usr/sbin/cron[42279]: (root) CMD (/usr/libexec/atrun)
Jul  2 13:40:11 fw.rodolfoarce.local dhclient[10762]: DHCPDISCOVER on vtnet0 to 255.255.255.255 port 67 interval 3
Jul  2 13:40:14 fw.rodolfoarce.local dhclient[10762]: No DHCPOFFERS received.
Jul  2 13:40:14 fw.rodolfoarce.local dhclient[10762]: No working leases in persistent database - sleeping.
Jul  2 09:40:14 fw.rodolfoarce.local dhclient[43229]: FAIL
Jul  2 13:40:25 fw.rodolfoarce.local dhcp6c[28115]: Sending Solicit
Jul  2 13:40:29 fw.rodolfoarce.local dhclient[10762]: DHCPDISCOVER on vtnet0 to 255.255.255.255 port 67 interval 1
Jul  2 13:40:30 fw.rodolfoarce.local dhclient[10762]: DHCPDISCOVER on vtnet0 to 255.255.255.255 port 67 interval 2
Jul  2 13:40:32 fw.rodolfoarce.local dhclient[10762]: DHCPDISCOVER on vtnet0 to 255.255.255.255 port 67 interval 2
Jul  2 13:40:34 fw.rodolfoarce.local dhclient[10762]: DHCPDISCOVER on vtnet0 to 255.255.255.255 port 67 interval 5
Jul  2 13:40:39 fw.rodolfoarce.local dhclient[10762]: DHCPDISCOVER on vtnet0 to 255.255.255.255 port 67 interval 11
Jul  2 13:40:50 fw.rodolfoarce.local dhclient[10762]: DHCPDISCOVER on vtnet0 to 255.255.255.255 port 67 interval 15
Jul  2 13:41:00 fw.rodolfoarce.local /usr/sbin/cron[61395]: (root) CMD (/usr/sbin/newsyslog)
Jul  2 13:41:05 fw.rodolfoarce.local dhclient[10762]: DHCPDISCOVER on vtnet0 to 255.255.255.255 port 67 interval 14
Jul  2 13:41:15 fw.rodolfoarce.local filterlog[32783]: 4,,,1000000103,vtnet0,match,block,in,4,0x0,,46,44104,0,DF,17,udp,60,130.207.129.198,10.255.255.1,35557,53,40
Jul  2 13:41:19 fw.rodolfoarce.local dhclient[10762]: DHCPDISCOVER on vtnet0 to 255.255.255.255 port 67 interval 11
Jul  2 13:41:20 fw.rodolfoarce.local filterlog[32783]: 4,,,1000000103,vtnet0,match,block,in,4,0x0,,46,44661,0,DF,17,udp,60,130.207.129.198,10.255.255.1,47800,53,40
Jul  2 13:41:24 fw.rodolfoarce.local filterlog[32783]: 4,,,1000000103,vtnet0,match,block,in,4,0x0,,46,45132,0,DF,17,udp,60,130.207.129.198,10.255.255.1,57706,53,40
Jul  2 13:41:27 fw.rodolfoarce.local filterlog[32783]: 4,,,1000000103,vtnet0,match,block,in,4,0x0,,46,45552,0,DF,17,udp,60,130.207.129.198,10.255.255.1,42841,53,40
Jul  2 13:41:30 fw.rodolfoarce.local dhclient[10762]: No DHCPOFFERS received.
Jul  2 13:41:30 fw.rodolfoarce.local dhclient[10762]: No working leases in persistent database - sleeping.
Jul  2 09:41:30 fw.rodolfoarce.local dhclient[81156]: FAIL
Jul  2 13:41:31 fw.rodolfoarce.local filterlog[32783]: 4,,,1000000103,vtnet0,match,block,in,4,0x0,,46,45943,0,DF,17,udp,60,130.207.129.198,10.255.255.1,38148,53,40
Jul  2 13:41:35 fw.rodolfoarce.local filterlog[32783]: 4,,,1000000103,vtnet0,match,block,in,4,0x0,,46,46377,0,DF,17,udp,60,130.207.129.198,10.255.255.1,40667,53,40
Jul  2 13:41:39 fw.rodolfoarce.local filterlog[32783]: 4,,,1000000103,vtnet0,match,block,in,4,0x0,,46,46960,0,DF,17,udp,60,130.207.129.198,10.255.255.1,37869,53,40
Jul  2 13:41:43 fw.rodolfoarce.local filterlog[32783]: 4,,,1000000103,vtnet0,match,block,in,4,0x0,,46,47347,0,DF,17,udp,60,130.207.129.198,10.255.255.1,36658,53,40
Jul  2 13:41:45 fw.rodolfoarce.local dhclient[10762]: DHCPDISCOVER on vtnet0 to 255.255.255.255 port 67 interval 1
Jul  2 13:41:46 fw.rodolfoarce.local dhclient[10762]: DHCPDISCOVER on vtnet0 to 255.255.255.255 port 67 interval 2
Jul  2 13:41:48 fw.rodolfoarce.local filterlog[32783]: 4,,,1000000103,vtnet0,match,block,in,4,0x0,,46,47793,0,DF,17,udp,60,130.207.129.198,10.255.255.1,51789,53,40
Jul  2 13:41:49 fw.rodolfoarce.local dhclient[10762]: DHCPDISCOVER on vtnet0 to 255.255.255.255 port 67 interval 3
Jul  2 13:41:52 fw.rodolfoarce.local dhclient[10762]: DHCPDISCOVER on vtnet0 to 255.255.255.255 port 67 interval 3
Jul  2 13:41:52 fw.rodolfoarce.local filterlog[32783]: 4,,,1000000103,vtnet0,match,block,in,4,0x0,,46,48314,0,DF,17,udp,60,130.207.129.198,10.255.255.1,56910,53,40
Jul  2 13:41:55 fw.rodolfoarce.local dhclient[10762]: DHCPDISCOVER on vtnet0 to 255.255.255.255 port 67 interval 8
Jul  2 13:41:55 fw.rodolfoarce.local filterlog[32783]: 4,,,1000000103,vtnet0,match,block,in,4,0x0,,46,48999,0,DF,17,udp,60,130.207.129.198,10.255.255.1,33227,53,40
Jul  2 13:41:59 fw.rodolfoarce.local filterlog[32783]: 4,,,1000000103,vtnet0,match,block,in,4,0x0,,46,49545,0,DF,17,udp,60,130.207.129.198,10.255.255.1,50848,53,40
Jul  2 13:42:00 fw.rodolfoarce.local /usr/sbin/cron[81394]: (root) CMD (/usr/sbin/newsyslog)
Jul  2 13:42:03 fw.rodolfoarce.local dhclient[10762]: DHCPDISCOVER on vtnet0 to 255.255.255.255 port 67 interval 9
Jul  2 13:42:03 fw.rodolfoarce.local filterlog[32783]: 4,,,1000000103,vtnet0,match,block,in,4,0x0,,46,50103,0,DF,17,udp,60,130.207.129.198,10.255.255.1,45780,53,40
Jul  2 13:42:07 fw.rodolfoarce.local filterlog[32783]: 4,,,1000000103,vtnet0,match,block,in,4,0x0,,46,50521,0,DF,17,udp,60,130.207.129.198,10.255.255.1,43961,53,40
Jul  2 13:42:11 fw.rodolfoarce.local filterlog[32783]: 4,,,1000000103,vtnet0,match,block,in,4,0x0,,46,50899,0,DF,17,udp,60,130.207.129.198,10.255.255.1,48078,53,40
Jul  2 13:42:12 fw.rodolfoarce.local dhclient[10762]: DHCPDISCOVER on vtnet0 to 255.255.255.255 port 67 interval 19
Jul  2 13:42:15 fw.rodolfoarce.local filterlog[32783]: 4,,,1000000103,vtnet0,match,block,in,4,0x0,,46,51375,0,DF,17,udp,60,130.207.129.198,10.255.255.1,40640,53,40
Jul  2 13:42:20 fw.rodolfoarce.local filterlog[32783]: 4,,,1000000103,vtnet0,match,block,in,4,0x0,,46,51924,0,DF,17,udp,60,130.207.129.198,10.255.255.1,33712,53,40
Jul  2 13:42:24 fw.rodolfoarce.local filterlog[32783]: 4,,,1000000103,vtnet0,match,block,in,4,0x0,,46,52410,0,DF,17,udp,60,130.207.129.198,10.255.255.1,46395,53,40
Jul  2 13:42:28 fw.rodolfoarce.local filterlog[32783]: 4,,,1000000103,vtnet0,match,block,in,4,0x0,,46,52864,0,DF,17,udp,60,130.207.129.198,10.255.255.1,59076,53,40
Jul  2 13:42:30 fw.rodolfoarce.local dhcp6c[28115]: Sending Solicit
Jul  2 13:42:31 fw.rodolfoarce.local dhclient[10762]: DHCPDISCOVER on vtnet0 to 255.255.255.255 port 67 interval 15
Jul  2 13:42:32 fw.rodolfoarce.local filterlog[32783]: 4,,,1000000103,vtnet0,match,block,in,4,0x0,,46,53389,0,DF,17,udp,60,130.207.129.198,10.255.255.1,45014,53,40
Jul  2 13:42:46 fw.rodolfoarce.local dhclient[10762]: No DHCPOFFERS received.
Jul  2 13:42:46 fw.rodolfoarce.local dhclient[10762]: No working leases in persistent database - sleeping.
Jul  2 09:42:46 fw.rodolfoarce.local dhclient[1129]: FAIL
Jul  2 13:43:00 fw.rodolfoarce.local /usr/sbin/cron[1289]: (root) CMD (/usr/sbin/newsyslog)
Jul  2 13:43:01 fw.rodolfoarce.local dhclient[10762]: DHCPDISCOVER on vtnet0 to 255.255.255.255 port 67 interval 2
Jul  2 13:43:03 fw.rodolfoarce.local dhclient[10762]: DHCPDISCOVER on vtnet0 to 255.255.255.255 port 67 interval 5
Jul  2 13:43:08 fw.rodolfoarce.local dhclient[10762]: DHCPDISCOVER on vtnet0 to 255.255.255.255 port 67 interval 8
Jul  2 13:43:16 fw.rodolfoarce.local dhclient[10762]: DHCPDISCOVER on vtnet0 to 255.255.255.255 port 67 interval 12
Jul  2 13:43:28 fw.rodolfoarce.local dhclient[10762]: DHCPDISCOVER on vtnet0 to 255.255.255.255 port 67 interval 11
Jul  2 13:43:39 fw.rodolfoarce.local dhclient[10762]: DHCPDISCOVER on vtnet0 to 255.255.255.255 port 67 interval 11
Jul  2 13:43:50 fw.rodolfoarce.local dhclient[10762]: DHCPDISCOVER on vtnet0 to 255.255.255.255 port 67 interval 12
Jul  2 13:44:00 fw.rodolfoarce.local /usr/sbin/cron[19310]: (root) CMD (/usr/sbin/newsyslog)
Jul  2 13:44:03 fw.rodolfoarce.local dhclient[10762]: No DHCPOFFERS received.
Jul  2 13:44:03 fw.rodolfoarce.local dhclient[10762]: No working leases in persistent database - sleeping.
Jul  2 09:44:03 fw.rodolfoarce.local dhclient[20228]: FAIL
Jul  2 13:44:18 fw.rodolfoarce.local dhclient[10762]: DHCPDISCOVER on vtnet0 to 255.255.255.255 port 67 interval 1
Jul  2 13:44:19 fw.rodolfoarce.local dhclient[10762]: DHCPDISCOVER on vtnet0 to 255.255.255.255 port 67 interval 2
Jul  2 13:44:21 fw.rodolfoarce.local dhclient[10762]: DHCPDISCOVER on vtnet0 to 255.255.255.255 port 67 interval 4
Jul  2 13:44:25 fw.rodolfoarce.local dhclient[10762]: DHCPDISCOVER on vtnet0 to 255.255.255.255 port 67 interval 5
Jul  2 13:44:29 fw.rodolfoarce.local dhcp6c[28115]: Sending Solicit
Jul  2 13:44:30 fw.rodolfoarce.local dhclient[10762]: DHCPDISCOVER on vtnet0 to 255.255.255.255 port 67 interval 12
Jul  2 13:44:42 fw.rodolfoarce.local dhclient[10762]: DHCPDISCOVER on vtnet0 to 255.255.255.255 port 67 interval 18
Jul  2 13:45:00 fw.rodolfoarce.local /usr/sbin/cron[38401]: (root) CMD (/usr/libexec/atrun)
Jul  2 13:45:00 fw.rodolfoarce.local /usr/sbin/cron[38272]: (root) CMD (/usr/sbin/newsyslog)
Jul  2 13:45:00 fw.rodolfoarce.local dhclient[10762]: DHCPDISCOVER on vtnet0 to 255.255.255.255 port 67 interval 18
Jul  2 13:45:18 fw.rodolfoarce.local dhclient[10762]: DHCPDISCOVER on vtnet0 to 255.255.255.255 port 67 interval 1
Jul  2 13:45:19 fw.rodolfoarce.local dhclient[10762]: No DHCPOFFERS received.
Jul  2 13:45:19 fw.rodolfoarce.local dhclient[10762]: No working leases in persistent database - sleeping.
Jul  2 09:45:19 fw.rodolfoarce.local dhclient[39378]: FAIL
Jul  2 13:45:34 fw.rodolfoarce.local dhclient[10762]: DHCPDISCOVER on vtnet0 to 255.255.255.255 port 67 interval 1
Jul  2 13:45:35 fw.rodolfoarce.local dhclient[10762]: DHCPDISCOVER on vtnet0 to 255.255.255.255 port 67 interval 1
Jul  2 13:45:36 fw.rodolfoarce.local dhclient[10762]: DHCPDISCOVER on vtnet0 to 255.255.255.255 port 67 interval 2
Jul  2 13:45:38 fw.rodolfoarce.local dhclient[10762]: DHCPDISCOVER on vtnet0 to 255.255.255.255 port 67 interval 5
Jul  2 13:45:43 fw.rodolfoarce.local dhclient[10762]: DHCPDISCOVER on vtnet0 to 255.255.255.255 port 67 interval 10
Jul  2 13:45:53 fw.rodolfoarce.local dhclient[10762]: DHCPDISCOVER on vtnet0 to 255.255.255.255 port 67 interval 20
Jul  2 13:46:00 fw.rodolfoarce.local /usr/sbin/cron[57519]: (root) CMD (/usr/sbin/newsyslog)
Jul  2 13:46:13 fw.rodolfoarce.local dhclient[10762]: DHCPDISCOVER on vtnet0 to 255.255.255.255 port 67 interval 13
Jul  2 13:46:26 fw.rodolfoarce.local dhclient[10762]: DHCPDISCOVER on vtnet0 to 255.255.255.255 port 67 interval 9
Jul  2 13:46:35 fw.rodolfoarce.local dhclient[10762]: No DHCPOFFERS received.
Jul  2 13:46:35 fw.rodolfoarce.local dhclient[10762]: No working leases in persistent database - sleeping.
Jul  2 09:46:35 fw.rodolfoarce.local dhclient[77104]: FAIL
Jul  2 13:46:38 fw.rodolfoarce.local dhcp6c[28115]: Sending Solicit
Jul  2 13:46:51 fw.rodolfoarce.local dhclient[10762]: DHCPDISCOVER on vtnet0 to 255.255.255.255 port 67 interval 1
Jul  2 13:46:52 fw.rodolfoarce.local dhclient[10762]: DHCPDISCOVER on vtnet0 to 255.255.255.255 port 67 interval 1
Jul  2 13:46:53 fw.rodolfoarce.local dhclient[10762]: DHCPDISCOVER on vtnet0 to 255.255.255.255 port 67 interval 2
Jul  2 13:46:55 fw.rodolfoarce.local dhclient[10762]: DHCPDISCOVER on vtnet0 to 255.255.255.255 port 67 interval 2
Jul  2 13:46:57 fw.rodolfoarce.local dhclient[10762]: DHCPDISCOVER on vtnet0 to 255.255.255.255 port 67 interval 4
Jul  2 13:47:00 fw.rodolfoarce.local /usr/sbin/cron[77524]: (root) CMD (/usr/sbin/newsyslog)
Jul  2 13:47:01 fw.rodolfoarce.local dhclient[10762]: DHCPDISCOVER on vtnet0 to 255.255.255.255 port 67 interval 4
Jul  2 13:47:05 fw.rodolfoarce.local dhclient[10762]: DHCPDISCOVER on vtnet0 to 255.255.255.255 port 67 interval 10
Jul  2 13:47:15 fw.rodolfoarce.local dhclient[10762]: DHCPDISCOVER on vtnet0 to 255.255.255.255 port 67 interval 15
Jul  2 13:47:30 fw.rodolfoarce.local dhclient[10762]: DHCPDISCOVER on vtnet0 to 255.255.255.255 port 67 interval 14
Jul  2 13:47:44 fw.rodolfoarce.local dhclient[10762]: DHCPDISCOVER on vtnet0 to 255.255.255.255 port 67 interval 8
Jul  2 13:47:52 fw.rodolfoarce.local dhclient[10762]: No DHCPOFFERS received.
Jul  2 13:47:52 fw.rodolfoarce.local dhclient[10762]: No working leases in persistent database - sleeping.
Jul  2 09:47:52 fw.rodolfoarce.local dhclient[95110]: FAIL
Jul  2 13:48:00 fw.rodolfoarce.local /usr/sbin/cron[95666]: (root) CMD (/usr/sbin/newsyslog)
Jul  2 13:48:07 fw.rodolfoarce.local dhclient[10762]: DHCPDISCOVER on vtnet0 to 255.255.255.255 port 67 interval 1
Jul  2 13:48:08 fw.rodolfoarce.local dhclient[10762]: DHCPDISCOVER on vtnet0 to 255.255.255.255 port 67 interval 1
Jul  2 13:48:09 fw.rodolfoarce.local dhclient[10762]: DHCPDISCOVER on vtnet0 to 255.255.255.255 port 67 interval 2
Jul  2 13:48:11 fw.rodolfoarce.local dhclient[10762]: DHCPDISCOVER on vtnet0 to 255.255.255.255 port 67 interval 2
Jul  2 13:48:13 fw.rodolfoarce.local dhclient[10762]: DHCPDISCOVER on vtnet0 to 255.255.255.255 port 67 interval 3
Jul  2 13:48:16 fw.rodolfoarce.local dhclient[10762]: DHCPDISCOVER on vtnet0 to 255.255.255.255 port 67 interval 5
Jul  2 13:48:21 fw.rodolfoarce.local dhclient[10762]: DHCPDISCOVER on vtnet0 to 255.255.255.255 port 67 interval 13
Jul  2 13:48:35 fw.rodolfoarce.local dhclient[10762]: DHCPDISCOVER on vtnet0 to 255.255.255.255 port 67 interval 19
Jul  2 13:48:46 fw.rodolfoarce.local dhcp6c[28115]: Sending Solicit
Jul  2 13:48:54 fw.rodolfoarce.local dhclient[10762]: DHCPDISCOVER on vtnet0 to 255.255.255.255 port 67 interval 7
Jul  2 13:49:00 fw.rodolfoarce.local /usr/sbin/cron[13789]: (root) CMD (/usr/sbin/newsyslog)
Jul  2 13:49:01 fw.rodolfoarce.local dhclient[10762]: DHCPDISCOVER on vtnet0 to 255.255.255.255 port 67 interval 7
Jul  2 13:49:08 fw.rodolfoarce.local dhclient[10762]: No DHCPOFFERS received.
Jul  2 13:49:08 fw.rodolfoarce.local dhclient[10762]: No working leases in persistent database - sleeping.
Jul  2 09:49:08 fw.rodolfoarce.local dhclient[14533]: FAIL
Jul  2 13:49:23 fw.rodolfoarce.local dhclient[10762]: DHCPDISCOVER on vtnet0 to 255.255.255.255 port 67 interval 1
Jul  2 13:49:24 fw.rodolfoarce.local dhclient[10762]: DHCPDISCOVER on vtnet0 to 255.255.255.255 port 67 interval 2
Jul  2 13:49:28 fw.rodolfoarce.local dhclient[10762]: message repeated 2 times: [ DHCPDISCOVER on vtnet0 to 255.255.255.255 port 67 interval 2]
Jul  2 13:49:30 fw.rodolfoarce.local dhclient[10762]: DHCPDISCOVER on vtnet0 to 255.255.255.255 port 67 interval 5
Jul  2 13:49:35 fw.rodolfoarce.local dhclient[10762]: DHCPDISCOVER on vtnet0 to 255.255.255.255 port 67 interval 5
Jul  2 13:49:40 fw.rodolfoarce.local dhclient[10762]: DHCPDISCOVER on vtnet0 to 255.255.255.255 port 67 interval 11
Jul  2 13:49:51 fw.rodolfoarce.local dhclient[10762]: DHCPDISCOVER on vtnet0 to 255.255.255.255 port 67 interval 13
Jul  2 13:50:00 fw.rodolfoarce.local /usr/sbin/cron[32490]: (root) CMD (/usr/libexec/atrun)
Jul  2 13:50:00 fw.rodolfoarce.local /usr/sbin/cron[32359]: (root) CMD (/usr/sbin/newsyslog)
Jul  2 13:50:04 fw.rodolfoarce.local dhclient[10762]: DHCPDISCOVER on vtnet0 to 255.255.255.255 port 67 interval 15
Jul  2 13:50:19 fw.rodolfoarce.local dhclient[10762]: DHCPDISCOVER on vtnet0 to 255.255.255.255 port 67 interval 5
Jul  2 13:50:24 fw.rodolfoarce.local dhclient[10762]: No DHCPOFFERS received.
Jul  2 13:50:24 fw.rodolfoarce.local dhclient[10762]: No working leases in persistent database - sleeping.
Jul  2 09:50:24 fw.rodolfoarce.local dhclient[33301]: FAIL
Jul  2 13:50:39 fw.rodolfoarce.local dhcp6c[28115]: Sending Solicit
Jul  2 13:50:39 fw.rodolfoarce.local dhclient[10762]: DHCPDISCOVER on vtnet0 to 255.255.255.255 port 67 interval 1
Jul  2 13:50:41 fw.rodolfoarce.local dhclient[10762]: message repeated 2 times: [ DHCPDISCOVER on vtnet0 to 255.255.255.255 port 67 interval 1]
Jul  2 13:50:43 fw.rodolfoarce.local dhclient[10762]: DHCPDISCOVER on vtnet0 to 255.255.255.255 port 67 interval 2
Jul  2 13:50:49 fw.rodolfoarce.local dhclient[10762]: message repeated 3 times: [ DHCPDISCOVER on vtnet0 to 255.255.255.255 port 67 interval 2]
Jul  2 13:50:51 fw.rodolfoarce.local dhclient[10762]: DHCPDISCOVER on vtnet0 to 255.255.255.255 port 67 interval 3
Jul  2 13:50:54 fw.rodolfoarce.local dhclient[10762]: DHCPDISCOVER on vtnet0 to 255.255.255.255 port 67 interval 7
Jul  2 13:51:00 fw.rodolfoarce.local /usr/sbin/cron[51926]: (root) CMD (/usr/sbin/newsyslog)
Jul  2 13:51:01 fw.rodolfoarce.local dhclient[10762]: DHCPDISCOVER on vtnet0 to 255.255.255.255 port 67 interval 16
Jul  2 13:51:17 fw.rodolfoarce.local dhclient[10762]: DHCPDISCOVER on vtnet0 to 255.255.255.255 port 67 interval 13
Jul  2 13:51:30 fw.rodolfoarce.local dhclient[10762]: DHCPDISCOVER on vtnet0 to 255.255.255.255 port 67 interval 10
Jul  2 13:51:40 fw.rodolfoarce.local dhclient[10762]: No DHCPOFFERS received.
Jul  2 13:51:40 fw.rodolfoarce.local dhclient[10762]: No working leases in persistent database - sleeping.
Jul  2 09:51:40 fw.rodolfoarce.local dhclient[71173]: FAIL
Jul  2 13:51:55 fw.rodolfoarce.local dhclient[10762]: DHCPDISCOVER on vtnet0 to 255.255.255.255 port 67 interval 2
Jul  2 13:51:57 fw.rodolfoarce.local dhclient[10762]: DHCPDISCOVER on vtnet0 to 255.255.255.255 port 67 interval 4
Jul  2 13:52:00 fw.rodolfoarce.local /usr/sbin/cron[71566]: (root) CMD (/usr/sbin/newsyslog)
Jul  2 13:52:01 fw.rodolfoarce.local dhclient[10762]: DHCPDISCOVER on vtnet0 to 255.255.255.255 port 67 interval 8
Jul  2 13:52:09 fw.rodolfoarce.local dhclient[10762]: DHCPDISCOVER on vtnet0 to 255.255.255.255 port 67 interval 20
Jul  2 13:52:30 fw.rodolfoarce.local dhclient[10762]: DHCPDISCOVER on vtnet0 to 255.255.255.255 port 67 interval 19
Jul  2 13:52:44 fw.rodolfoarce.local dhcp6c[28115]: Sending Solicit
Jul  2 13:52:49 fw.rodolfoarce.local dhclient[10762]: DHCPDISCOVER on vtnet0 to 255.255.255.255 port 67 interval 7
Jul  2 13:52:56 fw.rodolfoarce.local dhclient[10762]: No DHCPOFFERS received.
Jul  2 13:52:56 fw.rodolfoarce.local dhclient[10762]: No working leases in persistent database - sleeping.
Jul  2 09:52:56 fw.rodolfoarce.local dhclient[91974]: FAIL
Jul  2 13:53:00 fw.rodolfoarce.local /usr/sbin/cron[92254]: (root) CMD (/usr/sbin/newsyslog)
Jul  2 13:53:11 fw.rodolfoarce.local dhclient[10762]: DHCPDISCOVER on vtnet0 to 255.255.255.255 port 67 interval 2
Jul  2 13:53:13 fw.rodolfoarce.local dhclient[10762]: DHCPDISCOVER on vtnet0 to 255.255.255.255 port 67 interval 5
Jul  2 13:53:18 fw.rodolfoarce.local dhclient[10762]: DHCPDISCOVER on vtnet0 to 255.255.255.255 port 67 interval 10
Jul  2 13:53:38 fw.rodolfoarce.local dhclient[10762]: message repeated 2 times: [ DHCPDISCOVER on vtnet0 to 255.255.255.255 port 67 interval 10]
Jul  2 13:53:48 fw.rodolfoarce.local dhclient[10762]: DHCPDISCOVER on vtnet0 to 255.255.255.255 port 67 interval 7
Jul  2 13:53:55 fw.rodolfoarce.local dhclient[10762]: DHCPDISCOVER on vtnet0 to 255.255.255.255 port 67 interval 9
Jul  2 13:54:00 fw.rodolfoarce.local /usr/sbin/cron[11111]: (root) CMD (/usr/sbin/newsyslog)
Jul  2 13:54:04 fw.rodolfoarce.local dhclient[10762]: DHCPDISCOVER on vtnet0 to 255.255.255.255 port 67 interval 8
Jul  2 13:54:12 fw.rodolfoarce.local dhclient[10762]: No DHCPOFFERS received.
Jul  2 13:54:12 fw.rodolfoarce.local dhclient[10762]: No working leases in persistent database - sleeping.
Jul  2 09:54:12 fw.rodolfoarce.local dhclient[11835]: FAIL
Jul  2 13:54:27 fw.rodolfoarce.local dhclient[10762]: DHCPDISCOVER on vtnet0 to 255.255.255.255 port 67 interval 1
Jul  2 13:54:28 fw.rodolfoarce.local dhclient[10762]: DHCPDISCOVER on vtnet0 to 255.255.255.255 port 67 interval 2
Jul  2 13:54:35 fw.rodolfoarce.local dhclient[10762]: message repeated 3 times: [ DHCPDISCOVER on vtnet0 to 255.255.255.255 port 67 interval 2]
Jul  2 13:54:36 fw.rodolfoarce.local dhcp6c[28115]: Sending Solicit
Jul  2 13:54:37 fw.rodolfoarce.local dhclient[10762]: DHCPDISCOVER on vtnet0 to 255.255.255.255 port 67 interval 5
Jul  2 13:54:42 fw.rodolfoarce.local dhclient[10762]: DHCPDISCOVER on vtnet0 to 255.255.255.255 port 67 interval 6
Jul  2 13:54:48 fw.rodolfoarce.local dhclient[10762]: DHCPDISCOVER on vtnet0 to 255.255.255.255 port 67 interval 14
Jul  2 13:55:00 fw.rodolfoarce.local /usr/sbin/cron[31075]: (root) CMD (/usr/libexec/atrun)
Jul  2 13:55:00 fw.rodolfoarce.local /usr/sbin/cron[30874]: (root) CMD (/usr/sbin/newsyslog)
Jul  2 13:55:02 fw.rodolfoarce.local dhclient[10762]: DHCPDISCOVER on vtnet0 to 255.255.255.255 port 67 interval 7
Jul  2 13:55:09 fw.rodolfoarce.local dhclient[10762]: DHCPDISCOVER on vtnet0 to 255.255.255.255 port 67 interval 7
Jul  2 13:55:16 fw.rodolfoarce.local dhclient[10762]: DHCPDISCOVER on vtnet0 to 255.255.255.255 port 67 interval 12
Jul  2 13:55:28 fw.rodolfoarce.local dhclient[10762]: No DHCPOFFERS received.
Jul  2 13:55:28 fw.rodolfoarce.local dhclient[10762]: No working leases in persistent database - sleeping.
Jul  2 09:55:28 fw.rodolfoarce.local dhclient[32030]: FAIL
Jul  2 13:55:43 fw.rodolfoarce.local dhclient[10762]: DHCPDISCOVER on vtnet0 to 255.255.255.255 port 67 interval 1
Jul  2 13:55:44 fw.rodolfoarce.local dhclient[10762]: DHCPDISCOVER on vtnet0 to 255.255.255.255 port 67 interval 1
Jul  2 13:55:45 fw.rodolfoarce.local dhclient[10762]: DHCPDISCOVER on vtnet0 to 255.255.255.255 port 67 interval 2
Jul  2 13:55:47 fw.rodolfoarce.local dhclient[10762]: DHCPDISCOVER on vtnet0 to 255.255.255.255 port 67 interval 2
Jul  2 13:55:49 fw.rodolfoarce.local dhclient[10762]: DHCPDISCOVER on vtnet0 to 255.255.255.255 port 67 interval 5
Jul  2 13:55:54 fw.rodolfoarce.local dhclient[10762]: DHCPDISCOVER on vtnet0 to 255.255.255.255 port 67 interval 13
Jul  2 13:56:00 fw.rodolfoarce.local /usr/sbin/cron[50678]: (root) CMD (/usr/sbin/newsyslog)
Jul  2 13:56:07 fw.rodolfoarce.local dhclient[10762]: DHCPDISCOVER on vtnet0 to 255.255.255.255 port 67 interval 16
Jul  2 13:56:23 fw.rodolfoarce.local dhclient[10762]: DHCPDISCOVER on vtnet0 to 255.255.255.255 port 67 interval 11
Jul  2 13:56:28 fw.rodolfoarce.local dhcp6c[28115]: Sending Solicit
Jul  2 13:56:34 fw.rodolfoarce.local dhclient[10762]: DHCPDISCOVER on vtnet0 to 255.255.255.255 port 67 interval 8
Jul  2 13:56:43 fw.rodolfoarce.local dhclient[10762]: DHCPDISCOVER on vtnet0 to 255.255.255.255 port 67 interval 1
Jul  2 13:56:44 fw.rodolfoarce.local dhclient[10762]: No DHCPOFFERS received.
Jul  2 13:56:44 fw.rodolfoarce.local dhclient[10762]: No working leases in persistent database - sleeping.
Jul  2 09:56:44 fw.rodolfoarce.local dhclient[69979]: FAIL
Jul  2 13:56:59 fw.rodolfoarce.local dhclient[10762]: DHCPDISCOVER on vtnet0 to 255.255.255.255 port 67 interval 2
Jul  2 13:57:00 fw.rodolfoarce.local /usr/sbin/cron[70641]: (root) CMD (/usr/sbin/newsyslog)
Jul  2 13:57:01 fw.rodolfoarce.local dhclient[10762]: DHCPDISCOVER on vtnet0 to 255.255.255.255 port 67 interval 5
Jul  2 13:57:06 fw.rodolfoarce.local dhclient[10762]: DHCPDISCOVER on vtnet0 to 255.255.255.255 port 67 interval 9
Jul  2 13:57:15 fw.rodolfoarce.local dhclient[10762]: DHCPDISCOVER on vtnet0 to 255.255.255.255 port 67 interval 11
Jul  2 13:57:26 fw.rodolfoarce.local dhclient[10762]: DHCPDISCOVER on vtnet0 to 255.255.255.255 port 67 interval 17
Jul  2 13:57:43 fw.rodolfoarce.local filterlog[32783]: 4,,,1000000103,vtnet0,match,block,in,4,0x0,,44,12765,0,DF,17,udp,73,167.235.193.35,10.255.255.1,43065,53,53
Jul  2 13:57:43 fw.rodolfoarce.local dhclient[10762]: DHCPDISCOVER on vtnet0 to 255.255.255.255 port 67 interval 17
Jul  2 13:58:00 fw.rodolfoarce.local /usr/sbin/cron[91218]: (root) CMD (/usr/sbin/newsyslog)
Jul  2 13:58:00 fw.rodolfoarce.local dhclient[10762]: No DHCPOFFERS received.
Jul  2 13:58:00 fw.rodolfoarce.local dhclient[10762]: No working leases in persistent database - sleeping.
Jul  2 09:58:00 fw.rodolfoarce.local dhclient[92169]: FAIL
Jul  2 13:58:15 fw.rodolfoarce.local dhclient[10762]: DHCPDISCOVER on vtnet0 to 255.255.255.255 port 67 interval 1
Jul  2 13:58:18 fw.rodolfoarce.local dhclient[10762]: message repeated 3 times: [ DHCPDISCOVER on vtnet0 to 255.255.255.255 port 67 interval 1]
Jul  2 13:58:19 fw.rodolfoarce.local dhclient[10762]: DHCPDISCOVER on vtnet0 to 255.255.255.255 port 67 interval 2
Jul  2 13:58:21 fw.rodolfoarce.local dhclient[10762]: DHCPDISCOVER on vtnet0 to 255.255.255.255 port 67 interval 3
Jul  2 13:58:22 fw.rodolfoarce.local filterlog[32783]: 4,,,1000000103,vtnet0,match,block,in,4,0x0,,45,32248,0,DF,17,udp,73,65.108.157.36,10.255.255.1,29410,53,53
Jul  2 13:58:22 fw.rodolfoarce.local dhcp6c[28115]: Sending Solicit
Jul  2 13:58:24 fw.rodolfoarce.local dhclient[10762]: DHCPDISCOVER on vtnet0 to 255.255.255.255 port 67 interval 4
Jul  2 13:58:28 fw.rodolfoarce.local dhclient[10762]: DHCPDISCOVER on vtnet0 to 255.255.255.255 port 67 interval 4
Jul  2 13:58:32 fw.rodolfoarce.local dhclient[10762]: DHCPDISCOVER on vtnet0 to 255.255.255.255 port 67 interval 5
Jul  2 13:58:37 fw.rodolfoarce.local dhclient[10762]: DHCPDISCOVER on vtnet0 to 255.255.255.255 port 67 interval 9
Jul  2 13:58:46 fw.rodolfoarce.local dhclient[10762]: DHCPDISCOVER on vtnet0 to 255.255.255.255 port 67 interval 16
Jul  2 13:59:00 fw.rodolfoarce.local /usr/sbin/cron[10028]: (root) CMD (/usr/sbin/newsyslog)
Jul  2 13:59:02 fw.rodolfoarce.local dhclient[10762]: DHCPDISCOVER on vtnet0 to 255.255.255.255 port 67 interval 7
Jul  2 13:59:09 fw.rodolfoarce.local dhclient[10762]: DHCPDISCOVER on vtnet0 to 255.255.255.255 port 67 interval 7
Jul  2 13:59:17 fw.rodolfoarce.local dhclient[10762]: No DHCPOFFERS received.
Jul  2 13:59:17 fw.rodolfoarce.local dhclient[10762]: No working leases in persistent database - sleeping.
Jul  2 09:59:17 fw.rodolfoarce.local dhclient[10914]: FAIL
Jul  2 13:59:32 fw.rodolfoarce.local dhclient[10762]: DHCPDISCOVER on vtnet0 to 255.255.255.255 port 67 interval 2
Jul  2 13:59:34 fw.rodolfoarce.local dhclient[10762]: DHCPDISCOVER on vtnet0 to 255.255.255.255 port 67 interval 5
Jul  2 13:59:39 fw.rodolfoarce.local dhclient[10762]: DHCPDISCOVER on vtnet0 to 255.255.255.255 port 67 interval 8
Jul  2 13:59:47 fw.rodolfoarce.local dhclient[10762]: DHCPDISCOVER on vtnet0 to 255.255.255.255 port 67 interval 11
Jul  2 13:59:58 fw.rodolfoarce.local dhclient[10762]: DHCPDISCOVER on vtnet0 to 255.255.255.255 port 67 interval 14
Jul  2 14:00:00 fw.rodolfoarce.local /usr/sbin/cron[30553]: (root) CMD (/usr/sbin/newsyslog)
Jul  2 14:00:00 fw.rodolfoarce.local /usr/sbin/cron[30545]: (root) CMD (/usr/bin/nice -n20 /usr/local/sbin/expiretable -v -t 3600 virusprot)
Jul  2 14:00:12 fw.rodolfoarce.local dhclient[10762]: DHCPDISCOVER on vtnet0 to 255.255.255.255 port 67 interval 21
Jul  2 14:00:16 fw.rodolfoarce.local dhcp6c[28115]: Sending Solicit
Jul  2 14:00:33 fw.rodolfoarce.local dhclient[10762]: No DHCPOFFERS received.
Jul  2 14:00:33 fw.rodolfoarce.local dhclient[10762]: No working leases in persistent database - sleeping.
Jul  2 10:00:33 fw.rodolfoarce.local dhclient[31163]: FAIL
Jul  2 14:00:48 fw.rodolfoarce.local dhclient[10762]: DHCPDISCOVER on vtnet0 to 255.255.255.255 port 67 interval 2
Jul  2 14:00:50 fw.rodolfoarce.local dhclient[10762]: DHCPDISCOVER on vtnet0 to 255.255.255.255 port 67 interval 2
Jul  2 14:00:52 fw.rodolfoarce.local dhclient[10762]: DHCPDISCOVER on vtnet0 to 255.255.255.255 port 67 interval 5
Jul  2 14:00:57 fw.rodolfoarce.local dhclient[10762]: DHCPDISCOVER on vtnet0 to 255.255.255.255 port 67 interval 11
Jul  2 14:01:00 fw.rodolfoarce.local /usr/sbin/cron[48377]: (root) CMD (/usr/sbin/newsyslog)
Jul  2 14:01:08 fw.rodolfoarce.local dhclient[10762]: DHCPDISCOVER on vtnet0 to 255.255.255.255 port 67 interval 13
Jul  2 14:01:17 fw.rodolfoarce.local filterlog[32783]: 4,,,1000000103,vtnet1,match,block,in,4,0x0,,63,59585,0,DF,6,tcp,76,10.1.1.4,172.67.157.37,55832,443,24,PA,4038391163:4038391187,821595823,501,,nop;nop;TS
Jul  2 14:01:17 fw.rodolfoarce.local filterlog[32783]: 4,,,1000000103,vtnet1,match,block,in,4,0x0,,63,59586,0,DF,6,tcp,52,10.1.1.4,172.67.157.37,55832,443,0,FA,4038391187,821595823,501,,nop;nop;TS
Jul  2 14:01:18 fw.rodolfoarce.local filterlog[32783]: 4,,,1000000103,vtnet1,match,block,in,4,0x0,,63,59587,0,DF,6,tcp,52,10.1.1.4,172.67.157.37,55832,443,0,FA,4038391187,821595823,501,,nop;nop;TS
Jul  2 14:01:18 fw.rodolfoarce.local filterlog[32783]: 4,,,1000000103,vtnet1,match,block,in,4,0x0,,63,59588,0,DF,6,tcp,76,10.1.1.4,172.67.157.37,55832,443,24,FPA,4038391163:4038391187,821595823,501,,nop;nop;TS
Jul  2 14:01:18 fw.rodolfoarce.local filterlog[32783]: 4,,,1000000103,vtnet1,match,block,in,4,0x0,,63,59589,0,DF,6,tcp,76,10.1.1.4,172.67.157.37,55832,443,24,FPA,4038391163:4038391187,821595823,501,,nop;nop;TS
Jul  2 14:01:19 fw.rodolfoarce.local filterlog[32783]: 4,,,1000000103,vtnet1,match,block,in,4,0x0,,63,59590,0,DF,6,tcp,76,10.1.1.4,172.67.157.37,55832,443,24,FPA,4038391163:4038391187,821595823,501,,nop;nop;TS
Jul  2 14:01:21 fw.rodolfoarce.local filterlog[32783]: 4,,,1000000103,vtnet1,match,block,in,4,0x0,,63,59591,0,DF,6,tcp,76,10.1.1.4,172.67.157.37,55832,443,24,FPA,4038391163:4038391187,821595823,501,,nop;nop;TS
Jul  2 14:01:22 fw.rodolfoarce.local dhclient[10762]: DHCPDISCOVER on vtnet0 to 255.255.255.255 port 67 interval 16
Jul  2 14:01:25 fw.rodolfoarce.local filterlog[32783]: 4,,,1000000103,vtnet1,match,block,in,4,0x0,,63,59592,0,DF,6,tcp,76,10.1.1.4,172.67.157.37,55832,443,24,FPA,4038391163:4038391187,821595823,501,,nop;nop;TS
Jul  2 14:01:32 fw.rodolfoarce.local filterlog[32783]: 4,,,1000000103,vtnet1,match,block,in,4,0x0,,63,59593,0,DF,6,tcp,76,10.1.1.4,172.67.157.37,55832,443,24,FPA,4038391163:4038391187,821595823,501,,nop;nop;TS
Jul  2 14:01:38 fw.rodolfoarce.local dhclient[10762]: DHCPDISCOVER on vtnet0 to 255.255.255.255 port 67 interval 11
Jul  2 14:01:45 fw.rodolfoarce.local filterlog[32783]: 4,,,1000000103,vtnet1,match,block,in,4,0x0,,63,59594,0,DF,6,tcp,76,10.1.1.4,172.67.157.37,55832,443,24,FPA,4038391163:4038391187,821595823,501,,nop;nop;TS
Jul  2 14:01:49 fw.rodolfoarce.local dhclient[10762]: No DHCPOFFERS received.
Jul  2 14:01:49 fw.rodolfoarce.local dhclient[10762]: No working leases in persistent database - sleeping.
Jul  2 10:01:49 fw.rodolfoarce.local dhclient[61083]: FAIL
Jul  2 14:02:00 fw.rodolfoarce.local /usr/sbin/cron[68432]: (root) CMD (/usr/sbin/newsyslog)
Jul  2 14:02:04 fw.rodolfoarce.local dhclient[10762]: DHCPDISCOVER on vtnet0 to 255.255.255.255 port 67 interval 2
Jul  2 14:02:06 fw.rodolfoarce.local dhclient[10762]: DHCPDISCOVER on vtnet0 to 255.255.255.255 port 67 interval 5
Jul  2 14:02:11 fw.rodolfoarce.local dhclient[10762]: DHCPDISCOVER on vtnet0 to 255.255.255.255 port 67 interval 14
Jul  2 14:02:13 fw.rodolfoarce.local filterlog[32783]: 4,,,1000000103,vtnet1,match,block,in,4,0x0,,63,59595,0,DF,6,tcp,76,10.1.1.4,172.67.157.37,55832,443,24,FPA,4038391163:4038391187,821595823,501,,nop;nop;TS
Jul  2 14:02:19 fw.rodolfoarce.local dhcp6c[28115]: Sending Solicit
Jul  2 14:02:25 fw.rodolfoarce.local dhclient[10762]: DHCPDISCOVER on vtnet0 to 255.255.255.255 port 67 interval 8
Jul  2 14:02:33 fw.rodolfoarce.local dhclient[10762]: DHCPDISCOVER on vtnet0 to 255.255.255.255 port 67 interval 8
Jul  2 14:02:41 fw.rodolfoarce.local dhclient[10762]: DHCPDISCOVER on vtnet0 to 255.255.255.255 port 67 interval 11
Jul  2 14:02:52 fw.rodolfoarce.local dhclient[10762]: DHCPDISCOVER on vtnet0 to 255.255.255.255 port 67 interval 13
Jul  2 14:03:00 fw.rodolfoarce.local /usr/sbin/cron[85585]: (root) CMD (/usr/sbin/newsyslog)
Jul  2 14:03:05 fw.rodolfoarce.local dhclient[10762]: No DHCPOFFERS received.
Jul  2 14:03:05 fw.rodolfoarce.local dhclient[10762]: No working leases in persistent database - sleeping.
Jul  2 10:03:05 fw.rodolfoarce.local dhclient[86559]: FAIL
Jul  2 14:03:20 fw.rodolfoarce.local dhclient[10762]: DHCPDISCOVER on vtnet0 to 255.255.255.255 port 67 interval 1
Jul  2 14:03:21 fw.rodolfoarce.local dhclient[10762]: DHCPDISCOVER on vtnet0 to 255.255.255.255 port 67 interval 1
Jul  2 14:03:23 fw.rodolfoarce.local dhclient[10762]: DHCPDISCOVER on vtnet0 to 255.255.255.255 port 67 interval 2
Jul  2 14:03:25 fw.rodolfoarce.local dhclient[10762]: DHCPDISCOVER on vtnet0 to 255.255.255.255 port 67 interval 5
Jul  2 14:03:30 fw.rodolfoarce.local dhclient[10762]: DHCPDISCOVER on vtnet0 to 255.255.255.255 port 67 interval 14
Jul  2 14:03:44 fw.rodolfoarce.local dhclient[10762]: DHCPDISCOVER on vtnet0 to 255.255.255.255 port 67 interval 20
Jul  2 14:04:00 fw.rodolfoarce.local /usr/sbin/cron[4463]: (root) CMD (/usr/sbin/newsyslog)
Jul  2 14:04:04 fw.rodolfoarce.local dhclient[10762]: DHCPDISCOVER on vtnet0 to 255.255.255.255 port 67 interval 17
Jul  2 14:04:21 fw.rodolfoarce.local dhclient[10762]: No DHCPOFFERS received.
Jul  2 14:04:21 fw.rodolfoarce.local dhclient[10762]: No working leases in persistent database - sleeping.
Jul  2 10:04:21 fw.rodolfoarce.local dhclient[5556]: FAIL
Jul  2 14:04:29 fw.rodolfoarce.local dhcp6c[28115]: Sending Solicit
Jul  2 14:04:36 fw.rodolfoarce.local dhclient[10762]: DHCPDISCOVER on vtnet0 to 255.255.255.255 port 67 interval 1
Jul  2 14:04:40 fw.rodolfoarce.local dhclient[10762]: message repeated 4 times: [ DHCPDISCOVER on vtnet0 to 255.255.255.255 port 67 interval 1]
Jul  2 14:04:41 fw.rodolfoarce.local dhclient[10762]: DHCPDISCOVER on vtnet0 to 255.255.255.255 port 67 interval 2
Jul  2 14:04:45 fw.rodolfoarce.local dhclient[10762]: message repeated 2 times: [ DHCPDISCOVER on vtnet0 to 255.255.255.255 port 67 interval 2]
Jul  2 14:04:47 fw.rodolfoarce.local dhclient[10762]: DHCPDISCOVER on vtnet0 to 255.255.255.255 port 67 interval 4
Jul  2 14:04:51 fw.rodolfoarce.local dhclient[10762]: DHCPDISCOVER on vtnet0 to 255.255.255.255 port 67 interval 10
Jul  2 14:05:00 fw.rodolfoarce.local /usr/sbin/cron[25764]: (root) CMD (/usr/libexec/atrun)
Jul  2 14:05:00 fw.rodolfoarce.local /usr/sbin/cron[25452]: (root) CMD (/usr/sbin/newsyslog)
Jul  2 14:05:02 fw.rodolfoarce.local dhclient[10762]: DHCPDISCOVER on vtnet0 to 255.255.255.255 port 67 interval 19
Jul  2 14:05:21 fw.rodolfoarce.local dhclient[10762]: DHCPDISCOVER on vtnet0 to 255.255.255.255 port 67 interval 16
Jul  2 14:05:37 fw.rodolfoarce.local dhclient[10762]: No DHCPOFFERS received.
Jul  2 14:05:37 fw.rodolfoarce.local dhclient[10762]: No working leases in persistent database - sleeping.
Jul  2 10:05:37 fw.rodolfoarce.local dhclient[26322]: FAIL
Jul  2 14:05:52 fw.rodolfoarce.local dhclient[10762]: DHCPDISCOVER on vtnet0 to 255.255.255.255 port 67 interval 2
Jul  2 14:05:54 fw.rodolfoarce.local dhclient[10762]: DHCPDISCOVER on vtnet0 to 255.255.255.255 port 67 interval 3
Jul  2 14:05:57 fw.rodolfoarce.local dhclient[10762]: DHCPDISCOVER on vtnet0 to 255.255.255.255 port 67 interval 4
Jul  2 14:06:00 fw.rodolfoarce.local /usr/sbin/cron[44807]: (root) CMD (/usr/sbin/newsyslog)
Jul  2 14:06:01 fw.rodolfoarce.local dhclient[10762]: DHCPDISCOVER on vtnet0 to 255.255.255.255 port 67 interval 7
Jul  2 14:06:08 fw.rodolfoarce.local dhclient[10762]: DHCPDISCOVER on vtnet0 to 255.255.255.255 port 67 interval 13
Jul  2 14:06:21 fw.rodolfoarce.local dhclient[10762]: DHCPDISCOVER on vtnet0 to 255.255.255.255 port 67 interval 17
Jul  2 14:06:29 fw.rodolfoarce.local dhcp6c[28115]: Sending Solicit
Jul  2 14:06:38 fw.rodolfoarce.local dhclient[10762]: DHCPDISCOVER on vtnet0 to 255.255.255.255 port 67 interval 10
Jul  2 14:06:48 fw.rodolfoarce.local dhclient[10762]: DHCPDISCOVER on vtnet0 to 255.255.255.255 port 67 interval 5
Jul  2 14:06:53 fw.rodolfoarce.local dhclient[10762]: No DHCPOFFERS received.
Jul  2 14:06:53 fw.rodolfoarce.local dhclient[10762]: No working leases in persistent database - sleeping.
Jul  2 10:06:53 fw.rodolfoarce.local dhclient[45620]: FAIL
Jul  2 14:07:00 fw.rodolfoarce.local /usr/sbin/cron[63215]: (root) CMD (/usr/sbin/newsyslog)
Jul  2 14:07:08 fw.rodolfoarce.local dhclient[10762]: DHCPDISCOVER on vtnet0 to 255.255.255.255 port 67 interval 2
Jul  2 14:07:11 fw.rodolfoarce.local dhclient[10762]: DHCPDISCOVER on vtnet0 to 255.255.255.255 port 67 interval 4
Jul  2 14:07:15 fw.rodolfoarce.local dhclient[10762]: DHCPDISCOVER on vtnet0 to 255.255.255.255 port 67 interval 7
Jul  2 14:07:22 fw.rodolfoarce.local dhclient[10762]: DHCPDISCOVER on vtnet0 to 255.255.255.255 port 67 interval 7
Jul  2 14:07:29 fw.rodolfoarce.local dhclient[10762]: DHCPDISCOVER on vtnet0 to 255.255.255.255 port 67 interval 12
Jul  2 14:07:41 fw.rodolfoarce.local dhclient[10762]: DHCPDISCOVER on vtnet0 to 255.255.255.255 port 67 interval 15
Jul  2 14:07:45 fw.rodolfoarce.local filterlog[32783]: 4,,,1000000103,vtnet0,match,block,in,4,0x0,,238,54321,0,none,6,tcp,40,52.249.38.135,10.255.255.1,45559,22,0,S,332884455,,65535,,
Jul  2 14:07:56 fw.rodolfoarce.local dhclient[10762]: DHCPDISCOVER on vtnet0 to 255.255.255.255 port 67 interval 13
Jul  2 14:08:00 fw.rodolfoarce.local /usr/sbin/cron[80811]: (root) CMD (/usr/sbin/newsyslog)
Jul  2 14:08:09 fw.rodolfoarce.local dhclient[10762]: No DHCPOFFERS received.
Jul  2 14:08:09 fw.rodolfoarce.local dhclient[10762]: No working leases in persistent database - sleeping.
Jul  2 10:08:09 fw.rodolfoarce.local dhclient[81528]: FAIL
Jul  2 14:08:23 fw.rodolfoarce.local dhcp6c[28115]: Sending Solicit
Jul  2 14:08:24 fw.rodolfoarce.local dhclient[10762]: DHCPDISCOVER on vtnet0 to 255.255.255.255 port 67 interval 1
Jul  2 14:08:25 fw.rodolfoarce.local dhclient[10762]: DHCPDISCOVER on vtnet0 to 255.255.255.255 port 67 interval 2
Jul  2 14:08:27 fw.rodolfoarce.local dhclient[10762]: DHCPDISCOVER on vtnet0 to 255.255.255.255 port 67 interval 4
Jul  2 14:08:31 fw.rodolfoarce.local filterlog[32783]: 4,,,1000000103,vtnet1,match,block,in,4,0x0,,64,28342,0,DF,6,tcp,76,10.1.1.3,172.67.157.37,56658,443,24,PA,510163700:510163724,2493051194,249,,nop;nop;TS
Jul  2 14:08:31 fw.rodolfoarce.local filterlog[32783]: 4,,,1000000103,vtnet1,match,block,in,4,0x0,,64,28343,0,DF,6,tcp,52,10.1.1.3,172.67.157.37,56658,443,0,FA,510163724,2493051194,249,,nop;nop;TS
Jul  2 14:08:31 fw.rodolfoarce.local filterlog[32783]: 4,,,1000000103,vtnet1,match,block,in,4,0x0,,64,28344,0,DF,6,tcp,52,10.1.1.3,172.67.157.37,56658,443,0,FA,510163724,2493051194,249,,nop;nop;TS
Jul  2 14:08:31 fw.rodolfoarce.local filterlog[32783]: 4,,,1000000103,vtnet1,match,block,in,4,0x0,,64,28345,0,DF,6,tcp,76,10.1.1.3,172.67.157.37,56658,443,24,FPA,510163700:510163724,2493051194,249,,nop;nop;TS
Jul  2 14:08:31 fw.rodolfoarce.local filterlog[32783]: 4,,,1000000103,vtnet1,match,block,in,4,0x0,,64,28346,0,DF,6,tcp,76,10.1.1.3,172.67.157.37,56658,443,24,FPA,510163700:510163724,2493051194,249,,nop;nop;TS
Jul  2 14:08:31 fw.rodolfoarce.local dhclient[10762]: DHCPDISCOVER on vtnet0 to 255.255.255.255 port 67 interval 4
Jul  2 14:08:32 fw.rodolfoarce.local filterlog[32783]: 4,,,1000000103,vtnet1,match,block,in,4,0x0,,64,28347,0,DF,6,tcp,76,10.1.1.3,172.67.157.37,56658,443,24,FPA,510163700:510163724,2493051194,249,,nop;nop;TS
Jul  2 14:08:34 fw.rodolfoarce.local filterlog[32783]: 4,,,1000000103,vtnet1,match,block,in,4,0x0,,64,28348,0,DF,6,tcp,76,10.1.1.3,172.67.157.37,56658,443,24,FPA,510163700:510163724,2493051194,249,,nop;nop;TS
Jul  2 14:08:35 fw.rodolfoarce.local dhclient[10762]: DHCPDISCOVER on vtnet0 to 255.255.255.255 port 67 interval 5
Jul  2 14:08:37 fw.rodolfoarce.local filterlog[32783]: 4,,,1000000103,vtnet1,match,block,in,4,0x0,,64,28349,0,DF,6,tcp,76,10.1.1.3,172.67.157.37,56658,443,24,FPA,510163700:510163724,2493051194,249,,nop;nop;TS
