Jul 10 05:43:16 fw.rodolfoarce.local dhclient[10762]: DHCPDISCOVER on vtnet0 to 255.255.255.255 port 67 interval 5
Jul 10 05:43:21 fw.rodolfoarce.local dhclient[10762]: DHCPDISCOVER on vtnet0 to 255.255.255.255 port 67 interval 8
Jul 10 05:43:29 fw.rodolfoarce.local dhclient[10762]: DHCPDISCOVER on vtnet0 to 255.255.255.255 port 67 interval 8
Jul 10 05:43:37 fw.rodolfoarce.local dhclient[10762]: DHCPDISCOVER on vtnet0 to 255.255.255.255 port 67 interval 14
Jul 10 05:43:51 fw.rodolfoarce.local dhclient[10762]: DHCPDISCOVER on vtnet0 to 255.255.255.255 port 67 interval 8
Jul 10 05:43:59 fw.rodolfoarce.local dhclient[10762]: DHCPDISCOVER on vtnet0 to 255.255.255.255 port 67 interval 10
Jul 10 05:44:00 fw.rodolfoarce.local /usr/sbin/cron[10352]: (root) CMD (/usr/sbin/newsyslog)
Jul 10 05:44:00 fw.rodolfoarce.local dhcp6c[28115]: Sending Solicit
Jul 10 05:44:09 fw.rodolfoarce.local dhclient[10762]: DHCPDISCOVER on vtnet0 to 255.255.255.255 port 67 interval 1
Jul 10 05:44:10 fw.rodolfoarce.local dhclient[10762]: No DHCPOFFERS received.
Jul 10 05:44:10 fw.rodolfoarce.local dhclient[10762]: No working leases in persistent database - sleeping.
Jul 10 01:44:10 fw.rodolfoarce.local dhclient[11035]: FAIL
Jul 10 05:44:25 fw.rodolfoarce.local dhclient[10762]: DHCPDISCOVER on vtnet0 to 255.255.255.255 port 67 interval 2
Jul 10 05:44:27 fw.rodolfoarce.local dhclient[10762]: DHCPDISCOVER on vtnet0 to 255.255.255.255 port 67 interval 3
Jul 10 05:44:30 fw.rodolfoarce.local dhclient[10762]: DHCPDISCOVER on vtnet0 to 255.255.255.255 port 67 interval 4
Jul 10 05:44:34 fw.rodolfoarce.local dhclient[10762]: DHCPDISCOVER on vtnet0 to 255.255.255.255 port 67 interval 6
Jul 10 05:44:41 fw.rodolfoarce.local dhclient[10762]: DHCPDISCOVER on vtnet0 to 255.255.255.255 port 67 interval 11
Jul 10 05:44:52 fw.rodolfoarce.local dhclient[10762]: DHCPDISCOVER on vtnet0 to 255.255.255.255 port 67 interval 17
Jul 10 05:45:00 fw.rodolfoarce.local /usr/sbin/cron[30007]: (root) CMD (/usr/libexec/atrun)
Jul 10 05:45:00 fw.rodolfoarce.local /usr/sbin/cron[29709]: (root) CMD (/usr/sbin/newsyslog)
Jul 10 05:45:09 fw.rodolfoarce.local dhclient[10762]: DHCPDISCOVER on vtnet0 to 255.255.255.255 port 67 interval 17
Jul 10 05:45:26 fw.rodolfoarce.local dhclient[10762]: No DHCPOFFERS received.
Jul 10 05:45:26 fw.rodolfoarce.local dhclient[10762]: No working leases in persistent database - sleeping.
Jul 10 01:45:26 fw.rodolfoarce.local dhclient[48319]: FAIL
Jul 10 05:45:40 fw.rodolfoarce.local filterlog[32783]: 4,,,1000000103,vtnet1,match,block,in,4,0x0,,64,54004,0,DF,6,tcp,76,10.1.1.3,172.67.157.37,50084,443,24,PA,1837885075:1837885099,3220790952,249,,nop;nop;TS
Jul 10 05:45:40 fw.rodolfoarce.local filterlog[32783]: 4,,,1000000103,vtnet1,match,block,in,4,0x0,,64,54005,0,DF,6,tcp,52,10.1.1.3,172.67.157.37,50084,443,0,FA,1837885099,3220790952,249,,nop;nop;TS
Jul 10 05:45:40 fw.rodolfoarce.local filterlog[32783]: 4,,,1000000103,vtnet1,match,block,in,4,0x0,,64,54006,0,DF,6,tcp,52,10.1.1.3,172.67.157.37,50084,443,0,FA,1837885099,3220790952,249,,nop;nop;TS
Jul 10 05:45:40 fw.rodolfoarce.local filterlog[32783]: 4,,,1000000103,vtnet1,match,block,in,4,0x0,,64,54007,0,DF,6,tcp,76,10.1.1.3,172.67.157.37,50084,443,24,FPA,1837885075:1837885099,3220790952,249,,nop;nop;TS
Jul 10 05:45:40 fw.rodolfoarce.local filterlog[32783]: 4,,,1000000103,vtnet1,match,block,in,4,0x0,,64,54008,0,DF,6,tcp,76,10.1.1.3,172.67.157.37,50084,443,24,FPA,1837885075:1837885099,3220790952,249,,nop;nop;TS
Jul 10 05:45:41 fw.rodolfoarce.local dhclient[10762]: DHCPDISCOVER on vtnet0 to 255.255.255.255 port 67 interval 1
Jul 10 05:45:41 fw.rodolfoarce.local filterlog[32783]: 4,,,1000000103,vtnet1,match,block,in,4,0x0,,64,54009,0,DF,6,tcp,76,10.1.1.3,172.67.157.37,50084,443,24,FPA,1837885075:1837885099,3220790952,249,,nop;nop;TS
Jul 10 05:45:42 fw.rodolfoarce.local dhclient[10762]: DHCPDISCOVER on vtnet0 to 255.255.255.255 port 67 interval 2
Jul 10 05:45:43 fw.rodolfoarce.local filterlog[32783]: 4,,,1000000103,vtnet1,match,block,in,4,0x0,,64,54010,0,DF,6,tcp,76,10.1.1.3,172.67.157.37,50084,443,24,FPA,1837885075:1837885099,3220790952,249,,nop;nop;TS
Jul 10 05:45:44 fw.rodolfoarce.local dhclient[10762]: DHCPDISCOVER on vtnet0 to 255.255.255.255 port 67 interval 5
Jul 10 05:45:46 fw.rodolfoarce.local filterlog[32783]: 4,,,1000000103,vtnet1,match,block,in,4,0x0,,64,54011,0,DF,6,tcp,76,10.1.1.3,172.67.157.37,50084,443,24,FPA,1837885075:1837885099,3220790952,249,,nop;nop;TS
Jul 10 05:45:49 fw.rodolfoarce.local dhclient[10762]: DHCPDISCOVER on vtnet0 to 255.255.255.255 port 67 interval 11
Jul 10 05:45:50 fw.rodolfoarce.local dhcp6c[28115]: Sending Solicit
Jul 10 05:45:53 fw.rodolfoarce.local filterlog[32783]: 4,,,1000000103,vtnet1,match,block,in,4,0x0,,64,54012,0,DF,6,tcp,76,10.1.1.3,172.67.157.37,50084,443,24,FPA,1837885075:1837885099,3220790952,249,,nop;nop;TS
Jul 10 05:46:00 fw.rodolfoarce.local /usr/sbin/cron[48845]: (root) CMD (/usr/sbin/newsyslog)
Jul 10 05:46:00 fw.rodolfoarce.local dhclient[10762]: DHCPDISCOVER on vtnet0 to 255.255.255.255 port 67 interval 14
Jul 10 05:46:08 fw.rodolfoarce.local filterlog[32783]: 4,,,1000000103,vtnet1,match,block,in,4,0x0,,64,54013,0,DF,6,tcp,76,10.1.1.3,172.67.157.37,50084,443,24,FPA,1837885075:1837885099,3220790952,249,,nop;nop;TS
Jul 10 05:46:14 fw.rodolfoarce.local dhclient[10762]: DHCPDISCOVER on vtnet0 to 255.255.255.255 port 67 interval 13
Jul 10 05:46:27 fw.rodolfoarce.local dhclient[10762]: DHCPDISCOVER on vtnet0 to 255.255.255.255 port 67 interval 10
Jul 10 05:46:34 fw.rodolfoarce.local filterlog[32783]: 4,,,1000000103,vtnet1,match,block,in,4,0x0,,64,54014,0,DF,6,tcp,76,10.1.1.3,172.67.157.37,50084,443,24,FPA,1837885075:1837885099,3220790952,249,,nop;nop;TS
Jul 10 05:46:37 fw.rodolfoarce.local dhclient[10762]: DHCPDISCOVER on vtnet0 to 255.255.255.255 port 67 interval 5
Jul 10 05:46:42 fw.rodolfoarce.local dhclient[10762]: No DHCPOFFERS received.
Jul 10 05:46:42 fw.rodolfoarce.local dhclient[10762]: No working leases in persistent database - sleeping.
Jul 10 01:46:42 fw.rodolfoarce.local dhclient[68515]: FAIL
Jul 10 05:46:57 fw.rodolfoarce.local dhclient[10762]: DHCPDISCOVER on vtnet0 to 255.255.255.255 port 67 interval 2
Jul 10 05:46:59 fw.rodolfoarce.local dhclient[10762]: DHCPDISCOVER on vtnet0 to 255.255.255.255 port 67 interval 2
Jul 10 05:47:00 fw.rodolfoarce.local /usr/sbin/cron[68902]: (root) CMD (/usr/sbin/newsyslog)
Jul 10 05:47:01 fw.rodolfoarce.local dhclient[10762]: DHCPDISCOVER on vtnet0 to 255.255.255.255 port 67 interval 3
Jul 10 05:47:05 fw.rodolfoarce.local dhclient[10762]: DHCPDISCOVER on vtnet0 to 255.255.255.255 port 67 interval 5
Jul 10 05:47:15 fw.rodolfoarce.local dhclient[10762]: message repeated 2 times: [ DHCPDISCOVER on vtnet0 to 255.255.255.255 port 67 interval 5]
Jul 10 05:47:20 fw.rodolfoarce.local dhclient[10762]: DHCPDISCOVER on vtnet0 to 255.255.255.255 port 67 interval 9
Jul 10 05:47:29 fw.rodolfoarce.local dhclient[10762]: DHCPDISCOVER on vtnet0 to 255.255.255.255 port 67 interval 15
Jul 10 05:47:40 fw.rodolfoarce.local dhcp6c[28115]: Sending Solicit
Jul 10 05:47:44 fw.rodolfoarce.local dhclient[10762]: DHCPDISCOVER on vtnet0 to 255.255.255.255 port 67 interval 14
Jul 10 05:47:58 fw.rodolfoarce.local dhclient[10762]: No DHCPOFFERS received.
Jul 10 05:47:58 fw.rodolfoarce.local dhclient[10762]: No working leases in persistent database - sleeping.
Jul 10 01:47:58 fw.rodolfoarce.local dhclient[87048]: FAIL
Jul 10 05:48:00 fw.rodolfoarce.local /usr/sbin/cron[87390]: (root) CMD (/usr/sbin/newsyslog)
Jul 10 05:48:13 fw.rodolfoarce.local dhclient[10762]: DHCPDISCOVER on vtnet0 to 255.255.255.255 port 67 interval 2
Jul 10 05:48:15 fw.rodolfoarce.local dhclient[10762]: DHCPDISCOVER on vtnet0 to 255.255.255.255 port 67 interval 5
Jul 10 05:48:20 fw.rodolfoarce.local dhclient[10762]: DHCPDISCOVER on vtnet0 to 255.255.255.255 port 67 interval 6
Jul 10 05:48:26 fw.rodolfoarce.local dhclient[10762]: DHCPDISCOVER on vtnet0 to 255.255.255.255 port 67 interval 6
Jul 10 05:48:32 fw.rodolfoarce.local dhclient[10762]: DHCPDISCOVER on vtnet0 to 255.255.255.255 port 67 interval 11
Jul 10 05:48:43 fw.rodolfoarce.local dhclient[10762]: DHCPDISCOVER on vtnet0 to 255.255.255.255 port 67 interval 14
Jul 10 05:48:57 fw.rodolfoarce.local dhclient[10762]: DHCPDISCOVER on vtnet0 to 255.255.255.255 port 67 interval 10
Jul 10 05:49:00 fw.rodolfoarce.local /usr/sbin/cron[6222]: (root) CMD (/usr/sbin/newsyslog)
Jul 10 05:49:07 fw.rodolfoarce.local dhclient[10762]: DHCPDISCOVER on vtnet0 to 255.255.255.255 port 67 interval 7
Jul 10 05:49:14 fw.rodolfoarce.local dhclient[10762]: No DHCPOFFERS received.
Jul 10 05:49:14 fw.rodolfoarce.local dhclient[10762]: No working leases in persistent database - sleeping.
Jul 10 01:49:14 fw.rodolfoarce.local dhclient[6877]: FAIL
Jul 10 05:49:29 fw.rodolfoarce.local dhclient[10762]: DHCPDISCOVER on vtnet0 to 255.255.255.255 port 67 interval 2
Jul 10 05:49:31 fw.rodolfoarce.local dhclient[10762]: DHCPDISCOVER on vtnet0 to 255.255.255.255 port 67 interval 3
Jul 10 05:49:34 fw.rodolfoarce.local dhclient[10762]: DHCPDISCOVER on vtnet0 to 255.255.255.255 port 67 interval 5
Jul 10 05:49:40 fw.rodolfoarce.local dhclient[10762]: DHCPDISCOVER on vtnet0 to 255.255.255.255 port 67 interval 5
Jul 10 05:49:45 fw.rodolfoarce.local dhclient[10762]: DHCPDISCOVER on vtnet0 to 255.255.255.255 port 67 interval 6
Jul 10 05:49:51 fw.rodolfoarce.local dhclient[10762]: DHCPDISCOVER on vtnet0 to 255.255.255.255 port 67 interval 7
Jul 10 05:49:52 fw.rodolfoarce.local dhcp6c[28115]: Sending Solicit
Jul 10 05:49:58 fw.rodolfoarce.local dhclient[10762]: DHCPDISCOVER on vtnet0 to 255.255.255.255 port 67 interval 8
Jul 10 05:50:00 fw.rodolfoarce.local /usr/sbin/cron[24721]: (root) CMD (/usr/libexec/atrun)
Jul 10 05:50:00 fw.rodolfoarce.local /usr/sbin/cron[24631]: (root) CMD (/usr/sbin/newsyslog)
Jul 10 05:50:06 fw.rodolfoarce.local dhclient[10762]: DHCPDISCOVER on vtnet0 to 255.255.255.255 port 67 interval 10
Jul 10 05:50:16 fw.rodolfoarce.local dhclient[10762]: DHCPDISCOVER on vtnet0 to 255.255.255.255 port 67 interval 11
Jul 10 05:50:27 fw.rodolfoarce.local dhclient[10762]: DHCPDISCOVER on vtnet0 to 255.255.255.255 port 67 interval 3
Jul 10 05:50:30 fw.rodolfoarce.local dhclient[10762]: No DHCPOFFERS received.
Jul 10 05:50:30 fw.rodolfoarce.local dhclient[10762]: No working leases in persistent database - sleeping.
Jul 10 01:50:30 fw.rodolfoarce.local dhclient[43582]: FAIL
Jul 10 05:50:45 fw.rodolfoarce.local dhclient[10762]: DHCPDISCOVER on vtnet0 to 255.255.255.255 port 67 interval 1
Jul 10 05:50:46 fw.rodolfoarce.local dhclient[10762]: DHCPDISCOVER on vtnet0 to 255.255.255.255 port 67 interval 2
Jul 10 05:50:48 fw.rodolfoarce.local dhclient[10762]: DHCPDISCOVER on vtnet0 to 255.255.255.255 port 67 interval 3
Jul 10 05:50:51 fw.rodolfoarce.local dhclient[10762]: DHCPDISCOVER on vtnet0 to 255.255.255.255 port 67 interval 7
Jul 10 05:50:58 fw.rodolfoarce.local dhclient[10762]: DHCPDISCOVER on vtnet0 to 255.255.255.255 port 67 interval 13
Jul 10 05:51:00 fw.rodolfoarce.local /usr/sbin/cron[44434]: (root) CMD (/usr/sbin/newsyslog)
Jul 10 05:51:11 fw.rodolfoarce.local dhclient[10762]: DHCPDISCOVER on vtnet0 to 255.255.255.255 port 67 interval 12
Jul 10 05:51:23 fw.rodolfoarce.local dhclient[10762]: DHCPDISCOVER on vtnet0 to 255.255.255.255 port 67 interval 15
Jul 10 05:51:38 fw.rodolfoarce.local dhclient[10762]: DHCPDISCOVER on vtnet0 to 255.255.255.255 port 67 interval 8
Jul 10 05:51:46 fw.rodolfoarce.local dhclient[10762]: No DHCPOFFERS received.
Jul 10 05:51:46 fw.rodolfoarce.local dhclient[10762]: No working leases in persistent database - sleeping.
Jul 10 01:51:46 fw.rodolfoarce.local dhclient[63096]: FAIL
Jul 10 05:51:50 fw.rodolfoarce.local dhcp6c[28115]: Sending Solicit
Jul 10 05:52:00 fw.rodolfoarce.local /usr/sbin/cron[63315]: (root) CMD (/usr/sbin/newsyslog)
Jul 10 05:52:01 fw.rodolfoarce.local dhclient[10762]: DHCPDISCOVER on vtnet0 to 255.255.255.255 port 67 interval 2
Jul 10 05:52:04 fw.rodolfoarce.local dhclient[10762]: DHCPDISCOVER on vtnet0 to 255.255.255.255 port 67 interval 3
Jul 10 05:52:07 fw.rodolfoarce.local dhclient[10762]: DHCPDISCOVER on vtnet0 to 255.255.255.255 port 67 interval 4
Jul 10 05:52:11 fw.rodolfoarce.local dhclient[10762]: DHCPDISCOVER on vtnet0 to 255.255.255.255 port 67 interval 5
Jul 10 05:52:16 fw.rodolfoarce.local dhclient[10762]: DHCPDISCOVER on vtnet0 to 255.255.255.255 port 67 interval 11
Jul 10 05:52:27 fw.rodolfoarce.local dhclient[10762]: DHCPDISCOVER on vtnet0 to 255.255.255.255 port 67 interval 15
Jul 10 05:52:42 fw.rodolfoarce.local dhclient[10762]: DHCPDISCOVER on vtnet0 to 255.255.255.255 port 67 interval 7
Jul 10 05:52:49 fw.rodolfoarce.local dhclient[10762]: DHCPDISCOVER on vtnet0 to 255.255.255.255 port 67 interval 13
Jul 10 05:53:00 fw.rodolfoarce.local /usr/sbin/cron[81919]: (root) CMD (/usr/sbin/newsyslog)
Jul 10 05:53:02 fw.rodolfoarce.local dhclient[10762]: No DHCPOFFERS received.
Jul 10 05:53:02 fw.rodolfoarce.local dhclient[10762]: No working leases in persistent database - sleeping.
Jul 10 01:53:02 fw.rodolfoarce.local dhclient[82767]: FAIL
Jul 10 05:53:17 fw.rodolfoarce.local dhclient[10762]: DHCPDISCOVER on vtnet0 to 255.255.255.255 port 67 interval 1
Jul 10 05:53:18 fw.rodolfoarce.local dhclient[10762]: DHCPDISCOVER on vtnet0 to 255.255.255.255 port 67 interval 1
Jul 10 05:53:19 fw.rodolfoarce.local dhclient[10762]: DHCPDISCOVER on vtnet0 to 255.255.255.255 port 67 interval 2
Jul 10 05:53:21 fw.rodolfoarce.local dhclient[10762]: DHCPDISCOVER on vtnet0 to 255.255.255.255 port 67 interval 4
Jul 10 05:53:25 fw.rodolfoarce.local dhclient[10762]: DHCPDISCOVER on vtnet0 to 255.255.255.255 port 67 interval 4
Jul 10 05:53:29 fw.rodolfoarce.local dhclient[10762]: DHCPDISCOVER on vtnet0 to 255.255.255.255 port 67 interval 5
Jul 10 05:53:34 fw.rodolfoarce.local dhclient[10762]: DHCPDISCOVER on vtnet0 to 255.255.255.255 port 67 interval 6
Jul 10 05:53:40 fw.rodolfoarce.local dhclient[10762]: DHCPDISCOVER on vtnet0 to 255.255.255.255 port 67 interval 15
Jul 10 05:53:52 fw.rodolfoarce.local dhcp6c[28115]: Sending Solicit
Jul 10 05:53:55 fw.rodolfoarce.local dhclient[10762]: DHCPDISCOVER on vtnet0 to 255.255.255.255 port 67 interval 7
Jul 10 05:54:00 fw.rodolfoarce.local /usr/sbin/cron[3131]: (root) CMD (/usr/sbin/newsyslog)
Jul 10 05:54:02 fw.rodolfoarce.local dhclient[10762]: DHCPDISCOVER on vtnet0 to 255.255.255.255 port 67 interval 16
Jul 10 05:54:19 fw.rodolfoarce.local dhclient[10762]: No DHCPOFFERS received.
Jul 10 05:54:19 fw.rodolfoarce.local dhclient[10762]: No working leases in persistent database - sleeping.
Jul 10 01:54:19 fw.rodolfoarce.local dhclient[4220]: FAIL
Jul 10 05:54:34 fw.rodolfoarce.local dhclient[10762]: DHCPDISCOVER on vtnet0 to 255.255.255.255 port 67 interval 2
Jul 10 05:54:36 fw.rodolfoarce.local dhclient[10762]: DHCPDISCOVER on vtnet0 to 255.255.255.255 port 67 interval 4
Jul 10 05:54:40 fw.rodolfoarce.local dhclient[10762]: DHCPDISCOVER on vtnet0 to 255.255.255.255 port 67 interval 11
Jul 10 05:54:51 fw.rodolfoarce.local dhclient[10762]: DHCPDISCOVER on vtnet0 to 255.255.255.255 port 67 interval 20
Jul 10 05:55:00 fw.rodolfoarce.local /usr/sbin/cron[23332]: (root) CMD (/usr/sbin/newsyslog)
Jul 10 05:55:00 fw.rodolfoarce.local /usr/sbin/cron[23623]: (root) CMD (/usr/libexec/atrun)
Jul 10 05:55:11 fw.rodolfoarce.local dhclient[10762]: DHCPDISCOVER on vtnet0 to 255.255.255.255 port 67 interval 9
Jul 10 05:55:20 fw.rodolfoarce.local dhclient[10762]: DHCPDISCOVER on vtnet0 to 255.255.255.255 port 67 interval 15
Jul 10 05:55:35 fw.rodolfoarce.local dhclient[10762]: No DHCPOFFERS received.
Jul 10 05:55:35 fw.rodolfoarce.local dhclient[10762]: No working leases in persistent database - sleeping.
Jul 10 01:55:35 fw.rodolfoarce.local dhclient[42785]: FAIL
Jul 10 05:55:47 fw.rodolfoarce.local dhcp6c[28115]: Sending Solicit
Jul 10 05:55:50 fw.rodolfoarce.local dhclient[10762]: DHCPDISCOVER on vtnet0 to 255.255.255.255 port 67 interval 1
Jul 10 05:55:51 fw.rodolfoarce.local dhclient[10762]: DHCPDISCOVER on vtnet0 to 255.255.255.255 port 67 interval 2
Jul 10 05:55:53 fw.rodolfoarce.local dhclient[10762]: DHCPDISCOVER on vtnet0 to 255.255.255.255 port 67 interval 5
Jul 10 05:55:58 fw.rodolfoarce.local dhclient[10762]: DHCPDISCOVER on vtnet0 to 255.255.255.255 port 67 interval 8
Jul 10 05:56:00 fw.rodolfoarce.local /usr/sbin/cron[44042]: (root) CMD (/usr/sbin/newsyslog)
Jul 10 05:56:06 fw.rodolfoarce.local dhclient[10762]: DHCPDISCOVER on vtnet0 to 255.255.255.255 port 67 interval 17
Jul 10 05:56:23 fw.rodolfoarce.local dhclient[10762]: DHCPDISCOVER on vtnet0 to 255.255.255.255 port 67 interval 16
Jul 10 05:56:39 fw.rodolfoarce.local dhclient[10762]: DHCPDISCOVER on vtnet0 to 255.255.255.255 port 67 interval 8
Jul 10 05:56:47 fw.rodolfoarce.local dhclient[10762]: DHCPDISCOVER on vtnet0 to 255.255.255.255 port 67 interval 4
Jul 10 05:56:51 fw.rodolfoarce.local dhclient[10762]: No DHCPOFFERS received.
Jul 10 05:56:51 fw.rodolfoarce.local dhclient[10762]: No working leases in persistent database - sleeping.
Jul 10 01:56:51 fw.rodolfoarce.local dhclient[62396]: FAIL
Jul 10 05:57:00 fw.rodolfoarce.local /usr/sbin/cron[62934]: (root) CMD (/usr/sbin/newsyslog)
Jul 10 05:57:06 fw.rodolfoarce.local dhclient[10762]: DHCPDISCOVER on vtnet0 to 255.255.255.255 port 67 interval 2
Jul 10 05:57:09 fw.rodolfoarce.local dhclient[10762]: DHCPDISCOVER on vtnet0 to 255.255.255.255 port 67 interval 2
Jul 10 05:57:11 fw.rodolfoarce.local dhclient[10762]: DHCPDISCOVER on vtnet0 to 255.255.255.255 port 67 interval 5
Jul 10 05:57:16 fw.rodolfoarce.local dhclient[10762]: DHCPDISCOVER on vtnet0 to 255.255.255.255 port 67 interval 11
Jul 10 05:57:27 fw.rodolfoarce.local dhclient[10762]: DHCPDISCOVER on vtnet0 to 255.255.255.255 port 67 interval 11
Jul 10 05:57:38 fw.rodolfoarce.local dhclient[10762]: DHCPDISCOVER on vtnet0 to 255.255.255.255 port 67 interval 21
Jul 10 05:57:47 fw.rodolfoarce.local dhcp6c[28115]: Sending Solicit
Jul 10 05:57:59 fw.rodolfoarce.local dhclient[10762]: DHCPDISCOVER on vtnet0 to 255.255.255.255 port 67 interval 8
Jul 10 05:58:00 fw.rodolfoarce.local /usr/sbin/cron[80697]: (root) CMD (/usr/sbin/newsyslog)
Jul 10 05:58:07 fw.rodolfoarce.local dhclient[10762]: No DHCPOFFERS received.
Jul 10 05:58:07 fw.rodolfoarce.local dhclient[10762]: No working leases in persistent database - sleeping.
Jul 10 01:58:07 fw.rodolfoarce.local dhclient[81797]: FAIL
Jul 10 05:58:22 fw.rodolfoarce.local dhclient[10762]: DHCPDISCOVER on vtnet0 to 255.255.255.255 port 67 interval 2
Jul 10 05:58:24 fw.rodolfoarce.local dhclient[10762]: DHCPDISCOVER on vtnet0 to 255.255.255.255 port 67 interval 3
Jul 10 05:58:30 fw.rodolfoarce.local dhclient[10762]: message repeated 2 times: [ DHCPDISCOVER on vtnet0 to 255.255.255.255 port 67 interval 3]
Jul 10 05:58:33 fw.rodolfoarce.local dhclient[10762]: DHCPDISCOVER on vtnet0 to 255.255.255.255 port 67 interval 6
Jul 10 05:58:39 fw.rodolfoarce.local dhclient[10762]: DHCPDISCOVER on vtnet0 to 255.255.255.255 port 67 interval 14
Jul 10 05:58:48 fw.rodolfoarce.local filterlog[32783]: 4,,,1000000103,vtnet0,match,block,in,4,0x0,,240,54321,0,none,17,udp,70,122.228.23.224,10.255.255.1,10311,53,50
Jul 10 05:58:54 fw.rodolfoarce.local dhclient[10762]: DHCPDISCOVER on vtnet0 to 255.255.255.255 port 67 interval 21
Jul 10 05:59:00 fw.rodolfoarce.local /usr/sbin/cron[775]: (root) CMD (/usr/sbin/newsyslog)
Jul 10 05:59:15 fw.rodolfoarce.local dhclient[10762]: DHCPDISCOVER on vtnet0 to 255.255.255.255 port 67 interval 8
Jul 10 05:59:23 fw.rodolfoarce.local dhclient[10762]: No DHCPOFFERS received.
Jul 10 05:59:23 fw.rodolfoarce.local dhclient[10762]: No working leases in persistent database - sleeping.
Jul 10 01:59:23 fw.rodolfoarce.local dhclient[1556]: FAIL
Jul 10 05:59:38 fw.rodolfoarce.local dhclient[10762]: DHCPDISCOVER on vtnet0 to 255.255.255.255 port 67 interval 1
Jul 10 05:59:40 fw.rodolfoarce.local dhclient[10762]: message repeated 2 times: [ DHCPDISCOVER on vtnet0 to 255.255.255.255 port 67 interval 1]
Jul 10 05:59:40 fw.rodolfoarce.local dhcp6c[28115]: Sending Solicit
Jul 10 05:59:41 fw.rodolfoarce.local dhclient[10762]: DHCPDISCOVER on vtnet0 to 255.255.255.255 port 67 interval 2
Jul 10 05:59:47 fw.rodolfoarce.local dhclient[10762]: message repeated 3 times: [ DHCPDISCOVER on vtnet0 to 255.255.255.255 port 67 interval 2]
Jul 10 05:59:49 fw.rodolfoarce.local dhclient[10762]: DHCPDISCOVER on vtnet0 to 255.255.255.255 port 67 interval 3
Jul 10 05:59:52 fw.rodolfoarce.local dhclient[10762]: DHCPDISCOVER on vtnet0 to 255.255.255.255 port 67 interval 8
Jul 10 06:00:00 fw.rodolfoarce.local /usr/sbin/cron[19189]: (root) CMD (/usr/bin/nice -n20 /usr/local/sbin/expiretable -v -t 3600 virusprot)
Jul 10 06:00:00 fw.rodolfoarce.local /usr/sbin/cron[19281]: (root) CMD (/usr/sbin/newsyslog)
Jul 10 06:00:00 fw.rodolfoarce.local /usr/sbin/cron[19452]: (root) CMD (/usr/libexec/atrun)
Jul 10 06:00:00 fw.rodolfoarce.local dhclient[10762]: DHCPDISCOVER on vtnet0 to 255.255.255.255 port 67 interval 11
Jul 10 06:00:11 fw.rodolfoarce.local dhclient[10762]: DHCPDISCOVER on vtnet0 to 255.255.255.255 port 67 interval 13
Jul 10 06:00:24 fw.rodolfoarce.local dhclient[10762]: DHCPDISCOVER on vtnet0 to 255.255.255.255 port 67 interval 9
Jul 10 06:00:33 fw.rodolfoarce.local dhclient[10762]: DHCPDISCOVER on vtnet0 to 255.255.255.255 port 67 interval 6
Jul 10 06:00:39 fw.rodolfoarce.local dhclient[10762]: No DHCPOFFERS received.
Jul 10 06:00:39 fw.rodolfoarce.local dhclient[10762]: No working leases in persistent database - sleeping.
Jul 10 02:00:39 fw.rodolfoarce.local dhclient[38375]: FAIL
Jul 10 06:00:54 fw.rodolfoarce.local dhclient[10762]: DHCPDISCOVER on vtnet0 to 255.255.255.255 port 67 interval 2
Jul 10 06:00:57 fw.rodolfoarce.local dhclient[10762]: DHCPDISCOVER on vtnet0 to 255.255.255.255 port 67 interval 4
Jul 10 06:01:00 fw.rodolfoarce.local /usr/sbin/cron[38734]: (root) CMD (/usr/sbin/newsyslog)
Jul 10 06:01:01 fw.rodolfoarce.local dhclient[10762]: DHCPDISCOVER on vtnet0 to 255.255.255.255 port 67 interval 7
Jul 10 06:01:08 fw.rodolfoarce.local dhclient[10762]: DHCPDISCOVER on vtnet0 to 255.255.255.255 port 67 interval 14
Jul 10 06:01:22 fw.rodolfoarce.local dhclient[10762]: DHCPDISCOVER on vtnet0 to 255.255.255.255 port 67 interval 20
Jul 10 06:01:31 fw.rodolfoarce.local dhcp6c[28115]: Sending Solicit
Jul 10 06:01:42 fw.rodolfoarce.local dhclient[10762]: DHCPDISCOVER on vtnet0 to 255.255.255.255 port 67 interval 13
Jul 10 06:01:55 fw.rodolfoarce.local dhclient[10762]: No DHCPOFFERS received.
Jul 10 06:01:55 fw.rodolfoarce.local dhclient[10762]: No working leases in persistent database - sleeping.
Jul 10 02:01:55 fw.rodolfoarce.local dhclient[57315]: FAIL
Jul 10 06:02:00 fw.rodolfoarce.local /usr/sbin/cron[57822]: (root) CMD (/usr/sbin/newsyslog)
Jul 10 06:02:10 fw.rodolfoarce.local dhclient[10762]: DHCPDISCOVER on vtnet0 to 255.255.255.255 port 67 interval 1
Jul 10 06:02:13 fw.rodolfoarce.local dhclient[10762]: message repeated 3 times: [ DHCPDISCOVER on vtnet0 to 255.255.255.255 port 67 interval 1]
Jul 10 06:02:14 fw.rodolfoarce.local dhclient[10762]: DHCPDISCOVER on vtnet0 to 255.255.255.255 port 67 interval 2
Jul 10 06:02:16 fw.rodolfoarce.local dhclient[10762]: DHCPDISCOVER on vtnet0 to 255.255.255.255 port 67 interval 3
Jul 10 06:02:19 fw.rodolfoarce.local dhclient[10762]: DHCPDISCOVER on vtnet0 to 255.255.255.255 port 67 interval 5
Jul 10 06:02:24 fw.rodolfoarce.local dhclient[10762]: DHCPDISCOVER on vtnet0 to 255.255.255.255 port 67 interval 14
Jul 10 06:02:39 fw.rodolfoarce.local dhclient[10762]: DHCPDISCOVER on vtnet0 to 255.255.255.255 port 67 interval 21
Jul 10 06:03:00 fw.rodolfoarce.local dhclient[10762]: DHCPDISCOVER on vtnet0 to 255.255.255.255 port 67 interval 10
Jul 10 06:03:00 fw.rodolfoarce.local /usr/sbin/cron[76211]: (root) CMD (/usr/sbin/newsyslog)
Jul 10 06:03:10 fw.rodolfoarce.local dhclient[10762]: DHCPDISCOVER on vtnet0 to 255.255.255.255 port 67 interval 1
Jul 10 06:03:11 fw.rodolfoarce.local dhclient[10762]: No DHCPOFFERS received.
Jul 10 06:03:11 fw.rodolfoarce.local dhclient[10762]: No working leases in persistent database - sleeping.
Jul 10 02:03:11 fw.rodolfoarce.local dhclient[76615]: FAIL
Jul 10 06:03:17 fw.rodolfoarce.local filterlog[32783]: 4,,,1000000103,vtnet0,match,block,in,4,0x0,,237,41405,0,none,6,tcp,40,45.156.128.56,10.255.255.1,20535,53,0,S,3251604986,,1024,,
Jul 10 06:03:26 fw.rodolfoarce.local dhclient[10762]: DHCPDISCOVER on vtnet0 to 255.255.255.255 port 67 interval 2
Jul 10 06:03:28 fw.rodolfoarce.local dhclient[10762]: DHCPDISCOVER on vtnet0 to 255.255.255.255 port 67 interval 3
Jul 10 06:03:31 fw.rodolfoarce.local dhclient[10762]: DHCPDISCOVER on vtnet0 to 255.255.255.255 port 67 interval 6
Jul 10 06:03:37 fw.rodolfoarce.local dhclient[10762]: DHCPDISCOVER on vtnet0 to 255.255.255.255 port 67 interval 15
Jul 10 06:03:38 fw.rodolfoarce.local dhcp6c[28115]: Sending Solicit
Jul 10 06:03:52 fw.rodolfoarce.local dhclient[10762]: DHCPDISCOVER on vtnet0 to 255.255.255.255 port 67 interval 16
Jul 10 06:04:00 fw.rodolfoarce.local /usr/sbin/cron[94569]: (root) CMD (/usr/sbin/newsyslog)
Jul 10 06:04:08 fw.rodolfoarce.local dhclient[10762]: DHCPDISCOVER on vtnet0 to 255.255.255.255 port 67 interval 18
Jul 10 06:04:26 fw.rodolfoarce.local dhclient[10762]: DHCPDISCOVER on vtnet0 to 255.255.255.255 port 67 interval 1
Jul 10 06:04:27 fw.rodolfoarce.local dhclient[10762]: No DHCPOFFERS received.
Jul 10 06:04:27 fw.rodolfoarce.local dhclient[10762]: No working leases in persistent database - sleeping.
Jul 10 02:04:27 fw.rodolfoarce.local dhclient[95375]: FAIL
Jul 10 06:04:42 fw.rodolfoarce.local dhclient[10762]: DHCPDISCOVER on vtnet0 to 255.255.255.255 port 67 interval 2
Jul 10 06:04:44 fw.rodolfoarce.local dhclient[10762]: DHCPDISCOVER on vtnet0 to 255.255.255.255 port 67 interval 2
Jul 10 06:04:47 fw.rodolfoarce.local dhclient[10762]: DHCPDISCOVER on vtnet0 to 255.255.255.255 port 67 interval 5
Jul 10 06:04:52 fw.rodolfoarce.local dhclient[10762]: DHCPDISCOVER on vtnet0 to 255.255.255.255 port 67 interval 12
Jul 10 06:05:00 fw.rodolfoarce.local /usr/sbin/cron[12816]: (root) CMD (/usr/libexec/atrun)
Jul 10 06:05:00 fw.rodolfoarce.local /usr/sbin/cron[12749]: (root) CMD (/usr/sbin/newsyslog)
Jul 10 06:05:04 fw.rodolfoarce.local dhclient[10762]: DHCPDISCOVER on vtnet0 to 255.255.255.255 port 67 interval 20
Jul 10 06:05:24 fw.rodolfoarce.local dhclient[10762]: DHCPDISCOVER on vtnet0 to 255.255.255.255 port 67 interval 9
Jul 10 06:05:27 fw.rodolfoarce.local dhcp6c[28115]: Sending Solicit
Jul 10 06:05:33 fw.rodolfoarce.local dhclient[10762]: DHCPDISCOVER on vtnet0 to 255.255.255.255 port 67 interval 9
Jul 10 06:05:42 fw.rodolfoarce.local dhclient[10762]: DHCPDISCOVER on vtnet0 to 255.255.255.255 port 67 interval 1
Jul 10 06:05:43 fw.rodolfoarce.local dhclient[10762]: No DHCPOFFERS received.
Jul 10 06:05:43 fw.rodolfoarce.local dhclient[10762]: No working leases in persistent database - sleeping.
Jul 10 02:05:43 fw.rodolfoarce.local dhclient[26257]: FAIL
Jul 10 06:05:58 fw.rodolfoarce.local dhclient[10762]: DHCPDISCOVER on vtnet0 to 255.255.255.255 port 67 interval 2
Jul 10 06:06:00 fw.rodolfoarce.local /usr/sbin/cron[34103]: (root) CMD (/usr/sbin/newsyslog)
Jul 10 06:06:00 fw.rodolfoarce.local dhclient[10762]: DHCPDISCOVER on vtnet0 to 255.255.255.255 port 67 interval 4
Jul 10 06:06:04 fw.rodolfoarce.local dhclient[10762]: DHCPDISCOVER on vtnet0 to 255.255.255.255 port 67 interval 5
Jul 10 06:06:09 fw.rodolfoarce.local dhclient[10762]: DHCPDISCOVER on vtnet0 to 255.255.255.255 port 67 interval 11
Jul 10 06:06:20 fw.rodolfoarce.local dhclient[10762]: DHCPDISCOVER on vtnet0 to 255.255.255.255 port 67 interval 21
Jul 10 06:06:27 fw.rodolfoarce.local filterlog[32783]: 4,,,1000000103,vtnet0,match,block,in,4,0x0,,46,27528,0,DF,17,udp,75,207.154.221.51,10.255.255.1,39828,53,55
Jul 10 06:06:27 fw.rodolfoarce.local filterlog[32783]: 4,,,1000000103,vtnet0,match,block,in,4,0x0,,46,29426,0,DF,17,udp,71,139.59.150.249,10.255.255.1,20614,53,51
Jul 10 06:06:41 fw.rodolfoarce.local dhclient[10762]: DHCPDISCOVER on vtnet0 to 255.255.255.255 port 67 interval 14
Jul 10 06:06:55 fw.rodolfoarce.local dhclient[10762]: DHCPDISCOVER on vtnet0 to 255.255.255.255 port 67 interval 4
Jul 10 06:06:59 fw.rodolfoarce.local dhclient[10762]: No DHCPOFFERS received.
Jul 10 06:06:59 fw.rodolfoarce.local dhclient[10762]: No working leases in persistent database - sleeping.
Jul 10 02:06:59 fw.rodolfoarce.local dhclient[51451]: FAIL
Jul 10 06:07:00 fw.rodolfoarce.local /usr/sbin/cron[51904]: (root) CMD (/usr/sbin/newsyslog)
Jul 10 06:07:15 fw.rodolfoarce.local dhclient[10762]: DHCPDISCOVER on vtnet0 to 255.255.255.255 port 67 interval 2
Jul 10 06:07:17 fw.rodolfoarce.local dhclient[10762]: DHCPDISCOVER on vtnet0 to 255.255.255.255 port 67 interval 5
Jul 10 06:07:19 fw.rodolfoarce.local dhcp6c[28115]: Sending Solicit
Jul 10 06:07:22 fw.rodolfoarce.local dhclient[10762]: DHCPDISCOVER on vtnet0 to 255.255.255.255 port 67 interval 10
Jul 10 06:07:32 fw.rodolfoarce.local dhclient[10762]: DHCPDISCOVER on vtnet0 to 255.255.255.255 port 67 interval 11
Jul 10 06:07:43 fw.rodolfoarce.local dhclient[10762]: DHCPDISCOVER on vtnet0 to 255.255.255.255 port 67 interval 19
Jul 10 06:08:00 fw.rodolfoarce.local /usr/sbin/cron[69603]: (root) CMD (/usr/sbin/newsyslog)
Jul 10 06:08:02 fw.rodolfoarce.local dhclient[10762]: DHCPDISCOVER on vtnet0 to 255.255.255.255 port 67 interval 14
Jul 10 06:08:16 fw.rodolfoarce.local dhclient[10762]: No DHCPOFFERS received.
Jul 10 06:08:16 fw.rodolfoarce.local dhclient[10762]: No working leases in persistent database - sleeping.
Jul 10 02:08:16 fw.rodolfoarce.local dhclient[70535]: FAIL
Jul 10 06:08:31 fw.rodolfoarce.local dhclient[10762]: DHCPDISCOVER on vtnet0 to 255.255.255.255 port 67 interval 1
Jul 10 06:08:32 fw.rodolfoarce.local dhclient[10762]: DHCPDISCOVER on vtnet0 to 255.255.255.255 port 67 interval 2
Jul 10 06:08:34 fw.rodolfoarce.local dhclient[10762]: DHCPDISCOVER on vtnet0 to 255.255.255.255 port 67 interval 3
Jul 10 06:08:37 fw.rodolfoarce.local dhclient[10762]: DHCPDISCOVER on vtnet0 to 255.255.255.255 port 67 interval 6
Jul 10 06:08:42 fw.rodolfoarce.local filterlog[32783]: 4,,,1000000103,vtnet0,match,block,in,4,0x0,,41,50967,0,DF,6,tcp,60,149.129.249.160,10.255.255.1,44462,22,0,S,537329374,,29200,,mss;sackOK;TS;nop;wscale
Jul 10 06:08:43 fw.rodolfoarce.local filterlog[32783]: 4,,,1000000103,vtnet0,match,block,in,4,0x0,,41,50968,0,DF,6,tcp,60,149.129.249.160,10.255.255.1,44462,22,0,S,537329374,,29200,,mss;sackOK;TS;nop;wscale
Jul 10 06:08:43 fw.rodolfoarce.local dhclient[10762]: DHCPDISCOVER on vtnet0 to 255.255.255.255 port 67 interval 12
Jul 10 06:08:45 fw.rodolfoarce.local filterlog[32783]: 4,,,1000000103,vtnet0,match,block,in,4,0x0,,41,50969,0,DF,6,tcp,60,149.129.249.160,10.255.255.1,44462,22,0,S,537329374,,29200,,mss;sackOK;TS;nop;wscale
Jul 10 06:08:50 fw.rodolfoarce.local filterlog[32783]: 4,,,1000000103,vtnet0,match,block,in,4,0x0,,41,50970,0,DF,6,tcp,60,149.129.249.160,10.255.255.1,44462,22,0,S,537329374,,29200,,mss;sackOK;TS;nop;wscale
Jul 10 06:08:55 fw.rodolfoarce.local dhclient[10762]: DHCPDISCOVER on vtnet0 to 255.255.255.255 port 67 interval 20
Jul 10 06:09:00 fw.rodolfoarce.local /usr/sbin/cron[88581]: (root) CMD (/usr/sbin/newsyslog)
Jul 10 02:09:00 fw.rodolfoarce.local syslogd: restart
Jul 10 02:09:00 fw.rodolfoarce.local sshguard[73499]: Exiting on signal.
Jul 10 02:09:00 fw.rodolfoarce.local sshguard[89974]: Now monitoring attacks.
Jul 10 06:09:16 fw.rodolfoarce.local dhclient[10762]: DHCPDISCOVER on vtnet0 to 255.255.255.255 port 67 interval 15
Jul 10 06:09:21 fw.rodolfoarce.local dhcp6c[28115]: Sending Solicit
Jul 10 06:09:31 fw.rodolfoarce.local dhclient[10762]: DHCPDISCOVER on vtnet0 to 255.255.255.255 port 67 interval 1
Jul 10 06:09:32 fw.rodolfoarce.local dhclient[10762]: No DHCPOFFERS received.
Jul 10 06:09:32 fw.rodolfoarce.local dhclient[10762]: No working leases in persistent database - sleeping.
Jul 10 02:09:32 fw.rodolfoarce.local dhclient[91569]: FAIL
Jul 10 06:09:47 fw.rodolfoarce.local dhclient[10762]: DHCPDISCOVER on vtnet0 to 255.255.255.255 port 67 interval 1
Jul 10 06:09:48 fw.rodolfoarce.local dhclient[10762]: DHCPDISCOVER on vtnet0 to 255.255.255.255 port 67 interval 2
Jul 10 06:09:50 fw.rodolfoarce.local dhclient[10762]: DHCPDISCOVER on vtnet0 to 255.255.255.255 port 67 interval 4
Jul 10 06:09:54 fw.rodolfoarce.local dhclient[10762]: DHCPDISCOVER on vtnet0 to 255.255.255.255 port 67 interval 7
Jul 10 06:10:00 fw.rodolfoarce.local /usr/sbin/cron[10850]: (root) CMD (/usr/libexec/atrun)
Jul 10 06:10:00 fw.rodolfoarce.local /usr/sbin/cron[10724]: (root) CMD (/usr/sbin/newsyslog)
Jul 10 06:10:01 fw.rodolfoarce.local dhclient[10762]: DHCPDISCOVER on vtnet0 to 255.255.255.255 port 67 interval 12
Jul 10 06:10:13 fw.rodolfoarce.local dhclient[10762]: DHCPDISCOVER on vtnet0 to 255.255.255.255 port 67 interval 21
Jul 10 06:10:34 fw.rodolfoarce.local dhclient[10762]: DHCPDISCOVER on vtnet0 to 255.255.255.255 port 67 interval 14
Jul 10 06:10:48 fw.rodolfoarce.local dhclient[10762]: No DHCPOFFERS received.
Jul 10 06:10:48 fw.rodolfoarce.local dhclient[10762]: No working leases in persistent database - sleeping.
Jul 10 02:10:48 fw.rodolfoarce.local dhclient[11932]: FAIL
Jul 10 06:11:00 fw.rodolfoarce.local /usr/sbin/cron[31936]: (root) CMD (/usr/sbin/newsyslog)
Jul 10 06:11:03 fw.rodolfoarce.local dhclient[10762]: DHCPDISCOVER on vtnet0 to 255.255.255.255 port 67 interval 1
Jul 10 06:11:07 fw.rodolfoarce.local dhclient[10762]: message repeated 3 times: [ DHCPDISCOVER on vtnet0 to 255.255.255.255 port 67 interval 1]
Jul 10 06:11:08 fw.rodolfoarce.local dhclient[10762]: DHCPDISCOVER on vtnet0 to 255.255.255.255 port 67 interval 2
Jul 10 06:11:10 fw.rodolfoarce.local dhclient[10762]: DHCPDISCOVER on vtnet0 to 255.255.255.255 port 67 interval 5
Jul 10 06:11:15 fw.rodolfoarce.local dhclient[10762]: DHCPDISCOVER on vtnet0 to 255.255.255.255 port 67 interval 6
Jul 10 06:11:21 fw.rodolfoarce.local dhclient[10762]: DHCPDISCOVER on vtnet0 to 255.255.255.255 port 67 interval 13
Jul 10 06:11:28 fw.rodolfoarce.local dhcp6c[28115]: Sending Solicit
Jul 10 06:11:34 fw.rodolfoarce.local dhclient[10762]: DHCPDISCOVER on vtnet0 to 255.255.255.255 port 67 interval 19
Jul 10 06:11:53 fw.rodolfoarce.local dhclient[10762]: DHCPDISCOVER on vtnet0 to 255.255.255.255 port 67 interval 11
Jul 10 06:12:00 fw.rodolfoarce.local /usr/sbin/cron[52542]: (root) CMD (/usr/sbin/newsyslog)
Jul 10 06:12:04 fw.rodolfoarce.local dhclient[10762]: No DHCPOFFERS received.
Jul 10 06:12:04 fw.rodolfoarce.local dhclient[10762]: No working leases in persistent database - sleeping.
Jul 10 02:12:04 fw.rodolfoarce.local dhclient[53713]: FAIL
Jul 10 06:12:19 fw.rodolfoarce.local dhclient[10762]: DHCPDISCOVER on vtnet0 to 255.255.255.255 port 67 interval 1
Jul 10 06:12:20 fw.rodolfoarce.local dhclient[10762]: DHCPDISCOVER on vtnet0 to 255.255.255.255 port 67 interval 1
Jul 10 06:12:21 fw.rodolfoarce.local dhclient[10762]: DHCPDISCOVER on vtnet0 to 255.255.255.255 port 67 interval 2
Jul 10 06:12:23 fw.rodolfoarce.local dhclient[10762]: DHCPDISCOVER on vtnet0 to 255.255.255.255 port 67 interval 5
Jul 10 06:12:28 fw.rodolfoarce.local dhclient[10762]: DHCPDISCOVER on vtnet0 to 255.255.255.255 port 67 interval 14
Jul 10 06:12:42 fw.rodolfoarce.local dhclient[10762]: DHCPDISCOVER on vtnet0 to 255.255.255.255 port 67 interval 11
Jul 10 06:12:53 fw.rodolfoarce.local dhclient[10762]: DHCPDISCOVER on vtnet0 to 255.255.255.255 port 67 interval 9
Jul 10 06:13:00 fw.rodolfoarce.local /usr/sbin/cron[72168]: (root) CMD (/usr/sbin/newsyslog)
Jul 10 06:13:02 fw.rodolfoarce.local dhclient[10762]: DHCPDISCOVER on vtnet0 to 255.255.255.255 port 67 interval 18
Jul 10 06:13:18 fw.rodolfoarce.local filterlog[32783]: 4,,,1000000103,vtnet0,match,block,in,4,0x0,,46,10759,0,DF,17,udp,71,207.154.221.51,10.255.255.1,36992,53,51
Jul 10 06:13:18 fw.rodolfoarce.local filterlog[32783]: 4,,,1000000103,vtnet0,match,block,in,4,0x0,,46,5566,0,DF,17,udp,75,104.248.142.213,10.255.255.1,34965,53,55
Jul 10 06:13:20 fw.rodolfoarce.local dhcp6c[28115]: Sending Solicit
Jul 10 06:13:20 fw.rodolfoarce.local dhclient[10762]: No DHCPOFFERS received.
Jul 10 06:13:20 fw.rodolfoarce.local dhclient[10762]: No working leases in persistent database - sleeping.
Jul 10 02:13:20 fw.rodolfoarce.local dhclient[73048]: FAIL
Jul 10 06:13:35 fw.rodolfoarce.local dhclient[10762]: DHCPDISCOVER on vtnet0 to 255.255.255.255 port 67 interval 1
Jul 10 06:13:37 fw.rodolfoarce.local dhclient[10762]: DHCPDISCOVER on vtnet0 to 255.255.255.255 port 67 interval 1
Jul 10 06:13:38 fw.rodolfoarce.local dhclient[10762]: DHCPDISCOVER on vtnet0 to 255.255.255.255 port 67 interval 2
Jul 10 06:13:40 fw.rodolfoarce.local dhclient[10762]: DHCPDISCOVER on vtnet0 to 255.255.255.255 port 67 interval 2
Jul 10 06:13:42 fw.rodolfoarce.local dhclient[10762]: DHCPDISCOVER on vtnet0 to 255.255.255.255 port 67 interval 4
Jul 10 06:13:46 fw.rodolfoarce.local dhclient[10762]: DHCPDISCOVER on vtnet0 to 255.255.255.255 port 67 interval 6
Jul 10 06:13:52 fw.rodolfoarce.local dhclient[10762]: DHCPDISCOVER on vtnet0 to 255.255.255.255 port 67 interval 13
Jul 10 06:14:00 fw.rodolfoarce.local /usr/sbin/cron[89780]: (root) CMD (/usr/sbin/newsyslog)
Jul 10 06:14:02 fw.rodolfoarce.local filterlog[32783]: 4,,,1000000103,vtnet0,match,block,in,4,0x0,,53,42769,0,none,17,udp,71,172.253.236.215,10.255.255.1,38478,53,51
Jul 10 06:14:04 fw.rodolfoarce.local filterlog[32783]: 4,,,1000000103,vtnet0,match,block,in,4,0x0,,53,47842,0,none,17,udp,82,172.217.43.155,10.255.255.1,35402,53,62
Jul 10 06:14:04 fw.rodolfoarce.local filterlog[32783]: 4,,,1000000103,vtnet0,match,block,in,4,0x0,,53,16125,0,none,17,udp,82,172.217.32.150,10.255.255.1,57893,53,62
Jul 10 06:14:05 fw.rodolfoarce.local dhclient[10762]: DHCPDISCOVER on vtnet0 to 255.255.255.255 port 67 interval 19
Jul 10 06:14:05 fw.rodolfoarce.local filterlog[32783]: 4,,,1000000103,vtnet0,match,block,in,4,0x0,,53,14316,0,none,17,udp,71,172.253.236.213,10.255.255.1,40970,53,51
Jul 10 06:14:05 fw.rodolfoarce.local filterlog[32783]: 4,,,1000000103,vtnet0,match,block,in,4,0x0,,53,5358,0,none,17,udp,71,172.253.211.27,10.255.255.1,57325,53,51
Jul 10 06:14:24 fw.rodolfoarce.local dhclient[10762]: DHCPDISCOVER on vtnet0 to 255.255.255.255 port 67 interval 7
Jul 10 06:14:31 fw.rodolfoarce.local dhclient[10762]: DHCPDISCOVER on vtnet0 to 255.255.255.255 port 67 interval 5
Jul 10 06:14:36 fw.rodolfoarce.local dhclient[10762]: No DHCPOFFERS received.
Jul 10 06:14:36 fw.rodolfoarce.local dhclient[10762]: No working leases in persistent database - sleeping.
Jul 10 02:14:36 fw.rodolfoarce.local dhclient[90460]: FAIL
Jul 10 06:14:43 fw.rodolfoarce.local filterlog[32783]: 4,,,1000000103,vtnet0,match,block,in,4,0x0,,235,54321,0,none,6,tcp,40,212.76.27.39,10.255.255.1,25144,22,0,S,3227724914,,65535,,
Jul 10 06:14:51 fw.rodolfoarce.local dhclient[10762]: DHCPDISCOVER on vtnet0 to 255.255.255.255 port 67 interval 1
Jul 10 06:14:52 fw.rodolfoarce.local dhclient[10762]: DHCPDISCOVER on vtnet0 to 255.255.255.255 port 67 interval 1
Jul 10 06:14:53 fw.rodolfoarce.local dhclient[10762]: DHCPDISCOVER on vtnet0 to 255.255.255.255 port 67 interval 2
Jul 10 06:14:55 fw.rodolfoarce.local dhclient[10762]: DHCPDISCOVER on vtnet0 to 255.255.255.255 port 67 interval 5
Jul 10 06:15:00 fw.rodolfoarce.local /usr/sbin/cron[7554]: (root) CMD (/usr/sbin/newsyslog)
Jul 10 06:15:00 fw.rodolfoarce.local dhclient[10762]: DHCPDISCOVER on vtnet0 to 255.255.255.255 port 67 interval 7
Jul 10 06:15:07 fw.rodolfoarce.local dhclient[10762]: DHCPDISCOVER on vtnet0 to 255.255.255.255 port 67 interval 11
Jul 10 06:15:18 fw.rodolfoarce.local dhclient[10762]: DHCPDISCOVER on vtnet0 to 255.255.255.255 port 67 interval 20
Jul 10 06:15:24 fw.rodolfoarce.local dhcp6c[28115]: Sending Solicit
Jul 10 06:15:39 fw.rodolfoarce.local dhclient[10762]: DHCPDISCOVER on vtnet0 to 255.255.255.255 port 67 interval 13
Jul 10 06:15:52 fw.rodolfoarce.local dhclient[10762]: No DHCPOFFERS received.
Jul 10 06:15:52 fw.rodolfoarce.local dhclient[10762]: No working leases in persistent database - sleeping.
Jul 10 02:15:52 fw.rodolfoarce.local dhclient[9027]: FAIL
Jul 10 06:16:00 fw.rodolfoarce.local /usr/sbin/cron[27673]: (root) CMD (/usr/sbin/newsyslog)
Jul 10 06:16:07 fw.rodolfoarce.local dhclient[10762]: DHCPDISCOVER on vtnet0 to 255.255.255.255 port 67 interval 1
Jul 10 06:16:10 fw.rodolfoarce.local dhclient[10762]: message repeated 3 times: [ DHCPDISCOVER on vtnet0 to 255.255.255.255 port 67 interval 1]
Jul 10 06:16:11 fw.rodolfoarce.local dhclient[10762]: DHCPDISCOVER on vtnet0 to 255.255.255.255 port 67 interval 2
Jul 10 06:16:13 fw.rodolfoarce.local dhclient[10762]: DHCPDISCOVER on vtnet0 to 255.255.255.255 port 67 interval 2
Jul 10 06:16:15 fw.rodolfoarce.local dhclient[10762]: DHCPDISCOVER on vtnet0 to 255.255.255.255 port 67 interval 5
Jul 10 06:16:20 fw.rodolfoarce.local dhclient[10762]: DHCPDISCOVER on vtnet0 to 255.255.255.255 port 67 interval 14
Jul 10 06:16:34 fw.rodolfoarce.local dhclient[10762]: DHCPDISCOVER on vtnet0 to 255.255.255.255 port 67 interval 9
Jul 10 06:16:44 fw.rodolfoarce.local dhclient[10762]: DHCPDISCOVER on vtnet0 to 255.255.255.255 port 67 interval 15
Jul 10 06:16:59 fw.rodolfoarce.local dhclient[10762]: DHCPDISCOVER on vtnet0 to 255.255.255.255 port 67 interval 9
Jul 10 06:17:00 fw.rodolfoarce.local /usr/sbin/cron[45077]: (root) CMD (/usr/sbin/newsyslog)
Jul 10 06:17:08 fw.rodolfoarce.local dhclient[10762]: No DHCPOFFERS received.
Jul 10 06:17:08 fw.rodolfoarce.local dhclient[10762]: No working leases in persistent database - sleeping.
Jul 10 02:17:08 fw.rodolfoarce.local dhclient[45745]: FAIL
Jul 10 06:17:17 fw.rodolfoarce.local dhcp6c[28115]: Sending Solicit
Jul 10 06:17:23 fw.rodolfoarce.local dhclient[10762]: DHCPDISCOVER on vtnet0 to 255.255.255.255 port 67 interval 2
Jul 10 06:17:25 fw.rodolfoarce.local dhclient[10762]: DHCPDISCOVER on vtnet0 to 255.255.255.255 port 67 interval 3
Jul 10 06:17:28 fw.rodolfoarce.local dhclient[10762]: DHCPDISCOVER on vtnet0 to 255.255.255.255 port 67 interval 4
Jul 10 06:17:33 fw.rodolfoarce.local dhclient[10762]: DHCPDISCOVER on vtnet0 to 255.255.255.255 port 67 interval 4
Jul 10 06:17:37 fw.rodolfoarce.local dhclient[10762]: DHCPDISCOVER on vtnet0 to 255.255.255.255 port 67 interval 10
Jul 10 06:17:47 fw.rodolfoarce.local dhclient[10762]: DHCPDISCOVER on vtnet0 to 255.255.255.255 port 67 interval 15
Jul 10 06:18:00 fw.rodolfoarce.local /usr/sbin/cron[64793]: (root) CMD (/usr/sbin/newsyslog)
Jul 10 06:18:02 fw.rodolfoarce.local dhclient[10762]: DHCPDISCOVER on vtnet0 to 255.255.255.255 port 67 interval 13
Jul 10 06:18:15 fw.rodolfoarce.local dhclient[10762]: DHCPDISCOVER on vtnet0 to 255.255.255.255 port 67 interval 9
Jul 10 06:18:24 fw.rodolfoarce.local dhclient[10762]: No DHCPOFFERS received.
Jul 10 06:18:24 fw.rodolfoarce.local dhclient[10762]: No working leases in persistent database - sleeping.
Jul 10 02:18:24 fw.rodolfoarce.local dhclient[65520]: FAIL
Jul 10 06:18:39 fw.rodolfoarce.local dhclient[10762]: DHCPDISCOVER on vtnet0 to 255.255.255.255 port 67 interval 1
Jul 10 06:18:40 fw.rodolfoarce.local dhclient[10762]: DHCPDISCOVER on vtnet0 to 255.255.255.255 port 67 interval 2
Jul 10 06:18:42 fw.rodolfoarce.local dhclient[10762]: DHCPDISCOVER on vtnet0 to 255.255.255.255 port 67 interval 5
Jul 10 06:18:47 fw.rodolfoarce.local dhclient[10762]: DHCPDISCOVER on vtnet0 to 255.255.255.255 port 67 interval 10
Jul 10 06:18:57 fw.rodolfoarce.local dhclient[10762]: DHCPDISCOVER on vtnet0 to 255.255.255.255 port 67 interval 13
Jul 10 06:19:00 fw.rodolfoarce.local /usr/sbin/cron[77162]: (root) CMD (/usr/sbin/newsyslog)
Jul 10 06:19:10 fw.rodolfoarce.local dhclient[10762]: DHCPDISCOVER on vtnet0 to 255.255.255.255 port 67 interval 12
Jul 10 06:19:14 fw.rodolfoarce.local filterlog[32783]: 4,,,1000000103,vtnet0,match,block,in,4,0x48,,40,51445,0,DF,6,tcp,60,47.242.198.143,10.255.255.1,46330,22,0,S,2159910936,,29200,,mss;sackOK;TS;nop;wscale
Jul 10 06:19:15 fw.rodolfoarce.local filterlog[32783]: 4,,,1000000103,vtnet0,match,block,in,4,0x48,,40,51446,0,DF,6,tcp,60,47.242.198.143,10.255.255.1,46330,22,0,S,2159910936,,29200,,mss;sackOK;TS;nop;wscale
Jul 10 06:19:17 fw.rodolfoarce.local filterlog[32783]: 4,,,1000000103,vtnet0,match,block,in,4,0x48,,40,51447,0,DF,6,tcp,60,47.242.198.143,10.255.255.1,46330,22,0,S,2159910936,,29200,,mss;sackOK;TS;nop;wscale
Jul 10 06:19:18 fw.rodolfoarce.local dhcp6c[28115]: Sending Solicit
Jul 10 06:19:22 fw.rodolfoarce.local filterlog[32783]: 4,,,1000000103,vtnet0,match,block,in,4,0x48,,40,51448,0,DF,6,tcp,60,47.242.198.143,10.255.255.1,46330,22,0,S,2159910936,,29200,,mss;sackOK;TS;nop;wscale
Jul 10 06:19:22 fw.rodolfoarce.local dhclient[10762]: DHCPDISCOVER on vtnet0 to 255.255.255.255 port 67 interval 8
Jul 10 06:19:30 fw.rodolfoarce.local dhclient[10762]: DHCPDISCOVER on vtnet0 to 255.255.255.255 port 67 interval 7
Jul 10 06:19:37 fw.rodolfoarce.local dhclient[10762]: DHCPDISCOVER on vtnet0 to 255.255.255.255 port 67 interval 3
Jul 10 06:19:40 fw.rodolfoarce.local dhclient[10762]: No DHCPOFFERS received.
Jul 10 06:19:40 fw.rodolfoarce.local dhclient[10762]: No working leases in persistent database - sleeping.
Jul 10 02:19:40 fw.rodolfoarce.local dhclient[85904]: FAIL
Jul 10 06:19:55 fw.rodolfoarce.local dhclient[10762]: DHCPDISCOVER on vtnet0 to 255.255.255.255 port 67 interval 2
Jul 10 06:19:58 fw.rodolfoarce.local dhclient[10762]: DHCPDISCOVER on vtnet0 to 255.255.255.255 port 67 interval 3
Jul 10 06:20:00 fw.rodolfoarce.local /usr/sbin/cron[86106]: (root) CMD (/usr/sbin/newsyslog)
Jul 10 06:20:00 fw.rodolfoarce.local /usr/sbin/cron[86343]: (root) CMD (/usr/libexec/atrun)
Jul 10 06:20:01 fw.rodolfoarce.local dhclient[10762]: DHCPDISCOVER on vtnet0 to 255.255.255.255 port 67 interval 7
Jul 10 06:20:08 fw.rodolfoarce.local dhclient[10762]: DHCPDISCOVER on vtnet0 to 255.255.255.255 port 67 interval 14
Jul 10 06:20:22 fw.rodolfoarce.local dhclient[10762]: DHCPDISCOVER on vtnet0 to 255.255.255.255 port 67 interval 19
Jul 10 06:20:41 fw.rodolfoarce.local dhclient[10762]: DHCPDISCOVER on vtnet0 to 255.255.255.255 port 67 interval 10
Jul 10 06:20:51 fw.rodolfoarce.local dhclient[10762]: DHCPDISCOVER on vtnet0 to 255.255.255.255 port 67 interval 5
Jul 10 06:20:56 fw.rodolfoarce.local dhclient[10762]: No DHCPOFFERS received.
Jul 10 06:20:56 fw.rodolfoarce.local dhclient[10762]: No working leases in persistent database - sleeping.
Jul 10 02:20:56 fw.rodolfoarce.local dhclient[4552]: FAIL
Jul 10 06:21:00 fw.rodolfoarce.local /usr/sbin/cron[4704]: (root) CMD (/usr/sbin/newsyslog)
Jul 10 06:21:11 fw.rodolfoarce.local dhclient[10762]: DHCPDISCOVER on vtnet0 to 255.255.255.255 port 67 interval 2
Jul 10 06:21:13 fw.rodolfoarce.local dhclient[10762]: DHCPDISCOVER on vtnet0 to 255.255.255.255 port 67 interval 4
Jul 10 06:21:17 fw.rodolfoarce.local dhclient[10762]: DHCPDISCOVER on vtnet0 to 255.255.255.255 port 67 interval 7
Jul 10 06:21:19 fw.rodolfoarce.local dhcp6c[28115]: Sending Solicit
Jul 10 06:21:24 fw.rodolfoarce.local dhclient[10762]: DHCPDISCOVER on vtnet0 to 255.255.255.255 port 67 interval 14
Jul 10 06:21:38 fw.rodolfoarce.local dhclient[10762]: DHCPDISCOVER on vtnet0 to 255.255.255.255 port 67 interval 17
Jul 10 06:21:55 fw.rodolfoarce.local dhclient[10762]: DHCPDISCOVER on vtnet0 to 255.255.255.255 port 67 interval 17
Jul 10 06:22:00 fw.rodolfoarce.local /usr/sbin/cron[22000]: (root) CMD (/usr/sbin/newsyslog)
Jul 10 06:22:13 fw.rodolfoarce.local dhclient[10762]: No DHCPOFFERS received.
Jul 10 06:22:13 fw.rodolfoarce.local dhclient[10762]: No working leases in persistent database - sleeping.
Jul 10 02:22:13 fw.rodolfoarce.local dhclient[42835]: FAIL
Jul 10 06:22:28 fw.rodolfoarce.local dhclient[10762]: DHCPDISCOVER on vtnet0 to 255.255.255.255 port 67 interval 1
Jul 10 06:22:29 fw.rodolfoarce.local dhclient[10762]: DHCPDISCOVER on vtnet0 to 255.255.255.255 port 67 interval 1
Jul 10 06:22:30 fw.rodolfoarce.local dhclient[10762]: DHCPDISCOVER on vtnet0 to 255.255.255.255 port 67 interval 2
Jul 10 06:22:32 fw.rodolfoarce.local dhclient[10762]: DHCPDISCOVER on vtnet0 to 255.255.255.255 port 67 interval 3
Jul 10 06:22:35 fw.rodolfoarce.local dhclient[10762]: DHCPDISCOVER on vtnet0 to 255.255.255.255 port 67 interval 5
Jul 10 06:22:40 fw.rodolfoarce.local dhclient[10762]: DHCPDISCOVER on vtnet0 to 255.255.255.255 port 67 interval 6
Jul 10 06:22:46 fw.rodolfoarce.local dhclient[10762]: DHCPDISCOVER on vtnet0 to 255.255.255.255 port 67 interval 10
Jul 10 06:22:56 fw.rodolfoarce.local dhclient[10762]: DHCPDISCOVER on vtnet0 to 255.255.255.255 port 67 interval 20
Jul 10 06:23:00 fw.rodolfoarce.local /usr/sbin/cron[42909]: (root) CMD (/usr/sbin/newsyslog)
Jul 10 06:23:16 fw.rodolfoarce.local dhclient[10762]: DHCPDISCOVER on vtnet0 to 255.255.255.255 port 67 interval 9
Jul 10 06:23:25 fw.rodolfoarce.local dhclient[10762]: DHCPDISCOVER on vtnet0 to 255.255.255.255 port 67 interval 4
Jul 10 06:23:29 fw.rodolfoarce.local dhclient[10762]: No DHCPOFFERS received.
Jul 10 06:23:29 fw.rodolfoarce.local dhclient[10762]: No working leases in persistent database - sleeping.
Jul 10 06:23:29 fw.rodolfoarce.local dhcp6c[28115]: Sending Solicit
Jul 10 02:23:29 fw.rodolfoarce.local dhclient[61965]: FAIL
Jul 10 06:23:44 fw.rodolfoarce.local dhclient[10762]: DHCPDISCOVER on vtnet0 to 255.255.255.255 port 67 interval 1
Jul 10 06:23:46 fw.rodolfoarce.local dhclient[10762]: message repeated 2 times: [ DHCPDISCOVER on vtnet0 to 255.255.255.255 port 67 interval 1]
Jul 10 06:23:47 fw.rodolfoarce.local dhclient[10762]: DHCPDISCOVER on vtnet0 to 255.255.255.255 port 67 interval 2
Jul 10 06:23:49 fw.rodolfoarce.local dhclient[10762]: DHCPDISCOVER on vtnet0 to 255.255.255.255 port 67 interval 4
Jul 10 06:23:54 fw.rodolfoarce.local dhclient[10762]: DHCPDISCOVER on vtnet0 to 255.255.255.255 port 67 interval 5
