Jul  2 01:04:15 fw.rodolfoarce.local filterlog[32783]: 4,,,1000000103,vtnet0,match,block,in,4,0x0,,46,17810,0,none,17,udp,64,89.26.124.85,10.255.255.1,59673,53,44
Jul  2 01:04:15 fw.rodolfoarce.local filterlog[32783]: 4,,,1000000103,vtnet0,match,block,in,4,0x0,,44,40514,0,none,17,udp,64,151.99.35.34,10.255.255.1,53086,53,44
Jul  2 01:04:15 fw.rodolfoarce.local filterlog[32783]: 4,,,1000000103,vtnet0,match,block,in,4,0x0,,52,62794,0,none,17,udp,75,204.194.239.86,10.255.255.1,13415,53,55
Jul  2 01:04:15 fw.rodolfoarce.local filterlog[32783]: 4,,,1000000103,vtnet0,match,block,in,4,0x88,,48,30111,0,DF,17,udp,75,162.158.169.65,10.255.255.1,20809,53,55
Jul  2 01:04:15 fw.rodolfoarce.local filterlog[32783]: 4,,,1000000103,vtnet0,match,block,in,4,0x0,,52,4184,0,none,17,udp,75,204.194.239.77,10.255.255.1,49622,53,55
Jul  2 01:04:15 fw.rodolfoarce.local filterlog[32783]: 4,,,1000000103,vtnet0,match,block,in,4,0x0,,46,45808,0,none,17,udp,75,95.167.128.50,10.255.255.1,40774,53,55
Jul  2 01:04:15 fw.rodolfoarce.local filterlog[32783]: 4,,,1000000103,vtnet0,match,block,in,4,0x0,,48,47799,0,none,17,udp,87,205.171.175.196,10.255.255.1,53685,53,67
Jul  2 01:04:15 fw.rodolfoarce.local filterlog[32783]: 4,,,1000000103,vtnet0,match,block,in,4,0x0,,44,355,0,none,17,udp,75,146.112.132.68,10.255.255.1,24628,53,55
Jul  2 01:04:15 fw.rodolfoarce.local filterlog[32783]: 4,,,1000000103,vtnet0,match,block,in,4,0x88,,48,4462,0,DF,17,udp,75,162.158.169.65,10.255.255.1,44481,53,55
Jul  2 01:04:16 fw.rodolfoarce.local filterlog[32783]: 4,,,1000000103,vtnet0,match,block,in,4,0x0,,52,16187,0,none,17,udp,75,204.194.239.83,10.255.255.1,14790,53,55
Jul  2 01:04:16 fw.rodolfoarce.local filterlog[32783]: 4,,,1000000103,vtnet0,match,block,in,4,0x0,,46,46037,0,none,17,udp,75,95.167.128.50,10.255.255.1,62975,53,55
Jul  2 01:04:16 fw.rodolfoarce.local filterlog[32783]: 4,,,1000000103,vtnet0,match,block,in,4,0x0,,53,4663,0,none,17,udp,75,172.217.44.217,10.255.255.1,55294,53,55
Jul  2 01:04:16 fw.rodolfoarce.local filterlog[32783]: 4,,,1000000103,vtnet0,match,block,in,4,0x0,,52,39866,0,none,17,udp,75,204.194.239.83,10.255.255.1,65234,53,55
Jul  2 01:04:16 fw.rodolfoarce.local filterlog[32783]: 4,,,1000000103,vtnet0,match,block,in,4,0x88,,48,4463,0,DF,17,udp,75,162.158.169.65,10.255.255.1,44481,53,55
Jul  2 01:04:16 fw.rodolfoarce.local filterlog[32783]: 4,,,1000000103,vtnet0,match,block,in,4,0x0,,238,54292,0,DF,17,udp,75,186.86.126.14,10.255.255.1,63505,53,55
Jul  2 01:04:16 fw.rodolfoarce.local filterlog[32783]: 4,,,1000000103,vtnet0,match,block,in,4,0x0,,46,46374,0,none,17,udp,75,95.167.128.50,10.255.255.1,64813,53,55
Jul  2 01:04:16 fw.rodolfoarce.local filterlog[32783]: 4,,,1000000103,vtnet0,match,block,in,4,0x0,,52,30754,0,none,17,udp,75,204.194.239.86,10.255.255.1,64435,53,55
Jul  2 01:04:16 fw.rodolfoarce.local filterlog[32783]: 4,,,1000000103,vtnet0,match,block,in,4,0x0,,52,16419,0,none,17,udp,75,204.194.239.83,10.255.255.1,52126,53,55
Jul  2 01:04:16 fw.rodolfoarce.local filterlog[32783]: 4,,,1000000103,vtnet0,match,block,in,4,0x0,,238,56776,0,DF,17,udp,75,186.86.126.4,10.255.255.1,55840,53,55
Jul  2 01:04:16 fw.rodolfoarce.local filterlog[32783]: 4,,,1000000103,vtnet0,match,block,in,4,0x0,,52,39692,0,none,17,udp,75,204.194.239.77,10.255.255.1,47258,53,55
Jul  2 01:04:16 fw.rodolfoarce.local filterlog[32783]: 4,,,1000000103,vtnet0,match,block,in,4,0x0,,46,17971,0,none,17,udp,64,89.26.124.85,10.255.255.1,44425,53,44
Jul  2 01:04:17 fw.rodolfoarce.local filterlog[32783]: 4,,,1000000103,vtnet0,match,block,in,4,0x0,,46,46972,0,none,17,udp,75,95.167.128.50,10.255.255.1,16321,53,55
Jul  2 01:04:17 fw.rodolfoarce.local filterlog[32783]: 4,,,1000000103,vtnet0,match,block,in,4,0x0,,44,51016,0,none,17,udp,75,146.112.132.68,10.255.255.1,10905,53,55
Jul  2 01:04:17 fw.rodolfoarce.local filterlog[32783]: 4,,,1000000103,vtnet0,match,block,in,4,0x0,,48,48918,0,none,17,udp,87,205.171.175.196,10.255.255.1,60840,53,67
Jul  2 01:04:17 fw.rodolfoarce.local filterlog[32783]: 4,,,1000000103,vtnet0,match,block,in,4,0x0,,52,4624,0,none,17,udp,75,204.194.239.77,10.255.255.1,41424,53,55
Jul  2 01:04:17 fw.rodolfoarce.local filterlog[32783]: 4,,,1000000103,vtnet0,match,block,in,4,0x0,,52,30255,0,none,17,udp,75,204.194.239.86,10.255.255.1,54248,53,55
Jul  2 01:04:17 fw.rodolfoarce.local filterlog[32783]: 4,,,1000000103,vtnet0,match,block,in,4,0x88,,50,49808,0,DF,17,udp,75,172.71.29.126,10.255.255.1,20896,53,55
Jul  2 01:04:17 fw.rodolfoarce.local filterlog[32783]: 4,,,1000000103,vtnet0,match,block,in,4,0x0,,52,35433,0,none,17,udp,75,204.194.239.83,10.255.255.1,24160,53,55
Jul  2 01:04:17 fw.rodolfoarce.local filterlog[32783]: 4,,,1000000103,vtnet0,match,block,in,4,0x88,,50,49809,0,DF,17,udp,75,172.71.29.126,10.255.255.1,20896,53,55
Jul  2 01:04:17 fw.rodolfoarce.local filterlog[32783]: 4,,,1000000103,vtnet0,match,block,in,4,0x0,,46,47386,0,none,17,udp,75,95.167.128.50,10.255.255.1,45559,53,55
Jul  2 01:04:18 fw.rodolfoarce.local filterlog[32783]: 4,,,1000000103,vtnet0,match,block,in,4,0x0,,52,25227,0,none,17,udp,75,204.194.239.89,10.255.255.1,55613,53,55
Jul  2 01:04:18 fw.rodolfoarce.local filterlog[32783]: 4,,,1000000103,vtnet0,match,block,in,4,0x0,,52,6854,0,none,17,udp,75,204.194.239.89,10.255.255.1,38041,53,55
Jul  2 01:04:18 fw.rodolfoarce.local filterlog[32783]: 4,,,1000000103,vtnet0,match,block,in,4,0x0,,44,10696,0,none,17,udp,75,146.112.132.68,10.255.255.1,28942,53,55
Jul  2 01:04:18 fw.rodolfoarce.local filterlog[32783]: 4,,,1000000103,vtnet0,match,block,in,4,0x88,,50,28749,0,DF,17,udp,75,172.71.29.126,10.255.255.1,12628,53,55
Jul  2 01:04:18 fw.rodolfoarce.local filterlog[32783]: 4,,,1000000103,vtnet0,match,block,in,4,0x0,,46,18102,0,none,17,udp,64,89.26.124.85,10.255.255.1,39034,53,44
Jul  2 01:04:18 fw.rodolfoarce.local filterlog[32783]: 4,,,1000000103,vtnet0,match,block,in,4,0x0,,52,34691,0,none,17,udp,75,204.194.239.77,10.255.255.1,3746,53,55
Jul  2 01:04:18 fw.rodolfoarce.local filterlog[32783]: 4,,,1000000103,vtnet0,match,block,in,4,0x0,,52,36363,0,none,17,udp,75,204.194.239.89,10.255.255.1,13683,53,55
Jul  2 01:04:18 fw.rodolfoarce.local filterlog[32783]: 4,,,1000000103,vtnet0,match,block,in,4,0x0,,238,3969,0,DF,17,udp,75,186.86.126.14,10.255.255.1,41463,53,55
Jul  2 01:04:18 fw.rodolfoarce.local filterlog[32783]: 4,,,1000000103,vtnet0,match,block,in,4,0x88,,50,28750,0,DF,17,udp,75,172.71.29.126,10.255.255.1,12628,53,55
Jul  2 01:04:18 fw.rodolfoarce.local filterlog[32783]: 4,,,1000000103,vtnet0,match,block,in,4,0x0,,52,33828,0,none,17,udp,75,204.194.239.83,10.255.255.1,47510,53,55
Jul  2 01:04:18 fw.rodolfoarce.local filterlog[32783]: 4,,,1000000103,vtnet0,match,block,in,4,0x0,,48,49451,0,none,17,udp,87,205.171.175.196,10.255.255.1,44637,53,67
Jul  2 01:04:19 fw.rodolfoarce.local filterlog[32783]: 4,,,1000000103,vtnet0,match,block,in,4,0x0,,238,42837,0,DF,17,udp,75,186.86.126.6,10.255.255.1,18907,53,55
Jul  2 01:04:19 fw.rodolfoarce.local filterlog[32783]: 4,,,1000000103,vtnet0,match,block,in,4,0x0,,53,53034,0,none,17,udp,86,172.217.44.221,10.255.255.1,42373,53,66
Jul  2 01:04:19 fw.rodolfoarce.local filterlog[32783]: 4,,,1000000103,vtnet0,match,block,in,4,0x0,,238,8584,0,DF,17,udp,75,186.86.126.14,10.255.255.1,63717,53,55
Jul  2 01:04:19 fw.rodolfoarce.local filterlog[32783]: 4,,,1000000103,vtnet0,match,block,in,4,0x0,,52,4277,0,none,17,udp,75,204.194.239.83,10.255.255.1,54669,53,55
Jul  2 01:04:19 fw.rodolfoarce.local filterlog[32783]: 4,,,1000000103,vtnet0,match,block,in,4,0x0,,46,47945,0,none,17,udp,75,95.167.128.50,10.255.255.1,35343,53,55
Jul  2 01:04:19 fw.rodolfoarce.local filterlog[32783]: 4,,,1000000103,vtnet0,match,block,in,4,0x0,,52,7499,0,none,17,udp,75,204.194.239.77,10.255.255.1,50555,53,55
Jul  2 01:04:19 fw.rodolfoarce.local filterlog[32783]: 4,,,1000000103,vtnet0,match,block,in,4,0x0,,52,57561,0,none,17,udp,75,204.194.239.89,10.255.255.1,41579,53,55
Jul  2 01:04:19 fw.rodolfoarce.local filterlog[32783]: 4,,,1000000103,vtnet0,match,block,in,4,0x0,,119,35376,0,none,17,udp,75,94.23.204.200,10.255.255.1,54692,53,55
Jul  2 01:04:19 fw.rodolfoarce.local filterlog[32783]: 4,,,1000000103,vtnet0,match,block,in,4,0x0,,119,35377,0,none,17,udp,64,94.23.204.200,10.255.255.1,54692,53,44
Jul  2 01:04:20 fw.rodolfoarce.local filterlog[32783]: 4,,,1000000103,vtnet0,match,block,in,4,0x0,,53,37064,0,none,17,udp,75,172.217.44.211,10.255.255.1,48120,53,55
Jul  2 01:04:20 fw.rodolfoarce.local filterlog[32783]: 4,,,1000000103,vtnet0,match,block,in,4,0x0,,46,12216,0,none,17,udp,71,46.61.210.138,10.255.255.1,56302,53,51
Jul  2 01:04:20 fw.rodolfoarce.local filterlog[32783]: 4,,,1000000103,vtnet0,match,block,in,4,0x0,,52,2237,0,none,17,udp,75,204.194.239.83,10.255.255.1,17698,53,55
Jul  2 01:04:20 fw.rodolfoarce.local filterlog[32783]: 4,,,1000000103,vtnet0,match,block,in,4,0x0,,238,51383,0,DF,17,udp,75,186.86.126.6,10.255.255.1,1730,53,55
Jul  2 01:04:20 fw.rodolfoarce.local filterlog[32783]: 4,,,1000000103,vtnet0,match,block,in,4,0x0,,52,45636,0,none,17,udp,75,204.194.239.89,10.255.255.1,17863,53,55
Jul  2 01:04:20 fw.rodolfoarce.local filterlog[32783]: 4,,,1000000103,vtnet0,match,block,in,4,0x0,,46,48596,0,none,17,udp,75,95.167.128.50,10.255.255.1,63864,53,55
Jul  2 01:04:21 fw.rodolfoarce.local filterlog[32783]: 4,,,1000000103,vtnet0,match,block,in,4,0x80,,114,24808,0,none,17,udp,86,172.253.5.197,10.255.255.1,63066,53,66
Jul  2 01:04:21 fw.rodolfoarce.local filterlog[32783]: 4,,,1000000103,vtnet0,match,block,in,4,0x0,,119,35378,0,none,17,udp,75,94.23.204.200,10.255.255.1,54692,53,55
Jul  2 01:04:21 fw.rodolfoarce.local filterlog[32783]: 4,,,1000000103,vtnet0,match,block,in,4,0x0,,52,13816,0,none,17,udp,75,204.194.239.89,10.255.255.1,15977,53,55
Jul  2 01:04:21 fw.rodolfoarce.local filterlog[32783]: 4,,,1000000103,vtnet0,match,block,in,4,0x0,,52,13767,0,none,17,udp,75,204.194.239.83,10.255.255.1,43080,53,55
Jul  2 01:04:21 fw.rodolfoarce.local filterlog[32783]: 4,,,1000000103,vtnet0,match,block,in,4,0x0,,44,40822,0,none,17,udp,64,151.99.35.34,10.255.255.1,41623,53,44
Jul  2 01:04:22 fw.rodolfoarce.local filterlog[32783]: 4,,,1000000103,vtnet0,match,block,in,4,0x80,,114,56803,0,none,17,udp,75,172.253.5.196,10.255.255.1,53723,53,55
Jul  2 01:04:22 fw.rodolfoarce.local filterlog[32783]: 4,,,1000000103,vtnet0,match,block,in,4,0x0,,48,50692,0,none,17,udp,87,205.171.175.196,10.255.255.1,54824,53,67
Jul  2 01:04:22 fw.rodolfoarce.local filterlog[32783]: 4,,,1000000103,vtnet0,match,block,in,4,0x0,,238,59765,0,DF,17,udp,75,186.86.126.10,10.255.255.1,27703,53,55
Jul  2 01:04:22 fw.rodolfoarce.local filterlog[32783]: 4,,,1000000103,vtnet0,match,block,in,4,0x0,,52,5943,0,none,17,udp,75,204.194.239.89,10.255.255.1,6844,53,55
Jul  2 01:04:22 fw.rodolfoarce.local filterlog[32783]: 4,,,1000000103,vtnet0,match,block,in,4,0x0,,49,59810,0,DF,6,tcp,60,176.112.191.141,10.255.255.1,35296,53,0,S,3823739156,,29200,,mss;sackOK;TS;nop;wscale
Jul  2 01:04:23 fw.rodolfoarce.local dhclient[10762]: DHCPDISCOVER on vtnet0 to 255.255.255.255 port 67 interval 18
Jul  2 01:04:23 fw.rodolfoarce.local filterlog[32783]: 4,,,1000000103,vtnet0,match,block,in,4,0x0,,238,31446,0,DF,17,udp,75,186.86.126.4,10.255.255.1,49492,53,55
Jul  2 01:04:23 fw.rodolfoarce.local filterlog[32783]: 4,,,1000000103,vtnet0,match,block,in,4,0x0,,119,35379,0,none,17,udp,64,94.23.204.200,10.255.255.1,54692,53,44
Jul  2 01:04:23 fw.rodolfoarce.local filterlog[32783]: 4,,,1000000103,vtnet0,match,block,in,4,0x0,,52,30355,0,none,17,udp,75,204.194.239.89,10.255.255.1,41715,53,55
Jul  2 01:04:23 fw.rodolfoarce.local filterlog[32783]: 4,,,1000000103,vtnet0,match,block,in,4,0x0,,46,50622,0,none,17,udp,75,95.167.128.50,10.255.255.1,55727,53,55
Jul  2 01:04:24 fw.rodolfoarce.local filterlog[32783]: 4,,,1000000103,vtnet0,match,block,in,4,0x0,,238,40288,0,DF,17,udp,75,186.86.126.4,10.255.255.1,53486,53,55
Jul  2 01:04:24 fw.rodolfoarce.local filterlog[32783]: 4,,,1000000103,vtnet0,match,block,in,4,0x0,,49,57289,0,DF,6,tcp,60,176.112.191.142,10.255.255.1,43598,53,0,S,1374998431,,29200,,mss;sackOK;TS;nop;wscale
Jul  2 01:04:24 fw.rodolfoarce.local filterlog[32783]: 4,,,1000000103,vtnet0,match,block,in,4,0x0,,46,63563,0,none,17,udp,71,95.167.134.194,10.255.255.1,39686,53,51
Jul  2 01:04:25 fw.rodolfoarce.local filterlog[32783]: 4,,,1000000103,vtnet0,match,block,in,4,0x80,,114,59571,0,none,17,udp,86,172.253.5.196,10.255.255.1,46965,53,66
Jul  2 01:04:25 fw.rodolfoarce.local filterlog[32783]: 4,,,1000000103,vtnet0,match,block,in,4,0x0,,238,12683,0,DF,17,udp,75,186.86.126.6,10.255.255.1,6442,53,55
Jul  2 01:04:25 fw.rodolfoarce.local filterlog[32783]: 4,,,1000000103,vtnet0,match,block,in,4,0x0,,49,8933,0,DF,6,tcp,60,176.112.191.141,10.255.255.1,35478,53,0,S,1795835282,,29200,,mss;sackOK;TS;nop;wscale
Jul  2 01:04:26 fw.rodolfoarce.local filterlog[32783]: 4,,,1000000103,vtnet0,match,block,in,4,0x80,,114,4613,0,none,17,udp,75,172.253.5.129,10.255.255.1,55585,53,55
Jul  2 01:04:26 fw.rodolfoarce.local filterlog[32783]: 4,,,1000000103,vtnet0,match,block,in,4,0x0,,44,40955,0,none,17,udp,64,151.99.35.34,10.255.255.1,51611,53,44
Jul  2 01:04:26 fw.rodolfoarce.local filterlog[32783]: 4,,,1000000103,vtnet0,match,block,in,4,0x0,,238,49230,0,DF,17,udp,75,186.86.126.14,10.255.255.1,21169,53,55
Jul  2 01:04:26 fw.rodolfoarce.local filterlog[32783]: 4,,,1000000103,vtnet0,match,block,in,4,0x0,,46,52860,0,none,17,udp,75,95.167.128.50,10.255.255.1,12445,53,55
Jul  2 01:04:27 fw.rodolfoarce.local filterlog[32783]: 4,,,1000000103,vtnet0,match,block,in,4,0x0,,47,21680,0,none,17,udp,75,5.200.34.20,10.255.255.1,64884,53,55
Jul  2 01:04:27 fw.rodolfoarce.local filterlog[32783]: 4,,,1000000103,vtnet0,match,block,in,4,0x0,,49,33238,0,DF,6,tcp,60,176.112.191.142,10.255.255.1,43858,53,0,S,602006771,,29200,,mss;sackOK;TS;nop;wscale
Jul  2 01:04:29 fw.rodolfoarce.local filterlog[32783]: 4,,,1000000103,vtnet0,match,block,in,4,0x0,,238,1209,0,DF,17,udp,75,186.86.126.4,10.255.255.1,24756,53,55
Jul  2 01:04:29 fw.rodolfoarce.local filterlog[32783]: 4,,,1000000103,vtnet0,match,block,in,4,0x0,,49,60705,0,DF,6,tcp,60,176.112.191.141,10.255.255.1,35816,53,0,S,403104542,,29200,,mss;sackOK;TS;nop;wscale
Jul  2 01:04:32 fw.rodolfoarce.local filterlog[32783]: 4,,,1000000103,vtnet0,match,block,in,4,0x0,,46,54724,0,none,17,udp,75,95.167.128.50,10.255.255.1,54570,53,55
Jul  2 01:04:40 fw.rodolfoarce.local filterlog[32783]: 4,,,1000000103,vtnet0,match,block,in,4,0x0,,238,41479,0,DF,17,udp,75,186.86.126.10,10.255.255.1,51910,53,55
Jul  2 01:04:41 fw.rodolfoarce.local dhclient[10762]: DHCPDISCOVER on vtnet0 to 255.255.255.255 port 67 interval 13
Jul  2 01:04:44 fw.rodolfoarce.local filterlog[32783]: 4,,,1000000103,vtnet0,match,block,in,4,0x0,,238,37333,0,DF,17,udp,75,186.86.126.14,10.255.255.1,59372,53,55
Jul  2 01:04:46 fw.rodolfoarce.local filterlog[32783]: 4,,,1000000103,vtnet0,match,block,in,4,0x0,,238,15185,0,DF,17,udp,75,186.86.126.10,10.255.255.1,54913,53,55
Jul  2 01:04:46 fw.rodolfoarce.local filterlog[32783]: 4,,,1000000103,vtnet0,match,block,in,4,0x0,,46,54794,0,none,17,udp,75,95.167.128.50,10.255.255.1,29417,53,55
Jul  2 01:04:54 fw.rodolfoarce.local dhclient[10762]: No DHCPOFFERS received.
Jul  2 01:04:54 fw.rodolfoarce.local dhclient[10762]: No working leases in persistent database - sleeping.
Jul  1 21:04:54 fw.rodolfoarce.local dhclient[22063]: FAIL
Jul  2 01:04:54 fw.rodolfoarce.local filterlog[32783]: 4,,,1000000103,vtnet0,match,block,in,4,0x0,,49,59811,0,DF,6,tcp,60,176.112.191.141,10.255.255.1,35296,53,0,S,3823739156,,29200,,mss;sackOK;TS;nop;wscale
Jul  2 01:04:56 fw.rodolfoarce.local filterlog[32783]: 4,,,1000000103,vtnet0,match,block,in,4,0x0,,49,57290,0,DF,6,tcp,60,176.112.191.142,10.255.255.1,43598,53,0,S,1374998431,,29200,,mss;sackOK;TS;nop;wscale
Jul  2 01:04:57 fw.rodolfoarce.local filterlog[32783]: 4,,,1000000103,vtnet0,match,block,in,4,0x0,,49,8934,0,DF,6,tcp,60,176.112.191.141,10.255.255.1,35478,53,0,S,1795835282,,29200,,mss;sackOK;TS;nop;wscale
Jul  2 01:04:59 fw.rodolfoarce.local filterlog[32783]: 4,,,1000000103,vtnet0,match,block,in,4,0x0,,49,33239,0,DF,6,tcp,60,176.112.191.142,10.255.255.1,43858,53,0,S,602006771,,29200,,mss;sackOK;TS;nop;wscale
Jul  2 01:05:00 fw.rodolfoarce.local /usr/sbin/cron[22430]: (root) CMD (/usr/sbin/newsyslog)
Jul  2 01:05:00 fw.rodolfoarce.local /usr/sbin/cron[22737]: (root) CMD (/usr/libexec/atrun)
Jul  2 01:05:01 fw.rodolfoarce.local filterlog[32783]: 4,,,1000000103,vtnet0,match,block,in,4,0x0,,49,60706,0,DF,6,tcp,60,176.112.191.141,10.255.255.1,35816,53,0,S,403104542,,29200,,mss;sackOK;TS;nop;wscale
Jul  2 01:05:01 fw.rodolfoarce.local filterlog[32783]: 4,,,1000000103,vtnet0,match,block,in,4,0x0,,238,25026,0,DF,17,udp,75,186.86.126.4,10.255.255.1,10286,53,55
Jul  2 01:05:09 fw.rodolfoarce.local dhclient[10762]: DHCPDISCOVER on vtnet0 to 255.255.255.255 port 67 interval 2
Jul  2 01:05:10 fw.rodolfoarce.local filterlog[32783]: 4,,,1000000103,vtnet0,match,block,in,4,0x0,,238,48022,0,DF,17,udp,75,186.86.126.10,10.255.255.1,42113,53,55
Jul  2 01:05:11 fw.rodolfoarce.local dhclient[10762]: DHCPDISCOVER on vtnet0 to 255.255.255.255 port 67 interval 3
Jul  2 01:05:14 fw.rodolfoarce.local dhclient[10762]: DHCPDISCOVER on vtnet0 to 255.255.255.255 port 67 interval 8
Jul  2 01:05:15 fw.rodolfoarce.local filterlog[32783]: 4,,,1000000103,vtnet0,match,block,in,4,0x0,,47,45794,0,none,17,udp,75,5.200.34.20,10.255.255.1,31734,53,55
Jul  2 01:05:19 fw.rodolfoarce.local filterlog[32783]: 4,,,1000000103,vtnet0,match,block,in,4,0x0,,102,32549,0,none,17,udp,75,102.133.120.79,10.255.255.1,52501,53,55
Jul  2 01:05:22 fw.rodolfoarce.local dhclient[10762]: DHCPDISCOVER on vtnet0 to 255.255.255.255 port 67 interval 9
Jul  2 01:05:22 fw.rodolfoarce.local filterlog[32783]: 4,,,1000000103,vtnet0,match,block,in,4,0x0,,102,32550,0,none,17,udp,64,102.133.120.79,10.255.255.1,52501,53,44
Jul  2 01:05:22 fw.rodolfoarce.local filterlog[32783]: 4,,,1000000103,vtnet0,match,block,in,4,0x0,,102,32551,0,none,17,udp,75,102.133.120.79,10.255.255.1,52501,53,55
Jul  2 01:05:24 fw.rodolfoarce.local filterlog[32783]: 4,,,1000000103,vtnet0,match,block,in,4,0x0,,102,32552,0,none,17,udp,64,102.133.120.79,10.255.255.1,52501,53,44
Jul  2 01:05:31 fw.rodolfoarce.local dhclient[10762]: DHCPDISCOVER on vtnet0 to 255.255.255.255 port 67 interval 9
Jul  2 01:05:33 fw.rodolfoarce.local filterlog[32783]: 4,,,1000000103,vtnet0,match,block,in,4,0x0,,46,54386,0,none,17,udp,71,46.61.210.138,10.255.255.1,56680,53,51
Jul  2 01:05:38 fw.rodolfoarce.local filterlog[32783]: 4,,,1000000103,vtnet0,match,block,in,4,0x0,,46,30624,0,none,17,udp,71,95.167.134.194,10.255.255.1,40647,53,51
Jul  2 01:05:38 fw.rodolfoarce.local filterlog[32783]: 4,,,1000000103,vtnet0,match,block,in,4,0x0,,238,4797,0,DF,17,udp,75,186.86.126.4,10.255.255.1,33192,53,55
Jul  2 01:05:38 fw.rodolfoarce.local filterlog[32783]: 4,,,1000000103,vtnet0,match,block,in,4,0x0,,238,7243,0,DF,17,udp,75,186.86.126.4,10.255.255.1,64789,53,55
Jul  2 01:05:40 fw.rodolfoarce.local dhclient[10762]: DHCPDISCOVER on vtnet0 to 255.255.255.255 port 67 interval 8
Jul  2 01:05:48 fw.rodolfoarce.local dhclient[10762]: DHCPDISCOVER on vtnet0 to 255.255.255.255 port 67 interval 10
Jul  2 01:05:58 fw.rodolfoarce.local dhclient[10762]: DHCPDISCOVER on vtnet0 to 255.255.255.255 port 67 interval 12
Jul  2 01:06:00 fw.rodolfoarce.local /usr/sbin/cron[40268]: (root) CMD (/usr/sbin/newsyslog)
Jul  2 01:06:04 fw.rodolfoarce.local filterlog[32783]: 4,,,1000000103,vtnet0,match,block,in,4,0x0,,47,2968,0,none,17,udp,75,5.200.34.20,10.255.255.1,17687,53,55
Jul  2 01:06:09 fw.rodolfoarce.local dhcp6c[28115]: Sending Solicit
Jul  2 01:06:10 fw.rodolfoarce.local dhclient[10762]: No DHCPOFFERS received.
Jul  2 01:06:10 fw.rodolfoarce.local dhclient[10762]: No working leases in persistent database - sleeping.
Jul  1 21:06:10 fw.rodolfoarce.local dhclient[41254]: FAIL
Jul  2 01:06:25 fw.rodolfoarce.local dhclient[10762]: DHCPDISCOVER on vtnet0 to 255.255.255.255 port 67 interval 2
Jul  2 01:06:27 fw.rodolfoarce.local dhclient[10762]: DHCPDISCOVER on vtnet0 to 255.255.255.255 port 67 interval 2
Jul  2 01:06:29 fw.rodolfoarce.local dhclient[10762]: DHCPDISCOVER on vtnet0 to 255.255.255.255 port 67 interval 3
Jul  2 01:06:32 fw.rodolfoarce.local dhclient[10762]: DHCPDISCOVER on vtnet0 to 255.255.255.255 port 67 interval 5
Jul  2 01:06:37 fw.rodolfoarce.local dhclient[10762]: DHCPDISCOVER on vtnet0 to 255.255.255.255 port 67 interval 5
Jul  2 01:06:42 fw.rodolfoarce.local dhclient[10762]: DHCPDISCOVER on vtnet0 to 255.255.255.255 port 67 interval 13
Jul  2 01:06:56 fw.rodolfoarce.local dhclient[10762]: DHCPDISCOVER on vtnet0 to 255.255.255.255 port 67 interval 11
Jul  2 01:07:00 fw.rodolfoarce.local /usr/sbin/cron[58006]: (root) CMD (/usr/sbin/newsyslog)
Jul  2 01:07:07 fw.rodolfoarce.local dhclient[10762]: DHCPDISCOVER on vtnet0 to 255.255.255.255 port 67 interval 12
Jul  2 01:07:19 fw.rodolfoarce.local dhclient[10762]: DHCPDISCOVER on vtnet0 to 255.255.255.255 port 67 interval 7
Jul  2 01:07:26 fw.rodolfoarce.local dhclient[10762]: No DHCPOFFERS received.
Jul  2 01:07:26 fw.rodolfoarce.local dhclient[10762]: No working leases in persistent database - sleeping.
Jul  1 21:07:26 fw.rodolfoarce.local dhclient[76259]: FAIL
Jul  2 01:07:41 fw.rodolfoarce.local dhclient[10762]: DHCPDISCOVER on vtnet0 to 255.255.255.255 port 67 interval 1
Jul  2 01:07:43 fw.rodolfoarce.local dhclient[10762]: message repeated 2 times: [ DHCPDISCOVER on vtnet0 to 255.255.255.255 port 67 interval 1]
Jul  2 01:07:44 fw.rodolfoarce.local dhclient[10762]: DHCPDISCOVER on vtnet0 to 255.255.255.255 port 67 interval 2
Jul  2 01:07:46 fw.rodolfoarce.local dhclient[10762]: DHCPDISCOVER on vtnet0 to 255.255.255.255 port 67 interval 4
Jul  2 01:07:50 fw.rodolfoarce.local dhclient[10762]: DHCPDISCOVER on vtnet0 to 255.255.255.255 port 67 interval 6
Jul  2 01:07:56 fw.rodolfoarce.local dhclient[10762]: DHCPDISCOVER on vtnet0 to 255.255.255.255 port 67 interval 15
Jul  2 01:07:58 fw.rodolfoarce.local filterlog[32783]: 4,,,1000000103,vtnet0,match,block,in,4,0x0,,46,50457,0,none,17,udp,71,46.61.210.138,10.255.255.1,39637,53,51
Jul  2 01:08:00 fw.rodolfoarce.local /usr/sbin/cron[76504]: (root) CMD (/usr/sbin/newsyslog)
Jul  2 01:08:02 fw.rodolfoarce.local filterlog[32783]: 4,,,1000000103,vtnet0,match,block,in,4,0x0,,46,51680,0,none,17,udp,71,95.167.134.194,10.255.255.1,39584,53,51
Jul  2 01:08:11 fw.rodolfoarce.local dhclient[10762]: DHCPDISCOVER on vtnet0 to 255.255.255.255 port 67 interval 18
Jul  2 01:08:12 fw.rodolfoarce.local dhcp6c[28115]: Sending Solicit
Jul  2 01:08:28 fw.rodolfoarce.local filterlog[32783]: 4,,,1000000103,vtnet1,match,block,in,4,0x0,,64,22971,0,DF,6,tcp,76,10.1.1.3,104.21.40.220,37862,443,24,PA,2883062567:2883062591,450698881,249,,nop;nop;TS
Jul  2 01:08:28 fw.rodolfoarce.local filterlog[32783]: 4,,,1000000103,vtnet1,match,block,in,4,0x0,,64,22972,0,DF,6,tcp,52,10.1.1.3,104.21.40.220,37862,443,0,FA,2883062591,450698881,249,,nop;nop;TS
Jul  2 01:08:28 fw.rodolfoarce.local filterlog[32783]: 4,,,1000000103,vtnet1,match,block,in,4,0x0,,64,22973,0,DF,6,tcp,52,10.1.1.3,104.21.40.220,37862,443,0,FA,2883062591,450698881,249,,nop;nop;TS
Jul  2 01:08:28 fw.rodolfoarce.local filterlog[32783]: 4,,,1000000103,vtnet1,match,block,in,4,0x0,,64,22974,0,DF,6,tcp,76,10.1.1.3,104.21.40.220,37862,443,24,FPA,2883062567:2883062591,450698881,249,,nop;nop;TS
Jul  2 01:08:29 fw.rodolfoarce.local filterlog[32783]: 4,,,1000000103,vtnet1,match,block,in,4,0x0,,64,22975,0,DF,6,tcp,76,10.1.1.3,104.21.40.220,37862,443,24,FPA,2883062567:2883062591,450698881,249,,nop;nop;TS
Jul  2 01:08:29 fw.rodolfoarce.local dhclient[10762]: DHCPDISCOVER on vtnet0 to 255.255.255.255 port 67 interval 13
Jul  2 01:08:30 fw.rodolfoarce.local filterlog[32783]: 4,,,1000000103,vtnet1,match,block,in,4,0x0,,64,22976,0,DF,6,tcp,76,10.1.1.3,104.21.40.220,37862,443,24,FPA,2883062567:2883062591,450698881,249,,nop;nop;TS
Jul  2 01:08:31 fw.rodolfoarce.local filterlog[32783]: 4,,,1000000103,vtnet1,match,block,in,4,0x0,,64,22977,0,DF,6,tcp,76,10.1.1.3,104.21.40.220,37862,443,24,FPA,2883062567:2883062591,450698881,249,,nop;nop;TS
Jul  2 01:08:33 fw.rodolfoarce.local filterlog[32783]: 4,,,1000000103,vtnet0,match,block,in,4,0x0,,238,54321,0,none,17,udp,65,164.90.146.49,10.255.255.1,50525,53,45
Jul  2 01:08:35 fw.rodolfoarce.local filterlog[32783]: 4,,,1000000103,vtnet1,match,block,in,4,0x0,,64,22978,0,DF,6,tcp,76,10.1.1.3,104.21.40.220,37862,443,24,FPA,2883062567:2883062591,450698881,249,,nop;nop;TS
Jul  2 01:08:42 fw.rodolfoarce.local dhclient[10762]: No DHCPOFFERS received.
Jul  2 01:08:42 fw.rodolfoarce.local dhclient[10762]: No working leases in persistent database - sleeping.
Jul  1 21:08:42 fw.rodolfoarce.local dhclient[95110]: FAIL
Jul  2 01:08:42 fw.rodolfoarce.local filterlog[32783]: 4,,,1000000103,vtnet1,match,block,in,4,0x0,,64,22979,0,DF,6,tcp,76,10.1.1.3,104.21.40.220,37862,443,24,FPA,2883062567:2883062591,450698881,249,,nop;nop;TS
Jul  2 01:08:56 fw.rodolfoarce.local filterlog[32783]: 4,,,1000000103,vtnet1,match,block,in,4,0x0,,64,22980,0,DF,6,tcp,76,10.1.1.3,104.21.40.220,37862,443,24,FPA,2883062567:2883062591,450698881,249,,nop;nop;TS
Jul  2 01:08:57 fw.rodolfoarce.local dhclient[10762]: DHCPDISCOVER on vtnet0 to 255.255.255.255 port 67 interval 1
Jul  2 01:08:58 fw.rodolfoarce.local dhclient[10762]: DHCPDISCOVER on vtnet0 to 255.255.255.255 port 67 interval 2
Jul  2 01:09:00 fw.rodolfoarce.local /usr/sbin/cron[96091]: (root) CMD (/usr/sbin/newsyslog)
Jul  2 01:09:00 fw.rodolfoarce.local dhclient[10762]: DHCPDISCOVER on vtnet0 to 255.255.255.255 port 67 interval 2
Jul  2 01:09:03 fw.rodolfoarce.local dhclient[10762]: DHCPDISCOVER on vtnet0 to 255.255.255.255 port 67 interval 5
Jul  2 01:09:08 fw.rodolfoarce.local dhclient[10762]: DHCPDISCOVER on vtnet0 to 255.255.255.255 port 67 interval 14
Jul  2 01:09:22 fw.rodolfoarce.local dhclient[10762]: DHCPDISCOVER on vtnet0 to 255.255.255.255 port 67 interval 13
Jul  2 01:09:23 fw.rodolfoarce.local filterlog[32783]: 4,,,1000000103,vtnet1,match,block,in,4,0x0,,64,22981,0,DF,6,tcp,76,10.1.1.3,104.21.40.220,37862,443,24,FPA,2883062567:2883062591,450698881,249,,nop;nop;TS
Jul  2 01:09:35 fw.rodolfoarce.local dhclient[10762]: DHCPDISCOVER on vtnet0 to 255.255.255.255 port 67 interval 11
Jul  2 01:09:46 fw.rodolfoarce.local dhclient[10762]: DHCPDISCOVER on vtnet0 to 255.255.255.255 port 67 interval 12
Jul  2 01:09:58 fw.rodolfoarce.local dhclient[10762]: No DHCPOFFERS received.
Jul  2 01:09:58 fw.rodolfoarce.local dhclient[10762]: No working leases in persistent database - sleeping.
Jul  1 21:09:58 fw.rodolfoarce.local dhclient[13630]: FAIL
Jul  2 01:10:00 fw.rodolfoarce.local /usr/sbin/cron[14043]: (root) CMD (/usr/sbin/newsyslog)
Jul  2 01:10:00 fw.rodolfoarce.local /usr/sbin/cron[14292]: (root) CMD (/usr/libexec/atrun)
Jul  2 01:10:13 fw.rodolfoarce.local dhclient[10762]: DHCPDISCOVER on vtnet0 to 255.255.255.255 port 67 interval 1
Jul  2 01:10:13 fw.rodolfoarce.local dhcp6c[28115]: Sending Solicit
Jul  2 01:10:14 fw.rodolfoarce.local dhclient[10762]: DHCPDISCOVER on vtnet0 to 255.255.255.255 port 67 interval 2
Jul  2 01:10:16 fw.rodolfoarce.local dhclient[10762]: DHCPDISCOVER on vtnet0 to 255.255.255.255 port 67 interval 3
Jul  2 01:10:19 fw.rodolfoarce.local dhclient[10762]: DHCPDISCOVER on vtnet0 to 255.255.255.255 port 67 interval 4
Jul  2 01:10:23 fw.rodolfoarce.local dhclient[10762]: DHCPDISCOVER on vtnet0 to 255.255.255.255 port 67 interval 9
Jul  2 01:10:32 fw.rodolfoarce.local dhclient[10762]: DHCPDISCOVER on vtnet0 to 255.255.255.255 port 67 interval 16
Jul  2 01:10:48 fw.rodolfoarce.local dhclient[10762]: DHCPDISCOVER on vtnet0 to 255.255.255.255 port 67 interval 20
Jul  2 01:11:00 fw.rodolfoarce.local /usr/sbin/cron[32885]: (root) CMD (/usr/sbin/newsyslog)
Jul  2 01:11:08 fw.rodolfoarce.local dhclient[10762]: DHCPDISCOVER on vtnet0 to 255.255.255.255 port 67 interval 6
Jul  2 01:11:14 fw.rodolfoarce.local dhclient[10762]: No DHCPOFFERS received.
Jul  2 01:11:14 fw.rodolfoarce.local dhclient[10762]: No working leases in persistent database - sleeping.
Jul  1 21:11:14 fw.rodolfoarce.local dhclient[33812]: FAIL
Jul  2 01:11:29 fw.rodolfoarce.local dhclient[10762]: DHCPDISCOVER on vtnet0 to 255.255.255.255 port 67 interval 2
Jul  2 01:11:32 fw.rodolfoarce.local dhclient[10762]: DHCPDISCOVER on vtnet0 to 255.255.255.255 port 67 interval 5
Jul  2 01:11:37 fw.rodolfoarce.local dhclient[10762]: DHCPDISCOVER on vtnet0 to 255.255.255.255 port 67 interval 6
Jul  2 01:11:38 fw.rodolfoarce.local filterlog[32783]: 4,,,1000000103,vtnet0,match,block,in,4,0x0,,46,54818,0,none,17,udp,71,95.167.134.194,10.255.255.1,7684,53,51
Jul  2 01:11:43 fw.rodolfoarce.local dhclient[10762]: DHCPDISCOVER on vtnet0 to 255.255.255.255 port 67 interval 12
Jul  2 01:11:55 fw.rodolfoarce.local dhclient[10762]: DHCPDISCOVER on vtnet0 to 255.255.255.255 port 67 interval 9
Jul  2 01:12:00 fw.rodolfoarce.local /usr/sbin/cron[51853]: (root) CMD (/usr/sbin/newsyslog)
Jul  2 01:12:04 fw.rodolfoarce.local dhclient[10762]: DHCPDISCOVER on vtnet0 to 255.255.255.255 port 67 interval 8
Jul  2 01:12:09 fw.rodolfoarce.local dhcp6c[28115]: Sending Solicit
Jul  2 01:12:12 fw.rodolfoarce.local dhclient[10762]: DHCPDISCOVER on vtnet0 to 255.255.255.255 port 67 interval 12
Jul  2 01:12:24 fw.rodolfoarce.local dhclient[10762]: DHCPDISCOVER on vtnet0 to 255.255.255.255 port 67 interval 6
Jul  2 01:12:30 fw.rodolfoarce.local dhclient[10762]: No DHCPOFFERS received.
Jul  2 01:12:30 fw.rodolfoarce.local dhclient[10762]: No working leases in persistent database - sleeping.
Jul  1 21:12:30 fw.rodolfoarce.local dhclient[69970]: FAIL
Jul  2 01:12:45 fw.rodolfoarce.local dhclient[10762]: DHCPDISCOVER on vtnet0 to 255.255.255.255 port 67 interval 2
Jul  2 01:12:47 fw.rodolfoarce.local dhclient[10762]: DHCPDISCOVER on vtnet0 to 255.255.255.255 port 67 interval 2
Jul  2 01:12:49 fw.rodolfoarce.local dhclient[10762]: DHCPDISCOVER on vtnet0 to 255.255.255.255 port 67 interval 4
Jul  2 01:12:53 fw.rodolfoarce.local dhclient[10762]: DHCPDISCOVER on vtnet0 to 255.255.255.255 port 67 interval 10
Jul  2 01:13:00 fw.rodolfoarce.local /usr/sbin/cron[70520]: (root) CMD (/usr/sbin/newsyslog)
Jul  2 01:13:03 fw.rodolfoarce.local dhclient[10762]: DHCPDISCOVER on vtnet0 to 255.255.255.255 port 67 interval 13
Jul  2 01:13:05 fw.rodolfoarce.local filterlog[32783]: 4,,,1000000103,vtnet0,match,block,in,4,0x0,,240,54321,0,none,17,udp,59,185.142.53.155,10.255.255.1,60139,53,39
Jul  2 01:13:16 fw.rodolfoarce.local dhclient[10762]: DHCPDISCOVER on vtnet0 to 255.255.255.255 port 67 interval 15
Jul  2 01:13:31 fw.rodolfoarce.local dhclient[10762]: DHCPDISCOVER on vtnet0 to 255.255.255.255 port 67 interval 14
Jul  2 01:13:39 fw.rodolfoarce.local filterlog[32783]: 4,,,1000000103,vtnet0,match,block,in,4,0x0,,46,35436,0,none,17,udp,71,95.167.134.194,10.255.255.1,48748,53,51
Jul  2 01:13:45 fw.rodolfoarce.local dhclient[10762]: DHCPDISCOVER on vtnet0 to 255.255.255.255 port 67 interval 1
Jul  2 01:13:47 fw.rodolfoarce.local dhclient[10762]: No DHCPOFFERS received.
Jul  2 01:13:47 fw.rodolfoarce.local dhclient[10762]: No working leases in persistent database - sleeping.
Jul  1 21:13:47 fw.rodolfoarce.local dhclient[88707]: FAIL
Jul  2 01:13:58 fw.rodolfoarce.local dhcp6c[28115]: Sending Solicit
Jul  2 01:14:00 fw.rodolfoarce.local /usr/sbin/cron[89316]: (root) CMD (/usr/sbin/newsyslog)
Jul  2 01:14:02 fw.rodolfoarce.local dhclient[10762]: DHCPDISCOVER on vtnet0 to 255.255.255.255 port 67 interval 1
Jul  2 01:14:05 fw.rodolfoarce.local dhclient[10762]: message repeated 3 times: [ DHCPDISCOVER on vtnet0 to 255.255.255.255 port 67 interval 1]
Jul  2 01:14:06 fw.rodolfoarce.local dhclient[10762]: DHCPDISCOVER on vtnet0 to 255.255.255.255 port 67 interval 2
Jul  2 01:14:08 fw.rodolfoarce.local dhclient[10762]: DHCPDISCOVER on vtnet0 to 255.255.255.255 port 67 interval 3
Jul  2 01:14:11 fw.rodolfoarce.local dhclient[10762]: DHCPDISCOVER on vtnet0 to 255.255.255.255 port 67 interval 7
Jul  2 01:14:18 fw.rodolfoarce.local dhclient[10762]: DHCPDISCOVER on vtnet0 to 255.255.255.255 port 67 interval 16
Jul  2 01:14:34 fw.rodolfoarce.local dhclient[10762]: DHCPDISCOVER on vtnet0 to 255.255.255.255 port 67 interval 13
Jul  2 01:14:47 fw.rodolfoarce.local dhclient[10762]: DHCPDISCOVER on vtnet0 to 255.255.255.255 port 67 interval 14
Jul  2 01:15:00 fw.rodolfoarce.local /usr/sbin/cron[8068]: (root) CMD (/usr/libexec/atrun)
Jul  2 01:15:00 fw.rodolfoarce.local /usr/sbin/cron[7848]: (root) CMD (/usr/sbin/newsyslog)
Jul  2 01:15:01 fw.rodolfoarce.local dhclient[10762]: DHCPDISCOVER on vtnet0 to 255.255.255.255 port 67 interval 2
Jul  2 01:15:04 fw.rodolfoarce.local dhclient[10762]: No DHCPOFFERS received.
Jul  2 01:15:04 fw.rodolfoarce.local dhclient[10762]: No working leases in persistent database - sleeping.
Jul  1 21:15:04 fw.rodolfoarce.local dhclient[9165]: FAIL
Jul  2 01:15:19 fw.rodolfoarce.local dhclient[10762]: DHCPDISCOVER on vtnet0 to 255.255.255.255 port 67 interval 2
Jul  2 01:15:21 fw.rodolfoarce.local dhclient[10762]: DHCPDISCOVER on vtnet0 to 255.255.255.255 port 67 interval 3
Jul  2 01:15:24 fw.rodolfoarce.local dhclient[10762]: DHCPDISCOVER on vtnet0 to 255.255.255.255 port 67 interval 7
Jul  2 01:15:31 fw.rodolfoarce.local dhclient[10762]: DHCPDISCOVER on vtnet0 to 255.255.255.255 port 67 interval 9
Jul  2 01:15:40 fw.rodolfoarce.local dhclient[10762]: DHCPDISCOVER on vtnet0 to 255.255.255.255 port 67 interval 13
Jul  2 01:15:53 fw.rodolfoarce.local dhclient[10762]: DHCPDISCOVER on vtnet0 to 255.255.255.255 port 67 interval 16
Jul  2 01:15:56 fw.rodolfoarce.local dhcp6c[28115]: Sending Solicit
Jul  2 01:16:00 fw.rodolfoarce.local /usr/sbin/cron[27209]: (root) CMD (/usr/sbin/newsyslog)
Jul  2 01:16:09 fw.rodolfoarce.local dhclient[10762]: DHCPDISCOVER on vtnet0 to 255.255.255.255 port 67 interval 11
Jul  2 01:16:20 fw.rodolfoarce.local dhclient[10762]: No DHCPOFFERS received.
Jul  2 01:16:20 fw.rodolfoarce.local dhclient[10762]: No working leases in persistent database - sleeping.
Jul  1 21:16:20 fw.rodolfoarce.local dhclient[28192]: FAIL
Jul  2 01:16:35 fw.rodolfoarce.local dhclient[10762]: DHCPDISCOVER on vtnet0 to 255.255.255.255 port 67 interval 1
Jul  2 01:16:36 fw.rodolfoarce.local dhclient[10762]: DHCPDISCOVER on vtnet0 to 255.255.255.255 port 67 interval 2
Jul  2 01:16:38 fw.rodolfoarce.local dhclient[10762]: DHCPDISCOVER on vtnet0 to 255.255.255.255 port 67 interval 5
Jul  2 01:16:43 fw.rodolfoarce.local dhclient[10762]: DHCPDISCOVER on vtnet0 to 255.255.255.255 port 67 interval 7
Jul  2 01:16:51 fw.rodolfoarce.local dhclient[10762]: DHCPDISCOVER on vtnet0 to 255.255.255.255 port 67 interval 8
Jul  2 01:16:59 fw.rodolfoarce.local dhclient[10762]: DHCPDISCOVER on vtnet0 to 255.255.255.255 port 67 interval 13
Jul  2 01:17:00 fw.rodolfoarce.local /usr/sbin/cron[46293]: (root) CMD (/usr/sbin/newsyslog)
Jul  2 01:17:12 fw.rodolfoarce.local dhclient[10762]: DHCPDISCOVER on vtnet0 to 255.255.255.255 port 67 interval 12
Jul  2 01:17:24 fw.rodolfoarce.local dhclient[10762]: DHCPDISCOVER on vtnet0 to 255.255.255.255 port 67 interval 7
Jul  2 01:17:31 fw.rodolfoarce.local dhclient[10762]: DHCPDISCOVER on vtnet0 to 255.255.255.255 port 67 interval 5
Jul  2 01:17:36 fw.rodolfoarce.local dhclient[10762]: No DHCPOFFERS received.
Jul  2 01:17:36 fw.rodolfoarce.local dhclient[10762]: No working leases in persistent database - sleeping.
Jul  1 21:17:36 fw.rodolfoarce.local dhclient[64849]: FAIL
Jul  2 01:17:39 fw.rodolfoarce.local filterlog[32783]: 4,,,1000000103,vtnet0,match,block,in,4,0x0,,46,27838,0,none,17,udp,71,95.167.134.194,10.255.255.1,64573,53,51
Jul  2 01:17:51 fw.rodolfoarce.local dhclient[10762]: DHCPDISCOVER on vtnet0 to 255.255.255.255 port 67 interval 2
Jul  2 01:17:53 fw.rodolfoarce.local dhclient[10762]: DHCPDISCOVER on vtnet0 to 255.255.255.255 port 67 interval 3
Jul  2 01:17:56 fw.rodolfoarce.local dhclient[10762]: DHCPDISCOVER on vtnet0 to 255.255.255.255 port 67 interval 8
Jul  2 01:18:00 fw.rodolfoarce.local /usr/sbin/cron[65163]: (root) CMD (/usr/sbin/newsyslog)
Jul  2 01:18:04 fw.rodolfoarce.local dhclient[10762]: DHCPDISCOVER on vtnet0 to 255.255.255.255 port 67 interval 12
Jul  2 01:18:04 fw.rodolfoarce.local dhcp6c[28115]: Sending Solicit
Jul  2 01:18:16 fw.rodolfoarce.local dhclient[10762]: DHCPDISCOVER on vtnet0 to 255.255.255.255 port 67 interval 14
Jul  2 01:18:30 fw.rodolfoarce.local dhclient[10762]: DHCPDISCOVER on vtnet0 to 255.255.255.255 port 67 interval 7
Jul  2 01:18:44 fw.rodolfoarce.local dhclient[10762]: message repeated 2 times: [ DHCPDISCOVER on vtnet0 to 255.255.255.255 port 67 interval 7]
Jul  2 01:18:51 fw.rodolfoarce.local dhclient[10762]: DHCPDISCOVER on vtnet0 to 255.255.255.255 port 67 interval 1
Jul  2 01:18:52 fw.rodolfoarce.local dhclient[10762]: No DHCPOFFERS received.
Jul  2 01:18:52 fw.rodolfoarce.local dhclient[10762]: No working leases in persistent database - sleeping.
Jul  1 21:18:52 fw.rodolfoarce.local dhclient[84417]: FAIL
Jul  2 01:19:00 fw.rodolfoarce.local /usr/sbin/cron[84793]: (root) CMD (/usr/sbin/newsyslog)
Jul  2 01:19:07 fw.rodolfoarce.local dhclient[10762]: DHCPDISCOVER on vtnet0 to 255.255.255.255 port 67 interval 1
Jul  2 01:19:08 fw.rodolfoarce.local dhclient[10762]: DHCPDISCOVER on vtnet0 to 255.255.255.255 port 67 interval 2
Jul  2 01:19:11 fw.rodolfoarce.local dhclient[10762]: DHCPDISCOVER on vtnet0 to 255.255.255.255 port 67 interval 5
Jul  2 01:19:16 fw.rodolfoarce.local dhclient[10762]: DHCPDISCOVER on vtnet0 to 255.255.255.255 port 67 interval 8
Jul  2 01:19:24 fw.rodolfoarce.local dhclient[10762]: DHCPDISCOVER on vtnet0 to 255.255.255.255 port 67 interval 11
Jul  2 01:19:35 fw.rodolfoarce.local dhclient[10762]: DHCPDISCOVER on vtnet0 to 255.255.255.255 port 67 interval 10
Jul  2 01:19:45 fw.rodolfoarce.local dhclient[10762]: DHCPDISCOVER on vtnet0 to 255.255.255.255 port 67 interval 14
Jul  2 01:19:58 fw.rodolfoarce.local dhcp6c[28115]: Sending Solicit
Jul  2 01:19:59 fw.rodolfoarce.local dhclient[10762]: DHCPDISCOVER on vtnet0 to 255.255.255.255 port 67 interval 9
Jul  2 01:20:00 fw.rodolfoarce.local /usr/sbin/cron[4107]: (root) CMD (/usr/sbin/newsyslog)
Jul  2 01:20:00 fw.rodolfoarce.local /usr/sbin/cron[4298]: (root) CMD (/usr/libexec/atrun)
Jul  2 01:20:08 fw.rodolfoarce.local dhclient[10762]: No DHCPOFFERS received.
Jul  2 01:20:08 fw.rodolfoarce.local dhclient[10762]: No working leases in persistent database - sleeping.
Jul  1 21:20:08 fw.rodolfoarce.local dhclient[5240]: FAIL
Jul  2 01:20:23 fw.rodolfoarce.local dhclient[10762]: DHCPDISCOVER on vtnet0 to 255.255.255.255 port 67 interval 1
Jul  2 01:20:24 fw.rodolfoarce.local dhclient[10762]: DHCPDISCOVER on vtnet0 to 255.255.255.255 port 67 interval 2
Jul  2 01:20:26 fw.rodolfoarce.local dhclient[10762]: DHCPDISCOVER on vtnet0 to 255.255.255.255 port 67 interval 2
Jul  2 01:20:28 fw.rodolfoarce.local dhclient[10762]: DHCPDISCOVER on vtnet0 to 255.255.255.255 port 67 interval 3
Jul  2 01:20:31 fw.rodolfoarce.local dhclient[10762]: DHCPDISCOVER on vtnet0 to 255.255.255.255 port 67 interval 8
Jul  2 01:20:39 fw.rodolfoarce.local dhclient[10762]: DHCPDISCOVER on vtnet0 to 255.255.255.255 port 67 interval 8
Jul  2 01:20:47 fw.rodolfoarce.local dhclient[10762]: DHCPDISCOVER on vtnet0 to 255.255.255.255 port 67 interval 15
Jul  2 01:21:00 fw.rodolfoarce.local /usr/sbin/cron[26719]: (root) CMD (/usr/sbin/newsyslog)
Jul  2 01:21:02 fw.rodolfoarce.local dhclient[10762]: DHCPDISCOVER on vtnet0 to 255.255.255.255 port 67 interval 10
Jul  2 01:21:12 fw.rodolfoarce.local dhclient[10762]: DHCPDISCOVER on vtnet0 to 255.255.255.255 port 67 interval 12
Jul  2 01:21:24 fw.rodolfoarce.local dhclient[10762]: No DHCPOFFERS received.
Jul  2 01:21:24 fw.rodolfoarce.local dhclient[10762]: No working leases in persistent database - sleeping.
Jul  1 21:21:24 fw.rodolfoarce.local dhclient[27536]: FAIL
Jul  2 01:21:39 fw.rodolfoarce.local filterlog[32783]: 4,,,1000000103,vtnet0,match,block,in,4,0x0,,46,43494,0,none,17,udp,71,95.167.134.194,10.255.255.1,13072,53,51
Jul  2 01:21:39 fw.rodolfoarce.local dhclient[10762]: DHCPDISCOVER on vtnet0 to 255.255.255.255 port 67 interval 2
Jul  2 01:21:41 fw.rodolfoarce.local dhclient[10762]: DHCPDISCOVER on vtnet0 to 255.255.255.255 port 67 interval 4
Jul  2 01:21:46 fw.rodolfoarce.local dhclient[10762]: DHCPDISCOVER on vtnet0 to 255.255.255.255 port 67 interval 8
Jul  2 01:21:54 fw.rodolfoarce.local dhclient[10762]: DHCPDISCOVER on vtnet0 to 255.255.255.255 port 67 interval 16
Jul  2 01:22:00 fw.rodolfoarce.local /usr/sbin/cron[47571]: (root) CMD (/usr/sbin/newsyslog)
Jul  2 01:22:02 fw.rodolfoarce.local dhcp6c[28115]: Sending Solicit
Jul  2 01:22:10 fw.rodolfoarce.local dhclient[10762]: DHCPDISCOVER on vtnet0 to 255.255.255.255 port 67 interval 12
Jul  2 01:22:22 fw.rodolfoarce.local dhclient[10762]: DHCPDISCOVER on vtnet0 to 255.255.255.255 port 67 interval 18
Jul  2 01:22:40 fw.rodolfoarce.local dhclient[10762]: No DHCPOFFERS received.
Jul  2 01:22:40 fw.rodolfoarce.local dhclient[10762]: No working leases in persistent database - sleeping.
Jul  1 21:22:40 fw.rodolfoarce.local dhclient[64847]: FAIL
Jul  2 01:22:55 fw.rodolfoarce.local dhclient[10762]: DHCPDISCOVER on vtnet0 to 255.255.255.255 port 67 interval 1
Jul  2 01:22:56 fw.rodolfoarce.local dhclient[10762]: DHCPDISCOVER on vtnet0 to 255.255.255.255 port 67 interval 2
Jul  2 01:22:58 fw.rodolfoarce.local dhclient[10762]: DHCPDISCOVER on vtnet0 to 255.255.255.255 port 67 interval 3
Jul  2 01:23:00 fw.rodolfoarce.local /usr/sbin/cron[65080]: (root) CMD (/usr/sbin/newsyslog)
Jul  2 01:23:01 fw.rodolfoarce.local dhclient[10762]: DHCPDISCOVER on vtnet0 to 255.255.255.255 port 67 interval 6
Jul  2 01:23:07 fw.rodolfoarce.local dhclient[10762]: DHCPDISCOVER on vtnet0 to 255.255.255.255 port 67 interval 8
Jul  2 01:23:15 fw.rodolfoarce.local dhclient[10762]: DHCPDISCOVER on vtnet0 to 255.255.255.255 port 67 interval 16
Jul  2 01:23:31 fw.rodolfoarce.local dhclient[10762]: DHCPDISCOVER on vtnet0 to 255.255.255.255 port 67 interval 20
Jul  2 01:23:41 fw.rodolfoarce.local filterlog[32783]: 4,,,1000000103,vtnet0,match,block,in,4,0x60,,242,54321,0,none,17,udp,59,198.235.24.179,10.255.255.1,52900,53,39
Jul  2 01:23:51 fw.rodolfoarce.local dhclient[10762]: DHCPDISCOVER on vtnet0 to 255.255.255.255 port 67 interval 5
Jul  2 01:23:56 fw.rodolfoarce.local dhclient[10762]: No DHCPOFFERS received.
Jul  2 01:23:56 fw.rodolfoarce.local dhclient[10762]: No working leases in persistent database - sleeping.
Jul  1 21:23:56 fw.rodolfoarce.local dhclient[83756]: FAIL
Jul  2 01:23:57 fw.rodolfoarce.local dhcp6c[28115]: Sending Solicit
Jul  2 01:24:00 fw.rodolfoarce.local /usr/sbin/cron[84160]: (root) CMD (/usr/sbin/newsyslog)
Jul  2 01:24:11 fw.rodolfoarce.local dhclient[10762]: DHCPDISCOVER on vtnet0 to 255.255.255.255 port 67 interval 2
Jul  2 01:24:13 fw.rodolfoarce.local dhclient[10762]: DHCPDISCOVER on vtnet0 to 255.255.255.255 port 67 interval 5
Jul  2 01:24:19 fw.rodolfoarce.local dhclient[10762]: DHCPDISCOVER on vtnet0 to 255.255.255.255 port 67 interval 12
Jul  2 01:24:31 fw.rodolfoarce.local dhclient[10762]: DHCPDISCOVER on vtnet0 to 255.255.255.255 port 67 interval 16
Jul  2 01:24:47 fw.rodolfoarce.local dhclient[10762]: DHCPDISCOVER on vtnet0 to 255.255.255.255 port 67 interval 13
Jul  2 01:25:00 fw.rodolfoarce.local /usr/sbin/cron[3944]: (root) CMD (/usr/sbin/newsyslog)
Jul  2 01:25:00 fw.rodolfoarce.local /usr/sbin/cron[4166]: (root) CMD (/usr/libexec/atrun)
Jul  2 01:25:00 fw.rodolfoarce.local dhclient[10762]: DHCPDISCOVER on vtnet0 to 255.255.255.255 port 67 interval 12
Jul  2 01:25:12 fw.rodolfoarce.local dhclient[10762]: No DHCPOFFERS received.
Jul  2 01:25:12 fw.rodolfoarce.local dhclient[10762]: No working leases in persistent database - sleeping.
Jul  1 21:25:12 fw.rodolfoarce.local dhclient[5439]: FAIL
Jul  2 01:25:22 fw.rodolfoarce.local filterlog[32783]: 4,,,1000000103,vtnet0,match,block,in,4,0x0,,53,49287,0,none,17,udp,71,172.253.226.33,10.255.255.1,59285,53,51
Jul  2 01:25:23 fw.rodolfoarce.local filterlog[32783]: 4,,,1000000103,vtnet0,match,block,in,4,0x0,,51,30978,0,DF,17,udp,71,172.70.81.6,10.255.255.1,30818,53,51
Jul  2 01:25:23 fw.rodolfoarce.local filterlog[32783]: 4,,,1000000103,vtnet0,match,block,in,4,0x0,,51,30979,0,DF,17,udp,71,172.70.81.6,10.255.255.1,30818,53,51
Jul  2 01:25:25 fw.rodolfoarce.local filterlog[32783]: 4,,,1000000103,vtnet0,match,block,in,4,0x0,,52,64251,0,none,17,udp,71,204.194.239.77,10.255.255.1,44907,53,51
Jul  2 01:25:25 fw.rodolfoarce.local filterlog[32783]: 4,,,1000000103,vtnet0,match,block,in,4,0x0,,52,61699,0,none,17,udp,71,204.194.239.77,10.255.255.1,34417,53,51
Jul  2 01:25:25 fw.rodolfoarce.local filterlog[32783]: 4,,,1000000103,vtnet0,match,block,in,4,0x0,,52,18585,0,none,17,udp,71,204.194.239.77,10.255.255.1,4383,53,51
Jul  2 01:25:26 fw.rodolfoarce.local filterlog[32783]: 4,,,1000000103,vtnet0,match,block,in,4,0x0,,52,172,0,none,17,udp,71,204.194.239.77,10.255.255.1,32831,53,51
Jul  2 01:25:27 fw.rodolfoarce.local filterlog[32783]: 4,,,1000000103,vtnet0,match,block,in,4,0x0,,52,59577,0,none,17,udp,71,204.194.239.86,10.255.255.1,8073,53,51
Jul  2 01:25:27 fw.rodolfoarce.local filterlog[32783]: 4,,,1000000103,vtnet0,match,block,in,4,0x0,,52,10981,0,none,17,udp,71,204.194.239.86,10.255.255.1,19574,53,51
Jul  2 01:25:27 fw.rodolfoarce.local filterlog[32783]: 4,,,1000000103,vtnet0,match,block,in,4,0x0,,52,58304,0,none,17,udp,71,204.194.239.86,10.255.255.1,18756,53,51
Jul  2 01:25:27 fw.rodolfoarce.local filterlog[32783]: 4,,,1000000103,vtnet0,match,block,in,4,0x0,,99,36741,0,none,17,udp,71,172.253.209.157,10.255.255.1,37386,53,51
Jul  2 01:25:27 fw.rodolfoarce.local filterlog[32783]: 4,,,1000000103,vtnet0,match,block,in,4,0x0,,52,41962,0,none,17,udp,71,204.194.239.77,10.255.255.1,26417,53,51
Jul  2 01:25:27 fw.rodolfoarce.local dhclient[10762]: DHCPDISCOVER on vtnet0 to 255.255.255.255 port 67 interval 1
Jul  2 01:25:28 fw.rodolfoarce.local filterlog[32783]: 4,,,1000000103,vtnet0,match,block,in,4,0x0,,52,10244,0,none,17,udp,71,204.194.239.77,10.255.255.1,65513,53,51
Jul  2 01:25:28 fw.rodolfoarce.local filterlog[32783]: 4,,,1000000103,vtnet0,match,block,in,4,0x0,,52,64991,0,none,17,udp,71,204.194.239.86,10.255.255.1,23468,53,51
Jul  2 01:25:28 fw.rodolfoarce.local filterlog[32783]: 4,,,1000000103,vtnet0,match,block,in,4,0x0,,114,2028,0,none,17,udp,60,209.216.161.45,10.255.255.1,49264,53,40
Jul  2 01:25:28 fw.rodolfoarce.local filterlog[32783]: 4,,,1000000103,vtnet0,match,block,in,4,0x0,,52,43971,0,none,17,udp,71,204.194.239.69,10.255.255.1,1885,53,51
Jul  2 01:25:28 fw.rodolfoarce.local dhclient[10762]: DHCPDISCOVER on vtnet0 to 255.255.255.255 port 67 interval 1
Jul  2 01:25:29 fw.rodolfoarce.local filterlog[32783]: 4,,,1000000103,vtnet0,match,block,in,4,0x0,,52,29583,0,none,17,udp,71,204.194.239.69,10.255.255.1,3384,53,51
Jul  2 01:25:29 fw.rodolfoarce.local filterlog[32783]: 4,,,1000000103,vtnet0,match,block,in,4,0x88,,51,44010,0,DF,17,udp,71,172.71.29.126,10.255.255.1,32557,53,51
Jul  2 01:25:29 fw.rodolfoarce.local filterlog[32783]: 4,,,1000000103,vtnet0,match,block,in,4,0x0,,52,4659,0,none,17,udp,71,204.194.239.77,10.255.255.1,29723,53,51
Jul  2 01:25:29 fw.rodolfoarce.local filterlog[32783]: 4,,,1000000103,vtnet0,match,block,in,4,0x0,,52,61174,0,none,17,udp,71,204.194.239.69,10.255.255.1,47253,53,51
Jul  2 01:25:29 fw.rodolfoarce.local filterlog[32783]: 4,,,1000000103,vtnet0,match,block,in,4,0x88,,51,44011,0,DF,17,udp,71,172.71.29.126,10.255.255.1,32557,53,51
Jul  2 01:25:29 fw.rodolfoarce.local filterlog[32783]: 4,,,1000000103,vtnet0,match,block,in,4,0x0,,52,64594,0,none,17,udp,71,204.194.239.86,10.255.255.1,55507,53,51
Jul  2 01:25:29 fw.rodolfoarce.local dhclient[10762]: DHCPDISCOVER on vtnet0 to 255.255.255.255 port 67 interval 1
Jul  2 01:25:30 fw.rodolfoarce.local filterlog[32783]: 4,,,1000000103,vtnet0,match,block,in,4,0x0,,52,45878,0,none,17,udp,71,204.194.239.86,10.255.255.1,53897,53,51
Jul  2 01:25:30 fw.rodolfoarce.local filterlog[32783]: 4,,,1000000103,vtnet0,match,block,in,4,0x0,,52,43444,0,none,17,udp,71,204.194.239.77,10.255.255.1,13221,53,51
Jul  2 01:25:30 fw.rodolfoarce.local filterlog[32783]: 4,,,1000000103,vtnet0,match,block,in,4,0x0,,52,44552,0,none,17,udp,71,204.194.239.69,10.255.255.1,3700,53,51
Jul  2 01:25:30 fw.rodolfoarce.local filterlog[32783]: 4,,,1000000103,vtnet0,match,block,in,4,0x0,,47,39639,0,DF,17,udp,71,24.93.71.199,10.255.255.1,35771,53,51
Jul  2 01:25:30 fw.rodolfoarce.local dhclient[10762]: DHCPDISCOVER on vtnet0 to 255.255.255.255 port 67 interval 1
Jul  2 01:25:31 fw.rodolfoarce.local filterlog[32783]: 4,,,1000000103,vtnet0,match,block,in,4,0x0,,52,38756,0,none,17,udp,71,204.194.239.69,10.255.255.1,35401,53,51
Jul  2 01:25:31 fw.rodolfoarce.local filterlog[32783]: 4,,,1000000103,vtnet0,match,block,in,4,0x0,,47,39856,0,DF,17,udp,71,24.93.71.199,10.255.255.1,35258,53,51
Jul  2 01:25:31 fw.rodolfoarce.local filterlog[32783]: 4,,,1000000103,vtnet0,match,block,in,4,0x0,,52,27693,0,none,17,udp,71,204.194.239.86,10.255.255.1,25092,53,51
Jul  2 01:25:31 fw.rodolfoarce.local filterlog[32783]: 4,,,1000000103,vtnet0,match,block,in,4,0x0,,48,41958,0,DF,17,udp,71,24.93.72.143,10.255.255.1,33541,53,51
Jul  2 01:25:31 fw.rodolfoarce.local filterlog[32783]: 4,,,1000000103,vtnet0,match,block,in,4,0x0,,52,5679,0,none,17,udp,71,204.194.239.69,10.255.255.1,1878,53,51
Jul  2 01:25:31 fw.rodolfoarce.local filterlog[32783]: 4,,,1000000103,vtnet0,match,block,in,4,0x0,,116,6195,0,none,17,udp,71,172.253.233.5,10.255.255.1,59967,53,51
Jul  2 01:25:31 fw.rodolfoarce.local filterlog[32783]: 4,,,1000000103,vtnet0,match,block,in,4,0x0,,47,40174,0,DF,17,udp,71,24.93.71.199,10.255.255.1,54801,53,51
Jul  2 01:25:31 fw.rodolfoarce.local filterlog[32783]: 4,,,1000000103,vtnet0,match,block,in,4,0x0,,114,20983,0,none,17,udp,71,209.216.160.66,10.255.255.1,57980,53,51
Jul  2 01:25:31 fw.rodolfoarce.local dhclient[10762]: DHCPDISCOVER on vtnet0 to 255.255.255.255 port 67 interval 1
