Jul  1 03:03:00 fw.rodolfoarce.local /usr/sbin/cron[63656]: (root) CMD (/usr/sbin/newsyslog)
Jul  1 03:03:05 fw.rodolfoarce.local dhclient[10762]: DHCPDISCOVER on vtnet0 to 255.255.255.255 port 67 interval 14
Jul  1 03:03:19 fw.rodolfoarce.local dhclient[10762]: DHCPDISCOVER on vtnet0 to 255.255.255.255 port 67 interval 12
Jul  1 03:03:31 fw.rodolfoarce.local dhclient[10762]: DHCPDISCOVER on vtnet0 to 255.255.255.255 port 67 interval 18
Jul  1 03:03:49 fw.rodolfoarce.local dhclient[10762]: No DHCPOFFERS received.
Jul  1 03:03:49 fw.rodolfoarce.local dhclient[10762]: No working leases in persistent database - sleeping.
Jun 30 23:03:49 fw.rodolfoarce.local dhclient[64348]: FAIL
Jul  1 03:04:00 fw.rodolfoarce.local /usr/sbin/cron[82525]: (root) CMD (/usr/sbin/newsyslog)
Jul  1 03:04:04 fw.rodolfoarce.local dhclient[10762]: DHCPDISCOVER on vtnet0 to 255.255.255.255 port 67 interval 2
Jul  1 03:04:06 fw.rodolfoarce.local dhclient[10762]: DHCPDISCOVER on vtnet0 to 255.255.255.255 port 67 interval 2
Jul  1 03:04:08 fw.rodolfoarce.local dhclient[10762]: DHCPDISCOVER on vtnet0 to 255.255.255.255 port 67 interval 3
Jul  1 03:04:11 fw.rodolfoarce.local dhclient[10762]: DHCPDISCOVER on vtnet0 to 255.255.255.255 port 67 interval 6
Jul  1 03:04:17 fw.rodolfoarce.local dhclient[10762]: DHCPDISCOVER on vtnet0 to 255.255.255.255 port 67 interval 13
Jul  1 03:04:30 fw.rodolfoarce.local dhclient[10762]: DHCPDISCOVER on vtnet0 to 255.255.255.255 port 67 interval 13
Jul  1 03:04:31 fw.rodolfoarce.local dhcp6c[28115]: Sending Solicit
Jul  1 03:04:40 fw.rodolfoarce.local filterlog[32783]: 4,,,1000000103,vtnet0,match,block,in,4,0x0,,48,29079,0,DF,17,udp,65,159.65.86.86,10.255.255.1,55135,53,45
Jul  1 03:04:41 fw.rodolfoarce.local filterlog[32783]: 4,,,1000000103,vtnet0,match,block,in,4,0x0,,48,29114,0,DF,17,udp,76,159.65.86.86,10.255.255.1,55135,53,56
Jul  1 03:04:42 fw.rodolfoarce.local filterlog[32783]: 4,,,1000000103,vtnet0,match,block,in,4,0x0,,48,29179,0,DF,17,udp,65,159.65.86.86,10.255.255.1,55135,53,45
Jul  1 03:04:43 fw.rodolfoarce.local filterlog[32783]: 4,,,1000000103,vtnet0,match,block,in,4,0x0,,48,29321,0,DF,17,udp,76,159.65.86.86,10.255.255.1,55135,53,56
Jul  1 03:04:43 fw.rodolfoarce.local dhclient[10762]: DHCPDISCOVER on vtnet0 to 255.255.255.255 port 67 interval 14
Jul  1 03:04:44 fw.rodolfoarce.local filterlog[32783]: 4,,,1000000103,vtnet0,match,block,in,4,0x0,,48,29581,0,DF,17,udp,65,159.65.86.86,10.255.255.1,55135,53,45
Jul  1 03:04:45 fw.rodolfoarce.local filterlog[32783]: 4,,,1000000103,vtnet0,match,block,in,4,0x0,,48,29682,0,DF,17,udp,76,159.65.86.86,10.255.255.1,55135,53,56
Jul  1 03:04:47 fw.rodolfoarce.local filterlog[32783]: 4,,,1000000103,vtnet0,match,block,in,4,0x0,,48,29978,0,DF,17,udp,65,159.65.86.86,10.255.255.1,55135,53,45
Jul  1 03:04:49 fw.rodolfoarce.local filterlog[32783]: 4,,,1000000103,vtnet0,match,block,in,4,0x0,,48,30144,0,DF,17,udp,76,159.65.86.86,10.255.255.1,55135,53,56
Jul  1 03:04:51 fw.rodolfoarce.local filterlog[32783]: 4,,,1000000103,vtnet0,match,block,in,4,0x0,,48,30335,0,DF,17,udp,65,159.65.86.86,10.255.255.1,55135,53,45
Jul  1 03:04:54 fw.rodolfoarce.local filterlog[32783]: 4,,,1000000103,vtnet0,match,block,in,4,0x0,,48,30911,0,DF,17,udp,76,159.65.86.86,10.255.255.1,55135,53,56
Jul  1 03:04:56 fw.rodolfoarce.local filterlog[32783]: 4,,,1000000103,vtnet0,match,block,in,4,0x0,,48,31598,0,DF,17,udp,76,159.65.86.86,10.255.255.1,55135,53,56
Jul  1 03:04:56 fw.rodolfoarce.local filterlog[32783]: 4,,,1000000103,vtnet0,match,block,in,4,0x0,,48,31652,0,DF,17,udp,65,159.65.86.86,10.255.255.1,55135,53,45
Jul  1 03:04:57 fw.rodolfoarce.local filterlog[32783]: 4,,,1000000103,vtnet0,match,block,in,4,0x0,,48,31762,0,DF,17,udp,76,159.65.86.86,10.255.255.1,55135,53,56
Jul  1 03:04:58 fw.rodolfoarce.local dhclient[10762]: DHCPDISCOVER on vtnet0 to 255.255.255.255 port 67 interval 7
Jul  1 03:04:58 fw.rodolfoarce.local filterlog[32783]: 4,,,1000000103,vtnet0,match,block,in,4,0x0,,48,31782,0,DF,17,udp,65,159.65.86.86,10.255.255.1,55135,53,45
Jul  1 03:04:59 fw.rodolfoarce.local filterlog[32783]: 4,,,1000000103,vtnet0,match,block,in,4,0x0,,48,31861,0,DF,17,udp,76,159.65.86.86,10.255.255.1,55135,53,56
Jul  1 03:05:00 fw.rodolfoarce.local /usr/sbin/cron[1640]: (root) CMD (/usr/libexec/atrun)
Jul  1 03:05:00 fw.rodolfoarce.local /usr/sbin/cron[1381]: (root) CMD (/usr/sbin/newsyslog)
Jul  1 03:05:00 fw.rodolfoarce.local filterlog[32783]: 4,,,1000000103,vtnet0,match,block,in,4,0x0,,48,31937,0,DF,17,udp,65,159.65.86.86,10.255.255.1,55135,53,45
Jul  1 03:05:01 fw.rodolfoarce.local filterlog[32783]: 4,,,1000000103,vtnet0,match,block,in,4,0x0,,48,31995,0,DF,17,udp,76,159.65.86.86,10.255.255.1,55135,53,56
Jul  1 03:05:04 fw.rodolfoarce.local filterlog[32783]: 4,,,1000000103,vtnet0,match,block,in,4,0x0,,48,32070,0,DF,17,udp,65,159.65.86.86,10.255.255.1,55135,53,45
Jul  1 03:05:05 fw.rodolfoarce.local dhclient[10762]: No DHCPOFFERS received.
Jul  1 03:05:05 fw.rodolfoarce.local dhclient[10762]: No working leases in persistent database - sleeping.
Jun 30 23:05:05 fw.rodolfoarce.local dhclient[2503]: FAIL
Jul  1 03:05:06 fw.rodolfoarce.local filterlog[32783]: 4,,,1000000103,vtnet0,match,block,in,4,0x0,,48,32232,0,DF,17,udp,76,159.65.86.86,10.255.255.1,55135,53,56
Jul  1 03:05:08 fw.rodolfoarce.local filterlog[32783]: 4,,,1000000103,vtnet0,match,block,in,4,0x0,,48,32625,0,DF,17,udp,65,159.65.86.86,10.255.255.1,55135,53,45
Jul  1 03:05:10 fw.rodolfoarce.local filterlog[32783]: 4,,,1000000103,vtnet0,match,block,in,4,0x0,,48,33108,0,DF,17,udp,76,159.65.86.86,10.255.255.1,55135,53,56
Jul  1 03:05:13 fw.rodolfoarce.local filterlog[32783]: 4,,,1000000103,vtnet0,match,block,in,4,0x0,,48,33588,0,DF,17,udp,76,159.65.86.86,10.255.255.1,55135,53,56
Jul  1 03:05:13 fw.rodolfoarce.local filterlog[32783]: 4,,,1000000103,vtnet0,match,block,in,4,0x0,,48,33628,0,DF,17,udp,65,159.65.86.86,10.255.255.1,55135,53,45
Jul  1 03:05:14 fw.rodolfoarce.local filterlog[32783]: 4,,,1000000103,vtnet0,match,block,in,4,0x0,,48,33654,0,DF,17,udp,76,159.65.86.86,10.255.255.1,55135,53,56
Jul  1 03:05:15 fw.rodolfoarce.local filterlog[32783]: 4,,,1000000103,vtnet0,match,block,in,4,0x0,,48,33828,0,DF,17,udp,65,159.65.86.86,10.255.255.1,55135,53,45
Jul  1 03:05:16 fw.rodolfoarce.local filterlog[32783]: 4,,,1000000103,vtnet0,match,block,in,4,0x0,,48,33890,0,DF,17,udp,76,159.65.86.86,10.255.255.1,55135,53,56
Jul  1 03:05:17 fw.rodolfoarce.local filterlog[32783]: 4,,,1000000103,vtnet0,match,block,in,4,0x0,,48,34121,0,DF,17,udp,65,159.65.86.86,10.255.255.1,55135,53,45
Jul  1 03:05:18 fw.rodolfoarce.local filterlog[32783]: 4,,,1000000103,vtnet0,match,block,in,4,0x0,,48,34314,0,DF,17,udp,76,159.65.86.86,10.255.255.1,55135,53,56
Jul  1 03:05:20 fw.rodolfoarce.local dhclient[10762]: DHCPDISCOVER on vtnet0 to 255.255.255.255 port 67 interval 2
Jul  1 03:05:20 fw.rodolfoarce.local filterlog[32783]: 4,,,1000000103,vtnet0,match,block,in,4,0x0,,48,34564,0,DF,17,udp,65,159.65.86.86,10.255.255.1,55135,53,45
Jul  1 03:05:22 fw.rodolfoarce.local dhclient[10762]: DHCPDISCOVER on vtnet0 to 255.255.255.255 port 67 interval 3
Jul  1 03:05:22 fw.rodolfoarce.local filterlog[32783]: 4,,,1000000103,vtnet0,match,block,in,4,0x0,,48,34622,0,DF,17,udp,76,159.65.86.86,10.255.255.1,55135,53,56
Jul  1 03:05:24 fw.rodolfoarce.local filterlog[32783]: 4,,,1000000103,vtnet0,match,block,in,4,0x0,,48,34943,0,DF,17,udp,65,159.65.86.86,10.255.255.1,55135,53,45
Jul  1 03:05:25 fw.rodolfoarce.local dhclient[10762]: DHCPDISCOVER on vtnet0 to 255.255.255.255 port 67 interval 8
Jul  1 03:05:26 fw.rodolfoarce.local filterlog[32783]: 4,,,1000000103,vtnet0,match,block,in,4,0x0,,48,34979,0,DF,17,udp,76,159.65.86.86,10.255.255.1,55135,53,56
Jul  1 03:05:33 fw.rodolfoarce.local dhclient[10762]: DHCPDISCOVER on vtnet0 to 255.255.255.255 port 67 interval 16
Jul  1 03:05:49 fw.rodolfoarce.local dhclient[10762]: DHCPDISCOVER on vtnet0 to 255.255.255.255 port 67 interval 18
Jul  1 03:06:00 fw.rodolfoarce.local /usr/sbin/cron[20665]: (root) CMD (/usr/sbin/newsyslog)
Jul  1 03:06:07 fw.rodolfoarce.local dhclient[10762]: DHCPDISCOVER on vtnet0 to 255.255.255.255 port 67 interval 14
Jul  1 03:06:21 fw.rodolfoarce.local dhclient[10762]: No DHCPOFFERS received.
Jul  1 03:06:21 fw.rodolfoarce.local dhclient[10762]: No working leases in persistent database - sleeping.
Jun 30 23:06:21 fw.rodolfoarce.local dhclient[21463]: FAIL
Jul  1 03:06:26 fw.rodolfoarce.local dhcp6c[28115]: Sending Solicit
Jul  1 03:06:36 fw.rodolfoarce.local dhclient[10762]: DHCPDISCOVER on vtnet0 to 255.255.255.255 port 67 interval 1
Jul  1 03:06:37 fw.rodolfoarce.local dhclient[10762]: DHCPDISCOVER on vtnet0 to 255.255.255.255 port 67 interval 2
Jul  1 03:06:39 fw.rodolfoarce.local dhclient[10762]: DHCPDISCOVER on vtnet0 to 255.255.255.255 port 67 interval 4
Jul  1 03:06:44 fw.rodolfoarce.local dhclient[10762]: DHCPDISCOVER on vtnet0 to 255.255.255.255 port 67 interval 7
Jul  1 03:06:51 fw.rodolfoarce.local dhclient[10762]: DHCPDISCOVER on vtnet0 to 255.255.255.255 port 67 interval 16
Jul  1 03:07:00 fw.rodolfoarce.local /usr/sbin/cron[34866]: (root) CMD (/usr/sbin/newsyslog)
Jul  1 03:07:07 fw.rodolfoarce.local dhclient[10762]: DHCPDISCOVER on vtnet0 to 255.255.255.255 port 67 interval 17
Jul  1 03:07:24 fw.rodolfoarce.local dhclient[10762]: DHCPDISCOVER on vtnet0 to 255.255.255.255 port 67 interval 13
Jul  1 03:07:37 fw.rodolfoarce.local dhclient[10762]: No DHCPOFFERS received.
Jul  1 03:07:37 fw.rodolfoarce.local dhclient[10762]: No working leases in persistent database - sleeping.
Jun 30 23:07:37 fw.rodolfoarce.local dhclient[39834]: FAIL
Jul  1 03:07:52 fw.rodolfoarce.local dhclient[10762]: DHCPDISCOVER on vtnet0 to 255.255.255.255 port 67 interval 1
Jul  1 03:07:53 fw.rodolfoarce.local dhclient[10762]: DHCPDISCOVER on vtnet0 to 255.255.255.255 port 67 interval 1
Jul  1 03:07:54 fw.rodolfoarce.local dhclient[10762]: DHCPDISCOVER on vtnet0 to 255.255.255.255 port 67 interval 2
Jul  1 03:07:56 fw.rodolfoarce.local dhclient[10762]: DHCPDISCOVER on vtnet0 to 255.255.255.255 port 67 interval 3
Jul  1 03:07:59 fw.rodolfoarce.local dhclient[10762]: DHCPDISCOVER on vtnet0 to 255.255.255.255 port 67 interval 7
Jul  1 03:08:00 fw.rodolfoarce.local /usr/sbin/cron[40175]: (root) CMD (/usr/sbin/newsyslog)
Jul  1 03:08:06 fw.rodolfoarce.local dhclient[10762]: DHCPDISCOVER on vtnet0 to 255.255.255.255 port 67 interval 13
Jul  1 03:08:19 fw.rodolfoarce.local dhclient[10762]: DHCPDISCOVER on vtnet0 to 255.255.255.255 port 67 interval 15
Jul  1 03:08:23 fw.rodolfoarce.local dhcp6c[28115]: Sending Solicit
Jul  1 03:08:24 fw.rodolfoarce.local filterlog[32783]: 4,,,1000000103,vtnet1,match,block,in,4,0x0,,64,47443,0,DF,6,tcp,76,10.1.1.3,104.21.40.220,34074,443,24,PA,4130820744:4130820768,4172271267,249,,nop;nop;TS
Jul  1 03:08:24 fw.rodolfoarce.local filterlog[32783]: 4,,,1000000103,vtnet1,match,block,in,4,0x0,,64,47444,0,DF,6,tcp,52,10.1.1.3,104.21.40.220,34074,443,0,FA,4130820768,4172271267,249,,nop;nop;TS
Jul  1 03:08:24 fw.rodolfoarce.local filterlog[32783]: 4,,,1000000103,vtnet1,match,block,in,4,0x0,,64,47445,0,DF,6,tcp,52,10.1.1.3,104.21.40.220,34074,443,0,FA,4130820768,4172271267,249,,nop;nop;TS
Jul  1 03:08:24 fw.rodolfoarce.local filterlog[32783]: 4,,,1000000103,vtnet1,match,block,in,4,0x0,,64,47446,0,DF,6,tcp,76,10.1.1.3,104.21.40.220,34074,443,24,FPA,4130820744:4130820768,4172271267,249,,nop;nop;TS
Jul  1 03:08:24 fw.rodolfoarce.local filterlog[32783]: 4,,,1000000103,vtnet1,match,block,in,4,0x0,,64,47447,0,DF,6,tcp,76,10.1.1.3,104.21.40.220,34074,443,24,FPA,4130820744:4130820768,4172271267,249,,nop;nop;TS
Jul  1 03:08:25 fw.rodolfoarce.local filterlog[32783]: 4,,,1000000103,vtnet1,match,block,in,4,0x0,,64,47448,0,DF,6,tcp,76,10.1.1.3,104.21.40.220,34074,443,24,FPA,4130820744:4130820768,4172271267,249,,nop;nop;TS
Jul  1 03:08:27 fw.rodolfoarce.local filterlog[32783]: 4,,,1000000103,vtnet1,match,block,in,4,0x0,,64,47449,0,DF,6,tcp,76,10.1.1.3,104.21.40.220,34074,443,24,FPA,4130820744:4130820768,4172271267,249,,nop;nop;TS
Jul  1 03:08:30 fw.rodolfoarce.local filterlog[32783]: 4,,,1000000103,vtnet1,match,block,in,4,0x0,,64,47450,0,DF,6,tcp,76,10.1.1.3,104.21.40.220,34074,443,24,FPA,4130820744:4130820768,4172271267,249,,nop;nop;TS
Jul  1 03:08:35 fw.rodolfoarce.local dhclient[10762]: DHCPDISCOVER on vtnet0 to 255.255.255.255 port 67 interval 7
Jul  1 03:08:37 fw.rodolfoarce.local filterlog[32783]: 4,,,1000000103,vtnet1,match,block,in,4,0x0,,64,47451,0,DF,6,tcp,76,10.1.1.3,104.21.40.220,34074,443,24,FPA,4130820744:4130820768,4172271267,249,,nop;nop;TS
Jul  1 03:08:42 fw.rodolfoarce.local dhclient[10762]: DHCPDISCOVER on vtnet0 to 255.255.255.255 port 67 interval 10
Jul  1 03:08:51 fw.rodolfoarce.local filterlog[32783]: 4,,,1000000103,vtnet1,match,block,in,4,0x0,,64,47452,0,DF,6,tcp,76,10.1.1.3,104.21.40.220,34074,443,24,FPA,4130820744:4130820768,4172271267,249,,nop;nop;TS
Jul  1 03:08:52 fw.rodolfoarce.local dhclient[10762]: DHCPDISCOVER on vtnet0 to 255.255.255.255 port 67 interval 1
Jul  1 03:08:53 fw.rodolfoarce.local dhclient[10762]: No DHCPOFFERS received.
Jul  1 03:08:53 fw.rodolfoarce.local dhclient[10762]: No working leases in persistent database - sleeping.
Jun 30 23:08:53 fw.rodolfoarce.local dhclient[59771]: FAIL
Jul  1 03:09:00 fw.rodolfoarce.local /usr/sbin/cron[60324]: (root) CMD (/usr/sbin/newsyslog)
Jul  1 03:09:08 fw.rodolfoarce.local dhclient[10762]: DHCPDISCOVER on vtnet0 to 255.255.255.255 port 67 interval 2
Jul  1 03:09:10 fw.rodolfoarce.local dhclient[10762]: DHCPDISCOVER on vtnet0 to 255.255.255.255 port 67 interval 4
Jul  1 03:09:14 fw.rodolfoarce.local dhclient[10762]: DHCPDISCOVER on vtnet0 to 255.255.255.255 port 67 interval 4
Jul  1 03:09:18 fw.rodolfoarce.local dhclient[10762]: DHCPDISCOVER on vtnet0 to 255.255.255.255 port 67 interval 7
Jul  1 03:09:18 fw.rodolfoarce.local filterlog[32783]: 4,,,1000000103,vtnet1,match,block,in,4,0x0,,64,47453,0,DF,6,tcp,76,10.1.1.3,104.21.40.220,34074,443,24,FPA,4130820744:4130820768,4172271267,249,,nop;nop;TS
Jul  1 03:09:25 fw.rodolfoarce.local dhclient[10762]: DHCPDISCOVER on vtnet0 to 255.255.255.255 port 67 interval 9
Jul  1 03:09:34 fw.rodolfoarce.local dhclient[10762]: DHCPDISCOVER on vtnet0 to 255.255.255.255 port 67 interval 11
Jul  1 03:09:45 fw.rodolfoarce.local dhclient[10762]: DHCPDISCOVER on vtnet0 to 255.255.255.255 port 67 interval 17
Jul  1 03:10:00 fw.rodolfoarce.local /usr/sbin/cron[77170]: (root) CMD (/usr/libexec/atrun)
Jul  1 03:10:00 fw.rodolfoarce.local /usr/sbin/cron[77018]: (root) CMD (/usr/sbin/newsyslog)
Jul  1 03:10:02 fw.rodolfoarce.local dhclient[10762]: DHCPDISCOVER on vtnet0 to 255.255.255.255 port 67 interval 7
Jul  1 03:10:09 fw.rodolfoarce.local dhclient[10762]: No DHCPOFFERS received.
Jul  1 03:10:09 fw.rodolfoarce.local dhclient[10762]: No working leases in persistent database - sleeping.
Jun 30 23:10:09 fw.rodolfoarce.local dhclient[96202]: FAIL
Jul  1 03:10:16 fw.rodolfoarce.local dhcp6c[28115]: Sending Solicit
Jul  1 03:10:24 fw.rodolfoarce.local dhclient[10762]: DHCPDISCOVER on vtnet0 to 255.255.255.255 port 67 interval 2
Jul  1 03:10:26 fw.rodolfoarce.local dhclient[10762]: DHCPDISCOVER on vtnet0 to 255.255.255.255 port 67 interval 5
Jul  1 03:10:32 fw.rodolfoarce.local dhclient[10762]: DHCPDISCOVER on vtnet0 to 255.255.255.255 port 67 interval 14
Jul  1 03:10:46 fw.rodolfoarce.local dhclient[10762]: DHCPDISCOVER on vtnet0 to 255.255.255.255 port 67 interval 21
Jul  1 03:11:00 fw.rodolfoarce.local /usr/sbin/cron[96837]: (root) CMD (/usr/sbin/newsyslog)
Jul  1 03:11:07 fw.rodolfoarce.local dhclient[10762]: DHCPDISCOVER on vtnet0 to 255.255.255.255 port 67 interval 12
Jul  1 03:11:19 fw.rodolfoarce.local dhclient[10762]: DHCPDISCOVER on vtnet0 to 255.255.255.255 port 67 interval 6
Jul  1 03:11:25 fw.rodolfoarce.local dhclient[10762]: No DHCPOFFERS received.
Jul  1 03:11:25 fw.rodolfoarce.local dhclient[10762]: No working leases in persistent database - sleeping.
Jun 30 23:11:25 fw.rodolfoarce.local dhclient[14796]: FAIL
Jul  1 03:11:40 fw.rodolfoarce.local dhclient[10762]: DHCPDISCOVER on vtnet0 to 255.255.255.255 port 67 interval 1
Jul  1 03:11:41 fw.rodolfoarce.local dhclient[10762]: DHCPDISCOVER on vtnet0 to 255.255.255.255 port 67 interval 2
Jul  1 03:11:43 fw.rodolfoarce.local dhclient[10762]: DHCPDISCOVER on vtnet0 to 255.255.255.255 port 67 interval 5
Jul  1 03:11:48 fw.rodolfoarce.local dhclient[10762]: DHCPDISCOVER on vtnet0 to 255.255.255.255 port 67 interval 9
Jul  1 03:11:57 fw.rodolfoarce.local dhclient[10762]: DHCPDISCOVER on vtnet0 to 255.255.255.255 port 67 interval 20
Jul  1 03:12:00 fw.rodolfoarce.local /usr/sbin/cron[15442]: (root) CMD (/usr/sbin/newsyslog)
Jul  1 03:12:17 fw.rodolfoarce.local dhclient[10762]: DHCPDISCOVER on vtnet0 to 255.255.255.255 port 67 interval 20
Jul  1 03:12:26 fw.rodolfoarce.local dhcp6c[28115]: Sending Solicit
Jul  1 03:12:37 fw.rodolfoarce.local dhclient[10762]: DHCPDISCOVER on vtnet0 to 255.255.255.255 port 67 interval 4
Jul  1 03:12:41 fw.rodolfoarce.local dhclient[10762]: No DHCPOFFERS received.
Jul  1 03:12:41 fw.rodolfoarce.local dhclient[10762]: No working leases in persistent database - sleeping.
Jun 30 23:12:41 fw.rodolfoarce.local dhclient[35056]: FAIL
Jul  1 03:12:56 fw.rodolfoarce.local dhclient[10762]: DHCPDISCOVER on vtnet0 to 255.255.255.255 port 67 interval 2
Jul  1 03:12:59 fw.rodolfoarce.local dhclient[10762]: DHCPDISCOVER on vtnet0 to 255.255.255.255 port 67 interval 4
Jul  1 03:13:00 fw.rodolfoarce.local /usr/sbin/cron[35365]: (root) CMD (/usr/sbin/newsyslog)
Jul  1 03:13:03 fw.rodolfoarce.local dhclient[10762]: DHCPDISCOVER on vtnet0 to 255.255.255.255 port 67 interval 7
Jul  1 03:13:10 fw.rodolfoarce.local dhclient[10762]: DHCPDISCOVER on vtnet0 to 255.255.255.255 port 67 interval 13
Jul  1 03:13:23 fw.rodolfoarce.local dhclient[10762]: DHCPDISCOVER on vtnet0 to 255.255.255.255 port 67 interval 12
Jul  1 03:13:35 fw.rodolfoarce.local dhclient[10762]: DHCPDISCOVER on vtnet0 to 255.255.255.255 port 67 interval 20
Jul  1 03:13:55 fw.rodolfoarce.local dhclient[10762]: DHCPDISCOVER on vtnet0 to 255.255.255.255 port 67 interval 2
Jul  1 03:13:57 fw.rodolfoarce.local dhclient[10762]: No DHCPOFFERS received.
Jul  1 03:13:57 fw.rodolfoarce.local dhclient[10762]: No working leases in persistent database - sleeping.
Jun 30 23:13:57 fw.rodolfoarce.local dhclient[53275]: FAIL
Jul  1 03:14:00 fw.rodolfoarce.local /usr/sbin/cron[53871]: (root) CMD (/usr/sbin/newsyslog)
Jul  1 03:14:12 fw.rodolfoarce.local dhclient[10762]: DHCPDISCOVER on vtnet0 to 255.255.255.255 port 67 interval 1
Jul  1 03:14:15 fw.rodolfoarce.local dhclient[10762]: message repeated 3 times: [ DHCPDISCOVER on vtnet0 to 255.255.255.255 port 67 interval 1]
Jul  1 03:14:16 fw.rodolfoarce.local dhclient[10762]: DHCPDISCOVER on vtnet0 to 255.255.255.255 port 67 interval 2
Jul  1 03:14:18 fw.rodolfoarce.local dhclient[10762]: DHCPDISCOVER on vtnet0 to 255.255.255.255 port 67 interval 3
Jul  1 03:14:21 fw.rodolfoarce.local dhclient[10762]: DHCPDISCOVER on vtnet0 to 255.255.255.255 port 67 interval 8
Jul  1 03:14:29 fw.rodolfoarce.local dhclient[10762]: DHCPDISCOVER on vtnet0 to 255.255.255.255 port 67 interval 20
Jul  1 03:14:37 fw.rodolfoarce.local dhcp6c[28115]: Sending Solicit
Jul  1 03:14:49 fw.rodolfoarce.local dhclient[10762]: DHCPDISCOVER on vtnet0 to 255.255.255.255 port 67 interval 12
Jul  1 03:15:00 fw.rodolfoarce.local /usr/sbin/cron[71960]: (root) CMD (/usr/libexec/atrun)
Jul  1 03:15:00 fw.rodolfoarce.local /usr/sbin/cron[71944]: (root) CMD (/usr/sbin/newsyslog)
Jul  1 03:15:02 fw.rodolfoarce.local dhclient[10762]: DHCPDISCOVER on vtnet0 to 255.255.255.255 port 67 interval 11
Jul  1 03:15:13 fw.rodolfoarce.local dhclient[10762]: No DHCPOFFERS received.
Jul  1 03:15:13 fw.rodolfoarce.local dhclient[10762]: No working leases in persistent database - sleeping.
Jun 30 23:15:13 fw.rodolfoarce.local dhclient[92390]: FAIL
Jul  1 03:15:28 fw.rodolfoarce.local dhclient[10762]: DHCPDISCOVER on vtnet0 to 255.255.255.255 port 67 interval 2
Jul  1 03:15:30 fw.rodolfoarce.local dhclient[10762]: DHCPDISCOVER on vtnet0 to 255.255.255.255 port 67 interval 4
Jul  1 03:15:31 fw.rodolfoarce.local filterlog[32783]: 4,,,1000000103,vtnet0,match,block,in,4,0x48,,38,14641,0,DF,6,tcp,60,47.236.54.219,10.255.255.1,53638,22,0,S,2840470253,,29200,,mss;sackOK;TS;nop;wscale
Jul  1 03:15:32 fw.rodolfoarce.local filterlog[32783]: 4,,,1000000103,vtnet0,match,block,in,4,0x48,,38,14642,0,DF,6,tcp,60,47.236.54.219,10.255.255.1,53638,22,0,S,2840470253,,29200,,mss;sackOK;TS;nop;wscale
Jul  1 03:15:34 fw.rodolfoarce.local dhclient[10762]: DHCPDISCOVER on vtnet0 to 255.255.255.255 port 67 interval 7
Jul  1 03:15:34 fw.rodolfoarce.local filterlog[32783]: 4,,,1000000103,vtnet0,match,block,in,4,0x48,,38,14643,0,DF,6,tcp,60,47.236.54.219,10.255.255.1,53638,22,0,S,2840470253,,29200,,mss;sackOK;TS;nop;wscale
Jul  1 03:15:38 fw.rodolfoarce.local filterlog[32783]: 4,,,1000000103,vtnet0,match,block,in,4,0x48,,38,14644,0,DF,6,tcp,60,47.236.54.219,10.255.255.1,53638,22,0,S,2840470253,,29200,,mss;sackOK;TS;nop;wscale
Jul  1 03:15:41 fw.rodolfoarce.local dhclient[10762]: DHCPDISCOVER on vtnet0 to 255.255.255.255 port 67 interval 13
Jul  1 03:15:54 fw.rodolfoarce.local dhclient[10762]: DHCPDISCOVER on vtnet0 to 255.255.255.255 port 67 interval 8
Jul  1 03:16:00 fw.rodolfoarce.local /usr/sbin/cron[93135]: (root) CMD (/usr/sbin/newsyslog)
Jul  1 03:16:02 fw.rodolfoarce.local dhclient[10762]: DHCPDISCOVER on vtnet0 to 255.255.255.255 port 67 interval 15
Jul  1 03:16:17 fw.rodolfoarce.local dhclient[10762]: DHCPDISCOVER on vtnet0 to 255.255.255.255 port 67 interval 12
Jul  1 03:16:29 fw.rodolfoarce.local dhclient[10762]: No DHCPOFFERS received.
Jul  1 03:16:29 fw.rodolfoarce.local dhclient[10762]: No working leases in persistent database - sleeping.
Jun 30 23:16:29 fw.rodolfoarce.local dhclient[13303]: FAIL
Jul  1 03:16:39 fw.rodolfoarce.local dhcp6c[28115]: Sending Solicit
Jul  1 03:16:44 fw.rodolfoarce.local dhclient[10762]: DHCPDISCOVER on vtnet0 to 255.255.255.255 port 67 interval 1
Jul  1 03:16:45 fw.rodolfoarce.local dhclient[10762]: DHCPDISCOVER on vtnet0 to 255.255.255.255 port 67 interval 2
Jul  1 03:16:47 fw.rodolfoarce.local dhclient[10762]: DHCPDISCOVER on vtnet0 to 255.255.255.255 port 67 interval 3
Jul  1 03:16:50 fw.rodolfoarce.local dhclient[10762]: DHCPDISCOVER on vtnet0 to 255.255.255.255 port 67 interval 6
Jul  1 03:16:57 fw.rodolfoarce.local dhclient[10762]: DHCPDISCOVER on vtnet0 to 255.255.255.255 port 67 interval 11
Jul  1 03:17:00 fw.rodolfoarce.local /usr/sbin/cron[13601]: (root) CMD (/usr/sbin/newsyslog)
Jul  1 03:17:08 fw.rodolfoarce.local dhclient[10762]: DHCPDISCOVER on vtnet0 to 255.255.255.255 port 67 interval 16
Jul  1 03:17:24 fw.rodolfoarce.local dhclient[10762]: DHCPDISCOVER on vtnet0 to 255.255.255.255 port 67 interval 11
Jul  1 03:17:35 fw.rodolfoarce.local dhclient[10762]: DHCPDISCOVER on vtnet0 to 255.255.255.255 port 67 interval 9
Jul  1 03:17:44 fw.rodolfoarce.local dhclient[10762]: DHCPDISCOVER on vtnet0 to 255.255.255.255 port 67 interval 1
Jul  1 03:17:45 fw.rodolfoarce.local dhclient[10762]: No DHCPOFFERS received.
Jul  1 03:17:45 fw.rodolfoarce.local dhclient[10762]: No working leases in persistent database - sleeping.
Jun 30 23:17:45 fw.rodolfoarce.local dhclient[32965]: FAIL
Jul  1 03:18:00 fw.rodolfoarce.local /usr/sbin/cron[33378]: (root) CMD (/usr/sbin/newsyslog)
Jul  1 03:18:00 fw.rodolfoarce.local dhclient[10762]: DHCPDISCOVER on vtnet0 to 255.255.255.255 port 67 interval 1
Jul  1 03:18:01 fw.rodolfoarce.local dhclient[10762]: DHCPDISCOVER on vtnet0 to 255.255.255.255 port 67 interval 1
Jul  1 03:18:02 fw.rodolfoarce.local dhclient[10762]: DHCPDISCOVER on vtnet0 to 255.255.255.255 port 67 interval 2
Jul  1 03:18:06 fw.rodolfoarce.local dhclient[10762]: message repeated 2 times: [ DHCPDISCOVER on vtnet0 to 255.255.255.255 port 67 interval 2]
Jul  1 03:18:08 fw.rodolfoarce.local dhclient[10762]: DHCPDISCOVER on vtnet0 to 255.255.255.255 port 67 interval 5
Jul  1 03:18:13 fw.rodolfoarce.local dhclient[10762]: DHCPDISCOVER on vtnet0 to 255.255.255.255 port 67 interval 8
Jul  1 03:18:21 fw.rodolfoarce.local dhclient[10762]: DHCPDISCOVER on vtnet0 to 255.255.255.255 port 67 interval 10
Jul  1 03:18:32 fw.rodolfoarce.local dhclient[10762]: DHCPDISCOVER on vtnet0 to 255.255.255.255 port 67 interval 10
Jul  1 03:18:32 fw.rodolfoarce.local dhcp6c[28115]: Sending Solicit
Jul  1 03:18:42 fw.rodolfoarce.local dhclient[10762]: DHCPDISCOVER on vtnet0 to 255.255.255.255 port 67 interval 14
Jul  1 03:18:56 fw.rodolfoarce.local dhclient[10762]: DHCPDISCOVER on vtnet0 to 255.255.255.255 port 67 interval 5
Jul  1 03:19:00 fw.rodolfoarce.local /usr/sbin/cron[52139]: (root) CMD (/usr/sbin/newsyslog)
Jul  1 03:19:01 fw.rodolfoarce.local dhclient[10762]: No DHCPOFFERS received.
Jul  1 03:19:01 fw.rodolfoarce.local dhclient[10762]: No working leases in persistent database - sleeping.
Jun 30 23:19:01 fw.rodolfoarce.local dhclient[52854]: FAIL
Jul  1 03:19:16 fw.rodolfoarce.local dhclient[10762]: DHCPDISCOVER on vtnet0 to 255.255.255.255 port 67 interval 2
Jul  1 03:19:18 fw.rodolfoarce.local dhclient[10762]: DHCPDISCOVER on vtnet0 to 255.255.255.255 port 67 interval 3
Jul  1 03:19:21 fw.rodolfoarce.local dhclient[10762]: DHCPDISCOVER on vtnet0 to 255.255.255.255 port 67 interval 6
Jul  1 03:19:27 fw.rodolfoarce.local dhclient[10762]: DHCPDISCOVER on vtnet0 to 255.255.255.255 port 67 interval 19
Jul  1 03:19:46 fw.rodolfoarce.local dhclient[10762]: DHCPDISCOVER on vtnet0 to 255.255.255.255 port 67 interval 10
Jul  1 03:19:56 fw.rodolfoarce.local dhclient[10762]: DHCPDISCOVER on vtnet0 to 255.255.255.255 port 67 interval 12
Jul  1 03:20:00 fw.rodolfoarce.local /usr/sbin/cron[72347]: (root) CMD (/usr/libexec/atrun)
Jul  1 03:20:00 fw.rodolfoarce.local /usr/sbin/cron[72294]: (root) CMD (/usr/sbin/newsyslog)
Jul  1 03:20:08 fw.rodolfoarce.local dhclient[10762]: DHCPDISCOVER on vtnet0 to 255.255.255.255 port 67 interval 9
Jul  1 03:20:17 fw.rodolfoarce.local dhclient[10762]: No DHCPOFFERS received.
Jul  1 03:20:17 fw.rodolfoarce.local dhclient[10762]: No working leases in persistent database - sleeping.
Jun 30 23:20:17 fw.rodolfoarce.local dhclient[89408]: FAIL
Jul  1 03:20:29 fw.rodolfoarce.local dhcp6c[28115]: Sending Solicit
Jul  1 03:20:32 fw.rodolfoarce.local dhclient[10762]: DHCPDISCOVER on vtnet0 to 255.255.255.255 port 67 interval 1
Jul  1 03:20:33 fw.rodolfoarce.local dhclient[10762]: DHCPDISCOVER on vtnet0 to 255.255.255.255 port 67 interval 2
Jul  1 03:20:36 fw.rodolfoarce.local dhclient[10762]: DHCPDISCOVER on vtnet0 to 255.255.255.255 port 67 interval 3
Jul  1 03:20:39 fw.rodolfoarce.local dhclient[10762]: DHCPDISCOVER on vtnet0 to 255.255.255.255 port 67 interval 3
Jul  1 03:20:42 fw.rodolfoarce.local dhclient[10762]: DHCPDISCOVER on vtnet0 to 255.255.255.255 port 67 interval 7
Jul  1 03:20:49 fw.rodolfoarce.local dhclient[10762]: DHCPDISCOVER on vtnet0 to 255.255.255.255 port 67 interval 7
Jul  1 03:20:56 fw.rodolfoarce.local dhclient[10762]: DHCPDISCOVER on vtnet0 to 255.255.255.255 port 67 interval 16
Jul  1 03:21:00 fw.rodolfoarce.local /usr/sbin/cron[90689]: (root) CMD (/usr/sbin/newsyslog)
Jul  1 03:21:12 fw.rodolfoarce.local dhclient[10762]: DHCPDISCOVER on vtnet0 to 255.255.255.255 port 67 interval 19
Jul  1 03:21:31 fw.rodolfoarce.local dhclient[10762]: DHCPDISCOVER on vtnet0 to 255.255.255.255 port 67 interval 2
Jul  1 03:21:33 fw.rodolfoarce.local dhclient[10762]: No DHCPOFFERS received.
Jul  1 03:21:33 fw.rodolfoarce.local dhclient[10762]: No working leases in persistent database - sleeping.
Jun 30 23:21:33 fw.rodolfoarce.local dhclient[10045]: FAIL
Jul  1 03:21:48 fw.rodolfoarce.local dhclient[10762]: DHCPDISCOVER on vtnet0 to 255.255.255.255 port 67 interval 1
Jul  1 03:21:49 fw.rodolfoarce.local dhclient[10762]: DHCPDISCOVER on vtnet0 to 255.255.255.255 port 67 interval 1
Jul  1 03:21:50 fw.rodolfoarce.local dhclient[10762]: DHCPDISCOVER on vtnet0 to 255.255.255.255 port 67 interval 2
Jul  1 03:21:52 fw.rodolfoarce.local dhclient[10762]: DHCPDISCOVER on vtnet0 to 255.255.255.255 port 67 interval 5
Jul  1 03:21:57 fw.rodolfoarce.local dhclient[10762]: DHCPDISCOVER on vtnet0 to 255.255.255.255 port 67 interval 11
Jul  1 03:22:00 fw.rodolfoarce.local /usr/sbin/cron[10435]: (root) CMD (/usr/sbin/newsyslog)
Jul  1 03:22:07 fw.rodolfoarce.local filterlog[32783]: 4,,,1000000103,vtnet0,match,block,in,4,0x0,,112,46387,0,none,17,udp,86,172.253.13.195,10.255.255.1,36747,53,66
Jul  1 03:22:07 fw.rodolfoarce.local filterlog[32783]: 4,,,1000000103,vtnet0,match,block,in,4,0x0,,112,33774,0,none,17,udp,86,172.253.206.35,10.255.255.1,56243,53,66
Jul  1 03:22:08 fw.rodolfoarce.local filterlog[32783]: 4,,,1000000103,vtnet0,match,block,in,4,0x0,,112,15108,0,none,17,udp,71,172.253.206.37,10.255.255.1,59769,53,51
Jul  1 03:22:08 fw.rodolfoarce.local filterlog[32783]: 4,,,1000000103,vtnet0,match,block,in,4,0x0,,112,52798,0,none,17,udp,71,172.253.13.193,10.255.255.1,41282,53,51
Jul  1 03:22:08 fw.rodolfoarce.local dhclient[10762]: DHCPDISCOVER on vtnet0 to 255.255.255.255 port 67 interval 15
Jul  1 03:22:11 fw.rodolfoarce.local filterlog[32783]: 4,,,1000000103,vtnet0,match,block,in,4,0x0,,50,22419,0,none,17,udp,71,149.102.227.114,10.255.255.1,64977,53,51
Jul  1 03:22:12 fw.rodolfoarce.local filterlog[32783]: 4,,,1000000103,vtnet0,match,block,in,4,0x0,,50,187,0,none,17,udp,71,149.102.227.114,10.255.255.1,50299,53,51
Jul  1 03:22:12 fw.rodolfoarce.local filterlog[32783]: 4,,,1000000103,vtnet0,match,block,in,4,0x0,,50,2230,0,none,17,udp,71,149.102.227.114,10.255.255.1,34343,53,51
Jul  1 03:22:13 fw.rodolfoarce.local filterlog[32783]: 4,,,1000000103,vtnet0,match,block,in,4,0x0,,50,58421,0,none,17,udp,83,149.102.227.114,10.255.255.1,18108,53,63
Jul  1 03:22:13 fw.rodolfoarce.local filterlog[32783]: 4,,,1000000103,vtnet0,match,block,in,4,0x0,,50,10973,0,none,17,udp,71,149.102.227.114,10.255.255.1,56106,53,51
Jul  1 03:22:13 fw.rodolfoarce.local filterlog[32783]: 4,,,1000000103,vtnet0,match,block,in,4,0x0,,50,8825,0,none,17,udp,83,149.102.227.114,10.255.255.1,29371,53,63
Jul  1 03:22:14 fw.rodolfoarce.local filterlog[32783]: 4,,,1000000103,vtnet0,match,block,in,4,0x0,,50,35404,0,none,17,udp,71,149.102.227.114,10.255.255.1,53886,53,51
Jul  1 03:22:14 fw.rodolfoarce.local filterlog[32783]: 4,,,1000000103,vtnet0,match,block,in,4,0x0,,50,1235,0,none,17,udp,83,149.102.227.114,10.255.255.1,55422,53,63
Jul  1 03:22:15 fw.rodolfoarce.local filterlog[32783]: 4,,,1000000103,vtnet0,match,block,in,4,0x0,,50,25591,0,none,17,udp,83,149.102.227.114,10.255.255.1,6782,53,63
Jul  1 03:22:15 fw.rodolfoarce.local filterlog[32783]: 4,,,1000000103,vtnet0,match,block,in,4,0x0,,50,46932,0,none,17,udp,71,149.102.227.114,10.255.255.1,44504,53,51
Jul  1 03:22:16 fw.rodolfoarce.local filterlog[32783]: 4,,,1000000103,vtnet0,match,block,in,4,0x0,,50,57247,0,none,17,udp,83,149.102.227.114,10.255.255.1,23434,53,63
Jul  1 03:22:17 fw.rodolfoarce.local filterlog[32783]: 4,,,1000000103,vtnet0,match,block,in,4,0x0,,50,64847,0,none,17,udp,83,149.102.227.114,10.255.255.1,59263,53,63
Jul  1 03:22:17 fw.rodolfoarce.local filterlog[32783]: 4,,,1000000103,vtnet0,match,block,in,4,0x0,,50,29017,0,none,17,udp,71,149.102.227.114,10.255.255.1,41310,53,51
Jul  1 03:22:17 fw.rodolfoarce.local filterlog[32783]: 4,,,1000000103,vtnet0,match,block,in,4,0x0,,50,55813,0,none,17,udp,83,149.102.227.114,10.255.255.1,27040,53,63
Jul  1 03:22:19 fw.rodolfoarce.local filterlog[32783]: 4,,,1000000103,vtnet0,match,block,in,4,0x0,,112,9963,0,none,17,udp,86,172.253.1.132,10.255.255.1,43934,53,66
Jul  1 03:22:19 fw.rodolfoarce.local filterlog[32783]: 4,,,1000000103,vtnet0,match,block,in,4,0x0,,50,13333,0,none,17,udp,83,149.102.227.114,10.255.255.1,16885,53,63
Jul  1 03:22:19 fw.rodolfoarce.local filterlog[32783]: 4,,,1000000103,vtnet0,match,block,in,4,0x0,,50,8233,0,none,17,udp,71,149.102.227.114,10.255.255.1,21925,53,51
Jul  1 03:22:20 fw.rodolfoarce.local filterlog[32783]: 4,,,1000000103,vtnet0,match,block,in,4,0x0,,112,5394,0,none,17,udp,75,172.253.13.196,10.255.255.1,49575,53,55
Jul  1 03:22:20 fw.rodolfoarce.local filterlog[32783]: 4,,,1000000103,vtnet0,match,block,in,4,0x0,,50,1969,0,none,17,udp,83,149.102.227.114,10.255.255.1,52623,53,63
Jul  1 03:22:21 fw.rodolfoarce.local filterlog[32783]: 4,,,1000000103,vtnet0,match,block,in,4,0x0,,50,64067,0,none,17,udp,71,149.102.227.114,10.255.255.1,63826,53,51
Jul  1 03:22:22 fw.rodolfoarce.local filterlog[32783]: 4,,,1000000103,vtnet0,match,block,in,4,0x0,,50,16297,0,none,17,udp,83,149.102.227.114,10.255.255.1,40225,53,63
Jul  1 03:22:22 fw.rodolfoarce.local filterlog[32783]: 4,,,1000000103,vtnet0,match,block,in,4,0x0,,50,61837,0,none,17,udp,71,149.102.227.114,10.255.255.1,33825,53,51
Jul  1 03:22:23 fw.rodolfoarce.local filterlog[32783]: 4,,,1000000103,vtnet0,match,block,in,4,0x0,,112,12257,0,none,17,udp,86,172.253.13.197,10.255.255.1,44122,53,66
Jul  1 03:22:23 fw.rodolfoarce.local filterlog[32783]: 4,,,1000000103,vtnet0,match,block,in,4,0x0,,50,50805,0,none,17,udp,83,149.102.227.114,10.255.255.1,20211,53,63
Jul  1 03:22:23 fw.rodolfoarce.local dhclient[10762]: DHCPDISCOVER on vtnet0 to 255.255.255.255 port 67 interval 11
Jul  1 03:22:24 fw.rodolfoarce.local filterlog[32783]: 4,,,1000000103,vtnet0,match,block,in,4,0x0,,50,21650,0,none,17,udp,83,149.102.227.114,10.255.255.1,19369,53,63
Jul  1 03:22:24 fw.rodolfoarce.local filterlog[32783]: 4,,,1000000103,vtnet0,match,block,in,4,0x0,,112,51620,0,none,17,udp,75,172.253.255.33,10.255.255.1,54622,53,55
Jul  1 03:22:24 fw.rodolfoarce.local filterlog[32783]: 4,,,1000000103,vtnet0,match,block,in,4,0x0,,50,49635,0,none,17,udp,71,149.102.227.114,10.255.255.1,30442,53,51
Jul  1 03:22:25 fw.rodolfoarce.local filterlog[32783]: 4,,,1000000103,vtnet0,match,block,in,4,0x0,,50,9566,0,none,17,udp,83,149.102.227.114,10.255.255.1,63184,53,63
Jul  1 03:22:25 fw.rodolfoarce.local filterlog[32783]: 4,,,1000000103,vtnet0,match,block,in,4,0x0,,50,27766,0,none,17,udp,83,149.102.227.114,10.255.255.1,20124,53,63
Jul  1 03:22:26 fw.rodolfoarce.local filterlog[32783]: 4,,,1000000103,vtnet0,match,block,in,4,0x0,,51,54361,0,none,17,udp,71,84.239.16.22,10.255.255.1,14418,53,51
Jul  1 03:22:26 fw.rodolfoarce.local filterlog[32783]: 4,,,1000000103,vtnet0,match,block,in,4,0x0,,50,14714,0,none,17,udp,83,149.102.227.114,10.255.255.1,31922,53,63
Jul  1 03:22:26 fw.rodolfoarce.local filterlog[32783]: 4,,,1000000103,vtnet0,match,block,in,4,0x0,,51,56065,0,none,17,udp,71,84.239.16.22,10.255.255.1,11405,53,51
Jul  1 03:22:27 fw.rodolfoarce.local filterlog[32783]: 4,,,1000000103,vtnet0,match,block,in,4,0x0,,51,63859,0,none,17,udp,71,84.239.16.22,10.255.255.1,37065,53,51
Jul  1 03:22:27 fw.rodolfoarce.local filterlog[32783]: 4,,,1000000103,vtnet0,match,block,in,4,0x0,,50,54543,0,none,17,udp,83,149.102.227.114,10.255.255.1,46482,53,63
Jul  1 03:22:27 fw.rodolfoarce.local filterlog[32783]: 4,,,1000000103,vtnet0,match,block,in,4,0x0,,51,37777,0,none,17,udp,71,84.239.16.22,10.255.255.1,19768,53,51
Jul  1 03:22:28 fw.rodolfoarce.local filterlog[32783]: 4,,,1000000103,vtnet0,match,block,in,4,0x0,,51,46546,0,none,17,udp,71,84.239.16.22,10.255.255.1,18131,53,51
Jul  1 03:22:28 fw.rodolfoarce.local filterlog[32783]: 4,,,1000000103,vtnet0,match,block,in,4,0x0,,50,29990,0,none,17,udp,83,149.102.227.114,10.255.255.1,35200,53,63
Jul  1 03:22:29 fw.rodolfoarce.local filterlog[32783]: 4,,,1000000103,vtnet0,match,block,in,4,0x0,,112,34171,0,none,17,udp,86,172.253.206.37,10.255.255.1,37786,53,66
Jul  1 03:22:30 fw.rodolfoarce.local dhcp6c[28115]: Sending Solicit
Jul  1 03:22:30 fw.rodolfoarce.local filterlog[32783]: 4,,,1000000103,vtnet0,match,block,in,4,0x0,,51,21308,0,none,17,udp,71,84.239.16.22,10.255.255.1,59603,53,51
Jul  1 03:22:30 fw.rodolfoarce.local filterlog[32783]: 4,,,1000000103,vtnet0,match,block,in,4,0x0,,50,18054,0,none,17,udp,71,149.102.227.114,10.255.255.1,28324,53,51
Jul  1 03:22:30 fw.rodolfoarce.local filterlog[32783]: 4,,,1000000103,vtnet0,match,block,in,4,0x0,,50,18328,0,none,17,udp,83,149.102.227.114,10.255.255.1,24412,53,63
Jul  1 03:22:30 fw.rodolfoarce.local filterlog[32783]: 4,,,1000000103,vtnet0,match,block,in,4,0x0,,112,40349,0,none,17,udp,75,172.253.255.35,10.255.255.1,62561,53,55
Jul  1 03:22:32 fw.rodolfoarce.local filterlog[32783]: 4,,,1000000103,vtnet0,match,block,in,4,0x0,,50,32296,0,none,17,udp,83,149.102.227.114,10.255.255.1,25685,53,63
Jul  1 03:22:32 fw.rodolfoarce.local filterlog[32783]: 4,,,1000000103,vtnet0,match,block,in,4,0x0,,51,22806,0,none,17,udp,71,84.239.16.22,10.255.255.1,26309,53,51
Jul  1 03:22:33 fw.rodolfoarce.local filterlog[32783]: 4,,,1000000103,vtnet0,match,block,in,4,0x0,,50,65436,0,none,17,udp,83,149.102.227.114,10.255.255.1,24939,53,63
Jul  1 03:22:33 fw.rodolfoarce.local filterlog[32783]: 4,,,1000000103,vtnet0,match,block,in,4,0x28,,44,22659,0,none,17,udp,75,195.138.96.90,10.255.255.1,45630,53,55
Jul  1 03:22:33 fw.rodolfoarce.local filterlog[32783]: 4,,,1000000103,vtnet0,match,block,in,4,0x0,,49,2261,0,DF,17,udp,75,162.158.180.68,10.255.255.1,59788,53,55
Jul  1 03:22:33 fw.rodolfoarce.local filterlog[32783]: 4,,,1000000103,vtnet0,match,block,in,4,0x0,,48,57470,0,DF,17,udp,75,172.69.8.73,10.255.255.1,17803,53,55
Jul  1 03:22:33 fw.rodolfoarce.local filterlog[32783]: 4,,,1000000103,vtnet0,match,block,in,4,0x28,,44,2500,0,DF,17,udp,75,172.69.200.76,10.255.255.1,39089,53,55
Jul  1 03:22:33 fw.rodolfoarce.local filterlog[32783]: 4,,,1000000103,vtnet0,match,block,in,4,0x0,,99,9167,0,none,17,udp,86,173.194.98.24,10.255.255.1,36088,53,66
Jul  1 03:22:33 fw.rodolfoarce.local filterlog[32783]: 4,,,1000000103,vtnet0,match,block,in,4,0x0,,49,60455,0,DF,17,udp,75,162.158.180.69,10.255.255.1,12334,53,55
Jul  1 03:22:33 fw.rodolfoarce.local filterlog[32783]: 4,,,1000000103,vtnet0,match,block,in,4,0x0,,48,57471,0,DF,17,udp,75,172.69.8.73,10.255.255.1,17803,53,55
Jul  1 03:22:33 fw.rodolfoarce.local filterlog[32783]: 4,,,1000000103,vtnet0,match,block,in,4,0x0,,49,2262,0,DF,17,udp,75,162.158.180.68,10.255.255.1,59788,53,55
Jul  1 03:22:33 fw.rodolfoarce.local filterlog[32783]: 4,,,1000000103,vtnet0,match,block,in,4,0x0,,112,63307,0,none,17,udp,86,172.253.206.34,10.255.255.1,51277,53,66
Jul  1 03:22:33 fw.rodolfoarce.local filterlog[32783]: 4,,,1000000103,vtnet0,match,block,in,4,0x28,,44,2501,0,DF,17,udp,75,172.69.200.76,10.255.255.1,39089,53,55
Jul  1 03:22:33 fw.rodolfoarce.local filterlog[32783]: 4,,,1000000103,vtnet0,match,block,in,4,0x0,,99,40520,0,none,17,udp,86,74.125.46.24,10.255.255.1,46187,53,66
Jul  1 03:22:33 fw.rodolfoarce.local filterlog[32783]: 4,,,1000000103,vtnet0,match,block,in,4,0x0,,50,60194,0,none,17,udp,83,149.102.227.114,10.255.255.1,21150,53,63
Jul  1 03:22:34 fw.rodolfoarce.local filterlog[32783]: 4,,,1000000103,vtnet0,match,block,in,4,0x0,,49,60456,0,DF,17,udp,75,162.158.180.69,10.255.255.1,12334,53,55
Jul  1 03:22:34 fw.rodolfoarce.local filterlog[32783]: 4,,,1000000103,vtnet0,match,block,in,4,0x0,,99,40195,0,none,17,udp,86,74.125.112.20,10.255.255.1,54917,53,66
Jul  1 03:22:34 fw.rodolfoarce.local filterlog[32783]: 4,,,1000000103,vtnet0,match,block,in,4,0x0,,102,5412,0,none,17,udp,86,74.125.74.20,10.255.255.1,39180,53,66
Jul  1 03:22:34 fw.rodolfoarce.local filterlog[32783]: 4,,,1000000103,vtnet0,match,block,in,4,0x0,,49,19106,0,DF,17,udp,75,162.158.180.68,10.255.255.1,35724,53,55
Jul  1 03:22:34 fw.rodolfoarce.local filterlog[32783]: 4,,,1000000103,vtnet0,match,block,in,4,0x0,,99,9654,0,none,17,udp,75,173.194.98.24,10.255.255.1,62897,53,55
Jul  1 03:22:34 fw.rodolfoarce.local filterlog[32783]: 4,,,1000000103,vtnet0,match,block,in,4,0x0,,50,1697,0,none,17,udp,83,149.102.227.114,10.255.255.1,37650,53,63
Jul  1 03:22:34 fw.rodolfoarce.local filterlog[32783]: 4,,,1000000103,vtnet0,match,block,in,4,0x0,,112,56301,0,none,17,udp,75,172.253.255.33,10.255.255.1,61432,53,55
Jul  1 03:22:34 fw.rodolfoarce.local filterlog[32783]: 4,,,1000000103,vtnet0,match,block,in,4,0x0,,99,11278,0,none,17,udp,86,74.125.74.145,10.255.255.1,35761,53,66
Jul  1 03:22:34 fw.rodolfoarce.local filterlog[32783]: 4,,,1000000103,vtnet0,match,block,in,4,0x0,,99,22377,0,none,17,udp,75,74.125.46.23,10.255.255.1,34558,53,55
Jul  1 03:22:34 fw.rodolfoarce.local filterlog[32783]: 4,,,1000000103,vtnet0,match,block,in,4,0x0,,49,5731,0,DF,17,udp,75,162.158.180.69,10.255.255.1,38672,53,55
Jul  1 03:22:34 fw.rodolfoarce.local filterlog[32783]: 4,,,1000000103,vtnet0,match,block,in,4,0x0,,49,19107,0,DF,17,udp,75,162.158.180.68,10.255.255.1,35724,53,55
Jul  1 03:22:34 fw.rodolfoarce.local dhclient[10762]: DHCPDISCOVER on vtnet0 to 255.255.255.255 port 67 interval 12
Jul  1 03:22:35 fw.rodolfoarce.local filterlog[32783]: 4,,,1000000103,vtnet0,match,block,in,4,0x0,,112,35330,0,none,17,udp,86,172.253.1.130,10.255.255.1,59531,53,66
Jul  1 03:22:35 fw.rodolfoarce.local filterlog[32783]: 4,,,1000000103,vtnet0,match,block,in,4,0x28,,44,23108,0,none,17,udp,75,195.138.96.90,10.255.255.1,64738,53,55
Jul  1 03:22:35 fw.rodolfoarce.local filterlog[32783]: 4,,,1000000103,vtnet0,match,block,in,4,0x0,,99,40776,0,none,17,udp,86,172.217.37.147,10.255.255.1,62318,53,66
Jul  1 03:22:35 fw.rodolfoarce.local filterlog[32783]: 4,,,1000000103,vtnet0,match,block,in,4,0x0,,102,64797,0,none,17,udp,75,74.125.112.24,10.255.255.1,45082,53,55
Jul  1 03:22:35 fw.rodolfoarce.local filterlog[32783]: 4,,,1000000103,vtnet0,match,block,in,4,0x0,,102,37594,0,none,17,udp,75,74.125.74.16,10.255.255.1,51439,53,55
Jul  1 03:22:35 fw.rodolfoarce.local filterlog[32783]: 4,,,1000000103,vtnet0,match,block,in,4,0x0,,49,5732,0,DF,17,udp,75,162.158.180.69,10.255.255.1,38672,53,55
Jul  1 03:22:35 fw.rodolfoarce.local filterlog[32783]: 4,,,1000000103,vtnet0,match,block,in,4,0x0,,50,32893,0,none,17,udp,83,149.102.227.114,10.255.255.1,47464,53,63
Jul  1 03:22:35 fw.rodolfoarce.local filterlog[32783]: 4,,,1000000103,vtnet0,match,block,in,4,0x0,,51,36308,0,none,17,udp,71,84.239.16.22,10.255.255.1,43274,53,51
Jul  1 03:22:35 fw.rodolfoarce.local filterlog[32783]: 4,,,1000000103,vtnet0,match,block,in,4,0x0,,102,14134,0,none,17,udp,75,74.125.74.147,10.255.255.1,48430,53,55
Jul  1 03:22:36 fw.rodolfoarce.local filterlog[32783]: 4,,,1000000103,vtnet0,match,block,in,4,0x0,,112,31426,0,none,17,udp,75,172.253.1.129,10.255.255.1,54588,53,55
Jul  1 03:22:36 fw.rodolfoarce.local filterlog[32783]: 4,,,1000000103,vtnet0,match,block,in,4,0x0,,102,45778,0,none,17,udp,75,74.125.112.27,10.255.255.1,65170,53,55
Jul  1 03:22:36 fw.rodolfoarce.local filterlog[32783]: 4,,,1000000103,vtnet0,match,block,in,4,0x0,,50,2775,0,none,17,udp,83,149.102.227.114,10.255.255.1,23614,53,63
Jul  1 03:22:36 fw.rodolfoarce.local filterlog[32783]: 4,,,1000000103,vtnet0,match,block,in,4,0x0,,52,18675,0,none,17,udp,75,143.244.60.168,10.255.255.1,65106,53,55
Jul  1 03:22:36 fw.rodolfoarce.local filterlog[32783]: 4,,,1000000103,vtnet0,match,block,in,4,0x0,,99,42949,0,none,17,udp,86,74.125.74.153,10.255.255.1,49856,53,66
Jul  1 03:22:36 fw.rodolfoarce.local filterlog[32783]: 4,,,1000000103,vtnet0,match,block,in,4,0x0,,52,28592,0,none,17,udp,75,143.244.60.168,10.255.255.1,12965,53,55
Jul  1 03:22:36 fw.rodolfoarce.local filterlog[32783]: 4,,,1000000103,vtnet0,match,block,in,4,0x0,,102,11743,0,none,17,udp,86,74.125.74.145,10.255.255.1,49326,53,66
Jul  1 03:22:36 fw.rodolfoarce.local filterlog[32783]: 4,,,1000000103,vtnet0,match,block,in,4,0x0,,52,31663,0,none,17,udp,75,143.244.60.168,10.255.255.1,8740,53,55
Jul  1 03:22:36 fw.rodolfoarce.local filterlog[32783]: 4,,,1000000103,vtnet0,match,block,in,4,0x0,,50,19895,0,none,17,udp,83,149.102.227.114,10.255.255.1,51745,53,63
Jul  1 03:22:36 fw.rodolfoarce.local filterlog[32783]: 4,,,1000000103,vtnet0,match,block,in,4,0x28,,44,23639,0,none,17,udp,75,195.138.96.90,10.255.255.1,20217,53,55
Jul  1 03:22:37 fw.rodolfoarce.local filterlog[32783]: 4,,,1000000103,vtnet0,match,block,in,4,0x0,,51,9607,0,none,17,udp,71,84.239.16.22,10.255.255.1,49727,53,51
Jul  1 03:22:37 fw.rodolfoarce.local filterlog[32783]: 4,,,1000000103,vtnet0,match,block,in,4,0x0,,99,52506,0,none,17,udp,86,173.194.98.21,10.255.255.1,34358,53,66
Jul  1 03:22:37 fw.rodolfoarce.local filterlog[32783]: 4,,,1000000103,vtnet0,match,block,in,4,0x0,,99,33580,0,none,17,udp,86,74.125.74.157,10.255.255.1,33465,53,66
Jul  1 03:22:37 fw.rodolfoarce.local filterlog[32783]: 4,,,1000000103,vtnet0,match,block,in,4,0x0,,52,22754,0,none,17,udp,73,143.244.60.168,10.255.255.1,59031,53,53
Jul  1 03:22:37 fw.rodolfoarce.local filterlog[32783]: 4,,,1000000103,vtnet0,match,block,in,4,0x0,,99,56974,0,none,17,udp,75,74.125.74.151,10.255.255.1,39044,53,55
Jul  1 03:22:37 fw.rodolfoarce.local filterlog[32783]: 4,,,1000000103,vtnet0,match,block,in,4,0x0,,52,25065,0,none,17,udp,75,143.244.60.168,10.255.255.1,10958,53,55
Jul  1 03:22:37 fw.rodolfoarce.local filterlog[32783]: 4,,,1000000103,vtnet0,match,block,in,4,0x0,,99,31796,0,none,17,udp,75,173.194.98.20,10.255.255.1,41844,53,55
Jul  1 03:22:37 fw.rodolfoarce.local filterlog[32783]: 4,,,1000000103,vtnet0,match,block,in,4,0x0,,99,35440,0,none,17,udp,86,74.125.74.146,10.255.255.1,61906,53,66
Jul  1 03:22:38 fw.rodolfoarce.local filterlog[32783]: 4,,,1000000103,vtnet0,match,block,in,4,0x0,,49,59957,0,DF,17,udp,75,162.158.180.69,10.255.255.1,30646,53,55
Jul  1 03:22:38 fw.rodolfoarce.local filterlog[32783]: 4,,,1000000103,vtnet0,match,block,in,4,0x0,,52,5515,0,none,17,udp,73,143.244.60.168,10.255.255.1,63421,53,53
Jul  1 03:22:38 fw.rodolfoarce.local filterlog[32783]: 4,,,1000000103,vtnet0,match,block,in,4,0x0,,102,34818,0,none,17,udp,75,74.125.74.24,10.255.255.1,41830,53,55
Jul  1 03:22:38 fw.rodolfoarce.local filterlog[32783]: 4,,,1000000103,vtnet0,match,block,in,4,0x0,,99,13479,0,none,17,udp,75,74.125.74.156,10.255.255.1,36011,53,55
Jul  1 03:22:38 fw.rodolfoarce.local filterlog[32783]: 4,,,1000000103,vtnet0,match,block,in,4,0x0,,99,28712,0,none,17,udp,86,172.217.37.150,10.255.255.1,60559,53,66
Jul  1 03:22:38 fw.rodolfoarce.local filterlog[32783]: 4,,,1000000103,vtnet0,match,block,in,4,0x0,,51,16609,0,none,17,udp,71,84.239.16.22,10.255.255.1,39553,53,51
Jul  1 03:22:38 fw.rodolfoarce.local filterlog[32783]: 4,,,1000000103,vtnet0,match,block,in,4,0x0,,52,391,0,none,17,udp,75,143.244.60.168,10.255.255.1,28538,53,55
Jul  1 03:22:38 fw.rodolfoarce.local filterlog[32783]: 4,,,1000000103,vtnet0,match,block,in,4,0x0,,99,28805,0,none,17,udp,86,172.217.37.150,10.255.255.1,52808,53,66
Jul  1 03:22:38 fw.rodolfoarce.local filterlog[32783]: 4,,,1000000103,vtnet0,match,block,in,4,0x0,,99,28814,0,none,17,udp,86,172.217.37.150,10.255.255.1,60877,53,66
Jul  1 03:22:38 fw.rodolfoarce.local filterlog[32783]: 4,,,1000000103,vtnet0,match,block,in,4,0x0,,49,59958,0,DF,17,udp,75,162.158.180.69,10.255.255.1,30646,53,55
Jul  1 03:22:38 fw.rodolfoarce.local filterlog[32783]: 4,,,1000000103,vtnet0,match,block,in,4,0x0,,50,32196,0,none,17,udp,83,149.102.227.114,10.255.255.1,19434,53,63
Jul  1 03:22:38 fw.rodolfoarce.local filterlog[32783]: 4,,,1000000103,vtnet0,match,block,in,4,0x0,,52,43316,0,none,17,udp,87,143.244.60.168,10.255.255.1,14934,53,67
Jul  1 03:22:38 fw.rodolfoarce.local filterlog[32783]: 4,,,1000000103,vtnet0,match,block,in,4,0x0,,102,64869,0,none,17,udp,86,74.125.112.21,10.255.255.1,33073,53,66
Jul  1 03:22:38 fw.rodolfoarce.local filterlog[32783]: 4,,,1000000103,vtnet0,match,block,in,4,0x0,,99,5150,0,none,17,udp,86,74.125.112.18,10.255.255.1,48532,53,66
Jul  1 03:22:38 fw.rodolfoarce.local filterlog[32783]: 4,,,1000000103,vtnet0,match,block,in,4,0x0,,52,47001,0,none,17,udp,73,143.244.60.168,10.255.255.1,13116,53,53
Jul  1 03:22:38 fw.rodolfoarce.local filterlog[32783]: 4,,,1000000103,vtnet0,match,block,in,4,0x0,,102,15394,0,none,17,udp,75,74.125.74.147,10.255.255.1,44794,53,55
Jul  1 03:22:38 fw.rodolfoarce.local filterlog[32783]: 4,,,1000000103,vtnet0,match,block,in,4,0x28,,44,24056,0,none,17,udp,64,195.138.96.90,10.255.255.1,12288,53,44
Jul  1 03:22:39 fw.rodolfoarce.local filterlog[32783]: 4,,,1000000103,vtnet0,match,block,in,4,0x0,,48,17474,0,DF,17,udp,75,172.69.8.73,10.255.255.1,13438,53,55
Jul  1 03:22:39 fw.rodolfoarce.local filterlog[32783]: 4,,,1000000103,vtnet0,match,block,in,4,0x0,,99,49318,0,none,17,udp,75,172.217.37.158,10.255.255.1,65163,53,55
Jul  1 03:22:39 fw.rodolfoarce.local filterlog[32783]: 4,,,1000000103,vtnet0,match,block,in,4,0x0,,49,30327,0,DF,17,udp,75,162.158.180.69,10.255.255.1,41194,53,55
Jul  1 03:22:39 fw.rodolfoarce.local filterlog[32783]: 4,,,1000000103,vtnet0,match,block,in,4,0x0,,52,45734,0,none,17,udp,87,143.244.60.168,10.255.255.1,44162,53,67
Jul  1 03:22:39 fw.rodolfoarce.local filterlog[32783]: 4,,,1000000103,vtnet0,match,block,in,4,0x0,,102,51210,0,none,17,udp,75,74.125.112.23,10.255.255.1,56120,53,55
Jul  1 03:22:39 fw.rodolfoarce.local filterlog[32783]: 4,,,1000000103,vtnet0,match,block,in,4,0x0,,102,33026,0,none,17,udp,75,74.125.112.26,10.255.255.1,49998,53,55
Jul  1 03:22:39 fw.rodolfoarce.local filterlog[32783]: 4,,,1000000103,vtnet0,match,block,in,4,0x0,,48,17475,0,DF,17,udp,75,172.69.8.73,10.255.255.1,13438,53,55
Jul  1 03:22:39 fw.rodolfoarce.local filterlog[32783]: 4,,,1000000103,vtnet0,match,block,in,4,0x0,,99,65495,0,none,17,udp,75,74.125.112.21,10.255.255.1,40108,53,55
Jul  1 03:22:39 fw.rodolfoarce.local filterlog[32783]: 4,,,1000000103,vtnet0,match,block,in,4,0x0,,102,11,0,none,17,udp,75,74.125.112.21,10.255.255.1,35598,53,55
Jul  1 03:22:39 fw.rodolfoarce.local filterlog[32783]: 4,,,1000000103,vtnet0,match,block,in,4,0x0,,49,30328,0,DF,17,udp,75,162.158.180.69,10.255.255.1,41194,53,55
Jul  1 03:22:39 fw.rodolfoarce.local filterlog[32783]: 4,,,1000000103,vtnet0,match,block,in,4,0x0,,52,31845,0,none,17,udp,75,143.244.60.168,10.255.255.1,30695,53,55
Jul  1 03:22:39 fw.rodolfoarce.local filterlog[32783]: 4,,,1000000103,vtnet0,match,block,in,4,0x0,,51,12119,0,none,17,udp,71,84.239.16.22,10.255.255.1,48594,53,51
Jul  1 03:22:40 fw.rodolfoarce.local filterlog[32783]: 4,,,1000000103,vtnet0,match,block,in,4,0x0,,99,26925,0,none,17,udp,86,74.125.114.144,10.255.255.1,51514,53,66
