Jul  1 03:22:40 fw.rodolfoarce.local filterlog[32783]: 4,,,1000000103,vtnet0,match,block,in,4,0x0,,50,25268,0,none,17,udp,83,149.102.227.114,10.255.255.1,7973,53,63
Jul  1 03:22:40 fw.rodolfoarce.local filterlog[32783]: 4,,,1000000103,vtnet0,match,block,in,4,0x0,,52,10162,0,none,17,udp,87,143.244.60.168,10.255.255.1,63548,53,67
Jul  1 03:22:40 fw.rodolfoarce.local filterlog[32783]: 4,,,1000000103,vtnet0,match,block,in,4,0x0,,99,33736,0,none,17,udp,86,74.125.46.147,10.255.255.1,48402,53,66
Jul  1 03:22:40 fw.rodolfoarce.local filterlog[32783]: 4,,,1000000103,vtnet0,match,block,in,4,0x0,,52,64384,0,none,17,udp,73,143.244.60.168,10.255.255.1,32199,53,53
Jul  1 03:22:40 fw.rodolfoarce.local filterlog[32783]: 4,,,1000000103,vtnet0,match,block,in,4,0x0,,99,49477,0,none,17,udp,86,74.125.46.155,10.255.255.1,60689,53,66
Jul  1 03:22:40 fw.rodolfoarce.local filterlog[32783]: 4,,,1000000103,vtnet0,match,block,in,4,0x0,,99,1064,0,none,17,udp,86,74.125.112.21,10.255.255.1,42089,53,66
Jul  1 03:22:40 fw.rodolfoarce.local filterlog[32783]: 4,,,1000000103,vtnet0,match,block,in,4,0x28,,44,24526,0,none,17,udp,64,195.138.96.90,10.255.255.1,20041,53,44
Jul  1 03:22:40 fw.rodolfoarce.local filterlog[32783]: 4,,,1000000103,vtnet0,match,block,in,4,0x0,,52,3217,0,none,17,udp,87,143.244.60.168,10.255.255.1,37194,53,67
Jul  1 03:22:40 fw.rodolfoarce.local filterlog[32783]: 4,,,1000000103,vtnet0,match,block,in,4,0x0,,99,63075,0,none,17,udp,86,74.125.114.146,10.255.255.1,59627,53,66
Jul  1 03:22:40 fw.rodolfoarce.local filterlog[32783]: 4,,,1000000103,vtnet0,match,block,in,4,0x0,,99,14910,0,none,17,udp,75,74.125.114.149,10.255.255.1,54091,53,55
Jul  1 03:22:41 fw.rodolfoarce.local filterlog[32783]: 4,,,1000000103,vtnet0,match,block,in,4,0x0,,99,49608,0,none,17,udp,75,74.125.46.155,10.255.255.1,34671,53,55
Jul  1 03:22:41 fw.rodolfoarce.local filterlog[32783]: 4,,,1000000103,vtnet0,match,block,in,4,0x0,,99,2132,0,none,17,udp,86,74.125.114.151,10.255.255.1,55899,53,66
Jul  1 03:22:41 fw.rodolfoarce.local filterlog[32783]: 4,,,1000000103,vtnet0,match,block,in,4,0x0,,52,48957,0,none,17,udp,75,143.244.60.168,10.255.255.1,4796,53,55
Jul  1 03:22:41 fw.rodolfoarce.local filterlog[32783]: 4,,,1000000103,vtnet0,match,block,in,4,0x0,,99,45476,0,none,17,udp,86,74.125.46.24,10.255.255.1,50703,53,66
Jul  1 03:22:41 fw.rodolfoarce.local filterlog[32783]: 4,,,1000000103,vtnet0,match,block,in,4,0x0,,99,10095,0,none,17,udp,86,74.125.114.148,10.255.255.1,49711,53,66
Jul  1 03:22:41 fw.rodolfoarce.local filterlog[32783]: 4,,,1000000103,vtnet0,match,block,in,4,0x0,,52,23102,0,none,17,udp,87,143.244.60.168,10.255.255.1,22225,53,67
Jul  1 03:22:41 fw.rodolfoarce.local filterlog[32783]: 4,,,1000000103,vtnet0,match,block,in,4,0x0,,99,33864,0,none,17,udp,75,74.125.46.19,10.255.255.1,40325,53,55
Jul  1 03:22:41 fw.rodolfoarce.local filterlog[32783]: 4,,,1000000103,vtnet0,match,block,in,4,0x0,,52,60026,0,none,17,udp,73,143.244.60.168,10.255.255.1,30082,53,53
Jul  1 03:22:41 fw.rodolfoarce.local filterlog[32783]: 4,,,1000000103,vtnet0,match,block,in,4,0x0,,99,18684,0,none,17,udp,75,74.125.112.30,10.255.255.1,35747,53,55
Jul  1 03:22:41 fw.rodolfoarce.local filterlog[32783]: 4,,,1000000103,vtnet0,match,block,in,4,0x0,,51,9914,0,none,17,udp,71,84.239.16.22,10.255.255.1,30991,53,51
Jul  1 03:22:41 fw.rodolfoarce.local filterlog[32783]: 4,,,1000000103,vtnet0,match,block,in,4,0x0,,99,27583,0,none,17,udp,75,74.125.114.144,10.255.255.1,33482,53,55
Jul  1 03:22:41 fw.rodolfoarce.local filterlog[32783]: 4,,,1000000103,vtnet0,match,block,in,4,0x0,,45,37062,0,none,17,udp,83,89.28.161.1,10.255.255.1,52607,53,63
Jul  1 03:22:42 fw.rodolfoarce.local filterlog[32783]: 4,,,1000000103,vtnet0,match,block,in,4,0x0,,99,50301,0,none,17,udp,86,172.217.37.156,10.255.255.1,54106,53,66
Jul  1 03:22:42 fw.rodolfoarce.local filterlog[32783]: 4,,,1000000103,vtnet0,match,block,in,4,0x0,,45,13537,0,none,17,udp,83,89.28.161.1,10.255.255.1,45156,53,63
Jul  1 03:22:42 fw.rodolfoarce.local filterlog[32783]: 4,,,1000000103,vtnet0,match,block,in,4,0x0,,99,4699,0,none,17,udp,75,74.125.114.152,10.255.255.1,42156,53,55
Jul  1 03:22:42 fw.rodolfoarce.local filterlog[32783]: 4,,,1000000103,vtnet0,match,block,in,4,0x0,,51,57452,0,none,17,udp,71,84.239.16.22,10.255.255.1,29131,53,51
Jul  1 03:22:42 fw.rodolfoarce.local filterlog[32783]: 4,,,1000000103,vtnet0,match,block,in,4,0x0,,99,58532,0,none,17,udp,75,74.125.46.145,10.255.255.1,63956,53,55
Jul  1 03:22:42 fw.rodolfoarce.local filterlog[32783]: 4,,,1000000103,vtnet0,match,block,in,4,0x0,,99,10476,0,none,17,udp,75,74.125.114.148,10.255.255.1,51667,53,55
Jul  1 03:22:42 fw.rodolfoarce.local filterlog[32783]: 4,,,1000000103,vtnet0,match,block,in,4,0x0,,51,3715,0,none,17,udp,71,84.239.16.22,10.255.255.1,55146,53,51
Jul  1 03:22:42 fw.rodolfoarce.local filterlog[32783]: 4,,,1000000103,vtnet0,match,block,in,4,0x0,,99,10084,0,none,17,udp,86,172.217.37.144,10.255.255.1,33163,53,66
Jul  1 03:22:42 fw.rodolfoarce.local filterlog[32783]: 4,,,1000000103,vtnet0,match,block,in,4,0x0,,45,6889,0,none,17,udp,83,89.28.161.1,10.255.255.1,47221,53,63
Jul  1 03:22:42 fw.rodolfoarce.local filterlog[32783]: 4,,,1000000103,vtnet0,match,block,in,4,0x0,,99,57931,0,none,17,udp,86,172.217.37.149,10.255.255.1,45904,53,66
Jul  1 03:22:42 fw.rodolfoarce.local filterlog[32783]: 4,,,1000000103,vtnet0,match,block,in,4,0x0,,45,17882,0,none,17,udp,83,89.28.161.1,10.255.255.1,36060,53,63
Jul  1 03:22:42 fw.rodolfoarce.local filterlog[32783]: 4,,,1000000103,vtnet0,match,block,in,4,0x0,,50,61700,0,none,17,udp,71,149.102.227.114,10.255.255.1,42364,53,51
Jul  1 03:22:43 fw.rodolfoarce.local filterlog[32783]: 4,,,1000000103,vtnet0,match,block,in,4,0x0,,99,51098,0,none,17,udp,75,172.217.37.146,10.255.255.1,55100,53,55
Jul  1 03:22:43 fw.rodolfoarce.local filterlog[32783]: 4,,,1000000103,vtnet0,match,block,in,4,0x0,,50,59292,0,none,17,udp,83,149.102.227.114,10.255.255.1,40706,53,63
Jul  1 03:22:43 fw.rodolfoarce.local filterlog[32783]: 4,,,1000000103,vtnet0,match,block,in,4,0x0,,52,2530,0,none,17,udp,87,143.244.60.168,10.255.255.1,12611,53,67
Jul  1 03:22:43 fw.rodolfoarce.local filterlog[32783]: 4,,,1000000103,vtnet0,match,block,in,4,0x0,,51,54892,0,none,17,udp,71,84.239.16.22,10.255.255.1,29294,53,51
Jul  1 03:22:43 fw.rodolfoarce.local filterlog[32783]: 4,,,1000000103,vtnet0,match,block,in,4,0x0,,45,30522,0,none,17,udp,83,89.28.161.1,10.255.255.1,60093,53,63
Jul  1 03:22:43 fw.rodolfoarce.local filterlog[32783]: 4,,,1000000103,vtnet0,match,block,in,4,0x0,,45,55411,0,none,17,udp,83,89.28.161.1,10.255.255.1,34200,53,63
Jul  1 03:22:43 fw.rodolfoarce.local filterlog[32783]: 4,,,1000000103,vtnet0,match,block,in,4,0x0,,99,19877,0,none,17,udp,75,74.125.112.30,10.255.255.1,37112,53,55
Jul  1 03:22:43 fw.rodolfoarce.local filterlog[32783]: 4,,,1000000103,vtnet0,match,block,in,4,0x0,,99,29616,0,none,17,udp,75,172.217.37.152,10.255.255.1,52010,53,55
Jul  1 03:22:43 fw.rodolfoarce.local filterlog[32783]: 4,,,1000000103,vtnet0,match,block,in,4,0x0,,50,41647,0,none,17,udp,83,149.102.227.114,10.255.255.1,36204,53,63
Jul  1 03:22:44 fw.rodolfoarce.local filterlog[32783]: 4,,,1000000103,vtnet0,match,block,in,4,0x0,,51,36488,0,none,17,udp,71,84.239.16.22,10.255.255.1,45124,53,51
Jul  1 03:22:44 fw.rodolfoarce.local filterlog[32783]: 4,,,1000000103,vtnet0,match,block,in,4,0x0,,52,3359,0,none,17,udp,75,143.244.60.168,10.255.255.1,60132,53,55
Jul  1 03:22:44 fw.rodolfoarce.local filterlog[32783]: 4,,,1000000103,vtnet0,match,block,in,4,0x0,,45,47469,0,none,17,udp,83,89.28.161.1,10.255.255.1,35056,53,63
Jul  1 03:22:44 fw.rodolfoarce.local filterlog[32783]: 4,,,1000000103,vtnet0,match,block,in,4,0x0,,45,42,0,none,17,udp,83,89.28.161.1,10.255.255.1,34428,53,63
Jul  1 03:22:44 fw.rodolfoarce.local filterlog[32783]: 4,,,1000000103,vtnet0,match,block,in,4,0x0,,52,29318,0,none,17,udp,73,143.244.60.168,10.255.255.1,49457,53,53
Jul  1 03:22:44 fw.rodolfoarce.local filterlog[32783]: 4,,,1000000103,vtnet0,match,block,in,4,0x0,,50,10205,0,none,17,udp,83,149.102.227.114,10.255.255.1,9779,53,63
Jul  1 03:22:44 fw.rodolfoarce.local filterlog[32783]: 4,,,1000000103,vtnet0,match,block,in,4,0x0,,52,25529,0,none,17,udp,87,143.244.60.168,10.255.255.1,39139,53,67
Jul  1 03:22:45 fw.rodolfoarce.local filterlog[32783]: 4,,,1000000103,vtnet0,match,block,in,4,0x0,,45,8374,0,none,17,udp,83,89.28.161.1,10.255.255.1,54165,53,63
Jul  1 03:22:45 fw.rodolfoarce.local filterlog[32783]: 4,,,1000000103,vtnet0,match,block,in,4,0x0,,45,18692,0,none,17,udp,83,89.28.161.1,10.255.255.1,47489,53,63
Jul  1 03:22:45 fw.rodolfoarce.local filterlog[32783]: 4,,,1000000103,vtnet0,match,block,in,4,0x0,,50,9399,0,none,17,udp,83,149.102.227.114,10.255.255.1,49562,53,63
Jul  1 03:22:45 fw.rodolfoarce.local filterlog[32783]: 4,,,1000000103,vtnet0,match,block,in,4,0x0,,51,3106,0,none,17,udp,71,84.239.16.22,10.255.255.1,24561,53,51
Jul  1 03:22:45 fw.rodolfoarce.local filterlog[32783]: 4,,,1000000103,vtnet0,match,block,in,4,0x0,,51,59179,0,none,17,udp,71,84.239.16.22,10.255.255.1,23655,53,51
Jul  1 03:22:45 fw.rodolfoarce.local filterlog[32783]: 4,,,1000000103,vtnet0,match,block,in,4,0x0,,45,34388,0,none,17,udp,83,89.28.161.1,10.255.255.1,54224,53,63
Jul  1 03:22:45 fw.rodolfoarce.local filterlog[32783]: 4,,,1000000103,vtnet0,match,block,in,4,0x0,,52,37794,0,none,17,udp,75,143.244.60.168,10.255.255.1,52581,53,55
Jul  1 03:22:45 fw.rodolfoarce.local filterlog[32783]: 4,,,1000000103,vtnet0,match,block,in,4,0x0,,45,25149,0,none,17,udp,83,89.28.161.1,10.255.255.1,48051,53,63
Jul  1 03:22:46 fw.rodolfoarce.local filterlog[32783]: 4,,,1000000103,vtnet0,match,block,in,4,0x0,,50,2735,0,none,17,udp,83,149.102.227.114,10.255.255.1,45488,53,63
Jul  1 03:22:46 fw.rodolfoarce.local filterlog[32783]: 4,,,1000000103,vtnet0,match,block,in,4,0x0,,45,14608,0,none,17,udp,83,89.28.161.1,10.255.255.1,53836,53,63
Jul  1 03:22:46 fw.rodolfoarce.local filterlog[32783]: 4,,,1000000103,vtnet0,match,block,in,4,0x0,,45,50673,0,none,17,udp,83,89.28.161.1,10.255.255.1,51900,53,63
Jul  1 03:22:46 fw.rodolfoarce.local filterlog[32783]: 4,,,1000000103,vtnet0,match,block,in,4,0x0,,45,21569,0,none,17,udp,83,89.28.160.1,10.255.255.1,46877,53,63
Jul  1 03:22:46 fw.rodolfoarce.local filterlog[32783]: 4,,,1000000103,vtnet0,match,block,in,4,0x0,,45,20409,0,none,17,udp,83,89.28.160.1,10.255.255.1,54030,53,63
Jul  1 03:22:46 fw.rodolfoarce.local dhclient[10762]: DHCPDISCOVER on vtnet0 to 255.255.255.255 port 67 interval 3
Jul  1 03:22:47 fw.rodolfoarce.local filterlog[32783]: 4,,,1000000103,vtnet0,match,block,in,4,0x0,,50,12093,0,none,17,udp,83,149.102.227.114,10.255.255.1,61214,53,63
Jul  1 03:22:47 fw.rodolfoarce.local filterlog[32783]: 4,,,1000000103,vtnet0,match,block,in,4,0x0,,52,36869,0,none,17,udp,87,143.244.60.168,10.255.255.1,34491,53,67
Jul  1 03:22:47 fw.rodolfoarce.local filterlog[32783]: 4,,,1000000103,vtnet0,match,block,in,4,0x0,,51,688,0,none,17,udp,71,84.239.16.22,10.255.255.1,22747,53,51
Jul  1 03:22:47 fw.rodolfoarce.local filterlog[32783]: 4,,,1000000103,vtnet0,match,block,in,4,0x0,,52,32548,0,none,17,udp,75,143.244.60.168,10.255.255.1,16073,53,55
Jul  1 03:22:47 fw.rodolfoarce.local filterlog[32783]: 4,,,1000000103,vtnet0,match,block,in,4,0x0,,45,15935,0,none,17,udp,83,89.28.160.1,10.255.255.1,33995,53,63
Jul  1 03:22:47 fw.rodolfoarce.local filterlog[32783]: 4,,,1000000103,vtnet0,match,block,in,4,0x0,,45,1173,0,none,17,udp,83,89.28.160.1,10.255.255.1,39501,53,63
Jul  1 03:22:47 fw.rodolfoarce.local filterlog[32783]: 4,,,1000000103,vtnet0,match,block,in,4,0x0,,52,2275,0,none,17,udp,73,143.244.60.168,10.255.255.1,32489,53,53
Jul  1 03:22:47 fw.rodolfoarce.local filterlog[32783]: 4,,,1000000103,vtnet0,match,block,in,4,0x0,,50,4862,0,none,17,udp,83,149.102.227.114,10.255.255.1,62935,53,63
Jul  1 03:22:47 fw.rodolfoarce.local filterlog[32783]: 4,,,1000000103,vtnet0,match,block,in,4,0x0,,52,23713,0,none,17,udp,87,143.244.60.168,10.255.255.1,22340,53,67
Jul  1 03:22:48 fw.rodolfoarce.local filterlog[32783]: 4,,,1000000103,vtnet0,match,block,in,4,0x0,,45,59369,0,none,17,udp,83,89.28.161.1,10.255.255.1,48744,53,63
Jul  1 03:22:48 fw.rodolfoarce.local filterlog[32783]: 4,,,1000000103,vtnet0,match,block,in,4,0x0,,45,23505,0,none,17,udp,83,89.28.161.1,10.255.255.1,32793,53,63
Jul  1 03:22:48 fw.rodolfoarce.local filterlog[32783]: 4,,,1000000103,vtnet0,match,block,in,4,0x0,,45,7574,0,none,17,udp,83,89.28.160.1,10.255.255.1,41033,53,63
Jul  1 03:22:48 fw.rodolfoarce.local filterlog[32783]: 4,,,1000000103,vtnet0,match,block,in,4,0x0,,45,39490,0,none,17,udp,83,89.28.160.1,10.255.255.1,54119,53,63
Jul  1 03:22:48 fw.rodolfoarce.local filterlog[32783]: 4,,,1000000103,vtnet0,match,block,in,4,0x0,,52,5954,0,none,17,udp,87,143.244.60.168,10.255.255.1,39377,53,67
Jul  1 03:22:48 fw.rodolfoarce.local filterlog[32783]: 4,,,1000000103,vtnet0,match,block,in,4,0x28,,44,26289,0,none,17,udp,64,195.138.96.90,10.255.255.1,3184,53,44
Jul  1 03:22:48 fw.rodolfoarce.local filterlog[32783]: 4,,,1000000103,vtnet0,match,block,in,4,0x0,,52,52519,0,none,17,udp,75,143.244.60.168,10.255.255.1,53259,53,55
Jul  1 03:22:49 fw.rodolfoarce.local filterlog[32783]: 4,,,1000000103,vtnet0,match,block,in,4,0x0,,50,59855,0,none,17,udp,75,192.221.146.140,10.255.255.1,44923,53,55
Jul  1 03:22:49 fw.rodolfoarce.local filterlog[32783]: 4,,,1000000103,vtnet0,match,block,in,4,0x0,,50,59856,0,none,17,udp,75,192.221.146.128,10.255.255.1,56316,53,55
Jul  1 03:22:49 fw.rodolfoarce.local filterlog[32783]: 4,,,1000000103,vtnet0,match,block,in,4,0x0,,45,36596,0,none,17,udp,83,89.28.160.1,10.255.255.1,38556,53,63
Jul  1 03:22:49 fw.rodolfoarce.local filterlog[32783]: 4,,,1000000103,vtnet0,match,block,in,4,0x0,,45,17853,0,none,17,udp,83,89.28.160.1,10.255.255.1,48668,53,63
Jul  1 03:22:49 fw.rodolfoarce.local filterlog[32783]: 4,,,1000000103,vtnet0,match,block,in,4,0x0,,50,30567,0,none,17,udp,83,149.102.227.114,10.255.255.1,51675,53,63
Jul  1 03:22:49 fw.rodolfoarce.local filterlog[32783]: 4,,,1000000103,vtnet0,match,block,in,4,0x0,,50,59858,0,none,17,udp,75,192.221.146.133,10.255.255.1,11355,53,55
Jul  1 03:22:49 fw.rodolfoarce.local filterlog[32783]: 4,,,1000000103,vtnet0,match,block,in,4,0x0,,50,59857,0,none,17,udp,75,192.221.146.132,10.255.255.1,54939,53,55
Jul  1 03:22:49 fw.rodolfoarce.local filterlog[32783]: 4,,,1000000103,vtnet0,match,block,in,4,0x0,,52,22417,0,none,17,udp,87,143.244.60.168,10.255.255.1,18393,53,67
Jul  1 03:22:49 fw.rodolfoarce.local filterlog[32783]: 4,,,1000000103,vtnet0,match,block,in,4,0x0,,50,59859,0,none,17,udp,75,192.221.146.138,10.255.255.1,36874,53,55
Jul  1 03:22:49 fw.rodolfoarce.local filterlog[32783]: 4,,,1000000103,vtnet0,match,block,in,4,0x0,,50,59860,0,none,17,udp,75,192.221.146.130,10.255.255.1,37109,53,55
Jul  1 03:22:49 fw.rodolfoarce.local filterlog[32783]: 4,,,1000000103,vtnet0,match,block,in,4,0x0,,45,48332,0,none,17,udp,83,89.28.161.1,10.255.255.1,60399,53,63
Jul  1 03:22:49 fw.rodolfoarce.local filterlog[32783]: 4,,,1000000103,vtnet0,match,block,in,4,0x0,,45,38876,0,none,17,udp,83,89.28.161.1,10.255.255.1,42752,53,63
Jul  1 03:22:49 fw.rodolfoarce.local filterlog[32783]: 4,,,1000000103,vtnet0,match,block,in,4,0x0,,45,13231,0,none,17,udp,83,89.28.160.1,10.255.255.1,57289,53,63
Jul  1 03:22:49 fw.rodolfoarce.local filterlog[32783]: 4,,,1000000103,vtnet0,match,block,in,4,0x0,,45,23942,0,none,17,udp,83,89.28.160.1,10.255.255.1,57221,53,63
Jul  1 03:22:49 fw.rodolfoarce.local filterlog[32783]: 4,,,1000000103,vtnet0,match,block,in,4,0x0,,51,26470,0,none,17,udp,71,84.239.16.22,10.255.255.1,28024,53,51
Jul  1 03:22:49 fw.rodolfoarce.local dhclient[10762]: No DHCPOFFERS received.
Jul  1 03:22:49 fw.rodolfoarce.local dhclient[10762]: No working leases in persistent database - sleeping.
Jun 30 23:22:49 fw.rodolfoarce.local dhclient[29928]: FAIL
Jul  1 03:22:50 fw.rodolfoarce.local filterlog[32783]: 4,,,1000000103,vtnet0,match,block,in,4,0x0,,52,37758,0,none,17,udp,87,143.244.60.168,10.255.255.1,63234,53,67
Jul  1 03:22:50 fw.rodolfoarce.local filterlog[32783]: 4,,,1000000103,vtnet0,match,block,in,4,0x0,,113,7976,0,none,17,udp,86,172.253.12.193,10.255.255.1,37215,53,66
Jul  1 03:22:50 fw.rodolfoarce.local filterlog[32783]: 4,,,1000000103,vtnet0,match,block,in,4,0x0,,50,59861,0,none,17,udp,75,192.221.146.140,10.255.255.1,6300,53,55
Jul  1 03:22:50 fw.rodolfoarce.local filterlog[32783]: 4,,,1000000103,vtnet0,match,block,in,4,0x0,,50,59862,0,none,17,udp,75,192.221.146.137,10.255.255.1,42048,53,55
Jul  1 03:22:50 fw.rodolfoarce.local filterlog[32783]: 4,,,1000000103,vtnet0,match,block,in,4,0x0,,45,34188,0,none,17,udp,83,89.28.160.1,10.255.255.1,54246,53,63
Jul  1 03:22:50 fw.rodolfoarce.local filterlog[32783]: 4,,,1000000103,vtnet0,match,block,in,4,0x0,,45,35993,0,none,17,udp,83,89.28.160.1,10.255.255.1,59089,53,63
Jul  1 03:22:50 fw.rodolfoarce.local filterlog[32783]: 4,,,1000000103,vtnet0,match,block,in,4,0x0,,50,38048,0,none,17,udp,83,149.102.227.114,10.255.255.1,64978,53,63
Jul  1 03:22:50 fw.rodolfoarce.local filterlog[32783]: 4,,,1000000103,vtnet0,match,block,in,4,0x0,,52,40953,0,none,17,udp,87,143.244.60.168,10.255.255.1,21229,53,67
Jul  1 03:22:51 fw.rodolfoarce.local filterlog[32783]: 4,,,1000000103,vtnet0,match,block,in,4,0x0,,113,63066,0,none,17,udp,75,172.253.13.131,10.255.255.1,60494,53,55
Jul  1 03:22:51 fw.rodolfoarce.local filterlog[32783]: 4,,,1000000103,vtnet0,match,block,in,4,0x0,,50,59863,0,none,17,udp,75,192.221.146.132,10.255.255.1,33414,53,55
Jul  1 03:22:51 fw.rodolfoarce.local filterlog[32783]: 4,,,1000000103,vtnet0,match,block,in,4,0x0,,50,59864,0,none,17,udp,75,192.221.146.133,10.255.255.1,38857,53,55
Jul  1 03:22:51 fw.rodolfoarce.local filterlog[32783]: 4,,,1000000103,vtnet0,match,block,in,4,0x0,,45,2807,0,none,17,udp,83,89.28.160.1,10.255.255.1,50566,53,63
Jul  1 03:22:51 fw.rodolfoarce.local filterlog[32783]: 4,,,1000000103,vtnet0,match,block,in,4,0x28,,39,40543,0,DF,17,udp,75,172.68.81.77,10.255.255.1,16646,53,55
Jul  1 03:22:51 fw.rodolfoarce.local filterlog[32783]: 4,,,1000000103,vtnet0,match,block,in,4,0x28,,39,19651,0,DF,17,udp,75,172.68.81.77,10.255.255.1,23646,53,55
Jul  1 03:22:51 fw.rodolfoarce.local filterlog[32783]: 4,,,1000000103,vtnet0,match,block,in,4,0x0,,45,62440,0,none,17,udp,83,89.28.160.1,10.255.255.1,55963,53,63
Jul  1 03:22:51 fw.rodolfoarce.local filterlog[32783]: 4,,,1000000103,vtnet0,match,block,in,4,0x0,,45,16101,0,none,17,udp,83,89.28.161.1,10.255.255.1,40126,53,63
Jul  1 03:22:51 fw.rodolfoarce.local filterlog[32783]: 4,,,1000000103,vtnet0,match,block,in,4,0x0,,45,41359,0,none,17,udp,83,89.28.161.1,10.255.255.1,40739,53,63
Jul  1 03:22:51 fw.rodolfoarce.local filterlog[32783]: 4,,,1000000103,vtnet0,match,block,in,4,0x0,,45,8593,0,none,17,udp,83,89.28.161.1,10.255.255.1,54381,53,63
Jul  1 03:22:51 fw.rodolfoarce.local filterlog[32783]: 4,,,1000000103,vtnet0,match,block,in,4,0x0,,45,32906,0,none,17,udp,83,89.28.161.1,10.255.255.1,55379,53,63
Jul  1 03:22:51 fw.rodolfoarce.local filterlog[32783]: 4,,,1000000103,vtnet0,match,block,in,4,0x28,,39,40544,0,DF,17,udp,75,172.68.81.77,10.255.255.1,16646,53,55
Jul  1 03:22:51 fw.rodolfoarce.local filterlog[32783]: 4,,,1000000103,vtnet0,match,block,in,4,0x28,,39,19652,0,DF,17,udp,75,172.68.81.77,10.255.255.1,23646,53,55
Jul  1 03:22:51 fw.rodolfoarce.local filterlog[32783]: 4,,,1000000103,vtnet0,match,block,in,4,0x0,,52,42232,0,none,17,udp,87,143.244.60.168,10.255.255.1,60392,53,67
Jul  1 03:22:52 fw.rodolfoarce.local filterlog[32783]: 4,,,1000000103,vtnet0,match,block,in,4,0x80,,114,29796,0,none,17,udp,86,172.253.12.131,10.255.255.1,50250,53,66
Jul  1 03:22:52 fw.rodolfoarce.local filterlog[32783]: 4,,,1000000103,vtnet0,match,block,in,4,0x28,,39,10112,0,DF,17,udp,75,172.68.81.77,10.255.255.1,34444,53,55
Jul  1 03:22:52 fw.rodolfoarce.local filterlog[32783]: 4,,,1000000103,vtnet0,match,block,in,4,0x28,,39,63917,0,DF,17,udp,75,172.68.81.77,10.255.255.1,10249,53,55
Jul  1 03:22:52 fw.rodolfoarce.local filterlog[32783]: 4,,,1000000103,vtnet0,match,block,in,4,0x28,,39,10113,0,DF,17,udp,75,172.68.81.77,10.255.255.1,34444,53,55
Jul  1 03:22:52 fw.rodolfoarce.local filterlog[32783]: 4,,,1000000103,vtnet0,match,block,in,4,0x28,,39,63918,0,DF,17,udp,75,172.68.81.77,10.255.255.1,10249,53,55
Jul  1 03:22:52 fw.rodolfoarce.local filterlog[32783]: 4,,,1000000103,vtnet0,match,block,in,4,0x0,,50,59865,0,none,17,udp,75,192.221.146.131,10.255.255.1,20875,53,55
Jul  1 03:22:52 fw.rodolfoarce.local filterlog[32783]: 4,,,1000000103,vtnet0,match,block,in,4,0x0,,50,59866,0,none,17,udp,75,192.221.146.131,10.255.255.1,46635,53,55
Jul  1 03:22:52 fw.rodolfoarce.local filterlog[32783]: 4,,,1000000103,vtnet0,match,block,in,4,0x0,,51,26186,0,none,17,udp,71,84.239.16.22,10.255.255.1,17226,53,51
Jul  1 03:22:52 fw.rodolfoarce.local filterlog[32783]: 4,,,1000000103,vtnet0,match,block,in,4,0x0,,45,36609,0,none,17,udp,83,89.28.160.1,10.255.255.1,41152,53,63
Jul  1 03:22:52 fw.rodolfoarce.local filterlog[32783]: 4,,,1000000103,vtnet0,match,block,in,4,0x0,,45,33765,0,none,17,udp,83,89.28.160.1,10.255.255.1,59449,53,63
Jul  1 03:22:53 fw.rodolfoarce.local filterlog[32783]: 4,,,1000000103,vtnet0,match,block,in,4,0x80,,114,611,0,none,17,udp,75,172.253.12.133,10.255.255.1,39633,53,55
Jul  1 03:22:53 fw.rodolfoarce.local filterlog[32783]: 4,,,1000000103,vtnet0,match,block,in,4,0x0,,52,767,0,none,17,udp,87,143.244.60.168,10.255.255.1,60942,53,67
Jul  1 03:22:53 fw.rodolfoarce.local filterlog[32783]: 4,,,1000000103,vtnet0,match,block,in,4,0x0,,52,38129,0,none,17,udp,73,143.244.60.168,10.255.255.1,31576,53,53
Jul  1 03:22:54 fw.rodolfoarce.local filterlog[32783]: 4,,,1000000103,vtnet0,match,block,in,4,0x0,,50,59867,0,none,17,udp,75,192.221.146.141,10.255.255.1,14702,53,55
Jul  1 03:22:54 fw.rodolfoarce.local filterlog[32783]: 4,,,1000000103,vtnet0,match,block,in,4,0x0,,50,59868,0,none,17,udp,75,192.221.146.134,10.255.255.1,23160,53,55
Jul  1 03:22:54 fw.rodolfoarce.local filterlog[32783]: 4,,,1000000103,vtnet0,match,block,in,4,0x0,,45,3771,0,none,17,udp,83,89.28.160.1,10.255.255.1,39939,53,63
Jul  1 03:22:54 fw.rodolfoarce.local filterlog[32783]: 4,,,1000000103,vtnet0,match,block,in,4,0x0,,45,26872,0,none,17,udp,83,89.28.160.1,10.255.255.1,53040,53,63
Jul  1 03:22:54 fw.rodolfoarce.local filterlog[32783]: 4,,,1000000103,vtnet0,match,block,in,4,0x0,,52,48032,0,none,17,udp,87,143.244.60.168,10.255.255.1,30709,53,67
Jul  1 03:22:56 fw.rodolfoarce.local filterlog[32783]: 4,,,1000000103,vtnet0,match,block,in,4,0x28,,44,28019,0,none,17,udp,64,195.138.96.90,10.255.255.1,35990,53,44
Jul  1 03:22:57 fw.rodolfoarce.local filterlog[32783]: 4,,,1000000103,vtnet0,match,block,in,4,0x0,,50,59869,0,none,17,udp,75,192.221.146.140,10.255.255.1,59527,53,55
Jul  1 03:22:57 fw.rodolfoarce.local filterlog[32783]: 4,,,1000000103,vtnet0,match,block,in,4,0x0,,50,59870,0,none,17,udp,75,192.221.146.130,10.255.255.1,36689,53,55
Jul  1 03:22:57 fw.rodolfoarce.local filterlog[32783]: 4,,,1000000103,vtnet0,match,block,in,4,0x0,,51,25110,0,none,17,udp,71,84.239.16.22,10.255.255.1,65205,53,51
Jul  1 03:22:59 fw.rodolfoarce.local filterlog[32783]: 4,,,1000000103,vtnet0,match,block,in,4,0x0,,53,19323,0,DF,17,udp,75,172.68.173.46,10.255.255.1,55796,53,55
Jul  1 03:22:59 fw.rodolfoarce.local filterlog[32783]: 4,,,1000000103,vtnet0,match,block,in,4,0x0,,53,48476,0,DF,17,udp,75,172.68.173.46,10.255.255.1,9649,53,55
Jul  1 03:23:00 fw.rodolfoarce.local /usr/sbin/cron[30514]: (root) CMD (/usr/sbin/newsyslog)
Jul  1 03:23:00 fw.rodolfoarce.local filterlog[32783]: 4,,,1000000103,vtnet0,match,block,in,4,0x0,,53,48477,0,DF,17,udp,75,172.68.173.46,10.255.255.1,9649,53,55
Jul  1 03:23:00 fw.rodolfoarce.local filterlog[32783]: 4,,,1000000103,vtnet0,match,block,in,4,0x0,,53,19324,0,DF,17,udp,75,172.68.173.46,10.255.255.1,55796,53,55
Jul  1 03:23:02 fw.rodolfoarce.local filterlog[32783]: 4,,,1000000103,vtnet0,match,block,in,4,0x0,,53,1849,0,none,17,udp,86,74.125.80.22,10.255.255.1,34767,53,66
Jul  1 03:23:03 fw.rodolfoarce.local filterlog[32783]: 4,,,1000000103,vtnet0,match,block,in,4,0x0,,53,13060,0,none,17,udp,75,74.125.80.26,10.255.255.1,41082,53,55
Jul  1 03:23:05 fw.rodolfoarce.local filterlog[32783]: 4,,,1000000103,vtnet0,match,block,in,4,0x0,,53,41681,0,none,17,udp,86,172.217.46.23,10.255.255.1,49635,53,66
Jul  1 03:23:05 fw.rodolfoarce.local dhclient[10762]: DHCPDISCOVER on vtnet0 to 255.255.255.255 port 67 interval 1
Jul  1 03:23:06 fw.rodolfoarce.local filterlog[32783]: 4,,,1000000103,vtnet0,match,block,in,4,0x0,,53,19663,0,none,17,udp,75,172.217.46.241,10.255.255.1,39261,53,55
Jul  1 03:23:06 fw.rodolfoarce.local dhclient[10762]: DHCPDISCOVER on vtnet0 to 255.255.255.255 port 67 interval 2
Jul  1 03:23:08 fw.rodolfoarce.local dhclient[10762]: DHCPDISCOVER on vtnet0 to 255.255.255.255 port 67 interval 2
Jul  1 03:23:10 fw.rodolfoarce.local filterlog[32783]: 4,,,1000000103,vtnet0,match,block,in,4,0x0,,53,11168,0,none,17,udp,86,74.125.186.89,10.255.255.1,53898,53,66
Jul  1 03:23:10 fw.rodolfoarce.local filterlog[32783]: 4,,,1000000103,vtnet0,match,block,in,4,0x0,,53,40106,0,none,17,udp,86,74.125.80.158,10.255.255.1,49875,53,66
Jul  1 03:23:10 fw.rodolfoarce.local dhclient[10762]: DHCPDISCOVER on vtnet0 to 255.255.255.255 port 67 interval 3
Jul  1 03:23:11 fw.rodolfoarce.local filterlog[32783]: 4,,,1000000103,vtnet0,match,block,in,4,0x0,,53,64176,0,none,17,udp,75,74.125.186.82,10.255.255.1,54727,53,55
Jul  1 03:23:11 fw.rodolfoarce.local filterlog[32783]: 4,,,1000000103,vtnet0,match,block,in,4,0x0,,53,31284,0,none,17,udp,75,74.125.80.153,10.255.255.1,54443,53,55
Jul  1 03:23:13 fw.rodolfoarce.local dhclient[10762]: DHCPDISCOVER on vtnet0 to 255.255.255.255 port 67 interval 5
Jul  1 03:23:18 fw.rodolfoarce.local dhclient[10762]: DHCPDISCOVER on vtnet0 to 255.255.255.255 port 67 interval 14
Jul  1 03:23:32 fw.rodolfoarce.local dhclient[10762]: DHCPDISCOVER on vtnet0 to 255.255.255.255 port 67 interval 14
Jul  1 03:23:46 fw.rodolfoarce.local dhclient[10762]: DHCPDISCOVER on vtnet0 to 255.255.255.255 port 67 interval 17
Jul  1 03:24:00 fw.rodolfoarce.local /usr/sbin/cron[49381]: (root) CMD (/usr/sbin/newsyslog)
Jul  1 03:24:03 fw.rodolfoarce.local dhclient[10762]: DHCPDISCOVER on vtnet0 to 255.255.255.255 port 67 interval 3
Jul  1 03:24:06 fw.rodolfoarce.local dhclient[10762]: No DHCPOFFERS received.
Jul  1 03:24:06 fw.rodolfoarce.local dhclient[10762]: No working leases in persistent database - sleeping.
Jun 30 23:24:06 fw.rodolfoarce.local dhclient[50363]: FAIL
Jul  1 03:24:18 fw.rodolfoarce.local dhcp6c[28115]: Sending Solicit
Jul  1 03:24:21 fw.rodolfoarce.local dhclient[10762]: DHCPDISCOVER on vtnet0 to 255.255.255.255 port 67 interval 2
Jul  1 03:24:23 fw.rodolfoarce.local dhclient[10762]: DHCPDISCOVER on vtnet0 to 255.255.255.255 port 67 interval 5
Jul  1 03:24:24 fw.rodolfoarce.local filterlog[32783]: 4,,,1000000103,vtnet0,match,block,in,4,0x28,,236,54321,0,none,6,tcp,44,71.6.232.24,10.255.255.1,40827,53,0,S,1116981232,,65535,,mss
Jul  1 03:24:28 fw.rodolfoarce.local dhclient[10762]: DHCPDISCOVER on vtnet0 to 255.255.255.255 port 67 interval 8
Jul  1 03:24:36 fw.rodolfoarce.local dhclient[10762]: DHCPDISCOVER on vtnet0 to 255.255.255.255 port 67 interval 10
Jul  1 03:24:46 fw.rodolfoarce.local dhclient[10762]: DHCPDISCOVER on vtnet0 to 255.255.255.255 port 67 interval 13
Jul  1 03:24:59 fw.rodolfoarce.local dhclient[10762]: DHCPDISCOVER on vtnet0 to 255.255.255.255 port 67 interval 10
Jul  1 03:25:00 fw.rodolfoarce.local /usr/sbin/cron[69464]: (root) CMD (/usr/libexec/atrun)
Jul  1 03:25:00 fw.rodolfoarce.local /usr/sbin/cron[69170]: (root) CMD (/usr/sbin/newsyslog)
Jul  1 03:25:09 fw.rodolfoarce.local dhclient[10762]: DHCPDISCOVER on vtnet0 to 255.255.255.255 port 67 interval 13
Jul  1 03:25:22 fw.rodolfoarce.local dhclient[10762]: No DHCPOFFERS received.
Jul  1 03:25:22 fw.rodolfoarce.local dhclient[10762]: No working leases in persistent database - sleeping.
Jun 30 23:25:22 fw.rodolfoarce.local dhclient[70794]: FAIL
Jul  1 03:25:38 fw.rodolfoarce.local dhclient[10762]: DHCPDISCOVER on vtnet0 to 255.255.255.255 port 67 interval 1
Jul  1 03:25:39 fw.rodolfoarce.local dhclient[10762]: DHCPDISCOVER on vtnet0 to 255.255.255.255 port 67 interval 1
Jul  1 03:25:40 fw.rodolfoarce.local dhclient[10762]: DHCPDISCOVER on vtnet0 to 255.255.255.255 port 67 interval 2
Jul  1 03:25:42 fw.rodolfoarce.local dhclient[10762]: DHCPDISCOVER on vtnet0 to 255.255.255.255 port 67 interval 3
Jul  1 03:25:45 fw.rodolfoarce.local dhclient[10762]: DHCPDISCOVER on vtnet0 to 255.255.255.255 port 67 interval 8
Jul  1 03:25:53 fw.rodolfoarce.local dhclient[10762]: DHCPDISCOVER on vtnet0 to 255.255.255.255 port 67 interval 19
Jul  1 03:26:00 fw.rodolfoarce.local /usr/sbin/cron[90174]: (root) CMD (/usr/sbin/newsyslog)
Jul  1 03:26:12 fw.rodolfoarce.local dhclient[10762]: DHCPDISCOVER on vtnet0 to 255.255.255.255 port 67 interval 12
Jul  1 03:26:16 fw.rodolfoarce.local dhcp6c[28115]: Sending Solicit
Jul  1 03:26:24 fw.rodolfoarce.local dhclient[10762]: DHCPDISCOVER on vtnet0 to 255.255.255.255 port 67 interval 9
Jul  1 03:26:33 fw.rodolfoarce.local dhclient[10762]: DHCPDISCOVER on vtnet0 to 255.255.255.255 port 67 interval 6
Jul  1 03:26:39 fw.rodolfoarce.local dhclient[10762]: No DHCPOFFERS received.
Jul  1 03:26:39 fw.rodolfoarce.local dhclient[10762]: No working leases in persistent database - sleeping.
Jun 30 23:26:39 fw.rodolfoarce.local dhclient[10024]: FAIL
Jul  1 03:26:54 fw.rodolfoarce.local dhclient[10762]: DHCPDISCOVER on vtnet0 to 255.255.255.255 port 67 interval 1
Jul  1 03:26:55 fw.rodolfoarce.local dhclient[10762]: DHCPDISCOVER on vtnet0 to 255.255.255.255 port 67 interval 1
Jul  1 03:26:56 fw.rodolfoarce.local dhclient[10762]: DHCPDISCOVER on vtnet0 to 255.255.255.255 port 67 interval 2
Jul  1 03:26:58 fw.rodolfoarce.local dhclient[10762]: DHCPDISCOVER on vtnet0 to 255.255.255.255 port 67 interval 2
Jul  1 03:27:00 fw.rodolfoarce.local /usr/sbin/cron[10450]: (root) CMD (/usr/sbin/newsyslog)
Jul  1 03:27:00 fw.rodolfoarce.local dhclient[10762]: DHCPDISCOVER on vtnet0 to 255.255.255.255 port 67 interval 2
Jul  1 03:27:02 fw.rodolfoarce.local dhclient[10762]: DHCPDISCOVER on vtnet0 to 255.255.255.255 port 67 interval 3
Jul  1 03:27:05 fw.rodolfoarce.local dhclient[10762]: DHCPDISCOVER on vtnet0 to 255.255.255.255 port 67 interval 5
Jul  1 03:27:10 fw.rodolfoarce.local dhclient[10762]: DHCPDISCOVER on vtnet0 to 255.255.255.255 port 67 interval 14
Jul  1 03:27:24 fw.rodolfoarce.local dhclient[10762]: DHCPDISCOVER on vtnet0 to 255.255.255.255 port 67 interval 21
Jul  1 03:27:46 fw.rodolfoarce.local dhclient[10762]: DHCPDISCOVER on vtnet0 to 255.255.255.255 port 67 interval 8
Jul  1 03:27:54 fw.rodolfoarce.local dhclient[10762]: DHCPDISCOVER on vtnet0 to 255.255.255.255 port 67 interval 1
Jul  1 03:27:55 fw.rodolfoarce.local dhclient[10762]: No DHCPOFFERS received.
Jul  1 03:27:55 fw.rodolfoarce.local dhclient[10762]: No working leases in persistent database - sleeping.
Jun 30 23:27:55 fw.rodolfoarce.local dhclient[30339]: FAIL
Jul  1 03:28:00 fw.rodolfoarce.local /usr/sbin/cron[30610]: (root) CMD (/usr/sbin/newsyslog)
Jul  1 03:28:10 fw.rodolfoarce.local dhclient[10762]: DHCPDISCOVER on vtnet0 to 255.255.255.255 port 67 interval 1
Jul  1 03:28:12 fw.rodolfoarce.local dhclient[10762]: message repeated 2 times: [ DHCPDISCOVER on vtnet0 to 255.255.255.255 port 67 interval 1]
Jul  1 03:28:12 fw.rodolfoarce.local dhcp6c[28115]: Sending Solicit
Jul  1 03:28:13 fw.rodolfoarce.local dhclient[10762]: DHCPDISCOVER on vtnet0 to 255.255.255.255 port 67 interval 1
Jul  1 03:28:15 fw.rodolfoarce.local dhclient[10762]: message repeated 2 times: [ DHCPDISCOVER on vtnet0 to 255.255.255.255 port 67 interval 1]
Jul  1 03:28:16 fw.rodolfoarce.local dhclient[10762]: DHCPDISCOVER on vtnet0 to 255.255.255.255 port 67 interval 2
Jul  1 03:28:18 fw.rodolfoarce.local dhclient[10762]: DHCPDISCOVER on vtnet0 to 255.255.255.255 port 67 interval 2
Jul  1 03:28:20 fw.rodolfoarce.local dhclient[10762]: DHCPDISCOVER on vtnet0 to 255.255.255.255 port 67 interval 4
Jul  1 03:28:24 fw.rodolfoarce.local dhclient[10762]: DHCPDISCOVER on vtnet0 to 255.255.255.255 port 67 interval 11
Jul  1 03:28:46 fw.rodolfoarce.local dhclient[10762]: message repeated 2 times: [ DHCPDISCOVER on vtnet0 to 255.255.255.255 port 67 interval 11]
Jul  1 03:28:57 fw.rodolfoarce.local dhclient[10762]: DHCPDISCOVER on vtnet0 to 255.255.255.255 port 67 interval 14
Jul  1 03:29:00 fw.rodolfoarce.local /usr/sbin/cron[50584]: (root) CMD (/usr/sbin/newsyslog)
Jul  1 03:29:11 fw.rodolfoarce.local dhclient[10762]: No DHCPOFFERS received.
Jul  1 03:29:11 fw.rodolfoarce.local dhclient[10762]: No working leases in persistent database - sleeping.
Jun 30 23:29:11 fw.rodolfoarce.local dhclient[51596]: FAIL
Jul  1 03:29:27 fw.rodolfoarce.local dhclient[10762]: DHCPDISCOVER on vtnet0 to 255.255.255.255 port 67 interval 1
Jul  1 03:29:28 fw.rodolfoarce.local dhclient[10762]: DHCPDISCOVER on vtnet0 to 255.255.255.255 port 67 interval 1
Jul  1 03:29:29 fw.rodolfoarce.local dhclient[10762]: DHCPDISCOVER on vtnet0 to 255.255.255.255 port 67 interval 2
Jul  1 03:29:31 fw.rodolfoarce.local dhclient[10762]: DHCPDISCOVER on vtnet0 to 255.255.255.255 port 67 interval 2
Jul  1 03:29:33 fw.rodolfoarce.local dhclient[10762]: DHCPDISCOVER on vtnet0 to 255.255.255.255 port 67 interval 3
Jul  1 03:29:36 fw.rodolfoarce.local dhclient[10762]: DHCPDISCOVER on vtnet0 to 255.255.255.255 port 67 interval 7
Jul  1 03:29:43 fw.rodolfoarce.local dhclient[10762]: DHCPDISCOVER on vtnet0 to 255.255.255.255 port 67 interval 11
Jul  1 03:29:54 fw.rodolfoarce.local dhclient[10762]: DHCPDISCOVER on vtnet0 to 255.255.255.255 port 67 interval 12
Jul  1 03:30:00 fw.rodolfoarce.local /usr/sbin/cron[72345]: (root) CMD (/usr/sbin/newsyslog)
Jul  1 03:30:00 fw.rodolfoarce.local /usr/sbin/cron[72405]: (root) CMD (/usr/libexec/atrun)
Jul  1 03:30:06 fw.rodolfoarce.local dhclient[10762]: DHCPDISCOVER on vtnet0 to 255.255.255.255 port 67 interval 21
Jul  1 03:30:22 fw.rodolfoarce.local dhcp6c[28115]: Sending Solicit
Jul  1 03:30:26 fw.rodolfoarce.local filterlog[32783]: 4,,,1000000103,vtnet0,match,block,in,4,0x0,,244,16290,0,none,6,tcp,44,205.210.31.102,10.255.255.1,51411,22,0,S,2907249534,,1024,,mss
Jul  1 03:30:27 fw.rodolfoarce.local dhclient[10762]: DHCPDISCOVER on vtnet0 to 255.255.255.255 port 67 interval 1
Jul  1 03:30:28 fw.rodolfoarce.local dhclient[10762]: No DHCPOFFERS received.
Jul  1 03:30:28 fw.rodolfoarce.local dhclient[10762]: No working leases in persistent database - sleeping.
Jun 30 23:30:28 fw.rodolfoarce.local dhclient[72801]: FAIL
Jul  1 03:30:43 fw.rodolfoarce.local dhclient[10762]: DHCPDISCOVER on vtnet0 to 255.255.255.255 port 67 interval 2
Jul  1 03:30:45 fw.rodolfoarce.local dhclient[10762]: DHCPDISCOVER on vtnet0 to 255.255.255.255 port 67 interval 2
Jul  1 03:30:48 fw.rodolfoarce.local dhclient[10762]: DHCPDISCOVER on vtnet0 to 255.255.255.255 port 67 interval 3
Jul  1 03:30:51 fw.rodolfoarce.local dhclient[10762]: DHCPDISCOVER on vtnet0 to 255.255.255.255 port 67 interval 6
Jul  1 03:30:57 fw.rodolfoarce.local dhclient[10762]: DHCPDISCOVER on vtnet0 to 255.255.255.255 port 67 interval 10
Jul  1 03:31:00 fw.rodolfoarce.local /usr/sbin/cron[90868]: (root) CMD (/usr/bin/nice -n20 adjkerntz -a)
Jul  1 03:31:00 fw.rodolfoarce.local /usr/sbin/cron[91141]: (root) CMD (/usr/sbin/newsyslog)
Jul  1 03:31:07 fw.rodolfoarce.local dhclient[10762]: DHCPDISCOVER on vtnet0 to 255.255.255.255 port 67 interval 18
Jul  1 03:31:25 fw.rodolfoarce.local dhclient[10762]: DHCPDISCOVER on vtnet0 to 255.255.255.255 port 67 interval 16
Jul  1 03:31:41 fw.rodolfoarce.local dhclient[10762]: DHCPDISCOVER on vtnet0 to 255.255.255.255 port 67 interval 3
Jul  1 03:31:44 fw.rodolfoarce.local dhclient[10762]: No DHCPOFFERS received.
Jul  1 03:31:44 fw.rodolfoarce.local dhclient[10762]: No working leases in persistent database - sleeping.
Jun 30 23:31:44 fw.rodolfoarce.local dhclient[10859]: FAIL
Jul  1 03:31:59 fw.rodolfoarce.local dhclient[10762]: DHCPDISCOVER on vtnet0 to 255.255.255.255 port 67 interval 1
Jul  1 03:32:00 fw.rodolfoarce.local /usr/sbin/cron[11351]: (root) CMD (/usr/sbin/newsyslog)
Jul  1 03:32:00 fw.rodolfoarce.local dhclient[10762]: DHCPDISCOVER on vtnet0 to 255.255.255.255 port 67 interval 1
Jul  1 03:32:03 fw.rodolfoarce.local dhclient[10762]: message repeated 3 times: [ DHCPDISCOVER on vtnet0 to 255.255.255.255 port 67 interval 1]
Jul  1 03:32:04 fw.rodolfoarce.local dhclient[10762]: DHCPDISCOVER on vtnet0 to 255.255.255.255 port 67 interval 2
Jul  1 03:32:06 fw.rodolfoarce.local dhclient[10762]: DHCPDISCOVER on vtnet0 to 255.255.255.255 port 67 interval 5
Jul  1 03:32:11 fw.rodolfoarce.local dhclient[10762]: DHCPDISCOVER on vtnet0 to 255.255.255.255 port 67 interval 13
Jul  1 03:32:23 fw.rodolfoarce.local dhcp6c[28115]: Sending Solicit
Jul  1 03:32:24 fw.rodolfoarce.local dhclient[10762]: DHCPDISCOVER on vtnet0 to 255.255.255.255 port 67 interval 19
Jul  1 03:32:44 fw.rodolfoarce.local dhclient[10762]: DHCPDISCOVER on vtnet0 to 255.255.255.255 port 67 interval 9
Jul  1 03:32:53 fw.rodolfoarce.local dhclient[10762]: DHCPDISCOVER on vtnet0 to 255.255.255.255 port 67 interval 7
Jul  1 03:33:00 fw.rodolfoarce.local /usr/sbin/cron[28973]: (root) CMD (/usr/sbin/newsyslog)
Jul  1 03:33:00 fw.rodolfoarce.local dhclient[10762]: No DHCPOFFERS received.
Jul  1 03:33:00 fw.rodolfoarce.local dhclient[10762]: No working leases in persistent database - sleeping.
Jun 30 23:33:00 fw.rodolfoarce.local dhclient[29662]: FAIL
Jul  1 03:33:01 fw.rodolfoarce.local filterlog[32783]: 4,,,1000000103,vtnet0,match,block,in,4,0x0,,113,47422,0,none,17,udp,82,172.253.228.130,10.255.255.1,51252,53,62
Jul  1 03:33:02 fw.rodolfoarce.local filterlog[32783]: 4,,,1000000103,vtnet0,match,block,in,4,0x0,,113,12404,0,none,17,udp,71,172.253.228.131,10.255.255.1,43961,53,51
Jul  1 03:33:05 fw.rodolfoarce.local filterlog[32783]: 4,,,1000000103,vtnet0,match,block,in,4,0x0,,112,11395,0,none,17,udp,82,172.253.1.132,10.255.255.1,35804,53,62
Jul  1 03:33:06 fw.rodolfoarce.local filterlog[32783]: 4,,,1000000103,vtnet0,match,block,in,4,0x0,,112,64218,0,none,17,udp,71,172.253.13.194,10.255.255.1,42638,53,51
Jul  1 03:33:12 fw.rodolfoarce.local filterlog[32783]: 4,,,1000000103,vtnet0,match,block,in,4,0x0,,112,5479,0,none,17,udp,82,172.253.206.36,10.255.255.1,46139,53,62
Jul  1 03:33:13 fw.rodolfoarce.local filterlog[32783]: 4,,,1000000103,vtnet0,match,block,in,4,0x0,,112,20106,0,none,17,udp,71,172.253.13.195,10.255.255.1,63536,53,51
Jul  1 03:33:15 fw.rodolfoarce.local filterlog[32783]: 4,,,1000000103,vtnet0,match,block,in,4,0x0,,52,32504,0,none,17,udp,71,153.92.40.52,10.255.255.1,20481,53,51
Jul  1 03:33:15 fw.rodolfoarce.local filterlog[32783]: 4,,,1000000103,vtnet0,match,block,in,4,0x28,,51,1939,0,none,17,udp,71,153.92.40.57,10.255.255.1,25320,53,51
Jul  1 03:33:15 fw.rodolfoarce.local dhclient[10762]: DHCPDISCOVER on vtnet0 to 255.255.255.255 port 67 interval 1
Jul  1 03:33:16 fw.rodolfoarce.local filterlog[32783]: 4,,,1000000103,vtnet0,match,block,in,4,0x0,,52,12526,0,none,17,udp,71,153.92.40.58,10.255.255.1,27584,53,51
Jul  1 03:33:16 fw.rodolfoarce.local filterlog[32783]: 4,,,1000000103,vtnet0,match,block,in,4,0x28,,51,42529,0,none,17,udp,71,153.92.40.109,10.255.255.1,44262,53,51
Jul  1 03:33:16 fw.rodolfoarce.local dhclient[10762]: DHCPDISCOVER on vtnet0 to 255.255.255.255 port 67 interval 1
Jul  1 03:33:17 fw.rodolfoarce.local filterlog[32783]: 4,,,1000000103,vtnet0,match,block,in,4,0x28,,51,59787,0,none,17,udp,71,153.92.40.60,10.255.255.1,4278,53,51
Jul  1 03:33:17 fw.rodolfoarce.local dhclient[10762]: DHCPDISCOVER on vtnet0 to 255.255.255.255 port 67 interval 1
Jul  1 03:33:18 fw.rodolfoarce.local dhclient[10762]: DHCPDISCOVER on vtnet0 to 255.255.255.255 port 67 interval 1
Jul  1 03:33:19 fw.rodolfoarce.local filterlog[32783]: 4,,,1000000103,vtnet0,match,block,in,4,0x28,,51,61578,0,none,17,udp,71,153.92.40.58,10.255.255.1,46340,53,51
Jul  1 03:33:19 fw.rodolfoarce.local dhclient[10762]: DHCPDISCOVER on vtnet0 to 255.255.255.255 port 67 interval 1
Jul  1 03:33:20 fw.rodolfoarce.local filterlog[32783]: 4,,,1000000103,vtnet0,match,block,in,4,0x28,,51,35247,0,none,17,udp,71,153.92.40.55,10.255.255.1,11931,53,51
Jul  1 03:33:20 fw.rodolfoarce.local dhclient[10762]: DHCPDISCOVER on vtnet0 to 255.255.255.255 port 67 interval 1
Jul  1 03:33:21 fw.rodolfoarce.local dhclient[10762]: DHCPDISCOVER on vtnet0 to 255.255.255.255 port 67 interval 2
Jul  1 03:33:23 fw.rodolfoarce.local filterlog[32783]: 4,,,1000000103,vtnet0,match,block,in,4,0x28,,51,1072,0,none,17,udp,71,153.92.40.55,10.255.255.1,38655,53,51
Jul  1 03:33:23 fw.rodolfoarce.local dhclient[10762]: DHCPDISCOVER on vtnet0 to 255.255.255.255 port 67 interval 3
Jul  1 03:33:25 fw.rodolfoarce.local filterlog[32783]: 4,,,1000000103,vtnet0,match,block,in,4,0x0,,52,28828,0,none,17,udp,71,153.92.40.109,10.255.255.1,50296,53,51
Jul  1 03:33:26 fw.rodolfoarce.local filterlog[32783]: 4,,,1000000103,vtnet0,match,block,in,4,0x0,,52,62454,0,none,17,udp,71,153.92.40.59,10.255.255.1,34082,53,51
Jul  1 03:33:26 fw.rodolfoarce.local dhclient[10762]: DHCPDISCOVER on vtnet0 to 255.255.255.255 port 67 interval 8
Jul  1 03:33:28 fw.rodolfoarce.local filterlog[32783]: 4,,,1000000103,vtnet0,match,block,in,4,0x0,,52,46856,0,none,17,udp,71,153.92.40.58,10.255.255.1,51342,53,51
Jul  1 03:33:30 fw.rodolfoarce.local filterlog[32783]: 4,,,1000000103,vtnet0,match,block,in,4,0x0,,50,46795,0,none,17,udp,83,91.229.128.26,10.255.255.1,46009,53,63
Jul  1 03:33:30 fw.rodolfoarce.local filterlog[32783]: 4,,,1000000103,vtnet0,match,block,in,4,0x0,,50,46796,0,none,17,udp,83,91.229.128.26,10.255.255.1,1161,53,63
Jul  1 03:33:31 fw.rodolfoarce.local filterlog[32783]: 4,,,1000000103,vtnet0,match,block,in,4,0x0,,50,47013,0,none,17,udp,83,91.229.128.26,10.255.255.1,47072,53,63
Jul  1 03:33:31 fw.rodolfoarce.local filterlog[32783]: 4,,,1000000103,vtnet0,match,block,in,4,0x0,,50,47015,0,none,17,udp,83,91.229.128.26,10.255.255.1,65218,53,63
Jul  1 03:33:31 fw.rodolfoarce.local filterlog[32783]: 4,,,1000000103,vtnet0,match,block,in,4,0x0,,50,47520,0,none,17,udp,83,91.229.128.26,10.255.255.1,22651,53,63
Jul  1 03:33:31 fw.rodolfoarce.local filterlog[32783]: 4,,,1000000103,vtnet0,match,block,in,4,0x0,,50,47521,0,none,17,udp,83,91.229.128.26,10.255.255.1,11014,53,63
Jul  1 03:33:32 fw.rodolfoarce.local filterlog[32783]: 4,,,1000000103,vtnet0,match,block,in,4,0x0,,52,61552,0,none,17,udp,71,153.92.40.52,10.255.255.1,42124,53,51
Jul  1 03:33:32 fw.rodolfoarce.local filterlog[32783]: 4,,,1000000103,vtnet0,match,block,in,4,0x0,,50,47799,0,none,17,udp,83,91.229.128.26,10.255.255.1,55893,53,63
Jul  1 03:33:32 fw.rodolfoarce.local filterlog[32783]: 4,,,1000000103,vtnet0,match,block,in,4,0x0,,50,47802,0,none,17,udp,83,91.229.128.26,10.255.255.1,8476,53,63
Jul  1 03:33:33 fw.rodolfoarce.local filterlog[32783]: 4,,,1000000103,vtnet0,match,block,in,4,0x0,,50,48120,0,none,17,udp,83,91.229.128.26,10.255.255.1,47548,53,63
Jul  1 03:33:33 fw.rodolfoarce.local filterlog[32783]: 4,,,1000000103,vtnet0,match,block,in,4,0x0,,50,48123,0,none,17,udp,83,91.229.128.26,10.255.255.1,16792,53,63
Jul  1 03:33:34 fw.rodolfoarce.local filterlog[32783]: 4,,,1000000103,vtnet0,match,block,in,4,0x0,,52,27068,0,none,17,udp,71,153.92.40.109,10.255.255.1,33295,53,51
Jul  1 03:33:34 fw.rodolfoarce.local filterlog[32783]: 4,,,1000000103,vtnet0,match,block,in,4,0x0,,50,48813,0,none,17,udp,83,91.229.128.26,10.255.255.1,19903,53,63
Jul  1 03:33:34 fw.rodolfoarce.local filterlog[32783]: 4,,,1000000103,vtnet0,match,block,in,4,0x0,,50,48816,0,none,17,udp,83,91.229.128.26,10.255.255.1,32374,53,63
Jul  1 03:33:35 fw.rodolfoarce.local dhclient[10762]: DHCPDISCOVER on vtnet0 to 255.255.255.255 port 67 interval 12
Jul  1 03:33:35 fw.rodolfoarce.local filterlog[32783]: 4,,,1000000103,vtnet0,match,block,in,4,0x0,,50,49174,0,none,17,udp,83,91.229.128.26,10.255.255.1,60233,53,63
Jul  1 03:33:35 fw.rodolfoarce.local filterlog[32783]: 4,,,1000000103,vtnet0,match,block,in,4,0x0,,50,49177,0,none,17,udp,83,91.229.128.26,10.255.255.1,52015,53,63
Jul  1 03:33:35 fw.rodolfoarce.local filterlog[32783]: 4,,,1000000103,vtnet0,match,block,in,4,0x0,,102,63930,0,none,17,udp,82,74.125.74.158,10.255.255.1,38906,53,62
Jul  1 03:33:36 fw.rodolfoarce.local filterlog[32783]: 4,,,1000000103,vtnet0,match,block,in,4,0x0,,99,10875,0,none,17,udp,71,74.125.74.150,10.255.255.1,46389,53,51
Jul  1 03:33:36 fw.rodolfoarce.local filterlog[32783]: 4,,,1000000103,vtnet0,match,block,in,4,0x0,,50,50380,0,none,17,udp,83,91.229.128.26,10.255.255.1,24529,53,63
Jul  1 03:33:36 fw.rodolfoarce.local filterlog[32783]: 4,,,1000000103,vtnet0,match,block,in,4,0x0,,50,50383,0,none,17,udp,83,91.229.128.26,10.255.255.1,41331,53,63
Jul  1 03:33:37 fw.rodolfoarce.local filterlog[32783]: 4,,,1000000103,vtnet0,match,block,in,4,0x0,,99,64991,0,none,17,udp,82,74.125.74.158,10.255.255.1,44262,53,62
Jul  1 03:33:38 fw.rodolfoarce.local filterlog[32783]: 4,,,1000000103,vtnet0,match,block,in,4,0x0,,50,50523,0,none,17,udp,83,91.229.128.26,10.255.255.1,33292,53,63
Jul  1 03:33:38 fw.rodolfoarce.local filterlog[32783]: 4,,,1000000103,vtnet0,match,block,in,4,0x0,,50,50521,0,none,17,udp,83,91.229.128.26,10.255.255.1,14310,53,63
Jul  1 03:33:38 fw.rodolfoarce.local filterlog[32783]: 4,,,1000000103,vtnet0,match,block,in,4,0x0,,102,12244,0,none,17,udp,71,74.125.74.150,10.255.255.1,44455,53,51
Jul  1 03:33:46 fw.rodolfoarce.local filterlog[32783]: 4,,,1000000103,vtnet0,match,block,in,4,0x0,,52,33720,0,none,17,udp,71,153.92.40.54,10.255.255.1,7117,53,51
Jul  1 03:33:47 fw.rodolfoarce.local dhclient[10762]: DHCPDISCOVER on vtnet0 to 255.255.255.255 port 67 interval 11
Jul  1 03:33:58 fw.rodolfoarce.local dhclient[10762]: DHCPDISCOVER on vtnet0 to 255.255.255.255 port 67 interval 17
Jul  1 03:34:00 fw.rodolfoarce.local /usr/sbin/cron[48363]: (root) CMD (/usr/sbin/newsyslog)
Jul  1 03:34:15 fw.rodolfoarce.local dhclient[10762]: DHCPDISCOVER on vtnet0 to 255.255.255.255 port 67 interval 1
Jul  1 03:34:16 fw.rodolfoarce.local dhclient[10762]: No DHCPOFFERS received.
Jul  1 03:34:16 fw.rodolfoarce.local dhclient[10762]: No working leases in persistent database - sleeping.
Jun 30 23:34:16 fw.rodolfoarce.local dhclient[49182]: FAIL
Jul  1 03:34:29 fw.rodolfoarce.local dhcp6c[28115]: Sending Solicit
Jul  1 03:34:31 fw.rodolfoarce.local dhclient[10762]: DHCPDISCOVER on vtnet0 to 255.255.255.255 port 67 interval 2
Jul  1 03:34:33 fw.rodolfoarce.local dhclient[10762]: DHCPDISCOVER on vtnet0 to 255.255.255.255 port 67 interval 4
Jul  1 03:34:41 fw.rodolfoarce.local dhclient[10762]: message repeated 2 times: [ DHCPDISCOVER on vtnet0 to 255.255.255.255 port 67 interval 4]
Jul  1 03:34:45 fw.rodolfoarce.local dhclient[10762]: DHCPDISCOVER on vtnet0 to 255.255.255.255 port 67 interval 10
Jul  1 03:34:55 fw.rodolfoarce.local dhclient[10762]: DHCPDISCOVER on vtnet0 to 255.255.255.255 port 67 interval 10
Jul  1 03:35:00 fw.rodolfoarce.local /usr/sbin/cron[68121]: (root) CMD (/usr/libexec/atrun)
Jul  1 03:35:00 fw.rodolfoarce.local /usr/sbin/cron[67932]: (root) CMD (/usr/sbin/newsyslog)
Jul  1 03:35:05 fw.rodolfoarce.local dhclient[10762]: DHCPDISCOVER on vtnet0 to 255.255.255.255 port 67 interval 17
Jul  1 03:35:22 fw.rodolfoarce.local dhclient[10762]: DHCPDISCOVER on vtnet0 to 255.255.255.255 port 67 interval 10
Jul  1 03:35:32 fw.rodolfoarce.local dhclient[10762]: No DHCPOFFERS received.
Jul  1 03:35:32 fw.rodolfoarce.local dhclient[10762]: No working leases in persistent database - sleeping.
Jun 30 23:35:32 fw.rodolfoarce.local dhclient[68899]: FAIL
Jul  1 03:35:47 fw.rodolfoarce.local dhclient[10762]: DHCPDISCOVER on vtnet0 to 255.255.255.255 port 67 interval 2
Jul  1 03:35:50 fw.rodolfoarce.local dhclient[10762]: DHCPDISCOVER on vtnet0 to 255.255.255.255 port 67 interval 5
Jul  1 03:35:55 fw.rodolfoarce.local dhclient[10762]: DHCPDISCOVER on vtnet0 to 255.255.255.255 port 67 interval 8
Jul  1 03:36:00 fw.rodolfoarce.local /usr/sbin/cron[87822]: (root) CMD (/usr/sbin/newsyslog)
Jul  1 03:36:03 fw.rodolfoarce.local dhclient[10762]: DHCPDISCOVER on vtnet0 to 255.255.255.255 port 67 interval 11
Jul  1 03:36:14 fw.rodolfoarce.local dhclient[10762]: DHCPDISCOVER on vtnet0 to 255.255.255.255 port 67 interval 8
Jul  1 03:36:22 fw.rodolfoarce.local dhclient[10762]: DHCPDISCOVER on vtnet0 to 255.255.255.255 port 67 interval 10
Jul  1 03:36:23 fw.rodolfoarce.local dhcp6c[28115]: Sending Solicit
Jul  1 03:36:32 fw.rodolfoarce.local dhclient[10762]: DHCPDISCOVER on vtnet0 to 255.255.255.255 port 67 interval 11
Jul  1 03:36:43 fw.rodolfoarce.local dhclient[10762]: DHCPDISCOVER on vtnet0 to 255.255.255.255 port 67 interval 5
Jul  1 03:36:48 fw.rodolfoarce.local dhclient[10762]: No DHCPOFFERS received.
Jul  1 03:36:48 fw.rodolfoarce.local dhclient[10762]: No working leases in persistent database - sleeping.
Jun 30 23:36:48 fw.rodolfoarce.local dhclient[5126]: FAIL
Jul  1 03:37:00 fw.rodolfoarce.local /usr/sbin/cron[5423]: (root) CMD (/usr/sbin/newsyslog)
Jul  1 03:37:03 fw.rodolfoarce.local dhclient[10762]: DHCPDISCOVER on vtnet0 to 255.255.255.255 port 67 interval 2
Jul  1 03:37:05 fw.rodolfoarce.local dhclient[10762]: DHCPDISCOVER on vtnet0 to 255.255.255.255 port 67 interval 5
Jul  1 03:37:10 fw.rodolfoarce.local dhclient[10762]: DHCPDISCOVER on vtnet0 to 255.255.255.255 port 67 interval 8
Jul  1 03:37:18 fw.rodolfoarce.local dhclient[10762]: DHCPDISCOVER on vtnet0 to 255.255.255.255 port 67 interval 12
Jul  1 03:37:30 fw.rodolfoarce.local dhclient[10762]: DHCPDISCOVER on vtnet0 to 255.255.255.255 port 67 interval 15
Jul  1 03:37:45 fw.rodolfoarce.local dhclient[10762]: DHCPDISCOVER on vtnet0 to 255.255.255.255 port 67 interval 15
Jul  1 03:38:00 fw.rodolfoarce.local /usr/sbin/cron[24286]: (root) CMD (/usr/sbin/newsyslog)
Jul  1 03:38:00 fw.rodolfoarce.local dhclient[10762]: DHCPDISCOVER on vtnet0 to 255.255.255.255 port 67 interval 4
Jul  1 03:38:04 fw.rodolfoarce.local dhclient[10762]: No DHCPOFFERS received.
Jul  1 03:38:04 fw.rodolfoarce.local dhclient[10762]: No working leases in persistent database - sleeping.
