Jun 29 06:19:43 fw.rodolfoarce.local dhclient[10762]: No working leases in persistent database - sleeping.
Jun 29 02:19:43 fw.rodolfoarce.local dhclient[99705]: FAIL
Jun 29 06:19:58 fw.rodolfoarce.local dhclient[10762]: DHCPDISCOVER on vtnet0 to 255.255.255.255 port 67 interval 2
Jun 29 06:20:00 fw.rodolfoarce.local /usr/sbin/cron[374]: (root) CMD (/usr/libexec/atrun)
Jun 29 06:20:00 fw.rodolfoarce.local /usr/sbin/cron[226]: (root) CMD (/usr/sbin/newsyslog)
Jun 29 06:20:00 fw.rodolfoarce.local dhclient[10762]: DHCPDISCOVER on vtnet0 to 255.255.255.255 port 67 interval 3
Jun 29 06:20:03 fw.rodolfoarce.local dhclient[10762]: DHCPDISCOVER on vtnet0 to 255.255.255.255 port 67 interval 3
Jun 29 06:20:06 fw.rodolfoarce.local dhclient[10762]: DHCPDISCOVER on vtnet0 to 255.255.255.255 port 67 interval 5
Jun 29 06:20:11 fw.rodolfoarce.local dhclient[10762]: DHCPDISCOVER on vtnet0 to 255.255.255.255 port 67 interval 7
Jun 29 06:20:19 fw.rodolfoarce.local dhclient[10762]: DHCPDISCOVER on vtnet0 to 255.255.255.255 port 67 interval 7
Jun 29 06:20:26 fw.rodolfoarce.local dhclient[10762]: DHCPDISCOVER on vtnet0 to 255.255.255.255 port 67 interval 10
Jun 29 06:20:36 fw.rodolfoarce.local dhclient[10762]: DHCPDISCOVER on vtnet0 to 255.255.255.255 port 67 interval 15
Jun 29 06:20:45 fw.rodolfoarce.local dhcp6c[28115]: Sending Solicit
Jun 29 06:20:51 fw.rodolfoarce.local dhclient[10762]: DHCPDISCOVER on vtnet0 to 255.255.255.255 port 67 interval 8
Jun 29 06:20:59 fw.rodolfoarce.local dhclient[10762]: No DHCPOFFERS received.
Jun 29 06:20:59 fw.rodolfoarce.local dhclient[10762]: No working leases in persistent database - sleeping.
Jun 29 02:20:59 fw.rodolfoarce.local dhclient[17780]: FAIL
Jun 29 06:21:00 fw.rodolfoarce.local /usr/sbin/cron[18261]: (root) CMD (/usr/sbin/newsyslog)
Jun 29 06:21:14 fw.rodolfoarce.local dhclient[10762]: DHCPDISCOVER on vtnet0 to 255.255.255.255 port 67 interval 1
Jun 29 06:21:15 fw.rodolfoarce.local dhclient[10762]: DHCPDISCOVER on vtnet0 to 255.255.255.255 port 67 interval 1
Jun 29 06:21:16 fw.rodolfoarce.local dhclient[10762]: DHCPDISCOVER on vtnet0 to 255.255.255.255 port 67 interval 2
Jun 29 06:21:18 fw.rodolfoarce.local dhclient[10762]: DHCPDISCOVER on vtnet0 to 255.255.255.255 port 67 interval 4
Jun 29 06:21:22 fw.rodolfoarce.local dhclient[10762]: DHCPDISCOVER on vtnet0 to 255.255.255.255 port 67 interval 7
Jun 29 06:21:29 fw.rodolfoarce.local dhclient[10762]: DHCPDISCOVER on vtnet0 to 255.255.255.255 port 67 interval 15
Jun 29 06:21:44 fw.rodolfoarce.local dhclient[10762]: DHCPDISCOVER on vtnet0 to 255.255.255.255 port 67 interval 12
Jun 29 06:21:51 fw.rodolfoarce.local filterlog[32783]: 4,,,1000000103,vtnet0,match,block,in,4,0x0,,49,19354,0,DF,17,udp,72,137.184.68.79,10.255.255.1,49614,53,52
Jun 29 06:21:51 fw.rodolfoarce.local filterlog[32783]: 4,,,1000000103,vtnet0,match,block,in,4,0x0,,49,19364,0,DF,17,udp,83,137.184.68.79,10.255.255.1,49614,53,63
Jun 29 06:21:52 fw.rodolfoarce.local filterlog[32783]: 4,,,1000000103,vtnet0,match,block,in,4,0x0,,49,19539,0,DF,17,udp,72,137.184.68.79,10.255.255.1,49614,53,52
Jun 29 06:21:53 fw.rodolfoarce.local filterlog[32783]: 4,,,1000000103,vtnet0,match,block,in,4,0x0,,49,19610,0,DF,17,udp,83,137.184.68.79,10.255.255.1,49614,53,63
Jun 29 06:21:54 fw.rodolfoarce.local filterlog[32783]: 4,,,1000000103,vtnet0,match,block,in,4,0x0,,49,19806,0,DF,17,udp,72,137.184.68.79,10.255.255.1,49614,53,52
Jun 29 06:21:56 fw.rodolfoarce.local filterlog[32783]: 4,,,1000000103,vtnet0,match,block,in,4,0x0,,49,20104,0,DF,17,udp,83,137.184.68.79,10.255.255.1,49614,53,63
Jun 29 06:21:56 fw.rodolfoarce.local dhclient[10762]: DHCPDISCOVER on vtnet0 to 255.255.255.255 port 67 interval 13
Jun 29 06:21:58 fw.rodolfoarce.local filterlog[32783]: 4,,,1000000103,vtnet0,match,block,in,4,0x0,,49,20229,0,DF,17,udp,72,137.184.68.79,10.255.255.1,49614,53,52
Jun 29 06:22:00 fw.rodolfoarce.local /usr/sbin/cron[37237]: (root) CMD (/usr/sbin/newsyslog)
Jun 29 06:22:00 fw.rodolfoarce.local filterlog[32783]: 4,,,1000000103,vtnet0,match,block,in,4,0x0,,49,20531,0,DF,17,udp,83,137.184.68.79,10.255.255.1,49614,53,63
Jun 29 06:22:02 fw.rodolfoarce.local filterlog[32783]: 4,,,1000000103,vtnet0,match,block,in,4,0x0,,49,20543,0,DF,17,udp,72,137.184.68.79,10.255.255.1,49614,53,52
Jun 29 06:22:04 fw.rodolfoarce.local filterlog[32783]: 4,,,1000000103,vtnet0,match,block,in,4,0x0,,49,21080,0,DF,17,udp,83,137.184.68.79,10.255.255.1,49614,53,63
Jun 29 06:22:07 fw.rodolfoarce.local filterlog[32783]: 4,,,1000000103,vtnet0,match,block,in,4,0x0,,49,21375,0,DF,17,udp,83,137.184.68.79,10.255.255.1,49614,53,63
Jun 29 06:22:07 fw.rodolfoarce.local filterlog[32783]: 4,,,1000000103,vtnet0,match,block,in,4,0x0,,49,21380,0,DF,17,udp,72,137.184.68.79,10.255.255.1,49614,53,52
Jun 29 06:22:08 fw.rodolfoarce.local filterlog[32783]: 4,,,1000000103,vtnet0,match,block,in,4,0x0,,49,21533,0,DF,17,udp,83,137.184.68.79,10.255.255.1,49614,53,63
Jun 29 06:22:09 fw.rodolfoarce.local filterlog[32783]: 4,,,1000000103,vtnet0,match,block,in,4,0x0,,49,21681,0,DF,17,udp,72,137.184.68.79,10.255.255.1,49614,53,52
Jun 29 06:22:09 fw.rodolfoarce.local dhclient[10762]: DHCPDISCOVER on vtnet0 to 255.255.255.255 port 67 interval 6
Jun 29 06:22:10 fw.rodolfoarce.local filterlog[32783]: 4,,,1000000103,vtnet0,match,block,in,4,0x0,,49,21818,0,DF,17,udp,83,137.184.68.79,10.255.255.1,49614,53,63
Jun 29 06:22:11 fw.rodolfoarce.local filterlog[32783]: 4,,,1000000103,vtnet0,match,block,in,4,0x0,,49,22100,0,DF,17,udp,72,137.184.68.79,10.255.255.1,49614,53,52
Jun 29 06:22:13 fw.rodolfoarce.local filterlog[32783]: 4,,,1000000103,vtnet0,match,block,in,4,0x0,,49,22364,0,DF,17,udp,83,137.184.68.79,10.255.255.1,49614,53,63
Jun 29 06:22:14 fw.rodolfoarce.local filterlog[32783]: 4,,,1000000103,vtnet0,match,block,in,4,0x0,,49,22559,0,DF,17,udp,72,137.184.68.79,10.255.255.1,49614,53,52
Jun 29 06:22:15 fw.rodolfoarce.local dhclient[10762]: No DHCPOFFERS received.
Jun 29 06:22:15 fw.rodolfoarce.local dhclient[10762]: No working leases in persistent database - sleeping.
Jun 29 02:22:15 fw.rodolfoarce.local dhclient[38240]: FAIL
Jun 29 06:22:16 fw.rodolfoarce.local filterlog[32783]: 4,,,1000000103,vtnet0,match,block,in,4,0x0,,49,22868,0,DF,17,udp,83,137.184.68.79,10.255.255.1,49614,53,63
Jun 29 06:22:18 fw.rodolfoarce.local filterlog[32783]: 4,,,1000000103,vtnet0,match,block,in,4,0x0,,49,23295,0,DF,17,udp,72,137.184.68.79,10.255.255.1,49614,53,52
Jun 29 06:22:21 fw.rodolfoarce.local filterlog[32783]: 4,,,1000000103,vtnet0,match,block,in,4,0x0,,49,23478,0,DF,17,udp,83,137.184.68.79,10.255.255.1,49614,53,63
Jun 29 06:22:24 fw.rodolfoarce.local filterlog[32783]: 4,,,1000000103,vtnet0,match,block,in,4,0x0,,49,24094,0,DF,17,udp,83,137.184.68.79,10.255.255.1,49614,53,63
Jun 29 06:22:25 fw.rodolfoarce.local filterlog[32783]: 4,,,1000000103,vtnet0,match,block,in,4,0x0,,49,24108,0,DF,17,udp,72,137.184.68.79,10.255.255.1,49614,53,52
Jun 29 06:22:25 fw.rodolfoarce.local filterlog[32783]: 4,,,1000000103,vtnet0,match,block,in,4,0x0,,49,24115,0,DF,17,udp,83,137.184.68.79,10.255.255.1,49614,53,63
Jun 29 06:22:26 fw.rodolfoarce.local filterlog[32783]: 4,,,1000000103,vtnet0,match,block,in,4,0x0,,49,24146,0,DF,17,udp,72,137.184.68.79,10.255.255.1,49614,53,52
Jun 29 06:22:27 fw.rodolfoarce.local filterlog[32783]: 4,,,1000000103,vtnet0,match,block,in,4,0x0,,49,24219,0,DF,17,udp,83,137.184.68.79,10.255.255.1,49614,53,63
Jun 29 06:22:28 fw.rodolfoarce.local filterlog[32783]: 4,,,1000000103,vtnet0,match,block,in,4,0x0,,49,24459,0,DF,17,udp,72,137.184.68.79,10.255.255.1,49614,53,52
Jun 29 06:22:30 fw.rodolfoarce.local filterlog[32783]: 4,,,1000000103,vtnet0,match,block,in,4,0x0,,49,24779,0,DF,17,udp,83,137.184.68.79,10.255.255.1,49614,53,63
Jun 29 06:22:30 fw.rodolfoarce.local dhclient[10762]: DHCPDISCOVER on vtnet0 to 255.255.255.255 port 67 interval 2
Jun 29 06:22:31 fw.rodolfoarce.local filterlog[32783]: 4,,,1000000103,vtnet0,match,block,in,4,0x0,,49,25073,0,DF,17,udp,72,137.184.68.79,10.255.255.1,49614,53,52
Jun 29 06:22:33 fw.rodolfoarce.local dhclient[10762]: DHCPDISCOVER on vtnet0 to 255.255.255.255 port 67 interval 2
Jun 29 06:22:33 fw.rodolfoarce.local filterlog[32783]: 4,,,1000000103,vtnet0,match,block,in,4,0x0,,49,25281,0,DF,17,udp,83,137.184.68.79,10.255.255.1,49614,53,63
Jun 29 06:22:35 fw.rodolfoarce.local dhclient[10762]: DHCPDISCOVER on vtnet0 to 255.255.255.255 port 67 interval 5
Jun 29 06:22:36 fw.rodolfoarce.local filterlog[32783]: 4,,,1000000103,vtnet0,match,block,in,4,0x0,,49,25958,0,DF,17,udp,72,137.184.68.79,10.255.255.1,49614,53,52
Jun 29 06:22:39 fw.rodolfoarce.local filterlog[32783]: 4,,,1000000103,vtnet0,match,block,in,4,0x0,,49,26387,0,DF,17,udp,83,137.184.68.79,10.255.255.1,49614,53,63
Jun 29 06:22:40 fw.rodolfoarce.local dhclient[10762]: DHCPDISCOVER on vtnet0 to 255.255.255.255 port 67 interval 8
Jun 29 06:22:48 fw.rodolfoarce.local dhclient[10762]: DHCPDISCOVER on vtnet0 to 255.255.255.255 port 67 interval 11
Jun 29 06:22:55 fw.rodolfoarce.local dhcp6c[28115]: Sending Solicit
Jun 29 06:22:59 fw.rodolfoarce.local dhclient[10762]: DHCPDISCOVER on vtnet0 to 255.255.255.255 port 67 interval 12
Jun 29 06:23:00 fw.rodolfoarce.local /usr/sbin/cron[57077]: (root) CMD (/usr/sbin/newsyslog)
Jun 29 06:23:11 fw.rodolfoarce.local dhclient[10762]: DHCPDISCOVER on vtnet0 to 255.255.255.255 port 67 interval 7
Jun 29 06:23:18 fw.rodolfoarce.local dhclient[10762]: DHCPDISCOVER on vtnet0 to 255.255.255.255 port 67 interval 13
Jun 29 06:23:31 fw.rodolfoarce.local dhclient[10762]: No DHCPOFFERS received.
Jun 29 06:23:31 fw.rodolfoarce.local dhclient[10762]: No working leases in persistent database - sleeping.
Jun 29 02:23:31 fw.rodolfoarce.local dhclient[75220]: FAIL
Jun 29 06:23:46 fw.rodolfoarce.local dhclient[10762]: DHCPDISCOVER on vtnet0 to 255.255.255.255 port 67 interval 2
Jun 29 06:23:48 fw.rodolfoarce.local dhclient[10762]: DHCPDISCOVER on vtnet0 to 255.255.255.255 port 67 interval 2
Jun 29 06:23:50 fw.rodolfoarce.local dhclient[10762]: DHCPDISCOVER on vtnet0 to 255.255.255.255 port 67 interval 5
Jun 29 06:23:56 fw.rodolfoarce.local dhclient[10762]: DHCPDISCOVER on vtnet0 to 255.255.255.255 port 67 interval 12
Jun 29 06:24:00 fw.rodolfoarce.local /usr/sbin/cron[75678]: (root) CMD (/usr/sbin/newsyslog)
Jun 29 06:24:08 fw.rodolfoarce.local dhclient[10762]: DHCPDISCOVER on vtnet0 to 255.255.255.255 port 67 interval 15
Jun 29 06:24:23 fw.rodolfoarce.local dhclient[10762]: DHCPDISCOVER on vtnet0 to 255.255.255.255 port 67 interval 20
Jun 29 06:24:31 fw.rodolfoarce.local filterlog[32783]: 4,,,1000000103,vtnet0,match,block,in,4,0x0,,46,12301,0,none,17,udp,88,3.253.129.48,10.255.255.1,40303,53,68
Jun 29 06:24:31 fw.rodolfoarce.local filterlog[32783]: 4,,,1000000103,vtnet0,match,block,in,4,0x0,,46,17326,0,none,17,udp,88,3.253.129.48,10.255.255.1,33220,53,68
Jun 29 06:24:33 fw.rodolfoarce.local filterlog[32783]: 4,,,1000000103,vtnet0,match,block,in,4,0x0,,46,6442,0,none,17,udp,88,3.253.129.48,10.255.255.1,44895,53,68
Jun 29 06:24:34 fw.rodolfoarce.local filterlog[32783]: 4,,,1000000103,vtnet0,match,block,in,4,0x0,,46,36804,0,none,17,udp,88,3.253.129.48,10.255.255.1,50934,53,68
Jun 29 06:24:35 fw.rodolfoarce.local filterlog[32783]: 4,,,1000000103,vtnet0,match,block,in,4,0x0,,46,22261,0,none,17,udp,88,3.253.129.48,10.255.255.1,37456,53,68
Jun 29 06:24:35 fw.rodolfoarce.local filterlog[32783]: 4,,,1000000103,vtnet0,match,block,in,4,0x0,,46,25265,0,none,17,udp,88,3.253.129.48,10.255.255.1,37139,53,68
Jun 29 06:24:36 fw.rodolfoarce.local filterlog[32783]: 4,,,1000000103,vtnet0,match,block,in,4,0x0,,46,9328,0,none,17,udp,88,3.253.129.48,10.255.255.1,43813,53,68
Jun 29 06:24:38 fw.rodolfoarce.local filterlog[32783]: 4,,,1000000103,vtnet0,match,block,in,4,0x0,,46,2944,0,none,17,udp,88,3.253.129.48,10.255.255.1,42297,53,68
Jun 29 06:24:39 fw.rodolfoarce.local filterlog[32783]: 4,,,1000000103,vtnet0,match,block,in,4,0x0,,46,21628,0,none,17,udp,88,3.253.129.48,10.255.255.1,56521,53,68
Jun 29 06:24:43 fw.rodolfoarce.local dhclient[10762]: DHCPDISCOVER on vtnet0 to 255.255.255.255 port 67 interval 4
Jun 29 06:24:47 fw.rodolfoarce.local dhclient[10762]: No DHCPOFFERS received.
Jun 29 06:24:47 fw.rodolfoarce.local dhclient[10762]: No working leases in persistent database - sleeping.
Jun 29 02:24:47 fw.rodolfoarce.local dhclient[95487]: FAIL
Jun 29 06:25:00 fw.rodolfoarce.local /usr/sbin/cron[96315]: (root) CMD (/usr/libexec/atrun)
Jun 29 06:25:00 fw.rodolfoarce.local /usr/sbin/cron[96021]: (root) CMD (/usr/sbin/newsyslog)
Jun 29 06:25:02 fw.rodolfoarce.local dhclient[10762]: DHCPDISCOVER on vtnet0 to 255.255.255.255 port 67 interval 1
Jun 29 06:25:03 fw.rodolfoarce.local dhcp6c[28115]: Sending Solicit
Jun 29 06:25:03 fw.rodolfoarce.local dhclient[10762]: DHCPDISCOVER on vtnet0 to 255.255.255.255 port 67 interval 2
Jun 29 06:25:05 fw.rodolfoarce.local dhclient[10762]: DHCPDISCOVER on vtnet0 to 255.255.255.255 port 67 interval 4
Jun 29 06:25:09 fw.rodolfoarce.local dhclient[10762]: DHCPDISCOVER on vtnet0 to 255.255.255.255 port 67 interval 4
Jun 29 06:25:13 fw.rodolfoarce.local dhclient[10762]: DHCPDISCOVER on vtnet0 to 255.255.255.255 port 67 interval 5
Jun 29 06:25:18 fw.rodolfoarce.local dhclient[10762]: DHCPDISCOVER on vtnet0 to 255.255.255.255 port 67 interval 6
Jun 29 06:25:24 fw.rodolfoarce.local dhclient[10762]: DHCPDISCOVER on vtnet0 to 255.255.255.255 port 67 interval 7
Jun 29 06:25:31 fw.rodolfoarce.local dhclient[10762]: DHCPDISCOVER on vtnet0 to 255.255.255.255 port 67 interval 11
Jun 29 06:25:43 fw.rodolfoarce.local dhclient[10762]: DHCPDISCOVER on vtnet0 to 255.255.255.255 port 67 interval 9
Jun 29 06:25:52 fw.rodolfoarce.local dhclient[10762]: DHCPDISCOVER on vtnet0 to 255.255.255.255 port 67 interval 11
Jun 29 06:26:00 fw.rodolfoarce.local /usr/sbin/cron[14701]: (root) CMD (/usr/sbin/newsyslog)
Jun 29 06:26:03 fw.rodolfoarce.local dhclient[10762]: No DHCPOFFERS received.
Jun 29 06:26:03 fw.rodolfoarce.local dhclient[10762]: No working leases in persistent database - sleeping.
Jun 29 02:26:03 fw.rodolfoarce.local dhclient[15929]: FAIL
Jun 29 06:26:18 fw.rodolfoarce.local dhclient[10762]: DHCPDISCOVER on vtnet0 to 255.255.255.255 port 67 interval 2
Jun 29 06:26:20 fw.rodolfoarce.local dhclient[10762]: DHCPDISCOVER on vtnet0 to 255.255.255.255 port 67 interval 4
Jun 29 06:26:24 fw.rodolfoarce.local dhclient[10762]: DHCPDISCOVER on vtnet0 to 255.255.255.255 port 67 interval 10
Jun 29 06:26:34 fw.rodolfoarce.local dhclient[10762]: DHCPDISCOVER on vtnet0 to 255.255.255.255 port 67 interval 13
Jun 29 06:26:47 fw.rodolfoarce.local dhclient[10762]: DHCPDISCOVER on vtnet0 to 255.255.255.255 port 67 interval 16
Jun 29 06:26:59 fw.rodolfoarce.local dhcp6c[28115]: Sending Solicit
Jun 29 06:27:00 fw.rodolfoarce.local /usr/sbin/cron[33679]: (root) CMD (/usr/sbin/newsyslog)
Jun 29 06:27:03 fw.rodolfoarce.local dhclient[10762]: DHCPDISCOVER on vtnet0 to 255.255.255.255 port 67 interval 16
Jun 29 06:27:19 fw.rodolfoarce.local dhclient[10762]: No DHCPOFFERS received.
Jun 29 06:27:19 fw.rodolfoarce.local dhclient[10762]: No working leases in persistent database - sleeping.
Jun 29 02:27:19 fw.rodolfoarce.local dhclient[34551]: FAIL
Jun 29 06:27:34 fw.rodolfoarce.local dhclient[10762]: DHCPDISCOVER on vtnet0 to 255.255.255.255 port 67 interval 2
Jun 29 06:27:36 fw.rodolfoarce.local dhclient[10762]: DHCPDISCOVER on vtnet0 to 255.255.255.255 port 67 interval 3
Jun 29 06:27:39 fw.rodolfoarce.local dhclient[10762]: DHCPDISCOVER on vtnet0 to 255.255.255.255 port 67 interval 6
Jun 29 06:27:45 fw.rodolfoarce.local dhclient[10762]: DHCPDISCOVER on vtnet0 to 255.255.255.255 port 67 interval 12
Jun 29 06:27:58 fw.rodolfoarce.local dhclient[10762]: DHCPDISCOVER on vtnet0 to 255.255.255.255 port 67 interval 9
Jun 29 06:28:00 fw.rodolfoarce.local /usr/sbin/cron[53144]: (root) CMD (/usr/sbin/newsyslog)
Jun 29 06:28:07 fw.rodolfoarce.local dhclient[10762]: DHCPDISCOVER on vtnet0 to 255.255.255.255 port 67 interval 11
Jun 29 06:28:18 fw.rodolfoarce.local dhclient[10762]: DHCPDISCOVER on vtnet0 to 255.255.255.255 port 67 interval 16
Jun 29 06:28:34 fw.rodolfoarce.local dhclient[10762]: DHCPDISCOVER on vtnet0 to 255.255.255.255 port 67 interval 1
Jun 29 06:28:35 fw.rodolfoarce.local dhclient[10762]: No DHCPOFFERS received.
Jun 29 06:28:35 fw.rodolfoarce.local dhclient[10762]: No working leases in persistent database - sleeping.
Jun 29 02:28:35 fw.rodolfoarce.local dhclient[54113]: FAIL
Jun 29 06:28:50 fw.rodolfoarce.local dhclient[10762]: DHCPDISCOVER on vtnet0 to 255.255.255.255 port 67 interval 1
Jun 29 06:28:51 fw.rodolfoarce.local dhclient[10762]: DHCPDISCOVER on vtnet0 to 255.255.255.255 port 67 interval 1
Jun 29 06:28:52 fw.rodolfoarce.local dhclient[10762]: DHCPDISCOVER on vtnet0 to 255.255.255.255 port 67 interval 2
Jun 29 06:28:54 fw.rodolfoarce.local dhclient[10762]: DHCPDISCOVER on vtnet0 to 255.255.255.255 port 67 interval 3
Jun 29 06:28:57 fw.rodolfoarce.local dhclient[10762]: DHCPDISCOVER on vtnet0 to 255.255.255.255 port 67 interval 4
Jun 29 06:29:00 fw.rodolfoarce.local /usr/sbin/cron[71004]: (root) CMD (/usr/sbin/newsyslog)
Jun 29 06:29:01 fw.rodolfoarce.local dhclient[10762]: DHCPDISCOVER on vtnet0 to 255.255.255.255 port 67 interval 7
Jun 29 06:29:05 fw.rodolfoarce.local dhcp6c[28115]: Sending Solicit
Jun 29 06:29:08 fw.rodolfoarce.local dhclient[10762]: DHCPDISCOVER on vtnet0 to 255.255.255.255 port 67 interval 14
Jun 29 06:29:23 fw.rodolfoarce.local dhclient[10762]: DHCPDISCOVER on vtnet0 to 255.255.255.255 port 67 interval 8
Jun 29 06:29:31 fw.rodolfoarce.local dhclient[10762]: DHCPDISCOVER on vtnet0 to 255.255.255.255 port 67 interval 14
Jun 29 06:29:45 fw.rodolfoarce.local dhclient[10762]: DHCPDISCOVER on vtnet0 to 255.255.255.255 port 67 interval 6
Jun 29 06:29:51 fw.rodolfoarce.local dhclient[10762]: No DHCPOFFERS received.
Jun 29 06:29:51 fw.rodolfoarce.local dhclient[10762]: No working leases in persistent database - sleeping.
Jun 29 02:29:51 fw.rodolfoarce.local dhclient[91024]: FAIL
Jun 29 06:30:00 fw.rodolfoarce.local /usr/sbin/cron[91499]: (root) CMD (/usr/libexec/atrun)
Jun 29 06:30:00 fw.rodolfoarce.local /usr/sbin/cron[91375]: (root) CMD (/usr/sbin/newsyslog)
Jun 29 06:30:06 fw.rodolfoarce.local dhclient[10762]: DHCPDISCOVER on vtnet0 to 255.255.255.255 port 67 interval 1
Jun 29 06:30:07 fw.rodolfoarce.local dhclient[10762]: DHCPDISCOVER on vtnet0 to 255.255.255.255 port 67 interval 1
Jun 29 06:30:08 fw.rodolfoarce.local dhclient[10762]: DHCPDISCOVER on vtnet0 to 255.255.255.255 port 67 interval 2
Jun 29 06:30:10 fw.rodolfoarce.local dhclient[10762]: DHCPDISCOVER on vtnet0 to 255.255.255.255 port 67 interval 3
Jun 29 06:30:13 fw.rodolfoarce.local dhclient[10762]: DHCPDISCOVER on vtnet0 to 255.255.255.255 port 67 interval 3
Jun 29 06:30:16 fw.rodolfoarce.local dhclient[10762]: DHCPDISCOVER on vtnet0 to 255.255.255.255 port 67 interval 8
Jun 29 06:30:24 fw.rodolfoarce.local dhclient[10762]: DHCPDISCOVER on vtnet0 to 255.255.255.255 port 67 interval 19
Jun 29 06:30:25 fw.rodolfoarce.local filterlog[32783]: 4,,,1000000103,vtnet0,match,block,in,4,0x28,,241,54321,0,none,6,tcp,44,199.195.254.46,10.255.255.1,57202,53,0,S,4179392904,,65535,,mss
Jun 29 06:30:43 fw.rodolfoarce.local dhclient[10762]: DHCPDISCOVER on vtnet0 to 255.255.255.255 port 67 interval 17
Jun 29 06:31:00 fw.rodolfoarce.local /usr/sbin/cron[9436]: (root) CMD (/usr/sbin/newsyslog)
Jun 29 06:31:00 fw.rodolfoarce.local dhclient[10762]: DHCPDISCOVER on vtnet0 to 255.255.255.255 port 67 interval 7
Jun 29 06:31:02 fw.rodolfoarce.local dhcp6c[28115]: Sending Solicit
Jun 29 06:31:07 fw.rodolfoarce.local dhclient[10762]: No DHCPOFFERS received.
Jun 29 06:31:07 fw.rodolfoarce.local dhclient[10762]: No working leases in persistent database - sleeping.
Jun 29 02:31:07 fw.rodolfoarce.local dhclient[10205]: FAIL
Jun 29 06:31:23 fw.rodolfoarce.local dhclient[10762]: DHCPDISCOVER on vtnet0 to 255.255.255.255 port 67 interval 1
Jun 29 06:31:24 fw.rodolfoarce.local dhclient[10762]: DHCPDISCOVER on vtnet0 to 255.255.255.255 port 67 interval 2
Jun 29 06:31:26 fw.rodolfoarce.local dhclient[10762]: DHCPDISCOVER on vtnet0 to 255.255.255.255 port 67 interval 4
Jun 29 06:31:30 fw.rodolfoarce.local dhclient[10762]: DHCPDISCOVER on vtnet0 to 255.255.255.255 port 67 interval 4
Jun 29 06:31:34 fw.rodolfoarce.local dhclient[10762]: DHCPDISCOVER on vtnet0 to 255.255.255.255 port 67 interval 7
Jun 29 06:31:41 fw.rodolfoarce.local dhclient[10762]: DHCPDISCOVER on vtnet0 to 255.255.255.255 port 67 interval 10
Jun 29 06:31:51 fw.rodolfoarce.local dhclient[10762]: DHCPDISCOVER on vtnet0 to 255.255.255.255 port 67 interval 10
Jun 29 06:32:00 fw.rodolfoarce.local /usr/sbin/cron[28209]: (root) CMD (/usr/sbin/newsyslog)
Jun 29 06:32:01 fw.rodolfoarce.local dhclient[10762]: DHCPDISCOVER on vtnet0 to 255.255.255.255 port 67 interval 11
Jun 29 06:32:08 fw.rodolfoarce.local filterlog[32783]: 4,,,1000000103,vtnet0,match,block,in,4,0x0,,46,48620,0,none,17,udp,87,63.33.193.110,10.255.255.1,37030,53,67
Jun 29 06:32:09 fw.rodolfoarce.local filterlog[32783]: 4,,,1000000103,vtnet0,match,block,in,4,0x0,,44,22170,0,none,17,udp,87,63.33.193.110,10.255.255.1,41799,53,67
Jun 29 06:32:10 fw.rodolfoarce.local filterlog[32783]: 4,,,1000000103,vtnet0,match,block,in,4,0x0,,46,33283,0,none,17,udp,87,63.33.193.110,10.255.255.1,51768,53,67
Jun 29 06:32:11 fw.rodolfoarce.local filterlog[32783]: 4,,,1000000103,vtnet0,match,block,in,4,0x0,,46,32104,0,none,17,udp,87,63.33.193.110,10.255.255.1,34081,53,67
Jun 29 06:32:11 fw.rodolfoarce.local filterlog[32783]: 4,,,1000000103,vtnet0,match,block,in,4,0x0,,46,18378,0,none,17,udp,87,63.33.193.110,10.255.255.1,46847,53,67
Jun 29 06:32:12 fw.rodolfoarce.local filterlog[32783]: 4,,,1000000103,vtnet0,match,block,in,4,0x0,,46,35828,0,none,17,udp,87,63.33.193.110,10.255.255.1,53939,53,67
Jun 29 06:32:12 fw.rodolfoarce.local dhclient[10762]: DHCPDISCOVER on vtnet0 to 255.255.255.255 port 67 interval 12
Jun 29 06:32:13 fw.rodolfoarce.local filterlog[32783]: 4,,,1000000103,vtnet0,match,block,in,4,0x0,,44,57777,0,none,17,udp,87,63.33.193.110,10.255.255.1,35975,53,67
Jun 29 06:32:24 fw.rodolfoarce.local dhclient[10762]: No DHCPOFFERS received.
Jun 29 06:32:24 fw.rodolfoarce.local dhclient[10762]: No working leases in persistent database - sleeping.
Jun 29 02:32:24 fw.rodolfoarce.local dhclient[28920]: FAIL
Jun 29 06:32:39 fw.rodolfoarce.local dhclient[10762]: DHCPDISCOVER on vtnet0 to 255.255.255.255 port 67 interval 1
Jun 29 06:32:46 fw.rodolfoarce.local dhclient[10762]: message repeated 6 times: [ DHCPDISCOVER on vtnet0 to 255.255.255.255 port 67 interval 1]
Jun 29 06:32:47 fw.rodolfoarce.local dhclient[10762]: DHCPDISCOVER on vtnet0 to 255.255.255.255 port 67 interval 2
Jun 29 06:32:49 fw.rodolfoarce.local dhclient[10762]: DHCPDISCOVER on vtnet0 to 255.255.255.255 port 67 interval 5
Jun 29 06:32:54 fw.rodolfoarce.local dhclient[10762]: DHCPDISCOVER on vtnet0 to 255.255.255.255 port 67 interval 5
Jun 29 06:32:59 fw.rodolfoarce.local dhcp6c[28115]: Sending Solicit
Jun 29 06:32:59 fw.rodolfoarce.local dhclient[10762]: DHCPDISCOVER on vtnet0 to 255.255.255.255 port 67 interval 11
Jun 29 06:33:00 fw.rodolfoarce.local /usr/sbin/cron[48582]: (root) CMD (/usr/sbin/newsyslog)
Jun 29 06:33:10 fw.rodolfoarce.local dhclient[10762]: DHCPDISCOVER on vtnet0 to 255.255.255.255 port 67 interval 11
Jun 29 06:33:22 fw.rodolfoarce.local dhclient[10762]: DHCPDISCOVER on vtnet0 to 255.255.255.255 port 67 interval 13
Jun 29 06:33:35 fw.rodolfoarce.local dhclient[10762]: DHCPDISCOVER on vtnet0 to 255.255.255.255 port 67 interval 5
Jun 29 06:33:40 fw.rodolfoarce.local dhclient[10762]: No DHCPOFFERS received.
Jun 29 06:33:40 fw.rodolfoarce.local dhclient[10762]: No working leases in persistent database - sleeping.
Jun 29 02:33:40 fw.rodolfoarce.local dhclient[49119]: FAIL
Jun 29 06:33:55 fw.rodolfoarce.local dhclient[10762]: DHCPDISCOVER on vtnet0 to 255.255.255.255 port 67 interval 1
Jun 29 06:33:56 fw.rodolfoarce.local dhclient[10762]: DHCPDISCOVER on vtnet0 to 255.255.255.255 port 67 interval 2
Jun 29 06:33:58 fw.rodolfoarce.local dhclient[10762]: DHCPDISCOVER on vtnet0 to 255.255.255.255 port 67 interval 2
Jun 29 06:34:00 fw.rodolfoarce.local /usr/sbin/cron[67071]: (root) CMD (/usr/sbin/newsyslog)
Jun 29 06:34:00 fw.rodolfoarce.local dhclient[10762]: DHCPDISCOVER on vtnet0 to 255.255.255.255 port 67 interval 5
Jun 29 06:34:05 fw.rodolfoarce.local dhclient[10762]: DHCPDISCOVER on vtnet0 to 255.255.255.255 port 67 interval 12
Jun 29 06:34:17 fw.rodolfoarce.local dhclient[10762]: DHCPDISCOVER on vtnet0 to 255.255.255.255 port 67 interval 19
Jun 29 06:34:36 fw.rodolfoarce.local dhclient[10762]: DHCPDISCOVER on vtnet0 to 255.255.255.255 port 67 interval 10
Jun 29 06:34:46 fw.rodolfoarce.local dhclient[10762]: DHCPDISCOVER on vtnet0 to 255.255.255.255 port 67 interval 10
Jun 29 06:34:48 fw.rodolfoarce.local dhcp6c[28115]: Sending Solicit
Jun 29 06:34:57 fw.rodolfoarce.local dhclient[10762]: No DHCPOFFERS received.
Jun 29 06:34:57 fw.rodolfoarce.local dhclient[10762]: No working leases in persistent database - sleeping.
Jun 29 02:34:57 fw.rodolfoarce.local dhclient[86346]: FAIL
Jun 29 06:35:00 fw.rodolfoarce.local /usr/sbin/cron[87044]: (root) CMD (/usr/libexec/atrun)
Jun 29 06:35:00 fw.rodolfoarce.local /usr/sbin/cron[86995]: (root) CMD (/usr/sbin/newsyslog)
Jun 29 06:35:03 fw.rodolfoarce.local filterlog[32783]: 4,,,1000000103,vtnet0,match,block,in,4,0x0,,48,2195,0,DF,17,udp,64,143.110.160.168,10.255.255.1,41059,53,44
Jun 29 06:35:04 fw.rodolfoarce.local filterlog[32783]: 4,,,1000000103,vtnet0,match,block,in,4,0x0,,48,2236,0,DF,17,udp,75,143.110.160.168,10.255.255.1,41059,53,55
Jun 29 06:35:06 fw.rodolfoarce.local filterlog[32783]: 4,,,1000000103,vtnet0,match,block,in,4,0x0,,48,2619,0,DF,17,udp,64,143.110.160.168,10.255.255.1,41059,53,44
Jun 29 06:35:07 fw.rodolfoarce.local filterlog[32783]: 4,,,1000000103,vtnet0,match,block,in,4,0x0,,48,2701,0,DF,17,udp,75,143.110.160.168,10.255.255.1,41059,53,55
Jun 29 06:35:09 fw.rodolfoarce.local filterlog[32783]: 4,,,1000000103,vtnet0,match,block,in,4,0x0,,48,2780,0,DF,17,udp,64,143.110.160.168,10.255.255.1,41059,53,44
Jun 29 06:35:11 fw.rodolfoarce.local filterlog[32783]: 4,,,1000000103,vtnet0,match,block,in,4,0x0,,48,3312,0,DF,17,udp,75,143.110.160.168,10.255.255.1,41059,53,55
Jun 29 06:35:12 fw.rodolfoarce.local dhclient[10762]: DHCPDISCOVER on vtnet0 to 255.255.255.255 port 67 interval 1
Jun 29 06:35:13 fw.rodolfoarce.local dhclient[10762]: DHCPDISCOVER on vtnet0 to 255.255.255.255 port 67 interval 2
Jun 29 06:35:13 fw.rodolfoarce.local filterlog[32783]: 4,,,1000000103,vtnet0,match,block,in,4,0x0,,48,3477,0,DF,17,udp,64,143.110.160.168,10.255.255.1,41059,53,44
Jun 29 06:35:15 fw.rodolfoarce.local dhclient[10762]: DHCPDISCOVER on vtnet0 to 255.255.255.255 port 67 interval 4
Jun 29 06:35:16 fw.rodolfoarce.local filterlog[32783]: 4,,,1000000103,vtnet0,match,block,in,4,0x0,,48,4154,0,DF,17,udp,75,143.110.160.168,10.255.255.1,41059,53,55
Jun 29 06:35:18 fw.rodolfoarce.local filterlog[32783]: 4,,,1000000103,vtnet0,match,block,in,4,0x0,,48,4538,0,DF,17,udp,75,143.110.160.168,10.255.255.1,41059,53,55
Jun 29 06:35:18 fw.rodolfoarce.local filterlog[32783]: 4,,,1000000103,vtnet0,match,block,in,4,0x0,,48,4577,0,DF,17,udp,64,143.110.160.168,10.255.255.1,41059,53,44
Jun 29 06:35:19 fw.rodolfoarce.local dhclient[10762]: DHCPDISCOVER on vtnet0 to 255.255.255.255 port 67 interval 5
Jun 29 06:35:20 fw.rodolfoarce.local filterlog[32783]: 4,,,1000000103,vtnet0,match,block,in,4,0x0,,48,4808,0,DF,17,udp,75,143.110.160.168,10.255.255.1,41059,53,55
Jun 29 06:35:22 fw.rodolfoarce.local filterlog[32783]: 4,,,1000000103,vtnet0,match,block,in,4,0x0,,48,4884,0,DF,17,udp,64,143.110.160.168,10.255.255.1,41059,53,44
Jun 29 06:35:23 fw.rodolfoarce.local filterlog[32783]: 4,,,1000000103,vtnet0,match,block,in,4,0x0,,48,5216,0,DF,17,udp,75,143.110.160.168,10.255.255.1,41059,53,55
Jun 29 06:35:24 fw.rodolfoarce.local dhclient[10762]: DHCPDISCOVER on vtnet0 to 255.255.255.255 port 67 interval 8
Jun 29 06:35:25 fw.rodolfoarce.local filterlog[32783]: 4,,,1000000103,vtnet0,match,block,in,4,0x0,,48,5457,0,DF,17,udp,64,143.110.160.168,10.255.255.1,41059,53,44
Jun 29 06:35:26 fw.rodolfoarce.local filterlog[32783]: 4,,,1000000103,vtnet0,match,block,in,4,0x0,,48,5496,0,DF,17,udp,75,143.110.160.168,10.255.255.1,41059,53,55
Jun 29 06:35:28 fw.rodolfoarce.local filterlog[32783]: 4,,,1000000103,vtnet0,match,block,in,4,0x0,,48,5766,0,DF,17,udp,64,143.110.160.168,10.255.255.1,41059,53,44
Jun 29 06:35:30 fw.rodolfoarce.local filterlog[32783]: 4,,,1000000103,vtnet0,match,block,in,4,0x0,,48,6260,0,DF,17,udp,75,143.110.160.168,10.255.255.1,41059,53,55
Jun 29 06:35:32 fw.rodolfoarce.local dhclient[10762]: DHCPDISCOVER on vtnet0 to 255.255.255.255 port 67 interval 8
Jun 29 06:35:33 fw.rodolfoarce.local filterlog[32783]: 4,,,1000000103,vtnet0,match,block,in,4,0x0,,48,6632,0,DF,17,udp,64,143.110.160.168,10.255.255.1,41059,53,44
Jun 29 06:35:35 fw.rodolfoarce.local filterlog[32783]: 4,,,1000000103,vtnet0,match,block,in,4,0x0,,48,7202,0,DF,17,udp,75,143.110.160.168,10.255.255.1,41059,53,55
Jun 29 06:35:36 fw.rodolfoarce.local filterlog[32783]: 4,,,1000000103,vtnet0,match,block,in,4,0x0,,48,7312,0,DF,17,udp,64,143.110.160.168,10.255.255.1,41059,53,44
Jun 29 06:35:37 fw.rodolfoarce.local filterlog[32783]: 4,,,1000000103,vtnet0,match,block,in,4,0x0,,48,7418,0,DF,17,udp,75,143.110.160.168,10.255.255.1,41059,53,55
Jun 29 06:35:38 fw.rodolfoarce.local filterlog[32783]: 4,,,1000000103,vtnet0,match,block,in,4,0x0,,48,7616,0,DF,17,udp,64,143.110.160.168,10.255.255.1,41059,53,44
Jun 29 06:35:39 fw.rodolfoarce.local filterlog[32783]: 4,,,1000000103,vtnet0,match,block,in,4,0x0,,48,7672,0,DF,17,udp,75,143.110.160.168,10.255.255.1,41059,53,55
Jun 29 06:35:40 fw.rodolfoarce.local dhclient[10762]: DHCPDISCOVER on vtnet0 to 255.255.255.255 port 67 interval 12
Jun 29 06:35:41 fw.rodolfoarce.local filterlog[32783]: 4,,,1000000103,vtnet0,match,block,in,4,0x0,,48,7953,0,DF,17,udp,64,143.110.160.168,10.255.255.1,41059,53,44
Jun 29 06:35:43 fw.rodolfoarce.local filterlog[32783]: 4,,,1000000103,vtnet0,match,block,in,4,0x0,,48,8021,0,DF,17,udp,75,143.110.160.168,10.255.255.1,41059,53,55
Jun 29 06:35:45 fw.rodolfoarce.local filterlog[32783]: 4,,,1000000103,vtnet0,match,block,in,4,0x0,,48,8291,0,DF,17,udp,64,143.110.160.168,10.255.255.1,41059,53,44
Jun 29 06:35:49 fw.rodolfoarce.local filterlog[32783]: 4,,,1000000103,vtnet0,match,block,in,4,0x0,,48,8474,0,DF,17,udp,75,143.110.160.168,10.255.255.1,41059,53,55
Jun 29 06:35:52 fw.rodolfoarce.local dhclient[10762]: DHCPDISCOVER on vtnet0 to 255.255.255.255 port 67 interval 13
Jun 29 06:36:00 fw.rodolfoarce.local /usr/sbin/cron[5097]: (root) CMD (/usr/sbin/newsyslog)
Jun 29 06:36:05 fw.rodolfoarce.local dhclient[10762]: DHCPDISCOVER on vtnet0 to 255.255.255.255 port 67 interval 8
Jun 29 06:36:14 fw.rodolfoarce.local dhclient[10762]: No DHCPOFFERS received.
Jun 29 06:36:14 fw.rodolfoarce.local dhclient[10762]: No working leases in persistent database - sleeping.
Jun 29 02:36:14 fw.rodolfoarce.local dhclient[5786]: FAIL
Jun 29 06:36:29 fw.rodolfoarce.local dhclient[10762]: DHCPDISCOVER on vtnet0 to 255.255.255.255 port 67 interval 1
Jun 29 06:36:30 fw.rodolfoarce.local dhclient[10762]: DHCPDISCOVER on vtnet0 to 255.255.255.255 port 67 interval 1
Jun 29 06:36:31 fw.rodolfoarce.local dhclient[10762]: DHCPDISCOVER on vtnet0 to 255.255.255.255 port 67 interval 2
Jun 29 06:36:33 fw.rodolfoarce.local dhclient[10762]: DHCPDISCOVER on vtnet0 to 255.255.255.255 port 67 interval 3
Jun 29 06:36:36 fw.rodolfoarce.local dhclient[10762]: DHCPDISCOVER on vtnet0 to 255.255.255.255 port 67 interval 6
Jun 29 06:36:38 fw.rodolfoarce.local filterlog[32783]: 4,,,1000000103,vtnet0,match,block,in,4,0x0,,116,53328,0,none,17,udp,60,172.253.221.8,10.255.255.1,51254,53,40
Jun 29 06:36:40 fw.rodolfoarce.local filterlog[32783]: 4,,,1000000103,vtnet0,match,block,in,4,0x0,,116,34937,0,none,17,udp,60,74.125.76.7,10.255.255.1,56875,53,40
Jun 29 06:36:42 fw.rodolfoarce.local dhclient[10762]: DHCPDISCOVER on vtnet0 to 255.255.255.255 port 67 interval 7
Jun 29 06:36:49 fw.rodolfoarce.local dhclient[10762]: DHCPDISCOVER on vtnet0 to 255.255.255.255 port 67 interval 8
Jun 29 06:36:57 fw.rodolfoarce.local dhclient[10762]: DHCPDISCOVER on vtnet0 to 255.255.255.255 port 67 interval 10
Jun 29 06:37:00 fw.rodolfoarce.local dhcp6c[28115]: Sending Solicit
Jun 29 06:37:00 fw.rodolfoarce.local /usr/sbin/cron[24385]: (root) CMD (/usr/sbin/newsyslog)
Jun 29 06:37:08 fw.rodolfoarce.local dhclient[10762]: DHCPDISCOVER on vtnet0 to 255.255.255.255 port 67 interval 14
Jun 29 06:37:22 fw.rodolfoarce.local dhclient[10762]: DHCPDISCOVER on vtnet0 to 255.255.255.255 port 67 interval 8
Jun 29 06:37:30 fw.rodolfoarce.local dhclient[10762]: No DHCPOFFERS received.
Jun 29 06:37:30 fw.rodolfoarce.local dhclient[10762]: No working leases in persistent database - sleeping.
Jun 29 02:37:30 fw.rodolfoarce.local dhclient[25375]: FAIL
Jun 29 06:37:45 fw.rodolfoarce.local dhclient[10762]: DHCPDISCOVER on vtnet0 to 255.255.255.255 port 67 interval 2
Jun 29 06:37:47 fw.rodolfoarce.local dhclient[10762]: DHCPDISCOVER on vtnet0 to 255.255.255.255 port 67 interval 2
Jun 29 06:37:49 fw.rodolfoarce.local dhclient[10762]: DHCPDISCOVER on vtnet0 to 255.255.255.255 port 67 interval 4
Jun 29 06:37:53 fw.rodolfoarce.local dhclient[10762]: DHCPDISCOVER on vtnet0 to 255.255.255.255 port 67 interval 6
Jun 29 06:38:00 fw.rodolfoarce.local dhclient[10762]: DHCPDISCOVER on vtnet0 to 255.255.255.255 port 67 interval 14
Jun 29 06:38:00 fw.rodolfoarce.local /usr/sbin/cron[43796]: (root) CMD (/usr/sbin/newsyslog)
Jun 29 06:38:14 fw.rodolfoarce.local dhclient[10762]: DHCPDISCOVER on vtnet0 to 255.255.255.255 port 67 interval 8
Jun 29 06:38:22 fw.rodolfoarce.local dhclient[10762]: DHCPDISCOVER on vtnet0 to 255.255.255.255 port 67 interval 13
Jun 29 06:38:35 fw.rodolfoarce.local dhclient[10762]: DHCPDISCOVER on vtnet0 to 255.255.255.255 port 67 interval 11
Jun 29 06:38:46 fw.rodolfoarce.local dhclient[10762]: No DHCPOFFERS received.
Jun 29 06:38:46 fw.rodolfoarce.local dhclient[10762]: No working leases in persistent database - sleeping.
Jun 29 02:38:46 fw.rodolfoarce.local dhclient[45272]: FAIL
Jun 29 06:38:52 fw.rodolfoarce.local dhcp6c[28115]: Sending Solicit
Jun 29 06:39:00 fw.rodolfoarce.local /usr/sbin/cron[64647]: (root) CMD (/usr/sbin/newsyslog)
Jun 29 06:39:01 fw.rodolfoarce.local dhclient[10762]: DHCPDISCOVER on vtnet0 to 255.255.255.255 port 67 interval 2
Jun 29 06:39:03 fw.rodolfoarce.local dhclient[10762]: DHCPDISCOVER on vtnet0 to 255.255.255.255 port 67 interval 4
Jun 29 06:39:07 fw.rodolfoarce.local dhclient[10762]: DHCPDISCOVER on vtnet0 to 255.255.255.255 port 67 interval 7
Jun 29 06:39:14 fw.rodolfoarce.local dhclient[10762]: DHCPDISCOVER on vtnet0 to 255.255.255.255 port 67 interval 7
Jun 29 06:39:21 fw.rodolfoarce.local dhclient[10762]: DHCPDISCOVER on vtnet0 to 255.255.255.255 port 67 interval 18
Jun 29 06:39:39 fw.rodolfoarce.local dhclient[10762]: DHCPDISCOVER on vtnet0 to 255.255.255.255 port 67 interval 16
Jun 29 06:39:56 fw.rodolfoarce.local dhclient[10762]: DHCPDISCOVER on vtnet0 to 255.255.255.255 port 67 interval 6
Jun 29 06:40:00 fw.rodolfoarce.local /usr/sbin/cron[83669]: (root) CMD (/usr/sbin/newsyslog)
Jun 29 06:40:00 fw.rodolfoarce.local /usr/sbin/cron[83700]: (root) CMD (/usr/libexec/atrun)
Jun 29 06:40:02 fw.rodolfoarce.local dhclient[10762]: No DHCPOFFERS received.
Jun 29 06:40:02 fw.rodolfoarce.local dhclient[10762]: No working leases in persistent database - sleeping.
Jun 29 02:40:02 fw.rodolfoarce.local dhclient[84786]: FAIL
Jun 29 06:40:17 fw.rodolfoarce.local dhclient[10762]: DHCPDISCOVER on vtnet0 to 255.255.255.255 port 67 interval 2
Jun 29 06:40:19 fw.rodolfoarce.local dhclient[10762]: DHCPDISCOVER on vtnet0 to 255.255.255.255 port 67 interval 3
Jun 29 06:40:22 fw.rodolfoarce.local dhclient[10762]: DHCPDISCOVER on vtnet0 to 255.255.255.255 port 67 interval 4
Jun 29 06:40:26 fw.rodolfoarce.local dhclient[10762]: DHCPDISCOVER on vtnet0 to 255.255.255.255 port 67 interval 6
Jun 29 06:40:32 fw.rodolfoarce.local dhclient[10762]: DHCPDISCOVER on vtnet0 to 255.255.255.255 port 67 interval 15
Jun 29 06:40:47 fw.rodolfoarce.local dhclient[10762]: DHCPDISCOVER on vtnet0 to 255.255.255.255 port 67 interval 16
Jun 29 06:40:55 fw.rodolfoarce.local dhcp6c[28115]: Sending Solicit
Jun 29 06:41:00 fw.rodolfoarce.local /usr/sbin/cron[1991]: (root) CMD (/usr/sbin/newsyslog)
Jun 29 06:41:03 fw.rodolfoarce.local dhclient[10762]: DHCPDISCOVER on vtnet0 to 255.255.255.255 port 67 interval 15
Jun 29 06:41:18 fw.rodolfoarce.local dhclient[10762]: No DHCPOFFERS received.
Jun 29 06:41:18 fw.rodolfoarce.local dhclient[10762]: No working leases in persistent database - sleeping.
Jun 29 02:41:18 fw.rodolfoarce.local dhclient[2738]: FAIL
Jun 29 06:41:33 fw.rodolfoarce.local dhclient[10762]: DHCPDISCOVER on vtnet0 to 255.255.255.255 port 67 interval 1
Jun 29 06:41:34 fw.rodolfoarce.local dhclient[10762]: DHCPDISCOVER on vtnet0 to 255.255.255.255 port 67 interval 2
Jun 29 06:41:38 fw.rodolfoarce.local dhclient[10762]: message repeated 2 times: [ DHCPDISCOVER on vtnet0 to 255.255.255.255 port 67 interval 2]
Jun 29 06:41:40 fw.rodolfoarce.local dhclient[10762]: DHCPDISCOVER on vtnet0 to 255.255.255.255 port 67 interval 3
Jun 29 06:41:43 fw.rodolfoarce.local dhclient[10762]: DHCPDISCOVER on vtnet0 to 255.255.255.255 port 67 interval 7
Jun 29 06:41:50 fw.rodolfoarce.local dhclient[10762]: DHCPDISCOVER on vtnet0 to 255.255.255.255 port 67 interval 13
Jun 29 06:42:00 fw.rodolfoarce.local /usr/sbin/cron[22338]: (root) CMD (/usr/sbin/newsyslog)
Jun 29 06:42:03 fw.rodolfoarce.local dhclient[10762]: DHCPDISCOVER on vtnet0 to 255.255.255.255 port 67 interval 8
Jun 29 06:42:11 fw.rodolfoarce.local dhclient[10762]: DHCPDISCOVER on vtnet0 to 255.255.255.255 port 67 interval 21
Jun 29 06:42:33 fw.rodolfoarce.local dhclient[10762]: DHCPDISCOVER on vtnet0 to 255.255.255.255 port 67 interval 1
Jun 29 06:42:34 fw.rodolfoarce.local dhclient[10762]: No DHCPOFFERS received.
Jun 29 06:42:34 fw.rodolfoarce.local dhclient[10762]: No working leases in persistent database - sleeping.
Jun 29 02:42:34 fw.rodolfoarce.local dhclient[23219]: FAIL
Jun 29 06:42:47 fw.rodolfoarce.local dhcp6c[28115]: Sending Solicit
Jun 29 06:42:49 fw.rodolfoarce.local dhclient[10762]: DHCPDISCOVER on vtnet0 to 255.255.255.255 port 67 interval 2
Jun 29 06:42:51 fw.rodolfoarce.local dhclient[10762]: DHCPDISCOVER on vtnet0 to 255.255.255.255 port 67 interval 3
Jun 29 06:42:54 fw.rodolfoarce.local dhclient[10762]: DHCPDISCOVER on vtnet0 to 255.255.255.255 port 67 interval 4
Jun 29 06:42:58 fw.rodolfoarce.local dhclient[10762]: DHCPDISCOVER on vtnet0 to 255.255.255.255 port 67 interval 7
Jun 29 06:43:00 fw.rodolfoarce.local /usr/sbin/cron[42397]: (root) CMD (/usr/sbin/newsyslog)
Jun 29 06:43:05 fw.rodolfoarce.local dhclient[10762]: DHCPDISCOVER on vtnet0 to 255.255.255.255 port 67 interval 15
Jun 29 06:43:20 fw.rodolfoarce.local dhclient[10762]: DHCPDISCOVER on vtnet0 to 255.255.255.255 port 67 interval 12
Jun 29 06:43:32 fw.rodolfoarce.local dhclient[10762]: DHCPDISCOVER on vtnet0 to 255.255.255.255 port 67 interval 18
Jun 29 06:43:50 fw.rodolfoarce.local dhclient[10762]: No DHCPOFFERS received.
Jun 29 06:43:50 fw.rodolfoarce.local dhclient[10762]: No working leases in persistent database - sleeping.
Jun 29 02:43:50 fw.rodolfoarce.local dhclient[43860]: FAIL
Jun 29 06:44:00 fw.rodolfoarce.local /usr/sbin/cron[62690]: (root) CMD (/usr/sbin/newsyslog)
Jun 29 06:44:05 fw.rodolfoarce.local dhclient[10762]: DHCPDISCOVER on vtnet0 to 255.255.255.255 port 67 interval 2
Jun 29 06:44:07 fw.rodolfoarce.local dhclient[10762]: DHCPDISCOVER on vtnet0 to 255.255.255.255 port 67 interval 5
Jun 29 06:44:12 fw.rodolfoarce.local dhclient[10762]: DHCPDISCOVER on vtnet0 to 255.255.255.255 port 67 interval 6
Jun 29 06:44:19 fw.rodolfoarce.local dhclient[10762]: DHCPDISCOVER on vtnet0 to 255.255.255.255 port 67 interval 8
Jun 29 06:44:27 fw.rodolfoarce.local dhclient[10762]: DHCPDISCOVER on vtnet0 to 255.255.255.255 port 67 interval 10
Jun 29 06:44:37 fw.rodolfoarce.local dhclient[10762]: DHCPDISCOVER on vtnet0 to 255.255.255.255 port 67 interval 12
Jun 29 06:44:49 fw.rodolfoarce.local dhclient[10762]: DHCPDISCOVER on vtnet0 to 255.255.255.255 port 67 interval 11
Jun 29 06:44:58 fw.rodolfoarce.local dhcp6c[28115]: Sending Solicit
Jun 29 06:45:00 fw.rodolfoarce.local /usr/sbin/cron[83421]: (root) CMD (/usr/sbin/newsyslog)
Jun 29 06:45:00 fw.rodolfoarce.local /usr/sbin/cron[83556]: (root) CMD (/usr/libexec/atrun)
Jun 29 06:45:00 fw.rodolfoarce.local dhclient[10762]: DHCPDISCOVER on vtnet0 to 255.255.255.255 port 67 interval 6
Jun 29 06:45:06 fw.rodolfoarce.local dhclient[10762]: No DHCPOFFERS received.
Jun 29 06:45:06 fw.rodolfoarce.local dhclient[10762]: No working leases in persistent database - sleeping.
Jun 29 02:45:06 fw.rodolfoarce.local dhclient[84059]: FAIL
Jun 29 06:45:21 fw.rodolfoarce.local dhclient[10762]: DHCPDISCOVER on vtnet0 to 255.255.255.255 port 67 interval 1
Jun 29 06:45:22 fw.rodolfoarce.local dhclient[10762]: DHCPDISCOVER on vtnet0 to 255.255.255.255 port 67 interval 2
Jun 29 06:45:24 fw.rodolfoarce.local dhclient[10762]: DHCPDISCOVER on vtnet0 to 255.255.255.255 port 67 interval 3
Jun 29 06:45:27 fw.rodolfoarce.local dhclient[10762]: DHCPDISCOVER on vtnet0 to 255.255.255.255 port 67 interval 3
Jun 29 06:45:30 fw.rodolfoarce.local dhclient[10762]: DHCPDISCOVER on vtnet0 to 255.255.255.255 port 67 interval 5
Jun 29 06:45:35 fw.rodolfoarce.local dhclient[10762]: DHCPDISCOVER on vtnet0 to 255.255.255.255 port 67 interval 8
Jun 29 06:45:44 fw.rodolfoarce.local dhclient[10762]: DHCPDISCOVER on vtnet0 to 255.255.255.255 port 67 interval 9
Jun 29 06:45:53 fw.rodolfoarce.local dhclient[10762]: DHCPDISCOVER on vtnet0 to 255.255.255.255 port 67 interval 15
Jun 29 06:46:00 fw.rodolfoarce.local /usr/sbin/cron[1708]: (root) CMD (/usr/sbin/newsyslog)
Jun 29 06:46:08 fw.rodolfoarce.local dhclient[10762]: DHCPDISCOVER on vtnet0 to 255.255.255.255 port 67 interval 14
Jun 29 06:46:22 fw.rodolfoarce.local dhclient[10762]: No DHCPOFFERS received.
Jun 29 06:46:22 fw.rodolfoarce.local dhclient[10762]: No working leases in persistent database - sleeping.
Jun 29 02:46:22 fw.rodolfoarce.local dhclient[2640]: FAIL
Jun 29 06:46:37 fw.rodolfoarce.local dhclient[10762]: DHCPDISCOVER on vtnet0 to 255.255.255.255 port 67 interval 2
Jun 29 06:46:39 fw.rodolfoarce.local dhclient[10762]: DHCPDISCOVER on vtnet0 to 255.255.255.255 port 67 interval 5
Jun 29 06:46:44 fw.rodolfoarce.local dhclient[10762]: DHCPDISCOVER on vtnet0 to 255.255.255.255 port 67 interval 11
Jun 29 06:46:46 fw.rodolfoarce.local dhcp6c[28115]: Sending Solicit
Jun 29 06:46:55 fw.rodolfoarce.local dhclient[10762]: DHCPDISCOVER on vtnet0 to 255.255.255.255 port 67 interval 11
Jun 29 06:47:00 fw.rodolfoarce.local /usr/sbin/cron[13733]: (root) CMD (/usr/sbin/newsyslog)
Jun 29 06:47:06 fw.rodolfoarce.local dhclient[10762]: DHCPDISCOVER on vtnet0 to 255.255.255.255 port 67 interval 16
Jun 29 06:47:22 fw.rodolfoarce.local dhclient[10762]: DHCPDISCOVER on vtnet0 to 255.255.255.255 port 67 interval 16
Jun 29 06:47:38 fw.rodolfoarce.local dhclient[10762]: No DHCPOFFERS received.
Jun 29 06:47:38 fw.rodolfoarce.local dhclient[10762]: No working leases in persistent database - sleeping.
Jun 29 02:47:38 fw.rodolfoarce.local dhclient[22219]: FAIL
Jun 29 06:47:54 fw.rodolfoarce.local dhclient[10762]: DHCPDISCOVER on vtnet0 to 255.255.255.255 port 67 interval 1
Jun 29 06:47:55 fw.rodolfoarce.local dhclient[10762]: DHCPDISCOVER on vtnet0 to 255.255.255.255 port 67 interval 2
Jun 29 06:47:57 fw.rodolfoarce.local dhclient[10762]: DHCPDISCOVER on vtnet0 to 255.255.255.255 port 67 interval 2
Jun 29 06:47:59 fw.rodolfoarce.local dhclient[10762]: DHCPDISCOVER on vtnet0 to 255.255.255.255 port 67 interval 5
Jun 29 06:48:00 fw.rodolfoarce.local /usr/sbin/cron[22599]: (root) CMD (/usr/sbin/newsyslog)
Jun 29 06:48:04 fw.rodolfoarce.local dhclient[10762]: DHCPDISCOVER on vtnet0 to 255.255.255.255 port 67 interval 13
Jun 29 06:48:17 fw.rodolfoarce.local dhclient[10762]: DHCPDISCOVER on vtnet0 to 255.255.255.255 port 67 interval 8
Jun 29 06:48:25 fw.rodolfoarce.local dhclient[10762]: DHCPDISCOVER on vtnet0 to 255.255.255.255 port 67 interval 9
Jun 29 06:48:34 fw.rodolfoarce.local dhclient[10762]: DHCPDISCOVER on vtnet0 to 255.255.255.255 port 67 interval 13
Jun 29 06:48:39 fw.rodolfoarce.local dhcp6c[28115]: Sending Solicit
Jun 29 06:48:47 fw.rodolfoarce.local dhclient[10762]: DHCPDISCOVER on vtnet0 to 255.255.255.255 port 67 interval 8
Jun 29 06:48:55 fw.rodolfoarce.local dhclient[10762]: No DHCPOFFERS received.
Jun 29 06:48:55 fw.rodolfoarce.local dhclient[10762]: No working leases in persistent database - sleeping.
Jun 29 02:48:55 fw.rodolfoarce.local dhclient[42080]: FAIL
Jun 29 06:49:00 fw.rodolfoarce.local /usr/sbin/cron[42423]: (root) CMD (/usr/sbin/newsyslog)
Jun 29 06:49:10 fw.rodolfoarce.local dhclient[10762]: DHCPDISCOVER on vtnet0 to 255.255.255.255 port 67 interval 1
Jun 29 06:49:11 fw.rodolfoarce.local dhclient[10762]: DHCPDISCOVER on vtnet0 to 255.255.255.255 port 67 interval 1
Jun 29 06:49:12 fw.rodolfoarce.local dhclient[10762]: DHCPDISCOVER on vtnet0 to 255.255.255.255 port 67 interval 2
Jun 29 06:49:19 fw.rodolfoarce.local dhclient[10762]: message repeated 3 times: [ DHCPDISCOVER on vtnet0 to 255.255.255.255 port 67 interval 2]
Jun 29 06:49:21 fw.rodolfoarce.local dhclient[10762]: DHCPDISCOVER on vtnet0 to 255.255.255.255 port 67 interval 4
Jun 29 06:49:25 fw.rodolfoarce.local dhclient[10762]: DHCPDISCOVER on vtnet0 to 255.255.255.255 port 67 interval 8
Jun 29 06:49:33 fw.rodolfoarce.local dhclient[10762]: DHCPDISCOVER on vtnet0 to 255.255.255.255 port 67 interval 14
Jun 29 06:49:47 fw.rodolfoarce.local dhclient[10762]: DHCPDISCOVER on vtnet0 to 255.255.255.255 port 67 interval 11
Jun 29 06:49:58 fw.rodolfoarce.local dhclient[10762]: DHCPDISCOVER on vtnet0 to 255.255.255.255 port 67 interval 13
Jun 29 06:50:00 fw.rodolfoarce.local /usr/sbin/cron[62474]: (root) CMD (/usr/libexec/atrun)
Jun 29 06:50:00 fw.rodolfoarce.local /usr/sbin/cron[62267]: (root) CMD (/usr/sbin/newsyslog)
Jun 29 06:50:11 fw.rodolfoarce.local dhclient[10762]: No DHCPOFFERS received.
Jun 29 06:50:11 fw.rodolfoarce.local dhclient[10762]: No working leases in persistent database - sleeping.
Jun 29 02:50:11 fw.rodolfoarce.local dhclient[83553]: FAIL
Jun 29 06:50:26 fw.rodolfoarce.local dhclient[10762]: DHCPDISCOVER on vtnet0 to 255.255.255.255 port 67 interval 1
Jun 29 06:50:27 fw.rodolfoarce.local dhclient[10762]: DHCPDISCOVER on vtnet0 to 255.255.255.255 port 67 interval 2
Jun 29 06:50:29 fw.rodolfoarce.local dhclient[10762]: DHCPDISCOVER on vtnet0 to 255.255.255.255 port 67 interval 2
Jun 29 06:50:31 fw.rodolfoarce.local dhclient[10762]: DHCPDISCOVER on vtnet0 to 255.255.255.255 port 67 interval 5
Jun 29 06:50:36 fw.rodolfoarce.local dhclient[10762]: DHCPDISCOVER on vtnet0 to 255.255.255.255 port 67 interval 5
Jun 29 06:50:40 fw.rodolfoarce.local dhcp6c[28115]: Sending Solicit
Jun 29 06:50:41 fw.rodolfoarce.local dhclient[10762]: DHCPDISCOVER on vtnet0 to 255.255.255.255 port 67 interval 14
Jun 29 06:50:56 fw.rodolfoarce.local dhclient[10762]: DHCPDISCOVER on vtnet0 to 255.255.255.255 port 67 interval 10
Jun 29 06:51:00 fw.rodolfoarce.local /usr/sbin/cron[83819]: (root) CMD (/usr/sbin/newsyslog)
Jun 29 06:51:06 fw.rodolfoarce.local dhclient[10762]: DHCPDISCOVER on vtnet0 to 255.255.255.255 port 67 interval 13
Jun 29 06:51:19 fw.rodolfoarce.local dhclient[10762]: DHCPDISCOVER on vtnet0 to 255.255.255.255 port 67 interval 7
Jun 29 06:51:26 fw.rodolfoarce.local dhclient[10762]: DHCPDISCOVER on vtnet0 to 255.255.255.255 port 67 interval 1
Jun 29 06:51:27 fw.rodolfoarce.local dhclient[10762]: No DHCPOFFERS received.
Jun 29 06:51:27 fw.rodolfoarce.local dhclient[10762]: No working leases in persistent database - sleeping.
Jun 29 02:51:27 fw.rodolfoarce.local dhclient[2412]: FAIL
Jun 29 06:51:42 fw.rodolfoarce.local dhclient[10762]: DHCPDISCOVER on vtnet0 to 255.255.255.255 port 67 interval 2
Jun 29 06:51:44 fw.rodolfoarce.local dhclient[10762]: DHCPDISCOVER on vtnet0 to 255.255.255.255 port 67 interval 3
Jun 29 06:51:47 fw.rodolfoarce.local dhclient[10762]: DHCPDISCOVER on vtnet0 to 255.255.255.255 port 67 interval 7
Jun 29 06:51:54 fw.rodolfoarce.local dhclient[10762]: DHCPDISCOVER on vtnet0 to 255.255.255.255 port 67 interval 10
Jun 29 06:52:00 fw.rodolfoarce.local /usr/sbin/cron[2560]: (root) CMD (/usr/sbin/newsyslog)
Jun 29 06:52:04 fw.rodolfoarce.local dhclient[10762]: DHCPDISCOVER on vtnet0 to 255.255.255.255 port 67 interval 13
Jun 29 06:52:17 fw.rodolfoarce.local dhclient[10762]: DHCPDISCOVER on vtnet0 to 255.255.255.255 port 67 interval 20
Jun 29 06:52:37 fw.rodolfoarce.local dhclient[10762]: DHCPDISCOVER on vtnet0 to 255.255.255.255 port 67 interval 6
Jun 29 06:52:44 fw.rodolfoarce.local dhclient[10762]: No DHCPOFFERS received.
Jun 29 06:52:44 fw.rodolfoarce.local dhclient[10762]: No working leases in persistent database - sleeping.
Jun 29 02:52:44 fw.rodolfoarce.local dhclient[21784]: FAIL
Jun 29 06:52:52 fw.rodolfoarce.local dhcp6c[28115]: Sending Solicit
Jun 29 06:52:59 fw.rodolfoarce.local dhclient[10762]: DHCPDISCOVER on vtnet0 to 255.255.255.255 port 67 interval 2
Jun 29 06:53:00 fw.rodolfoarce.local /usr/sbin/cron[22046]: (root) CMD (/usr/sbin/newsyslog)
Jun 29 06:53:01 fw.rodolfoarce.local dhclient[10762]: DHCPDISCOVER on vtnet0 to 255.255.255.255 port 67 interval 2
Jun 29 06:53:03 fw.rodolfoarce.local dhclient[10762]: DHCPDISCOVER on vtnet0 to 255.255.255.255 port 67 interval 2
Jun 29 06:53:05 fw.rodolfoarce.local dhclient[10762]: DHCPDISCOVER on vtnet0 to 255.255.255.255 port 67 interval 5
Jun 29 06:53:10 fw.rodolfoarce.local dhclient[10762]: DHCPDISCOVER on vtnet0 to 255.255.255.255 port 67 interval 14
Jun 29 06:53:24 fw.rodolfoarce.local dhclient[10762]: DHCPDISCOVER on vtnet0 to 255.255.255.255 port 67 interval 19
