Jul  6 13:47:18 fw.rodolfoarce.local dhcp6c[28115]: Sending Solicit
Jul  6 13:47:24 fw.rodolfoarce.local dhclient[10762]: DHCPDISCOVER on vtnet0 to 255.255.255.255 port 67 interval 13
Jul  6 13:47:37 fw.rodolfoarce.local dhclient[10762]: No DHCPOFFERS received.
Jul  6 13:47:37 fw.rodolfoarce.local dhclient[10762]: No working leases in persistent database - sleeping.
Jul  6 09:47:37 fw.rodolfoarce.local dhclient[59817]: FAIL
Jul  6 13:47:52 fw.rodolfoarce.local dhclient[10762]: DHCPDISCOVER on vtnet0 to 255.255.255.255 port 67 interval 1
Jul  6 13:47:53 fw.rodolfoarce.local dhclient[10762]: DHCPDISCOVER on vtnet0 to 255.255.255.255 port 67 interval 2
Jul  6 13:47:55 fw.rodolfoarce.local dhclient[10762]: DHCPDISCOVER on vtnet0 to 255.255.255.255 port 67 interval 5
Jul  6 13:48:00 fw.rodolfoarce.local /usr/sbin/cron[60070]: (root) CMD (/usr/sbin/newsyslog)
Jul  6 13:48:00 fw.rodolfoarce.local dhclient[10762]: DHCPDISCOVER on vtnet0 to 255.255.255.255 port 67 interval 14
Jul  6 13:48:14 fw.rodolfoarce.local dhclient[10762]: DHCPDISCOVER on vtnet0 to 255.255.255.255 port 67 interval 9
Jul  6 13:48:23 fw.rodolfoarce.local dhclient[10762]: DHCPDISCOVER on vtnet0 to 255.255.255.255 port 67 interval 11
Jul  6 13:48:35 fw.rodolfoarce.local dhclient[10762]: DHCPDISCOVER on vtnet0 to 255.255.255.255 port 67 interval 14
Jul  6 13:48:49 fw.rodolfoarce.local dhclient[10762]: DHCPDISCOVER on vtnet0 to 255.255.255.255 port 67 interval 4
Jul  6 13:48:53 fw.rodolfoarce.local dhclient[10762]: No DHCPOFFERS received.
Jul  6 13:48:53 fw.rodolfoarce.local dhclient[10762]: No working leases in persistent database - sleeping.
Jul  6 09:48:53 fw.rodolfoarce.local dhclient[78717]: FAIL
Jul  6 13:49:00 fw.rodolfoarce.local /usr/sbin/cron[78894]: (root) CMD (/usr/sbin/newsyslog)
Jul  6 13:49:08 fw.rodolfoarce.local dhcp6c[28115]: Sending Solicit
Jul  6 13:49:08 fw.rodolfoarce.local dhclient[10762]: DHCPDISCOVER on vtnet0 to 255.255.255.255 port 67 interval 2
Jul  6 13:49:10 fw.rodolfoarce.local dhclient[10762]: DHCPDISCOVER on vtnet0 to 255.255.255.255 port 67 interval 3
Jul  6 13:49:13 fw.rodolfoarce.local dhclient[10762]: DHCPDISCOVER on vtnet0 to 255.255.255.255 port 67 interval 6
Jul  6 13:49:19 fw.rodolfoarce.local dhclient[10762]: DHCPDISCOVER on vtnet0 to 255.255.255.255 port 67 interval 19
Jul  6 13:49:38 fw.rodolfoarce.local dhclient[10762]: DHCPDISCOVER on vtnet0 to 255.255.255.255 port 67 interval 16
Jul  6 13:49:54 fw.rodolfoarce.local dhclient[10762]: DHCPDISCOVER on vtnet0 to 255.255.255.255 port 67 interval 15
Jul  6 13:50:00 fw.rodolfoarce.local /usr/sbin/cron[99160]: (root) CMD (/usr/libexec/atrun)
Jul  6 13:50:00 fw.rodolfoarce.local /usr/sbin/cron[99066]: (root) CMD (/usr/sbin/newsyslog)
Jul  6 13:50:09 fw.rodolfoarce.local dhclient[10762]: No DHCPOFFERS received.
Jul  6 13:50:09 fw.rodolfoarce.local dhclient[10762]: No working leases in persistent database - sleeping.
Jul  6 09:50:09 fw.rodolfoarce.local dhclient[99950]: FAIL
Jul  6 13:50:24 fw.rodolfoarce.local dhclient[10762]: DHCPDISCOVER on vtnet0 to 255.255.255.255 port 67 interval 1
Jul  6 13:50:25 fw.rodolfoarce.local dhclient[10762]: DHCPDISCOVER on vtnet0 to 255.255.255.255 port 67 interval 2
Jul  6 13:50:27 fw.rodolfoarce.local dhclient[10762]: DHCPDISCOVER on vtnet0 to 255.255.255.255 port 67 interval 4
Jul  6 13:50:31 fw.rodolfoarce.local dhclient[10762]: DHCPDISCOVER on vtnet0 to 255.255.255.255 port 67 interval 6
Jul  6 13:50:38 fw.rodolfoarce.local dhclient[10762]: DHCPDISCOVER on vtnet0 to 255.255.255.255 port 67 interval 8
Jul  6 13:50:46 fw.rodolfoarce.local dhclient[10762]: DHCPDISCOVER on vtnet0 to 255.255.255.255 port 67 interval 18
Jul  6 13:51:00 fw.rodolfoarce.local /usr/sbin/cron[18816]: (root) CMD (/usr/sbin/newsyslog)
Jul  6 13:51:04 fw.rodolfoarce.local dhclient[10762]: DHCPDISCOVER on vtnet0 to 255.255.255.255 port 67 interval 20
Jul  6 13:51:12 fw.rodolfoarce.local dhcp6c[28115]: Sending Solicit
Jul  6 13:51:24 fw.rodolfoarce.local dhclient[10762]: DHCPDISCOVER on vtnet0 to 255.255.255.255 port 67 interval 1
Jul  6 13:51:25 fw.rodolfoarce.local dhclient[10762]: No DHCPOFFERS received.
Jul  6 13:51:25 fw.rodolfoarce.local dhclient[10762]: No working leases in persistent database - sleeping.
Jul  6 09:51:25 fw.rodolfoarce.local dhclient[19775]: FAIL
Jul  6 13:51:40 fw.rodolfoarce.local dhclient[10762]: DHCPDISCOVER on vtnet0 to 255.255.255.255 port 67 interval 2
Jul  6 13:51:42 fw.rodolfoarce.local dhclient[10762]: DHCPDISCOVER on vtnet0 to 255.255.255.255 port 67 interval 2
Jul  6 13:51:44 fw.rodolfoarce.local dhclient[10762]: DHCPDISCOVER on vtnet0 to 255.255.255.255 port 67 interval 4
Jul  6 13:51:48 fw.rodolfoarce.local dhclient[10762]: DHCPDISCOVER on vtnet0 to 255.255.255.255 port 67 interval 10
Jul  6 13:51:58 fw.rodolfoarce.local dhclient[10762]: DHCPDISCOVER on vtnet0 to 255.255.255.255 port 67 interval 9
Jul  6 13:52:00 fw.rodolfoarce.local /usr/sbin/cron[34667]: (root) CMD (/usr/sbin/newsyslog)
Jul  6 13:52:07 fw.rodolfoarce.local dhclient[10762]: DHCPDISCOVER on vtnet0 to 255.255.255.255 port 67 interval 11
Jul  6 13:52:18 fw.rodolfoarce.local dhclient[10762]: DHCPDISCOVER on vtnet0 to 255.255.255.255 port 67 interval 7
Jul  6 13:52:25 fw.rodolfoarce.local dhclient[10762]: DHCPDISCOVER on vtnet0 to 255.255.255.255 port 67 interval 12
Jul  6 13:52:38 fw.rodolfoarce.local dhclient[10762]: DHCPDISCOVER on vtnet0 to 255.255.255.255 port 67 interval 3
Jul  6 13:52:41 fw.rodolfoarce.local dhclient[10762]: No DHCPOFFERS received.
Jul  6 13:52:41 fw.rodolfoarce.local dhclient[10762]: No working leases in persistent database - sleeping.
Jul  6 09:52:41 fw.rodolfoarce.local dhclient[51570]: FAIL
Jul  6 13:52:56 fw.rodolfoarce.local dhclient[10762]: DHCPDISCOVER on vtnet0 to 255.255.255.255 port 67 interval 2
Jul  6 13:52:58 fw.rodolfoarce.local dhclient[10762]: DHCPDISCOVER on vtnet0 to 255.255.255.255 port 67 interval 2
Jul  6 13:53:00 fw.rodolfoarce.local /usr/sbin/cron[51904]: (root) CMD (/usr/sbin/newsyslog)
Jul  6 13:53:00 fw.rodolfoarce.local dhclient[10762]: DHCPDISCOVER on vtnet0 to 255.255.255.255 port 67 interval 2
Jul  6 13:53:02 fw.rodolfoarce.local dhclient[10762]: DHCPDISCOVER on vtnet0 to 255.255.255.255 port 67 interval 3
Jul  6 13:53:05 fw.rodolfoarce.local dhclient[10762]: DHCPDISCOVER on vtnet0 to 255.255.255.255 port 67 interval 7
Jul  6 13:53:12 fw.rodolfoarce.local dhcp6c[28115]: Sending Solicit
Jul  6 13:53:12 fw.rodolfoarce.local dhclient[10762]: DHCPDISCOVER on vtnet0 to 255.255.255.255 port 67 interval 13
Jul  6 13:53:25 fw.rodolfoarce.local dhclient[10762]: DHCPDISCOVER on vtnet0 to 255.255.255.255 port 67 interval 13
Jul  6 13:53:38 fw.rodolfoarce.local dhclient[10762]: DHCPDISCOVER on vtnet0 to 255.255.255.255 port 67 interval 19
Jul  6 13:53:57 fw.rodolfoarce.local dhclient[10762]: No DHCPOFFERS received.
Jul  6 13:53:57 fw.rodolfoarce.local dhclient[10762]: No working leases in persistent database - sleeping.
Jul  6 09:53:57 fw.rodolfoarce.local dhclient[71698]: FAIL
Jul  6 13:54:00 fw.rodolfoarce.local /usr/sbin/cron[71897]: (root) CMD (/usr/sbin/newsyslog)
Jul  6 13:54:12 fw.rodolfoarce.local dhclient[10762]: DHCPDISCOVER on vtnet0 to 255.255.255.255 port 67 interval 2
Jul  6 13:54:15 fw.rodolfoarce.local dhclient[10762]: DHCPDISCOVER on vtnet0 to 255.255.255.255 port 67 interval 5
Jul  6 13:54:20 fw.rodolfoarce.local dhclient[10762]: DHCPDISCOVER on vtnet0 to 255.255.255.255 port 67 interval 8
Jul  6 13:54:28 fw.rodolfoarce.local dhclient[10762]: DHCPDISCOVER on vtnet0 to 255.255.255.255 port 67 interval 8
Jul  6 13:54:36 fw.rodolfoarce.local dhclient[10762]: DHCPDISCOVER on vtnet0 to 255.255.255.255 port 67 interval 15
Jul  6 13:54:51 fw.rodolfoarce.local dhclient[10762]: DHCPDISCOVER on vtnet0 to 255.255.255.255 port 67 interval 20
Jul  6 13:55:00 fw.rodolfoarce.local /usr/sbin/cron[89744]: (root) CMD (/usr/libexec/atrun)
Jul  6 13:55:00 fw.rodolfoarce.local /usr/sbin/cron[89530]: (root) CMD (/usr/sbin/newsyslog)
Jul  6 13:55:00 fw.rodolfoarce.local filterlog[32783]: 4,,,1000000103,vtnet0,match,block,in,4,0x0,,50,22745,0,DF,17,udp,76,91.92.250.114,10.255.255.1,40407,53,56
Jul  6 13:55:03 fw.rodolfoarce.local dhcp6c[28115]: Sending Solicit
Jul  6 13:55:11 fw.rodolfoarce.local dhclient[10762]: DHCPDISCOVER on vtnet0 to 255.255.255.255 port 67 interval 2
Jul  6 13:55:13 fw.rodolfoarce.local dhclient[10762]: No DHCPOFFERS received.
Jul  6 13:55:13 fw.rodolfoarce.local dhclient[10762]: No working leases in persistent database - sleeping.
Jul  6 09:55:13 fw.rodolfoarce.local dhclient[90457]: FAIL
Jul  6 13:55:28 fw.rodolfoarce.local dhclient[10762]: DHCPDISCOVER on vtnet0 to 255.255.255.255 port 67 interval 2
Jul  6 13:55:30 fw.rodolfoarce.local dhclient[10762]: DHCPDISCOVER on vtnet0 to 255.255.255.255 port 67 interval 4
Jul  6 13:55:34 fw.rodolfoarce.local dhclient[10762]: DHCPDISCOVER on vtnet0 to 255.255.255.255 port 67 interval 8
Jul  6 13:55:42 fw.rodolfoarce.local dhclient[10762]: DHCPDISCOVER on vtnet0 to 255.255.255.255 port 67 interval 11
Jul  6 13:55:53 fw.rodolfoarce.local dhclient[10762]: DHCPDISCOVER on vtnet0 to 255.255.255.255 port 67 interval 12
Jul  6 13:55:55 fw.rodolfoarce.local filterlog[32783]: 4,,,1000000103,vtnet0,match,block,in,4,0x0,,99,25145,0,none,17,udp,82,74.125.74.153,10.255.255.1,45381,53,62
Jul  6 13:55:55 fw.rodolfoarce.local filterlog[32783]: 4,,,1000000103,vtnet0,match,block,in,4,0x0,,49,6493,0,DF,17,udp,71,172.68.9.101,10.255.255.1,44465,53,51
Jul  6 13:55:56 fw.rodolfoarce.local filterlog[32783]: 4,,,1000000103,vtnet0,match,block,in,4,0x0,,49,6494,0,DF,17,udp,71,172.68.9.101,10.255.255.1,44465,53,51
Jul  6 13:55:56 fw.rodolfoarce.local filterlog[32783]: 4,,,1000000103,vtnet0,match,block,in,4,0x0,,99,61413,0,none,17,udp,71,74.125.74.148,10.255.255.1,37202,53,51
Jul  6 13:55:57 fw.rodolfoarce.local filterlog[32783]: 4,,,1000000103,vtnet0,match,block,in,4,0x0,,49,53770,0,DF,17,udp,71,172.68.9.101,10.255.255.1,46739,53,51
Jul  6 13:55:57 fw.rodolfoarce.local filterlog[32783]: 4,,,1000000103,vtnet0,match,block,in,4,0x0,,49,53771,0,DF,17,udp,71,172.68.9.101,10.255.255.1,46739,53,51
Jul  6 13:55:58 fw.rodolfoarce.local filterlog[32783]: 4,,,1000000103,vtnet0,match,block,in,4,0x0,,99,57849,0,none,17,udp,82,74.125.74.154,10.255.255.1,51524,53,62
Jul  6 13:55:59 fw.rodolfoarce.local filterlog[32783]: 4,,,1000000103,vtnet0,match,block,in,4,0x0,,99,62013,0,none,17,udp,71,74.125.74.148,10.255.255.1,39326,53,51
Jul  6 13:56:00 fw.rodolfoarce.local /usr/sbin/cron[7709]: (root) CMD (/usr/sbin/newsyslog)
Jul  6 13:56:05 fw.rodolfoarce.local dhclient[10762]: DHCPDISCOVER on vtnet0 to 255.255.255.255 port 67 interval 17
Jul  6 13:56:22 fw.rodolfoarce.local dhclient[10762]: DHCPDISCOVER on vtnet0 to 255.255.255.255 port 67 interval 7
Jul  6 13:56:30 fw.rodolfoarce.local dhclient[10762]: No DHCPOFFERS received.
Jul  6 13:56:30 fw.rodolfoarce.local dhclient[10762]: No working leases in persistent database - sleeping.
Jul  6 09:56:30 fw.rodolfoarce.local dhclient[8807]: FAIL
Jul  6 13:56:45 fw.rodolfoarce.local dhclient[10762]: DHCPDISCOVER on vtnet0 to 255.255.255.255 port 67 interval 2
Jul  6 13:56:47 fw.rodolfoarce.local dhclient[10762]: DHCPDISCOVER on vtnet0 to 255.255.255.255 port 67 interval 4
Jul  6 13:56:51 fw.rodolfoarce.local dhclient[10762]: DHCPDISCOVER on vtnet0 to 255.255.255.255 port 67 interval 4
Jul  6 13:56:52 fw.rodolfoarce.local dhcp6c[28115]: Sending Solicit
Jul  6 13:56:55 fw.rodolfoarce.local dhclient[10762]: DHCPDISCOVER on vtnet0 to 255.255.255.255 port 67 interval 7
Jul  6 13:57:00 fw.rodolfoarce.local /usr/sbin/cron[26176]: (root) CMD (/usr/sbin/newsyslog)
Jul  6 13:57:02 fw.rodolfoarce.local dhclient[10762]: DHCPDISCOVER on vtnet0 to 255.255.255.255 port 67 interval 11
Jul  6 13:57:13 fw.rodolfoarce.local dhclient[10762]: DHCPDISCOVER on vtnet0 to 255.255.255.255 port 67 interval 12
Jul  6 13:57:25 fw.rodolfoarce.local dhclient[10762]: DHCPDISCOVER on vtnet0 to 255.255.255.255 port 67 interval 12
Jul  6 13:57:37 fw.rodolfoarce.local dhclient[10762]: DHCPDISCOVER on vtnet0 to 255.255.255.255 port 67 interval 9
Jul  6 13:57:46 fw.rodolfoarce.local dhclient[10762]: No DHCPOFFERS received.
Jul  6 13:57:46 fw.rodolfoarce.local dhclient[10762]: No working leases in persistent database - sleeping.
Jul  6 09:57:46 fw.rodolfoarce.local dhclient[45098]: FAIL
Jul  6 13:58:00 fw.rodolfoarce.local /usr/sbin/cron[45598]: (root) CMD (/usr/sbin/newsyslog)
Jul  6 13:58:01 fw.rodolfoarce.local dhclient[10762]: DHCPDISCOVER on vtnet0 to 255.255.255.255 port 67 interval 2
Jul  6 13:58:03 fw.rodolfoarce.local dhclient[10762]: DHCPDISCOVER on vtnet0 to 255.255.255.255 port 67 interval 5
Jul  6 13:58:08 fw.rodolfoarce.local dhclient[10762]: DHCPDISCOVER on vtnet0 to 255.255.255.255 port 67 interval 14
Jul  6 13:58:23 fw.rodolfoarce.local dhclient[10762]: DHCPDISCOVER on vtnet0 to 255.255.255.255 port 67 interval 18
Jul  6 13:58:41 fw.rodolfoarce.local dhclient[10762]: DHCPDISCOVER on vtnet0 to 255.255.255.255 port 67 interval 21
Jul  6 13:58:55 fw.rodolfoarce.local dhcp6c[28115]: Sending Solicit
Jul  6 13:59:00 fw.rodolfoarce.local /usr/sbin/cron[63443]: (root) CMD (/usr/sbin/newsyslog)
Jul  6 13:59:02 fw.rodolfoarce.local dhclient[10762]: No DHCPOFFERS received.
Jul  6 13:59:02 fw.rodolfoarce.local dhclient[10762]: No working leases in persistent database - sleeping.
Jul  6 09:59:02 fw.rodolfoarce.local dhclient[64564]: FAIL
Jul  6 13:59:17 fw.rodolfoarce.local dhclient[10762]: DHCPDISCOVER on vtnet0 to 255.255.255.255 port 67 interval 2
Jul  6 13:59:19 fw.rodolfoarce.local dhclient[10762]: DHCPDISCOVER on vtnet0 to 255.255.255.255 port 67 interval 4
Jul  6 13:59:23 fw.rodolfoarce.local dhclient[10762]: DHCPDISCOVER on vtnet0 to 255.255.255.255 port 67 interval 9
Jul  6 13:59:32 fw.rodolfoarce.local dhclient[10762]: DHCPDISCOVER on vtnet0 to 255.255.255.255 port 67 interval 18
Jul  6 13:59:50 fw.rodolfoarce.local dhclient[10762]: DHCPDISCOVER on vtnet0 to 255.255.255.255 port 67 interval 13
Jul  6 14:00:00 fw.rodolfoarce.local /usr/sbin/cron[83695]: (root) CMD (/usr/bin/nice -n20 /usr/local/sbin/expiretable -v -t 3600 virusprot)
Jul  6 14:00:00 fw.rodolfoarce.local /usr/sbin/cron[83730]: (root) CMD (/usr/sbin/newsyslog)
Jul  6 14:00:03 fw.rodolfoarce.local dhclient[10762]: DHCPDISCOVER on vtnet0 to 255.255.255.255 port 67 interval 10
Jul  6 14:00:13 fw.rodolfoarce.local dhclient[10762]: DHCPDISCOVER on vtnet0 to 255.255.255.255 port 67 interval 5
Jul  6 14:00:18 fw.rodolfoarce.local dhclient[10762]: No DHCPOFFERS received.
Jul  6 14:00:18 fw.rodolfoarce.local dhclient[10762]: No working leases in persistent database - sleeping.
Jul  6 10:00:18 fw.rodolfoarce.local dhclient[84773]: FAIL
Jul  6 14:00:33 fw.rodolfoarce.local dhclient[10762]: DHCPDISCOVER on vtnet0 to 255.255.255.255 port 67 interval 2
Jul  6 14:00:35 fw.rodolfoarce.local dhclient[10762]: DHCPDISCOVER on vtnet0 to 255.255.255.255 port 67 interval 4
Jul  6 14:00:39 fw.rodolfoarce.local dhclient[10762]: DHCPDISCOVER on vtnet0 to 255.255.255.255 port 67 interval 8
Jul  6 14:00:47 fw.rodolfoarce.local dhclient[10762]: DHCPDISCOVER on vtnet0 to 255.255.255.255 port 67 interval 14
Jul  6 14:00:55 fw.rodolfoarce.local dhcp6c[28115]: Sending Solicit
Jul  6 14:01:00 fw.rodolfoarce.local /usr/sbin/cron[2646]: (root) CMD (/usr/sbin/newsyslog)
Jul  6 14:01:01 fw.rodolfoarce.local dhclient[10762]: DHCPDISCOVER on vtnet0 to 255.255.255.255 port 67 interval 14
Jul  6 14:01:15 fw.rodolfoarce.local dhclient[10762]: DHCPDISCOVER on vtnet0 to 255.255.255.255 port 67 interval 15
Jul  6 14:01:30 fw.rodolfoarce.local dhclient[10762]: DHCPDISCOVER on vtnet0 to 255.255.255.255 port 67 interval 4
Jul  6 14:01:34 fw.rodolfoarce.local dhclient[10762]: No DHCPOFFERS received.
Jul  6 14:01:34 fw.rodolfoarce.local dhclient[10762]: No working leases in persistent database - sleeping.
Jul  6 10:01:34 fw.rodolfoarce.local dhclient[3517]: FAIL
Jul  6 14:01:49 fw.rodolfoarce.local dhclient[10762]: DHCPDISCOVER on vtnet0 to 255.255.255.255 port 67 interval 1
Jul  6 14:01:51 fw.rodolfoarce.local dhclient[10762]: DHCPDISCOVER on vtnet0 to 255.255.255.255 port 67 interval 2
Jul  6 14:01:53 fw.rodolfoarce.local dhclient[10762]: DHCPDISCOVER on vtnet0 to 255.255.255.255 port 67 interval 4
Jul  6 14:01:57 fw.rodolfoarce.local dhclient[10762]: DHCPDISCOVER on vtnet0 to 255.255.255.255 port 67 interval 10
Jul  6 14:02:00 fw.rodolfoarce.local /usr/sbin/cron[22712]: (root) CMD (/usr/sbin/newsyslog)
Jul  6 14:02:07 fw.rodolfoarce.local dhclient[10762]: DHCPDISCOVER on vtnet0 to 255.255.255.255 port 67 interval 16
Jul  6 14:02:23 fw.rodolfoarce.local dhclient[10762]: DHCPDISCOVER on vtnet0 to 255.255.255.255 port 67 interval 15
Jul  6 14:02:38 fw.rodolfoarce.local dhclient[10762]: DHCPDISCOVER on vtnet0 to 255.255.255.255 port 67 interval 12
Jul  6 14:02:50 fw.rodolfoarce.local dhclient[10762]: No DHCPOFFERS received.
Jul  6 14:02:50 fw.rodolfoarce.local dhclient[10762]: No working leases in persistent database - sleeping.
Jul  6 10:02:50 fw.rodolfoarce.local dhclient[41474]: FAIL
Jul  6 14:02:52 fw.rodolfoarce.local dhcp6c[28115]: Sending Solicit
Jul  6 14:03:00 fw.rodolfoarce.local /usr/sbin/cron[41484]: (root) CMD (/usr/sbin/newsyslog)
Jul  6 14:03:05 fw.rodolfoarce.local dhclient[10762]: DHCPDISCOVER on vtnet0 to 255.255.255.255 port 67 interval 2
Jul  6 14:03:07 fw.rodolfoarce.local dhclient[10762]: DHCPDISCOVER on vtnet0 to 255.255.255.255 port 67 interval 4
Jul  6 14:03:11 fw.rodolfoarce.local dhclient[10762]: DHCPDISCOVER on vtnet0 to 255.255.255.255 port 67 interval 4
Jul  6 14:03:16 fw.rodolfoarce.local dhclient[10762]: DHCPDISCOVER on vtnet0 to 255.255.255.255 port 67 interval 11
Jul  6 14:03:27 fw.rodolfoarce.local dhclient[10762]: DHCPDISCOVER on vtnet0 to 255.255.255.255 port 67 interval 14
Jul  6 14:03:41 fw.rodolfoarce.local dhclient[10762]: DHCPDISCOVER on vtnet0 to 255.255.255.255 port 67 interval 20
Jul  6 14:04:00 fw.rodolfoarce.local /usr/sbin/cron[59521]: (root) CMD (/usr/sbin/newsyslog)
Jul  6 14:04:01 fw.rodolfoarce.local dhclient[10762]: DHCPDISCOVER on vtnet0 to 255.255.255.255 port 67 interval 5
Jul  6 14:04:06 fw.rodolfoarce.local dhclient[10762]: No DHCPOFFERS received.
Jul  6 14:04:06 fw.rodolfoarce.local dhclient[10762]: No working leases in persistent database - sleeping.
Jul  6 10:04:06 fw.rodolfoarce.local dhclient[60432]: FAIL
Jul  6 14:04:21 fw.rodolfoarce.local dhclient[10762]: DHCPDISCOVER on vtnet0 to 255.255.255.255 port 67 interval 1
Jul  6 14:04:22 fw.rodolfoarce.local dhclient[10762]: DHCPDISCOVER on vtnet0 to 255.255.255.255 port 67 interval 1
Jul  6 14:04:23 fw.rodolfoarce.local dhclient[10762]: DHCPDISCOVER on vtnet0 to 255.255.255.255 port 67 interval 2
Jul  6 14:04:25 fw.rodolfoarce.local dhclient[10762]: DHCPDISCOVER on vtnet0 to 255.255.255.255 port 67 interval 4
Jul  6 14:04:30 fw.rodolfoarce.local dhclient[10762]: DHCPDISCOVER on vtnet0 to 255.255.255.255 port 67 interval 6
Jul  6 14:04:36 fw.rodolfoarce.local dhclient[10762]: DHCPDISCOVER on vtnet0 to 255.255.255.255 port 67 interval 6
Jul  6 14:04:42 fw.rodolfoarce.local dhclient[10762]: DHCPDISCOVER on vtnet0 to 255.255.255.255 port 67 interval 12
Jul  6 14:04:53 fw.rodolfoarce.local dhcp6c[28115]: Sending Solicit
Jul  6 14:04:54 fw.rodolfoarce.local dhclient[10762]: DHCPDISCOVER on vtnet0 to 255.255.255.255 port 67 interval 20
Jul  6 14:05:00 fw.rodolfoarce.local /usr/sbin/cron[80501]: (root) CMD (/usr/libexec/atrun)
Jul  6 14:05:00 fw.rodolfoarce.local /usr/sbin/cron[80297]: (root) CMD (/usr/sbin/newsyslog)
Jul  6 14:05:14 fw.rodolfoarce.local dhclient[10762]: DHCPDISCOVER on vtnet0 to 255.255.255.255 port 67 interval 8
Jul  6 14:05:22 fw.rodolfoarce.local dhclient[10762]: No DHCPOFFERS received.
Jul  6 14:05:22 fw.rodolfoarce.local dhclient[10762]: No working leases in persistent database - sleeping.
Jul  6 10:05:22 fw.rodolfoarce.local dhclient[81903]: FAIL
Jul  6 14:05:37 fw.rodolfoarce.local dhclient[10762]: DHCPDISCOVER on vtnet0 to 255.255.255.255 port 67 interval 1
Jul  6 14:05:39 fw.rodolfoarce.local dhclient[10762]: message repeated 2 times: [ DHCPDISCOVER on vtnet0 to 255.255.255.255 port 67 interval 1]
Jul  6 14:05:41 fw.rodolfoarce.local dhclient[10762]: DHCPDISCOVER on vtnet0 to 255.255.255.255 port 67 interval 2
Jul  6 14:05:43 fw.rodolfoarce.local dhclient[10762]: DHCPDISCOVER on vtnet0 to 255.255.255.255 port 67 interval 4
Jul  6 14:05:47 fw.rodolfoarce.local dhclient[10762]: DHCPDISCOVER on vtnet0 to 255.255.255.255 port 67 interval 4
Jul  6 14:05:51 fw.rodolfoarce.local dhclient[10762]: DHCPDISCOVER on vtnet0 to 255.255.255.255 port 67 interval 8
Jul  6 14:05:59 fw.rodolfoarce.local dhclient[10762]: DHCPDISCOVER on vtnet0 to 255.255.255.255 port 67 interval 9
Jul  6 14:06:00 fw.rodolfoarce.local /usr/sbin/cron[688]: (root) CMD (/usr/sbin/newsyslog)
Jul  6 14:06:08 fw.rodolfoarce.local dhclient[10762]: DHCPDISCOVER on vtnet0 to 255.255.255.255 port 67 interval 12
Jul  6 14:06:20 fw.rodolfoarce.local dhclient[10762]: DHCPDISCOVER on vtnet0 to 255.255.255.255 port 67 interval 16
Jul  6 14:06:30 fw.rodolfoarce.local filterlog[32783]: 4,,,1000000103,vtnet0,match,block,in,4,0x0,,46,49156,0,DF,17,udp,60,143.215.172.66,10.255.255.1,38653,53,40
Jul  6 14:06:34 fw.rodolfoarce.local filterlog[32783]: 4,,,1000000103,vtnet0,match,block,in,4,0x0,,46,49679,0,DF,17,udp,60,143.215.172.66,10.255.255.1,57450,53,40
Jul  6 14:06:36 fw.rodolfoarce.local dhclient[10762]: DHCPDISCOVER on vtnet0 to 255.255.255.255 port 67 interval 2
Jul  6 14:06:38 fw.rodolfoarce.local dhclient[10762]: No DHCPOFFERS received.
Jul  6 14:06:38 fw.rodolfoarce.local dhclient[10762]: No working leases in persistent database - sleeping.
Jul  6 10:06:38 fw.rodolfoarce.local dhclient[1859]: FAIL
Jul  6 14:06:38 fw.rodolfoarce.local filterlog[32783]: 4,,,1000000103,vtnet0,match,block,in,4,0x0,,46,50155,0,DF,17,udp,60,143.215.172.66,10.255.255.1,58589,53,40
Jul  6 14:06:43 fw.rodolfoarce.local filterlog[32783]: 4,,,1000000103,vtnet0,match,block,in,4,0x0,,46,50639,0,DF,17,udp,60,143.215.172.66,10.255.255.1,47399,53,40
Jul  6 14:06:46 fw.rodolfoarce.local filterlog[32783]: 4,,,1000000103,vtnet0,match,block,in,4,0x0,,46,50872,0,DF,17,udp,60,143.215.172.66,10.255.255.1,52441,53,40
Jul  6 14:06:50 fw.rodolfoarce.local filterlog[32783]: 4,,,1000000103,vtnet0,match,block,in,4,0x0,,46,51396,0,DF,17,udp,60,143.215.172.66,10.255.255.1,51582,53,40
Jul  6 14:06:51 fw.rodolfoarce.local dhcp6c[28115]: Sending Solicit
Jul  6 14:06:53 fw.rodolfoarce.local dhclient[10762]: DHCPDISCOVER on vtnet0 to 255.255.255.255 port 67 interval 1
Jul  6 14:06:54 fw.rodolfoarce.local filterlog[32783]: 4,,,1000000103,vtnet0,match,block,in,4,0x0,,46,51852,0,DF,17,udp,60,143.215.172.66,10.255.255.1,33709,53,40
Jul  6 14:06:54 fw.rodolfoarce.local dhclient[10762]: DHCPDISCOVER on vtnet0 to 255.255.255.255 port 67 interval 1
Jul  6 14:06:55 fw.rodolfoarce.local dhclient[10762]: DHCPDISCOVER on vtnet0 to 255.255.255.255 port 67 interval 2
Jul  6 14:06:57 fw.rodolfoarce.local dhclient[10762]: DHCPDISCOVER on vtnet0 to 255.255.255.255 port 67 interval 4
Jul  6 14:06:58 fw.rodolfoarce.local filterlog[32783]: 4,,,1000000103,vtnet0,match,block,in,4,0x0,,46,52492,0,DF,17,udp,60,143.215.172.66,10.255.255.1,49051,53,40
Jul  6 14:07:00 fw.rodolfoarce.local /usr/sbin/cron[19594]: (root) CMD (/usr/sbin/newsyslog)
Jul  6 14:07:01 fw.rodolfoarce.local dhclient[10762]: DHCPDISCOVER on vtnet0 to 255.255.255.255 port 67 interval 5
Jul  6 14:07:02 fw.rodolfoarce.local filterlog[32783]: 4,,,1000000103,vtnet0,match,block,in,4,0x0,,46,52998,0,DF,17,udp,60,143.215.172.66,10.255.255.1,60135,53,40
Jul  6 14:07:06 fw.rodolfoarce.local filterlog[32783]: 4,,,1000000103,vtnet0,match,block,in,4,0x0,,46,53527,0,DF,17,udp,60,143.215.172.66,10.255.255.1,42262,53,40
Jul  6 14:07:06 fw.rodolfoarce.local dhclient[10762]: DHCPDISCOVER on vtnet0 to 255.255.255.255 port 67 interval 11
Jul  6 14:07:10 fw.rodolfoarce.local filterlog[32783]: 4,,,1000000103,vtnet0,match,block,in,4,0x0,,46,54070,0,DF,17,udp,60,143.215.172.66,10.255.255.1,48664,53,40
Jul  6 14:07:14 fw.rodolfoarce.local filterlog[32783]: 4,,,1000000103,vtnet0,match,block,in,4,0x0,,46,54792,0,DF,17,udp,60,143.215.172.66,10.255.255.1,54862,53,40
Jul  6 14:07:17 fw.rodolfoarce.local dhclient[10762]: DHCPDISCOVER on vtnet0 to 255.255.255.255 port 67 interval 12
Jul  6 14:07:18 fw.rodolfoarce.local filterlog[32783]: 4,,,1000000103,vtnet0,match,block,in,4,0x0,,46,55231,0,DF,17,udp,60,143.215.172.66,10.255.255.1,34069,53,40
Jul  6 14:07:22 fw.rodolfoarce.local filterlog[32783]: 4,,,1000000103,vtnet0,match,block,in,4,0x0,,46,55963,0,DF,17,udp,60,143.215.172.66,10.255.255.1,54349,53,40
Jul  6 14:07:26 fw.rodolfoarce.local filterlog[32783]: 4,,,1000000103,vtnet0,match,block,in,4,0x0,,46,56530,0,DF,17,udp,60,143.215.172.66,10.255.255.1,43067,53,40
Jul  6 14:07:29 fw.rodolfoarce.local dhclient[10762]: DHCPDISCOVER on vtnet0 to 255.255.255.255 port 67 interval 19
Jul  6 14:07:30 fw.rodolfoarce.local filterlog[32783]: 4,,,1000000103,vtnet0,match,block,in,4,0x0,,46,57022,0,DF,17,udp,60,143.215.172.66,10.255.255.1,42025,53,40
Jul  6 14:07:34 fw.rodolfoarce.local filterlog[32783]: 4,,,1000000103,vtnet0,match,block,in,4,0x0,,46,57528,0,DF,17,udp,60,143.215.172.66,10.255.255.1,41729,53,40
Jul  6 14:07:38 fw.rodolfoarce.local filterlog[32783]: 4,,,1000000103,vtnet0,match,block,in,4,0x0,,46,57853,0,DF,17,udp,60,143.215.172.66,10.255.255.1,34926,53,40
Jul  6 14:07:43 fw.rodolfoarce.local filterlog[32783]: 4,,,1000000103,vtnet0,match,block,in,4,0x0,,46,58529,0,DF,17,udp,60,143.215.172.66,10.255.255.1,45018,53,40
Jul  6 14:07:46 fw.rodolfoarce.local filterlog[32783]: 4,,,1000000103,vtnet0,match,block,in,4,0x0,,46,59143,0,DF,17,udp,60,143.215.172.66,10.255.255.1,36419,53,40
Jul  6 14:07:48 fw.rodolfoarce.local dhclient[10762]: DHCPDISCOVER on vtnet0 to 255.255.255.255 port 67 interval 6
Jul  6 14:07:52 fw.rodolfoarce.local filterlog[32783]: 4,,,1000000103,vtnet0,match,block,in,4,0x0,,44,41274,0,DF,17,udp,73,116.203.183.234,10.255.255.1,42576,53,53
Jul  6 14:07:55 fw.rodolfoarce.local dhclient[10762]: No DHCPOFFERS received.
Jul  6 14:07:55 fw.rodolfoarce.local dhclient[10762]: No working leases in persistent database - sleeping.
Jul  6 10:07:55 fw.rodolfoarce.local dhclient[39044]: FAIL
Jul  6 14:08:00 fw.rodolfoarce.local /usr/sbin/cron[39486]: (root) CMD (/usr/sbin/newsyslog)
Jul  6 14:08:10 fw.rodolfoarce.local dhclient[10762]: DHCPDISCOVER on vtnet0 to 255.255.255.255 port 67 interval 2
Jul  6 14:08:12 fw.rodolfoarce.local dhclient[10762]: DHCPDISCOVER on vtnet0 to 255.255.255.255 port 67 interval 5
Jul  6 14:08:17 fw.rodolfoarce.local dhclient[10762]: DHCPDISCOVER on vtnet0 to 255.255.255.255 port 67 interval 6
Jul  6 14:08:23 fw.rodolfoarce.local dhclient[10762]: DHCPDISCOVER on vtnet0 to 255.255.255.255 port 67 interval 10
Jul  6 14:08:33 fw.rodolfoarce.local dhclient[10762]: DHCPDISCOVER on vtnet0 to 255.255.255.255 port 67 interval 19
Jul  6 14:08:52 fw.rodolfoarce.local dhclient[10762]: DHCPDISCOVER on vtnet0 to 255.255.255.255 port 67 interval 17
Jul  6 14:08:54 fw.rodolfoarce.local dhcp6c[28115]: Sending Solicit
Jul  6 14:09:00 fw.rodolfoarce.local /usr/sbin/cron[55004]: (root) CMD (/usr/sbin/newsyslog)
Jul  6 14:09:09 fw.rodolfoarce.local dhclient[10762]: DHCPDISCOVER on vtnet0 to 255.255.255.255 port 67 interval 2
Jul  6 14:09:11 fw.rodolfoarce.local dhclient[10762]: No DHCPOFFERS received.
Jul  6 14:09:11 fw.rodolfoarce.local dhclient[10762]: No working leases in persistent database - sleeping.
Jul  6 10:09:11 fw.rodolfoarce.local dhclient[56235]: FAIL
Jul  6 14:09:26 fw.rodolfoarce.local dhclient[10762]: DHCPDISCOVER on vtnet0 to 255.255.255.255 port 67 interval 2
Jul  6 14:09:28 fw.rodolfoarce.local dhclient[10762]: DHCPDISCOVER on vtnet0 to 255.255.255.255 port 67 interval 3
Jul  6 14:09:31 fw.rodolfoarce.local dhclient[10762]: DHCPDISCOVER on vtnet0 to 255.255.255.255 port 67 interval 3
Jul  6 14:09:34 fw.rodolfoarce.local dhclient[10762]: DHCPDISCOVER on vtnet0 to 255.255.255.255 port 67 interval 7
Jul  6 14:09:41 fw.rodolfoarce.local dhclient[10762]: DHCPDISCOVER on vtnet0 to 255.255.255.255 port 67 interval 13
Jul  6 14:09:54 fw.rodolfoarce.local dhclient[10762]: DHCPDISCOVER on vtnet0 to 255.255.255.255 port 67 interval 17
Jul  6 14:10:00 fw.rodolfoarce.local /usr/sbin/cron[75033]: (root) CMD (/usr/libexec/atrun)
Jul  6 14:10:00 fw.rodolfoarce.local /usr/sbin/cron[74957]: (root) CMD (/usr/sbin/newsyslog)
Jul  6 14:10:11 fw.rodolfoarce.local dhclient[10762]: DHCPDISCOVER on vtnet0 to 255.255.255.255 port 67 interval 11
Jul  6 14:10:22 fw.rodolfoarce.local dhclient[10762]: DHCPDISCOVER on vtnet0 to 255.255.255.255 port 67 interval 5
Jul  6 14:10:28 fw.rodolfoarce.local dhclient[10762]: No DHCPOFFERS received.
Jul  6 14:10:28 fw.rodolfoarce.local dhclient[10762]: No working leases in persistent database - sleeping.
Jul  6 10:10:28 fw.rodolfoarce.local dhclient[75894]: FAIL
Jul  6 14:10:43 fw.rodolfoarce.local dhclient[10762]: DHCPDISCOVER on vtnet0 to 255.255.255.255 port 67 interval 1
Jul  6 14:10:44 fw.rodolfoarce.local dhclient[10762]: DHCPDISCOVER on vtnet0 to 255.255.255.255 port 67 interval 2
Jul  6 14:10:46 fw.rodolfoarce.local dhclient[10762]: DHCPDISCOVER on vtnet0 to 255.255.255.255 port 67 interval 3
Jul  6 14:10:49 fw.rodolfoarce.local dhclient[10762]: DHCPDISCOVER on vtnet0 to 255.255.255.255 port 67 interval 7
Jul  6 14:10:56 fw.rodolfoarce.local dhclient[10762]: DHCPDISCOVER on vtnet0 to 255.255.255.255 port 67 interval 10
Jul  6 14:10:58 fw.rodolfoarce.local dhcp6c[28115]: Sending Solicit
Jul  6 14:11:00 fw.rodolfoarce.local /usr/sbin/cron[96031]: (root) CMD (/usr/sbin/newsyslog)
Jul  6 14:11:06 fw.rodolfoarce.local dhclient[10762]: DHCPDISCOVER on vtnet0 to 255.255.255.255 port 67 interval 9
Jul  6 14:11:16 fw.rodolfoarce.local dhclient[10762]: DHCPDISCOVER on vtnet0 to 255.255.255.255 port 67 interval 10
Jul  6 14:11:26 fw.rodolfoarce.local dhclient[10762]: DHCPDISCOVER on vtnet0 to 255.255.255.255 port 67 interval 18
Jul  6 14:11:44 fw.rodolfoarce.local dhclient[10762]: No DHCPOFFERS received.
Jul  6 14:11:44 fw.rodolfoarce.local dhclient[10762]: No working leases in persistent database - sleeping.
Jul  6 10:11:44 fw.rodolfoarce.local dhclient[97750]: FAIL
Jul  6 14:11:59 fw.rodolfoarce.local dhclient[10762]: DHCPDISCOVER on vtnet0 to 255.255.255.255 port 67 interval 1
Jul  6 14:12:00 fw.rodolfoarce.local /usr/sbin/cron[15846]: (root) CMD (/usr/sbin/newsyslog)
Jul  6 14:12:00 fw.rodolfoarce.local dhclient[10762]: DHCPDISCOVER on vtnet0 to 255.255.255.255 port 67 interval 2
Jul  6 14:12:02 fw.rodolfoarce.local dhclient[10762]: DHCPDISCOVER on vtnet0 to 255.255.255.255 port 67 interval 3
Jul  6 14:12:05 fw.rodolfoarce.local dhclient[10762]: DHCPDISCOVER on vtnet0 to 255.255.255.255 port 67 interval 3
Jul  6 14:12:08 fw.rodolfoarce.local dhclient[10762]: DHCPDISCOVER on vtnet0 to 255.255.255.255 port 67 interval 8
Jul  6 14:12:16 fw.rodolfoarce.local dhclient[10762]: DHCPDISCOVER on vtnet0 to 255.255.255.255 port 67 interval 16
Jul  6 14:12:32 fw.rodolfoarce.local dhclient[10762]: DHCPDISCOVER on vtnet0 to 255.255.255.255 port 67 interval 16
Jul  6 14:12:48 fw.rodolfoarce.local dhclient[10762]: DHCPDISCOVER on vtnet0 to 255.255.255.255 port 67 interval 10
Jul  6 14:12:58 fw.rodolfoarce.local dhclient[10762]: DHCPDISCOVER on vtnet0 to 255.255.255.255 port 67 interval 2
Jul  6 14:13:00 fw.rodolfoarce.local /usr/sbin/cron[35268]: (root) CMD (/usr/sbin/newsyslog)
Jul  6 14:13:01 fw.rodolfoarce.local dhclient[10762]: No DHCPOFFERS received.
Jul  6 14:13:01 fw.rodolfoarce.local dhclient[10762]: No working leases in persistent database - sleeping.
Jul  6 10:13:01 fw.rodolfoarce.local dhclient[36058]: FAIL
Jul  6 14:13:01 fw.rodolfoarce.local dhcp6c[28115]: Sending Solicit
Jul  6 14:13:16 fw.rodolfoarce.local dhclient[10762]: DHCPDISCOVER on vtnet0 to 255.255.255.255 port 67 interval 2
Jul  6 14:13:18 fw.rodolfoarce.local dhclient[10762]: DHCPDISCOVER on vtnet0 to 255.255.255.255 port 67 interval 5
Jul  6 14:13:23 fw.rodolfoarce.local dhclient[10762]: DHCPDISCOVER on vtnet0 to 255.255.255.255 port 67 interval 11
Jul  6 14:13:34 fw.rodolfoarce.local dhclient[10762]: DHCPDISCOVER on vtnet0 to 255.255.255.255 port 67 interval 11
Jul  6 14:13:45 fw.rodolfoarce.local dhclient[10762]: DHCPDISCOVER on vtnet0 to 255.255.255.255 port 67 interval 20
Jul  6 14:14:00 fw.rodolfoarce.local /usr/sbin/cron[46350]: (root) CMD (/usr/sbin/newsyslog)
Jul  6 14:14:05 fw.rodolfoarce.local dhclient[10762]: DHCPDISCOVER on vtnet0 to 255.255.255.255 port 67 interval 12
Jul  6 14:14:17 fw.rodolfoarce.local dhclient[10762]: No DHCPOFFERS received.
Jul  6 14:14:17 fw.rodolfoarce.local dhclient[10762]: No working leases in persistent database - sleeping.
Jul  6 10:14:17 fw.rodolfoarce.local dhclient[53749]: FAIL
Jul  6 14:14:32 fw.rodolfoarce.local dhclient[10762]: DHCPDISCOVER on vtnet0 to 255.255.255.255 port 67 interval 1
Jul  6 14:14:33 fw.rodolfoarce.local dhclient[10762]: DHCPDISCOVER on vtnet0 to 255.255.255.255 port 67 interval 2
Jul  6 14:14:35 fw.rodolfoarce.local dhclient[10762]: DHCPDISCOVER on vtnet0 to 255.255.255.255 port 67 interval 4
Jul  6 14:14:39 fw.rodolfoarce.local dhclient[10762]: DHCPDISCOVER on vtnet0 to 255.255.255.255 port 67 interval 6
Jul  6 14:14:46 fw.rodolfoarce.local dhclient[10762]: DHCPDISCOVER on vtnet0 to 255.255.255.255 port 67 interval 8
Jul  6 14:14:48 fw.rodolfoarce.local filterlog[32783]: 4,,,1000000103,vtnet1,match,block,in,4,0x0,,64,6681,0,DF,6,tcp,76,10.1.1.3,172.67.157.37,40182,443,24,PA,1985034241:1985034265,3188543287,249,,nop;nop;TS
Jul  6 14:14:48 fw.rodolfoarce.local filterlog[32783]: 4,,,1000000103,vtnet1,match,block,in,4,0x0,,64,6682,0,DF,6,tcp,52,10.1.1.3,172.67.157.37,40182,443,0,FA,1985034265,3188543287,249,,nop;nop;TS
Jul  6 14:14:48 fw.rodolfoarce.local filterlog[32783]: 4,,,1000000103,vtnet1,match,block,in,4,0x0,,64,6683,0,DF,6,tcp,52,10.1.1.3,172.67.157.37,40182,443,0,FA,1985034265,3188543287,249,,nop;nop;TS
Jul  6 14:14:48 fw.rodolfoarce.local filterlog[32783]: 4,,,1000000103,vtnet1,match,block,in,4,0x0,,64,6684,0,DF,6,tcp,76,10.1.1.3,172.67.157.37,40182,443,24,FPA,1985034241:1985034265,3188543287,249,,nop;nop;TS
Jul  6 14:14:50 fw.rodolfoarce.local filterlog[32783]: 4,,,1000000103,vtnet1,match,block,in,4,0x0,,64,6685,0,DF,6,tcp,76,10.1.1.3,172.67.157.37,40182,443,24,FPA,1985034241:1985034265,3188543287,249,,nop;nop;TS
Jul  6 14:14:50 fw.rodolfoarce.local filterlog[32783]: 4,,,1000000103,vtnet1,match,block,in,4,0x0,,64,6686,0,DF,6,tcp,76,10.1.1.3,172.67.157.37,40182,443,24,FPA,1985034241:1985034265,3188543287,249,,nop;nop;TS
Jul  6 14:14:52 fw.rodolfoarce.local filterlog[32783]: 4,,,1000000103,vtnet1,match,block,in,4,0x0,,64,6687,0,DF,6,tcp,76,10.1.1.3,172.67.157.37,40182,443,24,FPA,1985034241:1985034265,3188543287,249,,nop;nop;TS
Jul  6 14:14:54 fw.rodolfoarce.local dhclient[10762]: DHCPDISCOVER on vtnet0 to 255.255.255.255 port 67 interval 17
Jul  6 14:14:55 fw.rodolfoarce.local filterlog[32783]: 4,,,1000000103,vtnet1,match,block,in,4,0x0,,64,6688,0,DF,6,tcp,76,10.1.1.3,172.67.157.37,40182,443,24,FPA,1985034241:1985034265,3188543287,249,,nop;nop;TS
Jul  6 14:15:00 fw.rodolfoarce.local /usr/sbin/cron[54635]: (root) CMD (/usr/sbin/newsyslog)
Jul  6 14:15:00 fw.rodolfoarce.local /usr/sbin/cron[54721]: (root) CMD (/usr/libexec/atrun)
Jul  6 14:15:00 fw.rodolfoarce.local dhcp6c[28115]: Sending Solicit
Jul  6 14:15:02 fw.rodolfoarce.local filterlog[32783]: 4,,,1000000103,vtnet1,match,block,in,4,0x0,,64,6689,0,DF,6,tcp,76,10.1.1.3,172.67.157.37,40182,443,24,FPA,1985034241:1985034265,3188543287,249,,nop;nop;TS
Jul  6 14:15:11 fw.rodolfoarce.local dhclient[10762]: DHCPDISCOVER on vtnet0 to 255.255.255.255 port 67 interval 12
Jul  6 14:15:16 fw.rodolfoarce.local filterlog[32783]: 4,,,1000000103,vtnet1,match,block,in,4,0x0,,64,6690,0,DF,6,tcp,76,10.1.1.3,172.67.157.37,40182,443,24,FPA,1985034241:1985034265,3188543287,249,,nop;nop;TS
Jul  6 14:15:23 fw.rodolfoarce.local dhclient[10762]: DHCPDISCOVER on vtnet0 to 255.255.255.255 port 67 interval 10
Jul  6 14:15:33 fw.rodolfoarce.local dhclient[10762]: No DHCPOFFERS received.
Jul  6 14:15:33 fw.rodolfoarce.local dhclient[10762]: No working leases in persistent database - sleeping.
Jul  6 10:15:33 fw.rodolfoarce.local dhclient[73827]: FAIL
Jul  6 14:15:43 fw.rodolfoarce.local filterlog[32783]: 4,,,1000000103,vtnet1,match,block,in,4,0x0,,64,6691,0,DF,6,tcp,76,10.1.1.3,172.67.157.37,40182,443,24,FPA,1985034241:1985034265,3188543287,249,,nop;nop;TS
Jul  6 14:15:48 fw.rodolfoarce.local dhclient[10762]: DHCPDISCOVER on vtnet0 to 255.255.255.255 port 67 interval 2
Jul  6 14:15:50 fw.rodolfoarce.local dhclient[10762]: DHCPDISCOVER on vtnet0 to 255.255.255.255 port 67 interval 5
Jul  6 14:15:55 fw.rodolfoarce.local dhclient[10762]: DHCPDISCOVER on vtnet0 to 255.255.255.255 port 67 interval 9
Jul  6 14:16:00 fw.rodolfoarce.local /usr/sbin/cron[74170]: (root) CMD (/usr/sbin/newsyslog)
Jul  6 14:16:04 fw.rodolfoarce.local dhclient[10762]: DHCPDISCOVER on vtnet0 to 255.255.255.255 port 67 interval 13
Jul  6 14:16:18 fw.rodolfoarce.local dhclient[10762]: DHCPDISCOVER on vtnet0 to 255.255.255.255 port 67 interval 19
Jul  6 14:16:37 fw.rodolfoarce.local dhclient[10762]: DHCPDISCOVER on vtnet0 to 255.255.255.255 port 67 interval 12
Jul  6 14:16:49 fw.rodolfoarce.local dhclient[10762]: No DHCPOFFERS received.
Jul  6 14:16:49 fw.rodolfoarce.local dhclient[10762]: No working leases in persistent database - sleeping.
Jul  6 10:16:49 fw.rodolfoarce.local dhclient[92545]: FAIL
Jul  6 14:17:00 fw.rodolfoarce.local /usr/sbin/cron[92858]: (root) CMD (/usr/sbin/newsyslog)
Jul  6 14:17:04 fw.rodolfoarce.local dhcp6c[28115]: Sending Solicit
Jul  6 14:17:04 fw.rodolfoarce.local dhclient[10762]: DHCPDISCOVER on vtnet0 to 255.255.255.255 port 67 interval 1
Jul  6 14:17:05 fw.rodolfoarce.local dhclient[10762]: DHCPDISCOVER on vtnet0 to 255.255.255.255 port 67 interval 1
Jul  6 14:17:06 fw.rodolfoarce.local dhclient[10762]: DHCPDISCOVER on vtnet0 to 255.255.255.255 port 67 interval 2
Jul  6 14:17:08 fw.rodolfoarce.local dhclient[10762]: DHCPDISCOVER on vtnet0 to 255.255.255.255 port 67 interval 3
Jul  6 14:17:11 fw.rodolfoarce.local dhclient[10762]: DHCPDISCOVER on vtnet0 to 255.255.255.255 port 67 interval 8
Jul  6 14:17:19 fw.rodolfoarce.local dhclient[10762]: DHCPDISCOVER on vtnet0 to 255.255.255.255 port 67 interval 15
Jul  6 14:17:34 fw.rodolfoarce.local dhclient[10762]: DHCPDISCOVER on vtnet0 to 255.255.255.255 port 67 interval 14
Jul  6 14:17:48 fw.rodolfoarce.local dhclient[10762]: DHCPDISCOVER on vtnet0 to 255.255.255.255 port 67 interval 15
Jul  6 14:17:59 fw.rodolfoarce.local filterlog[32783]: 4,,,1000000103,vtnet0,match,block,in,4,0x0,,240,24205,0,none,17,udp,71,107.22.114.105,10.255.255.1,9674,53,51
Jul  6 14:18:00 fw.rodolfoarce.local /usr/sbin/cron[11210]: (root) CMD (/usr/sbin/newsyslog)
Jul  6 14:18:02 fw.rodolfoarce.local filterlog[32783]: 4,,,1000000103,vtnet0,match,block,in,4,0x0,,240,24390,0,none,17,udp,71,107.22.114.105,10.255.255.1,38347,53,51
Jul  6 14:18:03 fw.rodolfoarce.local dhclient[10762]: DHCPDISCOVER on vtnet0 to 255.255.255.255 port 67 interval 2
Jul  6 14:18:04 fw.rodolfoarce.local filterlog[32783]: 4,,,1000000103,vtnet0,match,block,in,4,0x0,,240,24518,0,none,17,udp,71,107.22.114.105,10.255.255.1,61405,53,51
Jul  6 14:18:05 fw.rodolfoarce.local dhclient[10762]: No DHCPOFFERS received.
Jul  6 14:18:05 fw.rodolfoarce.local dhclient[10762]: No working leases in persistent database - sleeping.
Jul  6 10:18:05 fw.rodolfoarce.local dhclient[13290]: FAIL
Jul  6 14:18:09 fw.rodolfoarce.local filterlog[32783]: 4,,,1000000103,vtnet0,match,block,in,4,0x0,,240,24547,0,none,17,udp,71,107.22.114.105,10.255.255.1,62778,53,51
Jul  6 14:18:13 fw.rodolfoarce.local filterlog[32783]: 4,,,1000000103,vtnet0,match,block,in,4,0x0,,240,24772,0,none,17,udp,71,107.22.114.105,10.255.255.1,45831,53,51
Jul  6 14:18:20 fw.rodolfoarce.local dhclient[10762]: DHCPDISCOVER on vtnet0 to 255.255.255.255 port 67 interval 1
Jul  6 14:18:22 fw.rodolfoarce.local dhclient[10762]: message repeated 2 times: [ DHCPDISCOVER on vtnet0 to 255.255.255.255 port 67 interval 1]
Jul  6 14:18:23 fw.rodolfoarce.local filterlog[32783]: 4,,,1000000103,vtnet0,match,block,in,4,0x0,,240,24828,0,none,17,udp,71,107.22.114.105,10.255.255.1,28214,53,51
Jul  6 14:18:23 fw.rodolfoarce.local dhclient[10762]: DHCPDISCOVER on vtnet0 to 255.255.255.255 port 67 interval 2
Jul  6 14:18:25 fw.rodolfoarce.local dhclient[10762]: DHCPDISCOVER on vtnet0 to 255.255.255.255 port 67 interval 3
Jul  6 14:18:28 fw.rodolfoarce.local filterlog[32783]: 4,,,1000000103,vtnet0,match,block,in,4,0x0,,240,63285,0,none,17,udp,71,34.204.206.148,10.255.255.1,45883,53,51
Jul  6 14:18:29 fw.rodolfoarce.local dhclient[10762]: DHCPDISCOVER on vtnet0 to 255.255.255.255 port 67 interval 4
Jul  6 14:18:31 fw.rodolfoarce.local filterlog[32783]: 4,,,1000000103,vtnet0,match,block,in,4,0x0,,240,63521,0,none,17,udp,71,34.204.206.148,10.255.255.1,37908,53,51
Jul  6 14:18:33 fw.rodolfoarce.local dhclient[10762]: DHCPDISCOVER on vtnet0 to 255.255.255.255 port 67 interval 11
Jul  6 14:18:33 fw.rodolfoarce.local filterlog[32783]: 4,,,1000000103,vtnet0,match,block,in,4,0x0,,240,63730,0,none,17,udp,71,34.204.206.148,10.255.255.1,30654,53,51
Jul  6 14:18:37 fw.rodolfoarce.local filterlog[32783]: 4,,,1000000103,vtnet0,match,block,in,4,0x0,,240,63871,0,none,17,udp,71,34.204.206.148,10.255.255.1,42147,53,51
Jul  6 14:18:43 fw.rodolfoarce.local filterlog[32783]: 4,,,1000000103,vtnet0,match,block,in,4,0x0,,240,64256,0,none,17,udp,71,34.204.206.148,10.255.255.1,21973,53,51
Jul  6 14:18:44 fw.rodolfoarce.local dhclient[10762]: DHCPDISCOVER on vtnet0 to 255.255.255.255 port 67 interval 14
Jul  6 14:18:52 fw.rodolfoarce.local filterlog[32783]: 4,,,1000000103,vtnet0,match,block,in,4,0x0,,240,65173,0,none,17,udp,71,34.204.206.148,10.255.255.1,44612,53,51
Jul  6 14:18:56 fw.rodolfoarce.local dhcp6c[28115]: Sending Solicit
Jul  6 14:18:57 fw.rodolfoarce.local filterlog[32783]: 4,,,1000000103,vtnet0,match,block,in,4,0x0,,240,48237,0,none,17,udp,71,54.196.81.107,10.255.255.1,45179,53,51
Jul  6 14:18:58 fw.rodolfoarce.local dhclient[10762]: DHCPDISCOVER on vtnet0 to 255.255.255.255 port 67 interval 13
Jul  6 14:18:59 fw.rodolfoarce.local filterlog[32783]: 4,,,1000000103,vtnet0,match,block,in,4,0x0,,240,48340,0,none,17,udp,71,54.196.81.107,10.255.255.1,38733,53,51
Jul  6 14:19:00 fw.rodolfoarce.local /usr/sbin/cron[29856]: (root) CMD (/usr/sbin/newsyslog)
Jul  6 14:19:02 fw.rodolfoarce.local filterlog[32783]: 4,,,1000000103,vtnet0,match,block,in,4,0x0,,240,48383,0,none,17,udp,71,54.196.81.107,10.255.255.1,59276,53,51
Jul  6 14:19:06 fw.rodolfoarce.local filterlog[32783]: 4,,,1000000103,vtnet0,match,block,in,4,0x0,,240,48817,0,none,17,udp,71,54.196.81.107,10.255.255.1,31464,53,51
Jul  6 14:19:11 fw.rodolfoarce.local dhclient[10762]: DHCPDISCOVER on vtnet0 to 255.255.255.255 port 67 interval 10
Jul  6 14:19:12 fw.rodolfoarce.local filterlog[32783]: 4,,,1000000103,vtnet0,match,block,in,4,0x0,,240,48916,0,none,17,udp,71,54.196.81.107,10.255.255.1,9932,53,51
Jul  6 14:19:21 fw.rodolfoarce.local dhclient[10762]: No DHCPOFFERS received.
Jul  6 14:19:21 fw.rodolfoarce.local dhclient[10762]: No working leases in persistent database - sleeping.
Jul  6 10:19:21 fw.rodolfoarce.local dhclient[48618]: FAIL
Jul  6 14:19:21 fw.rodolfoarce.local filterlog[32783]: 4,,,1000000103,vtnet0,match,block,in,4,0x0,,240,49159,0,none,17,udp,71,54.196.81.107,10.255.255.1,41879,53,51
Jul  6 14:19:27 fw.rodolfoarce.local filterlog[32783]: 4,,,1000000103,vtnet0,match,block,in,4,0x0,,240,739,0,none,17,udp,71,34.204.206.148,10.255.255.1,41730,53,51
Jul  6 14:19:36 fw.rodolfoarce.local dhclient[10762]: DHCPDISCOVER on vtnet0 to 255.255.255.255 port 67 interval 2
Jul  6 14:19:38 fw.rodolfoarce.local dhclient[10762]: DHCPDISCOVER on vtnet0 to 255.255.255.255 port 67 interval 4
Jul  6 14:19:42 fw.rodolfoarce.local dhclient[10762]: DHCPDISCOVER on vtnet0 to 255.255.255.255 port 67 interval 7
Jul  6 14:19:49 fw.rodolfoarce.local dhclient[10762]: DHCPDISCOVER on vtnet0 to 255.255.255.255 port 67 interval 13
Jul  6 14:20:00 fw.rodolfoarce.local /usr/sbin/cron[48931]: (root) CMD (/usr/sbin/newsyslog)
Jul  6 14:20:00 fw.rodolfoarce.local /usr/sbin/cron[48995]: (root) CMD (/usr/libexec/atrun)
Jul  6 14:20:02 fw.rodolfoarce.local dhclient[10762]: DHCPDISCOVER on vtnet0 to 255.255.255.255 port 67 interval 20
Jul  6 14:20:06 fw.rodolfoarce.local filterlog[32783]: 4,,,1000000103,vtnet0,match,block,in,4,0x0,,240,51022,0,none,17,udp,71,54.196.81.107,10.255.255.1,26573,53,51
Jul  6 14:20:22 fw.rodolfoarce.local dhclient[10762]: DHCPDISCOVER on vtnet0 to 255.255.255.255 port 67 interval 12
Jul  6 14:20:34 fw.rodolfoarce.local dhclient[10762]: DHCPDISCOVER on vtnet0 to 255.255.255.255 port 67 interval 3
Jul  6 14:20:37 fw.rodolfoarce.local dhclient[10762]: No DHCPOFFERS received.
Jul  6 14:20:37 fw.rodolfoarce.local dhclient[10762]: No working leases in persistent database - sleeping.
Jul  6 10:20:37 fw.rodolfoarce.local dhclient[67099]: FAIL
Jul  6 14:20:52 fw.rodolfoarce.local dhclient[10762]: DHCPDISCOVER on vtnet0 to 255.255.255.255 port 67 interval 1
Jul  6 14:20:53 fw.rodolfoarce.local dhclient[10762]: DHCPDISCOVER on vtnet0 to 255.255.255.255 port 67 interval 1
Jul  6 14:20:54 fw.rodolfoarce.local dhclient[10762]: DHCPDISCOVER on vtnet0 to 255.255.255.255 port 67 interval 2
Jul  6 14:20:57 fw.rodolfoarce.local dhclient[10762]: DHCPDISCOVER on vtnet0 to 255.255.255.255 port 67 interval 4
Jul  6 14:21:00 fw.rodolfoarce.local /usr/sbin/cron[67708]: (root) CMD (/usr/sbin/newsyslog)
Jul  6 14:21:01 fw.rodolfoarce.local dhclient[10762]: DHCPDISCOVER on vtnet0 to 255.255.255.255 port 67 interval 4
Jul  6 14:21:05 fw.rodolfoarce.local dhclient[10762]: DHCPDISCOVER on vtnet0 to 255.255.255.255 port 67 interval 5
Jul  6 14:21:07 fw.rodolfoarce.local dhcp6c[28115]: Sending Solicit
Jul  6 14:21:10 fw.rodolfoarce.local dhclient[10762]: DHCPDISCOVER on vtnet0 to 255.255.255.255 port 67 interval 9
Jul  6 14:21:19 fw.rodolfoarce.local dhclient[10762]: DHCPDISCOVER on vtnet0 to 255.255.255.255 port 67 interval 11
Jul  6 14:21:30 fw.rodolfoarce.local dhclient[10762]: DHCPDISCOVER on vtnet0 to 255.255.255.255 port 67 interval 11
Jul  6 14:21:41 fw.rodolfoarce.local dhclient[10762]: DHCPDISCOVER on vtnet0 to 255.255.255.255 port 67 interval 7
Jul  6 14:21:48 fw.rodolfoarce.local dhclient[10762]: DHCPDISCOVER on vtnet0 to 255.255.255.255 port 67 interval 5
Jul  6 14:21:53 fw.rodolfoarce.local dhclient[10762]: No DHCPOFFERS received.
Jul  6 14:21:53 fw.rodolfoarce.local dhclient[10762]: No working leases in persistent database - sleeping.
Jul  6 10:21:53 fw.rodolfoarce.local dhclient[85044]: FAIL
Jul  6 14:22:00 fw.rodolfoarce.local /usr/sbin/cron[85353]: (root) CMD (/usr/sbin/newsyslog)
Jul  6 14:22:08 fw.rodolfoarce.local dhclient[10762]: DHCPDISCOVER on vtnet0 to 255.255.255.255 port 67 interval 1
Jul  6 14:22:09 fw.rodolfoarce.local dhclient[10762]: DHCPDISCOVER on vtnet0 to 255.255.255.255 port 67 interval 2
Jul  6 14:22:11 fw.rodolfoarce.local dhclient[10762]: DHCPDISCOVER on vtnet0 to 255.255.255.255 port 67 interval 5
Jul  6 14:22:16 fw.rodolfoarce.local dhclient[10762]: DHCPDISCOVER on vtnet0 to 255.255.255.255 port 67 interval 7
Jul  6 14:22:23 fw.rodolfoarce.local dhclient[10762]: DHCPDISCOVER on vtnet0 to 255.255.255.255 port 67 interval 13
Jul  6 14:22:36 fw.rodolfoarce.local dhclient[10762]: DHCPDISCOVER on vtnet0 to 255.255.255.255 port 67 interval 13
Jul  6 14:22:49 fw.rodolfoarce.local dhclient[10762]: DHCPDISCOVER on vtnet0 to 255.255.255.255 port 67 interval 20
Jul  6 14:23:00 fw.rodolfoarce.local /usr/sbin/cron[3330]: (root) CMD (/usr/sbin/newsyslog)
Jul  6 14:23:05 fw.rodolfoarce.local dhcp6c[28115]: Sending Solicit
Jul  6 14:23:09 fw.rodolfoarce.local dhclient[10762]: No DHCPOFFERS received.
Jul  6 14:23:09 fw.rodolfoarce.local dhclient[10762]: No working leases in persistent database - sleeping.
Jul  6 10:23:09 fw.rodolfoarce.local dhclient[4412]: FAIL
Jul  6 14:23:25 fw.rodolfoarce.local dhclient[10762]: DHCPDISCOVER on vtnet0 to 255.255.255.255 port 67 interval 1
Jul  6 14:23:26 fw.rodolfoarce.local dhclient[10762]: DHCPDISCOVER on vtnet0 to 255.255.255.255 port 67 interval 2
Jul  6 14:23:28 fw.rodolfoarce.local dhclient[10762]: DHCPDISCOVER on vtnet0 to 255.255.255.255 port 67 interval 5
Jul  6 14:23:33 fw.rodolfoarce.local dhclient[10762]: DHCPDISCOVER on vtnet0 to 255.255.255.255 port 67 interval 10
Jul  6 14:23:43 fw.rodolfoarce.local dhclient[10762]: DHCPDISCOVER on vtnet0 to 255.255.255.255 port 67 interval 9
Jul  6 14:23:52 fw.rodolfoarce.local dhclient[10762]: DHCPDISCOVER on vtnet0 to 255.255.255.255 port 67 interval 21
Jul  6 14:24:00 fw.rodolfoarce.local /usr/sbin/cron[24101]: (root) CMD (/usr/sbin/newsyslog)
Jul  6 14:24:13 fw.rodolfoarce.local dhclient[10762]: DHCPDISCOVER on vtnet0 to 255.255.255.255 port 67 interval 13
Jul  6 14:24:26 fw.rodolfoarce.local dhclient[10762]: No DHCPOFFERS received.
Jul  6 14:24:26 fw.rodolfoarce.local dhclient[10762]: No working leases in persistent database - sleeping.
Jul  6 10:24:26 fw.rodolfoarce.local dhclient[42954]: FAIL
Jul  6 14:24:41 fw.rodolfoarce.local dhclient[10762]: DHCPDISCOVER on vtnet0 to 255.255.255.255 port 67 interval 2
Jul  6 14:24:43 fw.rodolfoarce.local dhclient[10762]: DHCPDISCOVER on vtnet0 to 255.255.255.255 port 67 interval 5
Jul  6 14:24:48 fw.rodolfoarce.local dhclient[10762]: DHCPDISCOVER on vtnet0 to 255.255.255.255 port 67 interval 6
Jul  6 14:24:54 fw.rodolfoarce.local dhclient[10762]: DHCPDISCOVER on vtnet0 to 255.255.255.255 port 67 interval 6
Jul  6 14:25:00 fw.rodolfoarce.local /usr/sbin/cron[43196]: (root) CMD (/usr/sbin/newsyslog)
Jul  6 14:25:00 fw.rodolfoarce.local /usr/sbin/cron[43500]: (root) CMD (/usr/libexec/atrun)
Jul  6 14:25:00 fw.rodolfoarce.local dhclient[10762]: DHCPDISCOVER on vtnet0 to 255.255.255.255 port 67 interval 13
