Jun 30 10:55:00 fw.rodolfoarce.local /usr/sbin/cron[10138]: (root) CMD (/usr/libexec/atrun)
Jun 30 10:55:16 fw.rodolfoarce.local dhclient[10762]: DHCPDISCOVER on vtnet0 to 255.255.255.255 port 67 interval 8
Jun 30 10:55:24 fw.rodolfoarce.local dhclient[10762]: No DHCPOFFERS received.
Jun 30 10:55:24 fw.rodolfoarce.local dhclient[10762]: No working leases in persistent database - sleeping.
Jun 30 06:55:24 fw.rodolfoarce.local dhclient[28882]: FAIL
Jun 30 10:55:39 fw.rodolfoarce.local dhclient[10762]: DHCPDISCOVER on vtnet0 to 255.255.255.255 port 67 interval 1
Jun 30 10:55:42 fw.rodolfoarce.local dhclient[10762]: message repeated 3 times: [ DHCPDISCOVER on vtnet0 to 255.255.255.255 port 67 interval 1]
Jun 30 10:55:43 fw.rodolfoarce.local dhclient[10762]: DHCPDISCOVER on vtnet0 to 255.255.255.255 port 67 interval 2
Jun 30 10:55:45 fw.rodolfoarce.local dhclient[10762]: DHCPDISCOVER on vtnet0 to 255.255.255.255 port 67 interval 3
Jun 30 10:55:48 fw.rodolfoarce.local dhclient[10762]: DHCPDISCOVER on vtnet0 to 255.255.255.255 port 67 interval 4
Jun 30 10:55:52 fw.rodolfoarce.local dhclient[10762]: DHCPDISCOVER on vtnet0 to 255.255.255.255 port 67 interval 9
Jun 30 10:56:00 fw.rodolfoarce.local /usr/sbin/cron[29229]: (root) CMD (/usr/sbin/newsyslog)
Jun 30 10:56:01 fw.rodolfoarce.local dhclient[10762]: DHCPDISCOVER on vtnet0 to 255.255.255.255 port 67 interval 14
Jun 30 10:56:15 fw.rodolfoarce.local dhclient[10762]: DHCPDISCOVER on vtnet0 to 255.255.255.255 port 67 interval 21
Jun 30 10:56:37 fw.rodolfoarce.local dhclient[10762]: DHCPDISCOVER on vtnet0 to 255.255.255.255 port 67 interval 3
Jun 30 10:56:40 fw.rodolfoarce.local dhclient[10762]: No DHCPOFFERS received.
Jun 30 10:56:40 fw.rodolfoarce.local dhclient[10762]: No working leases in persistent database - sleeping.
Jun 30 06:56:40 fw.rodolfoarce.local dhclient[47849]: FAIL
Jun 30 10:56:43 fw.rodolfoarce.local dhcp6c[28115]: Sending Solicit
Jun 30 10:56:55 fw.rodolfoarce.local dhclient[10762]: DHCPDISCOVER on vtnet0 to 255.255.255.255 port 67 interval 2
Jun 30 10:56:57 fw.rodolfoarce.local dhclient[10762]: DHCPDISCOVER on vtnet0 to 255.255.255.255 port 67 interval 5
Jun 30 10:57:00 fw.rodolfoarce.local /usr/sbin/cron[48095]: (root) CMD (/usr/sbin/newsyslog)
Jun 30 10:57:02 fw.rodolfoarce.local dhclient[10762]: DHCPDISCOVER on vtnet0 to 255.255.255.255 port 67 interval 5
Jun 30 10:57:07 fw.rodolfoarce.local dhclient[10762]: DHCPDISCOVER on vtnet0 to 255.255.255.255 port 67 interval 8
Jun 30 10:57:15 fw.rodolfoarce.local dhclient[10762]: DHCPDISCOVER on vtnet0 to 255.255.255.255 port 67 interval 20
Jun 30 10:57:35 fw.rodolfoarce.local dhclient[10762]: DHCPDISCOVER on vtnet0 to 255.255.255.255 port 67 interval 11
Jun 30 10:57:47 fw.rodolfoarce.local dhclient[10762]: DHCPDISCOVER on vtnet0 to 255.255.255.255 port 67 interval 9
Jun 30 10:57:56 fw.rodolfoarce.local dhclient[10762]: No DHCPOFFERS received.
Jun 30 10:57:56 fw.rodolfoarce.local dhclient[10762]: No working leases in persistent database - sleeping.
Jun 30 06:57:56 fw.rodolfoarce.local dhclient[66734]: FAIL
Jun 30 10:58:00 fw.rodolfoarce.local /usr/sbin/cron[67273]: (root) CMD (/usr/sbin/newsyslog)
Jun 30 10:58:11 fw.rodolfoarce.local dhclient[10762]: DHCPDISCOVER on vtnet0 to 255.255.255.255 port 67 interval 1
Jun 30 10:58:15 fw.rodolfoarce.local dhclient[10762]: message repeated 4 times: [ DHCPDISCOVER on vtnet0 to 255.255.255.255 port 67 interval 1]
Jun 30 10:58:16 fw.rodolfoarce.local dhclient[10762]: DHCPDISCOVER on vtnet0 to 255.255.255.255 port 67 interval 2
Jun 30 10:58:18 fw.rodolfoarce.local dhclient[10762]: DHCPDISCOVER on vtnet0 to 255.255.255.255 port 67 interval 5
Jun 30 10:58:23 fw.rodolfoarce.local dhclient[10762]: DHCPDISCOVER on vtnet0 to 255.255.255.255 port 67 interval 13
Jun 30 10:58:36 fw.rodolfoarce.local dhclient[10762]: DHCPDISCOVER on vtnet0 to 255.255.255.255 port 67 interval 14
Jun 30 10:58:44 fw.rodolfoarce.local dhcp6c[28115]: Sending Solicit
Jun 30 10:58:50 fw.rodolfoarce.local dhclient[10762]: DHCPDISCOVER on vtnet0 to 255.255.255.255 port 67 interval 9
Jun 30 10:58:59 fw.rodolfoarce.local dhclient[10762]: DHCPDISCOVER on vtnet0 to 255.255.255.255 port 67 interval 10
Jun 30 10:59:00 fw.rodolfoarce.local /usr/sbin/cron[84707]: (root) CMD (/usr/sbin/newsyslog)
Jun 30 10:59:10 fw.rodolfoarce.local dhclient[10762]: DHCPDISCOVER on vtnet0 to 255.255.255.255 port 67 interval 2
Jun 30 10:59:12 fw.rodolfoarce.local dhclient[10762]: No DHCPOFFERS received.
Jun 30 10:59:12 fw.rodolfoarce.local dhclient[10762]: No working leases in persistent database - sleeping.
Jun 30 06:59:12 fw.rodolfoarce.local dhclient[85855]: FAIL
Jun 30 10:59:27 fw.rodolfoarce.local dhclient[10762]: DHCPDISCOVER on vtnet0 to 255.255.255.255 port 67 interval 1
Jun 30 10:59:28 fw.rodolfoarce.local dhclient[10762]: DHCPDISCOVER on vtnet0 to 255.255.255.255 port 67 interval 1
Jun 30 10:59:29 fw.rodolfoarce.local dhclient[10762]: DHCPDISCOVER on vtnet0 to 255.255.255.255 port 67 interval 2
Jun 30 10:59:31 fw.rodolfoarce.local dhclient[10762]: DHCPDISCOVER on vtnet0 to 255.255.255.255 port 67 interval 4
Jun 30 10:59:35 fw.rodolfoarce.local dhclient[10762]: DHCPDISCOVER on vtnet0 to 255.255.255.255 port 67 interval 4
Jun 30 10:59:39 fw.rodolfoarce.local dhclient[10762]: DHCPDISCOVER on vtnet0 to 255.255.255.255 port 67 interval 10
Jun 30 10:59:49 fw.rodolfoarce.local dhclient[10762]: DHCPDISCOVER on vtnet0 to 255.255.255.255 port 67 interval 12
Jun 30 11:00:00 fw.rodolfoarce.local /usr/sbin/cron[4570]: (root) CMD (/usr/bin/nice -n20 /usr/local/sbin/expiretable -v -t 3600 virusprot)
Jun 30 11:00:00 fw.rodolfoarce.local /usr/sbin/cron[4666]: (root) CMD (/usr/sbin/newsyslog)
Jun 30 11:00:00 fw.rodolfoarce.local /usr/sbin/cron[4715]: (root) CMD (/usr/libexec/atrun)
Jun 30 11:00:01 fw.rodolfoarce.local dhclient[10762]: DHCPDISCOVER on vtnet0 to 255.255.255.255 port 67 interval 8
Jun 30 11:00:09 fw.rodolfoarce.local dhclient[10762]: DHCPDISCOVER on vtnet0 to 255.255.255.255 port 67 interval 13
Jun 30 11:00:23 fw.rodolfoarce.local dhclient[10762]: DHCPDISCOVER on vtnet0 to 255.255.255.255 port 67 interval 5
Jun 30 11:00:28 fw.rodolfoarce.local dhclient[10762]: No DHCPOFFERS received.
Jun 30 11:00:28 fw.rodolfoarce.local dhclient[10762]: No working leases in persistent database - sleeping.
Jun 30 07:00:28 fw.rodolfoarce.local dhclient[22385]: FAIL
Jun 30 11:00:32 fw.rodolfoarce.local filterlog[32783]: 4,,,1000000103,vtnet0,match,block,in,4,0x0,,46,42563,0,DF,17,udp,67,64.226.69.115,10.255.255.1,54139,53,47
Jun 30 11:00:32 fw.rodolfoarce.local filterlog[32783]: 4,,,1000000103,vtnet0,match,block,in,4,0x0,,46,42673,0,DF,17,udp,78,64.226.69.115,10.255.255.1,54139,53,58
Jun 30 11:00:33 fw.rodolfoarce.local filterlog[32783]: 4,,,1000000103,vtnet0,match,block,in,4,0x0,,46,42706,0,DF,17,udp,67,64.226.69.115,10.255.255.1,54139,53,47
Jun 30 11:00:34 fw.rodolfoarce.local filterlog[32783]: 4,,,1000000103,vtnet0,match,block,in,4,0x0,,46,42739,0,DF,17,udp,78,64.226.69.115,10.255.255.1,54139,53,58
Jun 30 11:00:35 fw.rodolfoarce.local filterlog[32783]: 4,,,1000000103,vtnet0,match,block,in,4,0x0,,46,42932,0,DF,17,udp,67,64.226.69.115,10.255.255.1,54139,53,47
Jun 30 11:00:38 fw.rodolfoarce.local filterlog[32783]: 4,,,1000000103,vtnet0,match,block,in,4,0x0,,46,43142,0,DF,17,udp,78,64.226.69.115,10.255.255.1,54139,53,58
Jun 30 11:00:39 fw.rodolfoarce.local filterlog[32783]: 4,,,1000000103,vtnet0,match,block,in,4,0x0,,46,43447,0,DF,17,udp,67,64.226.69.115,10.255.255.1,54139,53,47
Jun 30 11:00:41 fw.rodolfoarce.local filterlog[32783]: 4,,,1000000103,vtnet0,match,block,in,4,0x0,,46,43482,0,DF,17,udp,78,64.226.69.115,10.255.255.1,54139,53,58
Jun 30 11:00:41 fw.rodolfoarce.local dhcp6c[28115]: Sending Solicit
Jun 30 11:00:43 fw.rodolfoarce.local dhclient[10762]: DHCPDISCOVER on vtnet0 to 255.255.255.255 port 67 interval 1
Jun 30 11:00:43 fw.rodolfoarce.local filterlog[32783]: 4,,,1000000103,vtnet0,match,block,in,4,0x0,,46,43965,0,DF,17,udp,67,64.226.69.115,10.255.255.1,54139,53,47
Jun 30 11:00:44 fw.rodolfoarce.local dhclient[10762]: DHCPDISCOVER on vtnet0 to 255.255.255.255 port 67 interval 2
Jun 30 11:00:46 fw.rodolfoarce.local filterlog[32783]: 4,,,1000000103,vtnet0,match,block,in,4,0x0,,46,44062,0,DF,17,udp,78,64.226.69.115,10.255.255.1,54139,53,58
Jun 30 11:00:46 fw.rodolfoarce.local dhclient[10762]: DHCPDISCOVER on vtnet0 to 255.255.255.255 port 67 interval 5
Jun 30 11:00:49 fw.rodolfoarce.local filterlog[32783]: 4,,,1000000103,vtnet0,match,block,in,4,0x0,,46,44488,0,DF,17,udp,78,64.226.69.115,10.255.255.1,54139,53,58
Jun 30 11:00:49 fw.rodolfoarce.local filterlog[32783]: 4,,,1000000103,vtnet0,match,block,in,4,0x0,,46,44521,0,DF,17,udp,67,64.226.69.115,10.255.255.1,54139,53,47
Jun 30 11:00:49 fw.rodolfoarce.local filterlog[32783]: 4,,,1000000103,vtnet0,match,block,in,4,0x0,,46,44597,0,DF,17,udp,78,64.226.69.115,10.255.255.1,54139,53,58
Jun 30 11:00:50 fw.rodolfoarce.local filterlog[32783]: 4,,,1000000103,vtnet0,match,block,in,4,0x0,,46,44641,0,DF,17,udp,67,64.226.69.115,10.255.255.1,54139,53,47
Jun 30 11:00:51 fw.rodolfoarce.local dhclient[10762]: DHCPDISCOVER on vtnet0 to 255.255.255.255 port 67 interval 9
Jun 30 11:00:51 fw.rodolfoarce.local filterlog[32783]: 4,,,1000000103,vtnet0,match,block,in,4,0x0,,46,44682,0,DF,17,udp,78,64.226.69.115,10.255.255.1,54139,53,58
Jun 30 11:00:52 fw.rodolfoarce.local filterlog[32783]: 4,,,1000000103,vtnet0,match,block,in,4,0x0,,46,44794,0,DF,17,udp,67,64.226.69.115,10.255.255.1,54139,53,47
Jun 30 11:00:54 fw.rodolfoarce.local filterlog[32783]: 4,,,1000000103,vtnet0,match,block,in,4,0x0,,46,45063,0,DF,17,udp,78,64.226.69.115,10.255.255.1,54139,53,58
Jun 30 11:00:55 fw.rodolfoarce.local filterlog[32783]: 4,,,1000000103,vtnet0,match,block,in,4,0x0,,46,45365,0,DF,17,udp,67,64.226.69.115,10.255.255.1,54139,53,47
Jun 30 11:00:57 fw.rodolfoarce.local filterlog[32783]: 4,,,1000000103,vtnet0,match,block,in,4,0x0,,46,45438,0,DF,17,udp,78,64.226.69.115,10.255.255.1,54139,53,58
Jun 30 11:01:00 fw.rodolfoarce.local /usr/sbin/cron[22624]: (root) CMD (/usr/sbin/newsyslog)
Jun 30 11:01:00 fw.rodolfoarce.local dhclient[10762]: DHCPDISCOVER on vtnet0 to 255.255.255.255 port 67 interval 10
Jun 30 11:01:00 fw.rodolfoarce.local filterlog[32783]: 4,,,1000000103,vtnet0,match,block,in,4,0x0,,46,45956,0,DF,17,udp,67,64.226.69.115,10.255.255.1,54139,53,47
Jun 30 11:01:02 fw.rodolfoarce.local filterlog[32783]: 4,,,1000000103,vtnet0,match,block,in,4,0x0,,46,46152,0,DF,17,udp,78,64.226.69.115,10.255.255.1,54139,53,58
Jun 30 11:01:05 fw.rodolfoarce.local filterlog[32783]: 4,,,1000000103,vtnet0,match,block,in,4,0x0,,46,46422,0,DF,17,udp,78,64.226.69.115,10.255.255.1,54139,53,58
Jun 30 11:01:05 fw.rodolfoarce.local filterlog[32783]: 4,,,1000000103,vtnet0,match,block,in,4,0x0,,46,46450,0,DF,17,udp,67,64.226.69.115,10.255.255.1,54139,53,47
Jun 30 11:01:05 fw.rodolfoarce.local filterlog[32783]: 4,,,1000000103,vtnet0,match,block,in,4,0x0,,46,46550,0,DF,17,udp,78,64.226.69.115,10.255.255.1,54139,53,58
Jun 30 11:01:06 fw.rodolfoarce.local filterlog[32783]: 4,,,1000000103,vtnet0,match,block,in,4,0x0,,46,46581,0,DF,17,udp,67,64.226.69.115,10.255.255.1,54139,53,47
Jun 30 11:01:07 fw.rodolfoarce.local filterlog[32783]: 4,,,1000000103,vtnet0,match,block,in,4,0x0,,46,46801,0,DF,17,udp,78,64.226.69.115,10.255.255.1,54139,53,58
Jun 30 11:01:07 fw.rodolfoarce.local filterlog[32783]: 4,,,1000000103,vtnet1,match,block,in,4,0x0,,63,34823,0,DF,6,tcp,76,10.1.1.4,172.67.157.37,40542,443,24,PA,3375311517:3375311541,593313444,501,,nop;nop;TS
Jun 30 11:01:07 fw.rodolfoarce.local filterlog[32783]: 4,,,1000000103,vtnet1,match,block,in,4,0x0,,63,34824,0,DF,6,tcp,52,10.1.1.4,172.67.157.37,40542,443,0,FA,3375311541,593313444,501,,nop;nop;TS
Jun 30 11:01:07 fw.rodolfoarce.local filterlog[32783]: 4,,,1000000103,vtnet1,match,block,in,4,0x0,,63,34825,0,DF,6,tcp,52,10.1.1.4,172.67.157.37,40542,443,0,FA,3375311541,593313444,501,,nop;nop;TS
Jun 30 11:01:08 fw.rodolfoarce.local filterlog[32783]: 4,,,1000000103,vtnet1,match,block,in,4,0x0,,63,34826,0,DF,6,tcp,76,10.1.1.4,172.67.157.37,40542,443,24,FPA,3375311517:3375311541,593313444,501,,nop;nop;TS
Jun 30 11:01:08 fw.rodolfoarce.local filterlog[32783]: 4,,,1000000103,vtnet1,match,block,in,4,0x0,,63,34827,0,DF,6,tcp,76,10.1.1.4,172.67.157.37,40542,443,24,FPA,3375311517:3375311541,593313444,501,,nop;nop;TS
Jun 30 11:01:08 fw.rodolfoarce.local filterlog[32783]: 4,,,1000000103,vtnet0,match,block,in,4,0x0,,46,46868,0,DF,17,udp,67,64.226.69.115,10.255.255.1,54139,53,47
Jun 30 11:01:09 fw.rodolfoarce.local filterlog[32783]: 4,,,1000000103,vtnet1,match,block,in,4,0x0,,63,34828,0,DF,6,tcp,76,10.1.1.4,172.67.157.37,40542,443,24,FPA,3375311517:3375311541,593313444,501,,nop;nop;TS
Jun 30 11:01:10 fw.rodolfoarce.local dhclient[10762]: DHCPDISCOVER on vtnet0 to 255.255.255.255 port 67 interval 10
Jun 30 11:01:11 fw.rodolfoarce.local filterlog[32783]: 4,,,1000000103,vtnet0,match,block,in,4,0x0,,46,46873,0,DF,17,udp,78,64.226.69.115,10.255.255.1,54139,53,58
Jun 30 11:01:11 fw.rodolfoarce.local filterlog[32783]: 4,,,1000000103,vtnet1,match,block,in,4,0x0,,63,34829,0,DF,6,tcp,76,10.1.1.4,172.67.157.37,40542,443,24,FPA,3375311517:3375311541,593313444,501,,nop;nop;TS
Jun 30 11:01:12 fw.rodolfoarce.local filterlog[32783]: 4,,,1000000103,vtnet0,match,block,in,4,0x0,,46,47310,0,DF,17,udp,67,64.226.69.115,10.255.255.1,54139,53,47
Jun 30 11:01:14 fw.rodolfoarce.local filterlog[32783]: 4,,,1000000103,vtnet0,match,block,in,4,0x0,,46,47557,0,DF,17,udp,78,64.226.69.115,10.255.255.1,54139,53,58
Jun 30 11:01:15 fw.rodolfoarce.local filterlog[32783]: 4,,,1000000103,vtnet1,match,block,in,4,0x0,,63,34830,0,DF,6,tcp,76,10.1.1.4,172.67.157.37,40542,443,24,FPA,3375311517:3375311541,593313444,501,,nop;nop;TS
Jun 30 11:01:17 fw.rodolfoarce.local filterlog[32783]: 4,,,1000000103,vtnet0,match,block,in,4,0x0,,46,47945,0,DF,17,udp,67,64.226.69.115,10.255.255.1,54139,53,47
Jun 30 11:01:19 fw.rodolfoarce.local filterlog[32783]: 4,,,1000000103,vtnet0,match,block,in,4,0x0,,46,48539,0,DF,17,udp,78,64.226.69.115,10.255.255.1,54139,53,58
Jun 30 11:01:20 fw.rodolfoarce.local dhclient[10762]: DHCPDISCOVER on vtnet0 to 255.255.255.255 port 67 interval 13
Jun 30 11:01:21 fw.rodolfoarce.local filterlog[32783]: 4,,,1000000103,vtnet1,match,block,in,4,0x0,,63,34831,0,DF,6,tcp,76,10.1.1.4,172.67.157.37,40542,443,24,FPA,3375311517:3375311541,593313444,501,,nop;nop;TS
Jun 30 11:01:33 fw.rodolfoarce.local dhclient[10762]: DHCPDISCOVER on vtnet0 to 255.255.255.255 port 67 interval 11
Jun 30 11:01:34 fw.rodolfoarce.local filterlog[32783]: 4,,,1000000103,vtnet1,match,block,in,4,0x0,,63,34832,0,DF,6,tcp,76,10.1.1.4,172.67.157.37,40542,443,24,FPA,3375311517:3375311541,593313444,501,,nop;nop;TS
Jun 30 11:01:44 fw.rodolfoarce.local dhclient[10762]: No DHCPOFFERS received.
Jun 30 11:01:44 fw.rodolfoarce.local dhclient[10762]: No working leases in persistent database - sleeping.
Jun 30 07:01:44 fw.rodolfoarce.local dhclient[41312]: FAIL
Jun 30 11:01:59 fw.rodolfoarce.local dhclient[10762]: DHCPDISCOVER on vtnet0 to 255.255.255.255 port 67 interval 1
Jun 30 11:02:00 fw.rodolfoarce.local /usr/sbin/cron[41487]: (root) CMD (/usr/sbin/newsyslog)
Jun 30 11:02:00 fw.rodolfoarce.local dhclient[10762]: DHCPDISCOVER on vtnet0 to 255.255.255.255 port 67 interval 1
Jun 30 11:02:01 fw.rodolfoarce.local dhclient[10762]: DHCPDISCOVER on vtnet0 to 255.255.255.255 port 67 interval 2
Jun 30 11:02:01 fw.rodolfoarce.local filterlog[32783]: 4,,,1000000103,vtnet1,match,block,in,4,0x0,,63,34833,0,DF,6,tcp,76,10.1.1.4,172.67.157.37,40542,443,24,FPA,3375311517:3375311541,593313444,501,,nop;nop;TS
Jun 30 11:02:03 fw.rodolfoarce.local dhclient[10762]: DHCPDISCOVER on vtnet0 to 255.255.255.255 port 67 interval 5
Jun 30 11:02:08 fw.rodolfoarce.local dhclient[10762]: DHCPDISCOVER on vtnet0 to 255.255.255.255 port 67 interval 6
Jun 30 11:02:13 fw.rodolfoarce.local filterlog[32783]: 4,,,1000000103,vtnet0,match,block,in,4,0x0,,99,1281,0,none,17,udp,94,172.253.7.216,10.255.255.1,54848,53,74
Jun 30 11:02:14 fw.rodolfoarce.local filterlog[32783]: 4,,,1000000103,vtnet0,match,block,in,4,0x0,,99,43895,0,none,17,udp,83,173.194.169.30,10.255.255.1,52685,53,63
Jun 30 11:02:15 fw.rodolfoarce.local dhclient[10762]: DHCPDISCOVER on vtnet0 to 255.255.255.255 port 67 interval 7
Jun 30 11:02:15 fw.rodolfoarce.local filterlog[32783]: 4,,,1000000103,vtnet0,match,block,in,4,0x0,,99,44278,0,none,17,udp,94,74.125.181.219,10.255.255.1,53185,53,74
Jun 30 11:02:16 fw.rodolfoarce.local filterlog[32783]: 4,,,1000000103,vtnet0,match,block,in,4,0x0,,99,17629,0,none,17,udp,83,74.125.181.222,10.255.255.1,43786,53,63
Jun 30 11:02:19 fw.rodolfoarce.local filterlog[32783]: 4,,,1000000103,vtnet0,match,block,in,4,0x0,,99,24294,0,none,17,udp,94,173.194.170.27,10.255.255.1,52655,53,74
Jun 30 11:02:20 fw.rodolfoarce.local filterlog[32783]: 4,,,1000000103,vtnet0,match,block,in,4,0x0,,99,20482,0,none,17,udp,83,74.125.181.222,10.255.255.1,42379,53,63
Jun 30 11:02:22 fw.rodolfoarce.local dhclient[10762]: DHCPDISCOVER on vtnet0 to 255.255.255.255 port 67 interval 18
Jun 30 11:02:23 fw.rodolfoarce.local filterlog[32783]: 4,,,1000000103,vtnet0,match,block,in,4,0x0,,102,3808,0,none,17,udp,83,173.194.170.86,10.255.255.1,63072,53,63
Jun 30 11:02:28 fw.rodolfoarce.local filterlog[32783]: 4,,,1000000103,vtnet0,match,block,in,4,0x0,,99,43958,0,none,17,udp,94,172.253.7.211,10.255.255.1,41338,53,74
Jun 30 11:02:29 fw.rodolfoarce.local filterlog[32783]: 4,,,1000000103,vtnet0,match,block,in,4,0x0,,99,7812,0,none,17,udp,83,172.217.40.24,10.255.255.1,64111,53,63
Jun 30 11:02:30 fw.rodolfoarce.local filterlog[32783]: 4,,,1000000103,vtnet0,match,block,in,4,0x0,,102,43138,0,none,17,udp,83,173.194.169.122,10.255.255.1,46517,53,63
Jun 30 11:02:40 fw.rodolfoarce.local dhclient[10762]: DHCPDISCOVER on vtnet0 to 255.255.255.255 port 67 interval 16
Jun 30 11:02:47 fw.rodolfoarce.local dhcp6c[28115]: Sending Solicit
Jun 30 11:02:56 fw.rodolfoarce.local dhclient[10762]: DHCPDISCOVER on vtnet0 to 255.255.255.255 port 67 interval 4
Jun 30 11:03:00 fw.rodolfoarce.local /usr/sbin/cron[58756]: (root) CMD (/usr/sbin/newsyslog)
Jun 30 11:03:00 fw.rodolfoarce.local dhclient[10762]: No DHCPOFFERS received.
Jun 30 11:03:00 fw.rodolfoarce.local dhclient[10762]: No working leases in persistent database - sleeping.
Jun 30 07:03:00 fw.rodolfoarce.local dhclient[59764]: FAIL
Jun 30 11:03:15 fw.rodolfoarce.local dhclient[10762]: DHCPDISCOVER on vtnet0 to 255.255.255.255 port 67 interval 1
Jun 30 11:03:16 fw.rodolfoarce.local dhclient[10762]: DHCPDISCOVER on vtnet0 to 255.255.255.255 port 67 interval 2
Jun 30 11:03:18 fw.rodolfoarce.local dhclient[10762]: DHCPDISCOVER on vtnet0 to 255.255.255.255 port 67 interval 4
Jun 30 11:03:22 fw.rodolfoarce.local dhclient[10762]: DHCPDISCOVER on vtnet0 to 255.255.255.255 port 67 interval 10
Jun 30 11:03:32 fw.rodolfoarce.local dhclient[10762]: DHCPDISCOVER on vtnet0 to 255.255.255.255 port 67 interval 19
Jun 30 11:03:51 fw.rodolfoarce.local dhclient[10762]: DHCPDISCOVER on vtnet0 to 255.255.255.255 port 67 interval 16
Jun 30 11:04:00 fw.rodolfoarce.local /usr/sbin/cron[77764]: (root) CMD (/usr/sbin/newsyslog)
Jun 30 11:04:07 fw.rodolfoarce.local dhclient[10762]: DHCPDISCOVER on vtnet0 to 255.255.255.255 port 67 interval 9
Jun 30 11:04:16 fw.rodolfoarce.local dhclient[10762]: No DHCPOFFERS received.
Jun 30 11:04:16 fw.rodolfoarce.local dhclient[10762]: No working leases in persistent database - sleeping.
Jun 30 07:04:16 fw.rodolfoarce.local dhclient[78766]: FAIL
Jun 30 11:04:32 fw.rodolfoarce.local dhclient[10762]: DHCPDISCOVER on vtnet0 to 255.255.255.255 port 67 interval 2
Jun 30 11:04:34 fw.rodolfoarce.local dhclient[10762]: DHCPDISCOVER on vtnet0 to 255.255.255.255 port 67 interval 5
Jun 30 11:04:39 fw.rodolfoarce.local dhclient[10762]: DHCPDISCOVER on vtnet0 to 255.255.255.255 port 67 interval 14
Jun 30 11:04:52 fw.rodolfoarce.local dhcp6c[28115]: Sending Solicit
Jun 30 11:04:53 fw.rodolfoarce.local dhclient[10762]: DHCPDISCOVER on vtnet0 to 255.255.255.255 port 67 interval 8
Jun 30 11:05:00 fw.rodolfoarce.local /usr/sbin/cron[96469]: (root) CMD (/usr/sbin/newsyslog)
Jun 30 11:05:00 fw.rodolfoarce.local /usr/sbin/cron[96664]: (root) CMD (/usr/libexec/atrun)
Jun 30 11:05:01 fw.rodolfoarce.local dhclient[10762]: DHCPDISCOVER on vtnet0 to 255.255.255.255 port 67 interval 8
Jun 30 11:05:09 fw.rodolfoarce.local dhclient[10762]: DHCPDISCOVER on vtnet0 to 255.255.255.255 port 67 interval 12
Jun 30 11:05:21 fw.rodolfoarce.local dhclient[10762]: DHCPDISCOVER on vtnet0 to 255.255.255.255 port 67 interval 12
Jun 30 11:05:34 fw.rodolfoarce.local dhclient[10762]: No DHCPOFFERS received.
Jun 30 11:05:34 fw.rodolfoarce.local dhclient[10762]: No working leases in persistent database - sleeping.
Jun 30 07:05:34 fw.rodolfoarce.local dhclient[18823]: FAIL
Jun 30 11:05:49 fw.rodolfoarce.local dhclient[10762]: DHCPDISCOVER on vtnet0 to 255.255.255.255 port 67 interval 2
Jun 30 11:05:51 fw.rodolfoarce.local dhclient[10762]: DHCPDISCOVER on vtnet0 to 255.255.255.255 port 67 interval 4
Jun 30 11:05:55 fw.rodolfoarce.local dhclient[10762]: DHCPDISCOVER on vtnet0 to 255.255.255.255 port 67 interval 5
Jun 30 11:06:00 fw.rodolfoarce.local /usr/sbin/cron[19213]: (root) CMD (/usr/sbin/newsyslog)
Jun 30 11:06:00 fw.rodolfoarce.local dhclient[10762]: DHCPDISCOVER on vtnet0 to 255.255.255.255 port 67 interval 6
Jun 30 11:06:06 fw.rodolfoarce.local dhclient[10762]: DHCPDISCOVER on vtnet0 to 255.255.255.255 port 67 interval 11
Jun 30 11:06:17 fw.rodolfoarce.local dhclient[10762]: DHCPDISCOVER on vtnet0 to 255.255.255.255 port 67 interval 9
Jun 30 11:06:26 fw.rodolfoarce.local dhclient[10762]: DHCPDISCOVER on vtnet0 to 255.255.255.255 port 67 interval 19
Jun 30 11:06:45 fw.rodolfoarce.local dhclient[10762]: DHCPDISCOVER on vtnet0 to 255.255.255.255 port 67 interval 5
Jun 30 11:06:50 fw.rodolfoarce.local dhclient[10762]: No DHCPOFFERS received.
Jun 30 11:06:50 fw.rodolfoarce.local dhclient[10762]: No working leases in persistent database - sleeping.
Jun 30 07:06:50 fw.rodolfoarce.local dhclient[38916]: FAIL
Jun 30 11:07:00 fw.rodolfoarce.local /usr/sbin/cron[39382]: (root) CMD (/usr/sbin/newsyslog)
Jun 30 11:07:03 fw.rodolfoarce.local dhcp6c[28115]: Sending Solicit
Jun 30 11:07:05 fw.rodolfoarce.local dhclient[10762]: DHCPDISCOVER on vtnet0 to 255.255.255.255 port 67 interval 2
Jun 30 11:07:08 fw.rodolfoarce.local dhclient[10762]: DHCPDISCOVER on vtnet0 to 255.255.255.255 port 67 interval 2
Jun 30 11:07:10 fw.rodolfoarce.local dhclient[10762]: DHCPDISCOVER on vtnet0 to 255.255.255.255 port 67 interval 4
Jun 30 11:07:14 fw.rodolfoarce.local dhclient[10762]: DHCPDISCOVER on vtnet0 to 255.255.255.255 port 67 interval 6
Jun 30 11:07:20 fw.rodolfoarce.local dhclient[10762]: DHCPDISCOVER on vtnet0 to 255.255.255.255 port 67 interval 15
Jun 30 11:07:35 fw.rodolfoarce.local dhclient[10762]: DHCPDISCOVER on vtnet0 to 255.255.255.255 port 67 interval 19
Jun 30 11:07:49 fw.rodolfoarce.local filterlog[32783]: 4,,,1000000103,vtnet0,match,block,in,4,0x0,,233,15517,0,none,6,tcp,40,124.118.174.95,10.255.255.1,54144,22,0,S,3104446529,,1024,,
Jun 30 11:07:54 fw.rodolfoarce.local dhclient[10762]: DHCPDISCOVER on vtnet0 to 255.255.255.255 port 67 interval 12
Jun 30 11:08:00 fw.rodolfoarce.local /usr/sbin/cron[57088]: (root) CMD (/usr/sbin/newsyslog)
Jun 30 11:08:06 fw.rodolfoarce.local dhclient[10762]: No DHCPOFFERS received.
Jun 30 11:08:06 fw.rodolfoarce.local dhclient[10762]: No working leases in persistent database - sleeping.
Jun 30 07:08:06 fw.rodolfoarce.local dhclient[57620]: FAIL
Jun 30 11:08:21 fw.rodolfoarce.local dhclient[10762]: DHCPDISCOVER on vtnet0 to 255.255.255.255 port 67 interval 1
Jun 30 11:08:21 fw.rodolfoarce.local filterlog[32783]: 4,,,1000000103,vtnet1,match,block,in,4,0x0,,64,60427,0,DF,6,tcp,76,10.1.1.3,104.21.40.220,33588,443,24,PA,2212390168:2212390192,1696176610,249,,nop;nop;TS
Jun 30 11:08:21 fw.rodolfoarce.local filterlog[32783]: 4,,,1000000103,vtnet1,match,block,in,4,0x0,,64,60428,0,DF,6,tcp,52,10.1.1.3,104.21.40.220,33588,443,0,FA,2212390192,1696176610,249,,nop;nop;TS
Jun 30 11:08:21 fw.rodolfoarce.local filterlog[32783]: 4,,,1000000103,vtnet1,match,block,in,4,0x0,,64,60429,0,DF,6,tcp,52,10.1.1.3,104.21.40.220,33588,443,0,FA,2212390192,1696176610,249,,nop;nop;TS
Jun 30 11:08:21 fw.rodolfoarce.local filterlog[32783]: 4,,,1000000103,vtnet1,match,block,in,4,0x0,,64,60430,0,DF,6,tcp,76,10.1.1.3,104.21.40.220,33588,443,24,FPA,2212390168:2212390192,1696176610,249,,nop;nop;TS
Jun 30 11:08:21 fw.rodolfoarce.local filterlog[32783]: 4,,,1000000103,vtnet1,match,block,in,4,0x0,,64,60431,0,DF,6,tcp,76,10.1.1.3,104.21.40.220,33588,443,24,FPA,2212390168:2212390192,1696176610,249,,nop;nop;TS
Jun 30 11:08:22 fw.rodolfoarce.local filterlog[32783]: 4,,,1000000103,vtnet1,match,block,in,4,0x0,,64,60432,0,DF,6,tcp,76,10.1.1.3,104.21.40.220,33588,443,24,FPA,2212390168:2212390192,1696176610,249,,nop;nop;TS
Jun 30 11:08:22 fw.rodolfoarce.local dhclient[10762]: DHCPDISCOVER on vtnet0 to 255.255.255.255 port 67 interval 1
Jun 30 11:08:23 fw.rodolfoarce.local dhclient[10762]: DHCPDISCOVER on vtnet0 to 255.255.255.255 port 67 interval 2
Jun 30 11:08:24 fw.rodolfoarce.local filterlog[32783]: 4,,,1000000103,vtnet1,match,block,in,4,0x0,,64,60433,0,DF,6,tcp,76,10.1.1.3,104.21.40.220,33588,443,24,FPA,2212390168:2212390192,1696176610,249,,nop;nop;TS
Jun 30 11:08:25 fw.rodolfoarce.local dhclient[10762]: DHCPDISCOVER on vtnet0 to 255.255.255.255 port 67 interval 5
Jun 30 11:08:27 fw.rodolfoarce.local filterlog[32783]: 4,,,1000000103,vtnet1,match,block,in,4,0x0,,64,60434,0,DF,6,tcp,76,10.1.1.3,104.21.40.220,33588,443,24,FPA,2212390168:2212390192,1696176610,249,,nop;nop;TS
Jun 30 11:08:30 fw.rodolfoarce.local dhclient[10762]: DHCPDISCOVER on vtnet0 to 255.255.255.255 port 67 interval 8
Jun 30 11:08:35 fw.rodolfoarce.local filterlog[32783]: 4,,,1000000103,vtnet1,match,block,in,4,0x0,,64,60435,0,DF,6,tcp,76,10.1.1.3,104.21.40.220,33588,443,24,FPA,2212390168:2212390192,1696176610,249,,nop;nop;TS
Jun 30 11:08:38 fw.rodolfoarce.local dhclient[10762]: DHCPDISCOVER on vtnet0 to 255.255.255.255 port 67 interval 11
Jun 30 11:08:48 fw.rodolfoarce.local filterlog[32783]: 4,,,1000000103,vtnet1,match,block,in,4,0x0,,64,60436,0,DF,6,tcp,76,10.1.1.3,104.21.40.220,33588,443,24,FPA,2212390168:2212390192,1696176610,249,,nop;nop;TS
Jun 30 11:08:49 fw.rodolfoarce.local dhclient[10762]: DHCPDISCOVER on vtnet0 to 255.255.255.255 port 67 interval 10
Jun 30 11:09:00 fw.rodolfoarce.local /usr/sbin/cron[75798]: (root) CMD (/usr/sbin/newsyslog)
Jun 30 11:09:00 fw.rodolfoarce.local dhclient[10762]: DHCPDISCOVER on vtnet0 to 255.255.255.255 port 67 interval 18
Jun 30 11:09:12 fw.rodolfoarce.local dhcp6c[28115]: Sending Solicit
Jun 30 11:09:15 fw.rodolfoarce.local filterlog[32783]: 4,,,1000000103,vtnet1,match,block,in,4,0x0,,64,60437,0,DF,6,tcp,76,10.1.1.3,104.21.40.220,33588,443,24,FPA,2212390168:2212390192,1696176610,249,,nop;nop;TS
Jun 30 11:09:18 fw.rodolfoarce.local dhclient[10762]: DHCPDISCOVER on vtnet0 to 255.255.255.255 port 67 interval 4
Jun 30 11:09:22 fw.rodolfoarce.local dhclient[10762]: No DHCPOFFERS received.
Jun 30 11:09:22 fw.rodolfoarce.local dhclient[10762]: No working leases in persistent database - sleeping.
Jun 30 07:09:22 fw.rodolfoarce.local dhclient[76552]: FAIL
Jun 30 11:09:37 fw.rodolfoarce.local dhclient[10762]: DHCPDISCOVER on vtnet0 to 255.255.255.255 port 67 interval 2
Jun 30 11:09:39 fw.rodolfoarce.local dhclient[10762]: DHCPDISCOVER on vtnet0 to 255.255.255.255 port 67 interval 3
Jun 30 11:09:42 fw.rodolfoarce.local dhclient[10762]: DHCPDISCOVER on vtnet0 to 255.255.255.255 port 67 interval 6
Jun 30 11:09:48 fw.rodolfoarce.local dhclient[10762]: DHCPDISCOVER on vtnet0 to 255.255.255.255 port 67 interval 7
Jun 30 11:09:55 fw.rodolfoarce.local dhclient[10762]: DHCPDISCOVER on vtnet0 to 255.255.255.255 port 67 interval 7
Jun 30 11:10:00 fw.rodolfoarce.local /usr/sbin/cron[93222]: (root) CMD (/usr/sbin/newsyslog)
Jun 30 11:10:00 fw.rodolfoarce.local /usr/sbin/cron[93234]: (root) CMD (/usr/libexec/atrun)
Jun 30 11:10:02 fw.rodolfoarce.local dhclient[10762]: DHCPDISCOVER on vtnet0 to 255.255.255.255 port 67 interval 15
Jun 30 11:10:17 fw.rodolfoarce.local dhclient[10762]: DHCPDISCOVER on vtnet0 to 255.255.255.255 port 67 interval 14
Jun 30 11:10:31 fw.rodolfoarce.local dhclient[10762]: DHCPDISCOVER on vtnet0 to 255.255.255.255 port 67 interval 7
Jun 30 11:10:38 fw.rodolfoarce.local dhclient[10762]: No DHCPOFFERS received.
Jun 30 11:10:38 fw.rodolfoarce.local dhclient[10762]: No working leases in persistent database - sleeping.
Jun 30 07:10:38 fw.rodolfoarce.local dhclient[13907]: FAIL
Jun 30 11:10:53 fw.rodolfoarce.local dhclient[10762]: DHCPDISCOVER on vtnet0 to 255.255.255.255 port 67 interval 1
Jun 30 11:10:55 fw.rodolfoarce.local dhclient[10762]: DHCPDISCOVER on vtnet0 to 255.255.255.255 port 67 interval 2
Jun 30 11:10:57 fw.rodolfoarce.local dhclient[10762]: DHCPDISCOVER on vtnet0 to 255.255.255.255 port 67 interval 4
Jun 30 11:11:00 fw.rodolfoarce.local /usr/sbin/cron[14433]: (root) CMD (/usr/sbin/newsyslog)
Jun 30 11:11:01 fw.rodolfoarce.local dhclient[10762]: DHCPDISCOVER on vtnet0 to 255.255.255.255 port 67 interval 11
Jun 30 11:11:06 fw.rodolfoarce.local dhcp6c[28115]: Sending Solicit
Jun 30 11:11:12 fw.rodolfoarce.local dhclient[10762]: DHCPDISCOVER on vtnet0 to 255.255.255.255 port 67 interval 11
Jun 30 11:11:23 fw.rodolfoarce.local dhclient[10762]: DHCPDISCOVER on vtnet0 to 255.255.255.255 port 67 interval 14
Jun 30 11:11:37 fw.rodolfoarce.local dhclient[10762]: DHCPDISCOVER on vtnet0 to 255.255.255.255 port 67 interval 16
Jun 30 11:11:53 fw.rodolfoarce.local dhclient[10762]: DHCPDISCOVER on vtnet0 to 255.255.255.255 port 67 interval 1
Jun 30 11:11:54 fw.rodolfoarce.local dhclient[10762]: No DHCPOFFERS received.
Jun 30 11:11:54 fw.rodolfoarce.local dhclient[10762]: No working leases in persistent database - sleeping.
Jun 30 07:11:54 fw.rodolfoarce.local dhclient[34019]: FAIL
Jun 30 11:12:00 fw.rodolfoarce.local /usr/sbin/cron[34247]: (root) CMD (/usr/sbin/newsyslog)
Jun 30 11:12:09 fw.rodolfoarce.local dhclient[10762]: DHCPDISCOVER on vtnet0 to 255.255.255.255 port 67 interval 1
Jun 30 11:12:10 fw.rodolfoarce.local dhclient[10762]: DHCPDISCOVER on vtnet0 to 255.255.255.255 port 67 interval 2
Jun 30 11:12:12 fw.rodolfoarce.local dhclient[10762]: DHCPDISCOVER on vtnet0 to 255.255.255.255 port 67 interval 5
Jun 30 11:12:17 fw.rodolfoarce.local dhclient[10762]: DHCPDISCOVER on vtnet0 to 255.255.255.255 port 67 interval 8
Jun 30 11:12:26 fw.rodolfoarce.local dhclient[10762]: DHCPDISCOVER on vtnet0 to 255.255.255.255 port 67 interval 12
Jun 30 11:12:38 fw.rodolfoarce.local dhclient[10762]: DHCPDISCOVER on vtnet0 to 255.255.255.255 port 67 interval 20
Jun 30 11:12:58 fw.rodolfoarce.local dhclient[10762]: DHCPDISCOVER on vtnet0 to 255.255.255.255 port 67 interval 11
Jun 30 11:13:00 fw.rodolfoarce.local /usr/sbin/cron[53829]: (root) CMD (/usr/sbin/newsyslog)
Jun 30 11:13:09 fw.rodolfoarce.local dhclient[10762]: DHCPDISCOVER on vtnet0 to 255.255.255.255 port 67 interval 1
Jun 30 11:13:10 fw.rodolfoarce.local dhclient[10762]: No DHCPOFFERS received.
Jun 30 11:13:10 fw.rodolfoarce.local dhclient[10762]: No working leases in persistent database - sleeping.
Jun 30 07:13:10 fw.rodolfoarce.local dhclient[55139]: FAIL
Jun 30 11:13:10 fw.rodolfoarce.local dhcp6c[28115]: Sending Solicit
Jun 30 11:13:25 fw.rodolfoarce.local dhclient[10762]: DHCPDISCOVER on vtnet0 to 255.255.255.255 port 67 interval 2
Jun 30 11:13:27 fw.rodolfoarce.local dhclient[10762]: DHCPDISCOVER on vtnet0 to 255.255.255.255 port 67 interval 5
Jun 30 11:13:32 fw.rodolfoarce.local dhclient[10762]: DHCPDISCOVER on vtnet0 to 255.255.255.255 port 67 interval 6
Jun 30 11:13:38 fw.rodolfoarce.local dhclient[10762]: DHCPDISCOVER on vtnet0 to 255.255.255.255 port 67 interval 8
Jun 30 11:13:46 fw.rodolfoarce.local dhclient[10762]: DHCPDISCOVER on vtnet0 to 255.255.255.255 port 67 interval 10
Jun 30 11:13:56 fw.rodolfoarce.local dhclient[10762]: DHCPDISCOVER on vtnet0 to 255.255.255.255 port 67 interval 9
Jun 30 11:14:00 fw.rodolfoarce.local /usr/sbin/cron[73191]: (root) CMD (/usr/sbin/newsyslog)
Jun 30 11:14:05 fw.rodolfoarce.local dhclient[10762]: DHCPDISCOVER on vtnet0 to 255.255.255.255 port 67 interval 10
Jun 30 11:14:15 fw.rodolfoarce.local dhclient[10762]: DHCPDISCOVER on vtnet0 to 255.255.255.255 port 67 interval 11
Jun 30 11:14:26 fw.rodolfoarce.local dhclient[10762]: No DHCPOFFERS received.
Jun 30 11:14:26 fw.rodolfoarce.local dhclient[10762]: No working leases in persistent database - sleeping.
Jun 30 07:14:26 fw.rodolfoarce.local dhclient[74004]: FAIL
Jun 30 11:14:42 fw.rodolfoarce.local dhclient[10762]: DHCPDISCOVER on vtnet0 to 255.255.255.255 port 67 interval 2
Jun 30 11:14:44 fw.rodolfoarce.local dhclient[10762]: DHCPDISCOVER on vtnet0 to 255.255.255.255 port 67 interval 3
Jun 30 11:14:47 fw.rodolfoarce.local dhclient[10762]: DHCPDISCOVER on vtnet0 to 255.255.255.255 port 67 interval 5
Jun 30 11:14:52 fw.rodolfoarce.local dhclient[10762]: DHCPDISCOVER on vtnet0 to 255.255.255.255 port 67 interval 5
Jun 30 11:14:57 fw.rodolfoarce.local dhclient[10762]: DHCPDISCOVER on vtnet0 to 255.255.255.255 port 67 interval 10
Jun 30 11:15:00 fw.rodolfoarce.local /usr/sbin/cron[91734]: (root) CMD (/usr/libexec/atrun)
Jun 30 11:15:00 fw.rodolfoarce.local /usr/sbin/cron[91701]: (root) CMD (/usr/sbin/newsyslog)
Jun 30 11:15:07 fw.rodolfoarce.local dhclient[10762]: DHCPDISCOVER on vtnet0 to 255.255.255.255 port 67 interval 10
Jun 30 11:15:12 fw.rodolfoarce.local dhcp6c[28115]: Sending Solicit
Jun 30 11:15:17 fw.rodolfoarce.local dhclient[10762]: DHCPDISCOVER on vtnet0 to 255.255.255.255 port 67 interval 20
Jun 30 11:15:37 fw.rodolfoarce.local dhclient[10762]: DHCPDISCOVER on vtnet0 to 255.255.255.255 port 67 interval 6
Jun 30 11:15:43 fw.rodolfoarce.local dhclient[10762]: No DHCPOFFERS received.
Jun 30 11:15:43 fw.rodolfoarce.local dhclient[10762]: No working leases in persistent database - sleeping.
Jun 30 07:15:43 fw.rodolfoarce.local dhclient[13355]: FAIL
Jun 30 11:15:58 fw.rodolfoarce.local dhclient[10762]: DHCPDISCOVER on vtnet0 to 255.255.255.255 port 67 interval 1
Jun 30 11:15:59 fw.rodolfoarce.local dhclient[10762]: DHCPDISCOVER on vtnet0 to 255.255.255.255 port 67 interval 2
Jun 30 11:16:00 fw.rodolfoarce.local /usr/sbin/cron[14132]: (root) CMD (/usr/sbin/newsyslog)
Jun 30 11:16:01 fw.rodolfoarce.local dhclient[10762]: DHCPDISCOVER on vtnet0 to 255.255.255.255 port 67 interval 4
Jun 30 11:16:06 fw.rodolfoarce.local dhclient[10762]: DHCPDISCOVER on vtnet0 to 255.255.255.255 port 67 interval 7
Jun 30 11:16:13 fw.rodolfoarce.local dhclient[10762]: DHCPDISCOVER on vtnet0 to 255.255.255.255 port 67 interval 9
Jun 30 11:16:20 fw.rodolfoarce.local filterlog[32783]: 4,,,1000000103,vtnet0,match,block,in,4,0x14,,235,54321,0,none,6,tcp,40,47.245.32.141,10.255.255.1,34696,22,0,S,3227724914,,65535,,
Jun 30 11:16:22 fw.rodolfoarce.local dhclient[10762]: DHCPDISCOVER on vtnet0 to 255.255.255.255 port 67 interval 20
Jun 30 11:16:42 fw.rodolfoarce.local dhclient[10762]: DHCPDISCOVER on vtnet0 to 255.255.255.255 port 67 interval 10
Jun 30 11:16:52 fw.rodolfoarce.local dhclient[10762]: DHCPDISCOVER on vtnet0 to 255.255.255.255 port 67 interval 7
Jun 30 11:16:59 fw.rodolfoarce.local dhclient[10762]: No DHCPOFFERS received.
Jun 30 11:16:59 fw.rodolfoarce.local dhclient[10762]: No working leases in persistent database - sleeping.
Jun 30 07:16:59 fw.rodolfoarce.local dhclient[32016]: FAIL
Jun 30 11:17:00 fw.rodolfoarce.local /usr/sbin/cron[32636]: (root) CMD (/usr/sbin/newsyslog)
Jun 30 11:17:07 fw.rodolfoarce.local dhcp6c[28115]: Sending Solicit
Jun 30 11:17:14 fw.rodolfoarce.local dhclient[10762]: DHCPDISCOVER on vtnet0 to 255.255.255.255 port 67 interval 2
Jun 30 11:17:16 fw.rodolfoarce.local dhclient[10762]: DHCPDISCOVER on vtnet0 to 255.255.255.255 port 67 interval 5
Jun 30 11:17:21 fw.rodolfoarce.local dhclient[10762]: DHCPDISCOVER on vtnet0 to 255.255.255.255 port 67 interval 13
Jun 30 11:17:34 fw.rodolfoarce.local dhclient[10762]: DHCPDISCOVER on vtnet0 to 255.255.255.255 port 67 interval 14
Jun 30 11:17:48 fw.rodolfoarce.local dhclient[10762]: DHCPDISCOVER on vtnet0 to 255.255.255.255 port 67 interval 10
Jun 30 11:17:59 fw.rodolfoarce.local dhclient[10762]: DHCPDISCOVER on vtnet0 to 255.255.255.255 port 67 interval 9
Jun 30 11:18:00 fw.rodolfoarce.local /usr/sbin/cron[52151]: (root) CMD (/usr/sbin/newsyslog)
Jun 30 11:18:08 fw.rodolfoarce.local dhclient[10762]: DHCPDISCOVER on vtnet0 to 255.255.255.255 port 67 interval 7
Jun 30 11:18:15 fw.rodolfoarce.local dhclient[10762]: No DHCPOFFERS received.
Jun 30 11:18:15 fw.rodolfoarce.local dhclient[10762]: No working leases in persistent database - sleeping.
Jun 30 07:18:15 fw.rodolfoarce.local dhclient[53078]: FAIL
Jun 30 11:18:30 fw.rodolfoarce.local dhclient[10762]: DHCPDISCOVER on vtnet0 to 255.255.255.255 port 67 interval 1
Jun 30 11:18:31 fw.rodolfoarce.local dhclient[10762]: DHCPDISCOVER on vtnet0 to 255.255.255.255 port 67 interval 2
Jun 30 11:18:33 fw.rodolfoarce.local dhclient[10762]: DHCPDISCOVER on vtnet0 to 255.255.255.255 port 67 interval 3
Jun 30 11:18:36 fw.rodolfoarce.local dhclient[10762]: DHCPDISCOVER on vtnet0 to 255.255.255.255 port 67 interval 6
Jun 30 11:18:42 fw.rodolfoarce.local dhclient[10762]: DHCPDISCOVER on vtnet0 to 255.255.255.255 port 67 interval 12
Jun 30 11:18:54 fw.rodolfoarce.local dhclient[10762]: DHCPDISCOVER on vtnet0 to 255.255.255.255 port 67 interval 16
Jun 30 11:19:00 fw.rodolfoarce.local /usr/sbin/cron[71278]: (root) CMD (/usr/sbin/newsyslog)
Jun 30 11:19:04 fw.rodolfoarce.local dhcp6c[28115]: Sending Solicit
Jun 30 11:19:10 fw.rodolfoarce.local dhclient[10762]: DHCPDISCOVER on vtnet0 to 255.255.255.255 port 67 interval 9
Jun 30 11:19:19 fw.rodolfoarce.local dhclient[10762]: DHCPDISCOVER on vtnet0 to 255.255.255.255 port 67 interval 12
Jun 30 11:19:31 fw.rodolfoarce.local dhclient[10762]: No DHCPOFFERS received.
Jun 30 11:19:31 fw.rodolfoarce.local dhclient[10762]: No working leases in persistent database - sleeping.
Jun 30 07:19:31 fw.rodolfoarce.local dhclient[71958]: FAIL
Jun 30 11:19:47 fw.rodolfoarce.local dhclient[10762]: DHCPDISCOVER on vtnet0 to 255.255.255.255 port 67 interval 1
Jun 30 11:19:48 fw.rodolfoarce.local dhclient[10762]: DHCPDISCOVER on vtnet0 to 255.255.255.255 port 67 interval 2
Jun 30 11:19:50 fw.rodolfoarce.local dhclient[10762]: DHCPDISCOVER on vtnet0 to 255.255.255.255 port 67 interval 4
Jun 30 11:19:54 fw.rodolfoarce.local dhclient[10762]: DHCPDISCOVER on vtnet0 to 255.255.255.255 port 67 interval 6
Jun 30 11:20:00 fw.rodolfoarce.local /usr/sbin/cron[91313]: (root) CMD (/usr/sbin/newsyslog)
Jun 30 11:20:00 fw.rodolfoarce.local /usr/sbin/cron[91409]: (root) CMD (/usr/libexec/atrun)
Jun 30 11:20:00 fw.rodolfoarce.local dhclient[10762]: DHCPDISCOVER on vtnet0 to 255.255.255.255 port 67 interval 10
Jun 30 11:20:10 fw.rodolfoarce.local dhclient[10762]: DHCPDISCOVER on vtnet0 to 255.255.255.255 port 67 interval 15
Jun 30 11:20:25 fw.rodolfoarce.local dhclient[10762]: DHCPDISCOVER on vtnet0 to 255.255.255.255 port 67 interval 9
Jun 30 11:20:34 fw.rodolfoarce.local dhclient[10762]: DHCPDISCOVER on vtnet0 to 255.255.255.255 port 67 interval 14
Jun 30 11:20:48 fw.rodolfoarce.local dhclient[10762]: No DHCPOFFERS received.
Jun 30 11:20:48 fw.rodolfoarce.local dhclient[10762]: No working leases in persistent database - sleeping.
Jun 30 07:20:48 fw.rodolfoarce.local dhclient[10484]: FAIL
Jun 30 11:21:00 fw.rodolfoarce.local /usr/sbin/cron[11047]: (root) CMD (/usr/sbin/newsyslog)
Jun 30 11:21:03 fw.rodolfoarce.local dhclient[10762]: DHCPDISCOVER on vtnet0 to 255.255.255.255 port 67 interval 1
Jun 30 11:21:04 fw.rodolfoarce.local dhclient[10762]: DHCPDISCOVER on vtnet0 to 255.255.255.255 port 67 interval 1
Jun 30 11:21:05 fw.rodolfoarce.local dhclient[10762]: DHCPDISCOVER on vtnet0 to 255.255.255.255 port 67 interval 2
Jun 30 11:21:07 fw.rodolfoarce.local dhclient[10762]: DHCPDISCOVER on vtnet0 to 255.255.255.255 port 67 interval 2
Jun 30 11:21:09 fw.rodolfoarce.local dhclient[10762]: DHCPDISCOVER on vtnet0 to 255.255.255.255 port 67 interval 3
Jun 30 11:21:10 fw.rodolfoarce.local dhcp6c[28115]: Sending Solicit
Jun 30 11:21:12 fw.rodolfoarce.local dhclient[10762]: DHCPDISCOVER on vtnet0 to 255.255.255.255 port 67 interval 7
Jun 30 11:21:20 fw.rodolfoarce.local dhclient[10762]: DHCPDISCOVER on vtnet0 to 255.255.255.255 port 67 interval 8
Jun 30 11:21:28 fw.rodolfoarce.local dhclient[10762]: DHCPDISCOVER on vtnet0 to 255.255.255.255 port 67 interval 8
Jun 30 11:21:36 fw.rodolfoarce.local dhclient[10762]: DHCPDISCOVER on vtnet0 to 255.255.255.255 port 67 interval 14
Jun 30 11:21:50 fw.rodolfoarce.local dhclient[10762]: DHCPDISCOVER on vtnet0 to 255.255.255.255 port 67 interval 10
Jun 30 11:22:00 fw.rodolfoarce.local /usr/sbin/cron[30945]: (root) CMD (/usr/sbin/newsyslog)
Jun 30 11:22:00 fw.rodolfoarce.local dhclient[10762]: DHCPDISCOVER on vtnet0 to 255.255.255.255 port 67 interval 4
Jun 30 11:22:04 fw.rodolfoarce.local dhclient[10762]: No DHCPOFFERS received.
Jun 30 11:22:04 fw.rodolfoarce.local dhclient[10762]: No working leases in persistent database - sleeping.
Jun 30 07:22:04 fw.rodolfoarce.local dhclient[32447]: FAIL
Jun 30 11:22:19 fw.rodolfoarce.local dhclient[10762]: DHCPDISCOVER on vtnet0 to 255.255.255.255 port 67 interval 1
Jun 30 11:22:21 fw.rodolfoarce.local dhclient[10762]: message repeated 2 times: [ DHCPDISCOVER on vtnet0 to 255.255.255.255 port 67 interval 1]
Jun 30 11:22:22 fw.rodolfoarce.local dhclient[10762]: DHCPDISCOVER on vtnet0 to 255.255.255.255 port 67 interval 2
Jun 30 11:22:24 fw.rodolfoarce.local dhclient[10762]: DHCPDISCOVER on vtnet0 to 255.255.255.255 port 67 interval 4
Jun 30 11:22:28 fw.rodolfoarce.local dhclient[10762]: DHCPDISCOVER on vtnet0 to 255.255.255.255 port 67 interval 10
Jun 30 11:22:39 fw.rodolfoarce.local dhclient[10762]: DHCPDISCOVER on vtnet0 to 255.255.255.255 port 67 interval 15
Jun 30 11:22:54 fw.rodolfoarce.local dhclient[10762]: DHCPDISCOVER on vtnet0 to 255.255.255.255 port 67 interval 13
Jun 30 11:23:00 fw.rodolfoarce.local /usr/sbin/cron[49667]: (root) CMD (/usr/sbin/newsyslog)
Jun 30 11:23:00 fw.rodolfoarce.local dhcp6c[28115]: Sending Solicit
Jun 30 11:23:07 fw.rodolfoarce.local dhclient[10762]: DHCPDISCOVER on vtnet0 to 255.255.255.255 port 67 interval 8
Jun 30 11:23:15 fw.rodolfoarce.local dhclient[10762]: DHCPDISCOVER on vtnet0 to 255.255.255.255 port 67 interval 5
Jun 30 11:23:20 fw.rodolfoarce.local dhclient[10762]: No DHCPOFFERS received.
Jun 30 11:23:20 fw.rodolfoarce.local dhclient[10762]: No working leases in persistent database - sleeping.
Jun 30 07:23:20 fw.rodolfoarce.local dhclient[50216]: FAIL
Jun 30 11:23:35 fw.rodolfoarce.local dhclient[10762]: DHCPDISCOVER on vtnet0 to 255.255.255.255 port 67 interval 1
Jun 30 11:23:37 fw.rodolfoarce.local dhclient[10762]: message repeated 2 times: [ DHCPDISCOVER on vtnet0 to 255.255.255.255 port 67 interval 1]
Jun 30 11:23:38 fw.rodolfoarce.local dhclient[10762]: DHCPDISCOVER on vtnet0 to 255.255.255.255 port 67 interval 2
Jun 30 11:23:40 fw.rodolfoarce.local dhclient[10762]: DHCPDISCOVER on vtnet0 to 255.255.255.255 port 67 interval 4
Jun 30 11:23:45 fw.rodolfoarce.local dhclient[10762]: DHCPDISCOVER on vtnet0 to 255.255.255.255 port 67 interval 9
Jun 30 11:23:54 fw.rodolfoarce.local dhclient[10762]: DHCPDISCOVER on vtnet0 to 255.255.255.255 port 67 interval 16
Jun 30 11:24:00 fw.rodolfoarce.local /usr/sbin/cron[67784]: (root) CMD (/usr/sbin/newsyslog)
Jun 30 11:24:10 fw.rodolfoarce.local dhclient[10762]: DHCPDISCOVER on vtnet0 to 255.255.255.255 port 67 interval 13
Jun 30 11:24:23 fw.rodolfoarce.local dhclient[10762]: DHCPDISCOVER on vtnet0 to 255.255.255.255 port 67 interval 13
Jun 30 11:24:36 fw.rodolfoarce.local dhclient[10762]: No DHCPOFFERS received.
Jun 30 11:24:36 fw.rodolfoarce.local dhclient[10762]: No working leases in persistent database - sleeping.
Jun 30 07:24:36 fw.rodolfoarce.local dhclient[68776]: FAIL
Jun 30 11:24:51 fw.rodolfoarce.local dhclient[10762]: DHCPDISCOVER on vtnet0 to 255.255.255.255 port 67 interval 2
Jun 30 11:24:52 fw.rodolfoarce.local dhcp6c[28115]: Sending Solicit
Jun 30 11:24:53 fw.rodolfoarce.local dhclient[10762]: DHCPDISCOVER on vtnet0 to 255.255.255.255 port 67 interval 4
Jun 30 11:24:57 fw.rodolfoarce.local dhclient[10762]: DHCPDISCOVER on vtnet0 to 255.255.255.255 port 67 interval 10
Jun 30 11:25:00 fw.rodolfoarce.local /usr/sbin/cron[85909]: (root) CMD (/usr/libexec/atrun)
Jun 30 11:25:00 fw.rodolfoarce.local /usr/sbin/cron[85754]: (root) CMD (/usr/sbin/newsyslog)
Jun 30 11:25:07 fw.rodolfoarce.local dhclient[10762]: DHCPDISCOVER on vtnet0 to 255.255.255.255 port 67 interval 17
Jun 30 11:25:24 fw.rodolfoarce.local dhclient[10762]: DHCPDISCOVER on vtnet0 to 255.255.255.255 port 67 interval 11
Jun 30 11:25:35 fw.rodolfoarce.local dhclient[10762]: DHCPDISCOVER on vtnet0 to 255.255.255.255 port 67 interval 14
Jun 30 11:25:49 fw.rodolfoarce.local dhclient[10762]: DHCPDISCOVER on vtnet0 to 255.255.255.255 port 67 interval 3
Jun 30 11:25:53 fw.rodolfoarce.local dhclient[10762]: No DHCPOFFERS received.
Jun 30 11:25:53 fw.rodolfoarce.local dhclient[10762]: No working leases in persistent database - sleeping.
Jun 30 07:25:53 fw.rodolfoarce.local dhclient[5368]: FAIL
Jun 30 11:26:00 fw.rodolfoarce.local /usr/sbin/cron[5904]: (root) CMD (/usr/sbin/newsyslog)
Jun 30 11:26:08 fw.rodolfoarce.local dhclient[10762]: DHCPDISCOVER on vtnet0 to 255.255.255.255 port 67 interval 2
Jun 30 11:26:10 fw.rodolfoarce.local dhclient[10762]: DHCPDISCOVER on vtnet0 to 255.255.255.255 port 67 interval 5
Jun 30 11:26:15 fw.rodolfoarce.local dhclient[10762]: DHCPDISCOVER on vtnet0 to 255.255.255.255 port 67 interval 7
Jun 30 11:26:22 fw.rodolfoarce.local dhclient[10762]: DHCPDISCOVER on vtnet0 to 255.255.255.255 port 67 interval 10
Jun 30 11:26:32 fw.rodolfoarce.local dhclient[10762]: DHCPDISCOVER on vtnet0 to 255.255.255.255 port 67 interval 18
Jun 30 11:26:50 fw.rodolfoarce.local dhclient[10762]: DHCPDISCOVER on vtnet0 to 255.255.255.255 port 67 interval 19
Jun 30 11:26:51 fw.rodolfoarce.local dhcp6c[28115]: Sending Solicit
Jun 30 11:27:00 fw.rodolfoarce.local /usr/sbin/cron[25140]: (root) CMD (/usr/sbin/newsyslog)
Jun 30 11:27:09 fw.rodolfoarce.local dhclient[10762]: No DHCPOFFERS received.
Jun 30 11:27:09 fw.rodolfoarce.local dhclient[10762]: No working leases in persistent database - sleeping.
Jun 30 07:27:09 fw.rodolfoarce.local dhclient[25936]: FAIL
Jun 30 11:27:24 fw.rodolfoarce.local dhclient[10762]: DHCPDISCOVER on vtnet0 to 255.255.255.255 port 67 interval 2
Jun 30 11:27:26 fw.rodolfoarce.local dhclient[10762]: DHCPDISCOVER on vtnet0 to 255.255.255.255 port 67 interval 5
Jun 30 11:27:31 fw.rodolfoarce.local dhclient[10762]: DHCPDISCOVER on vtnet0 to 255.255.255.255 port 67 interval 9
Jun 30 11:27:40 fw.rodolfoarce.local dhclient[10762]: DHCPDISCOVER on vtnet0 to 255.255.255.255 port 67 interval 7
Jun 30 11:27:47 fw.rodolfoarce.local dhclient[10762]: DHCPDISCOVER on vtnet0 to 255.255.255.255 port 67 interval 9
Jun 30 11:27:57 fw.rodolfoarce.local dhclient[10762]: DHCPDISCOVER on vtnet0 to 255.255.255.255 port 67 interval 16
Jun 30 11:28:00 fw.rodolfoarce.local /usr/sbin/cron[43327]: (root) CMD (/usr/sbin/newsyslog)
Jun 30 11:28:13 fw.rodolfoarce.local dhclient[10762]: DHCPDISCOVER on vtnet0 to 255.255.255.255 port 67 interval 12
Jun 30 11:28:25 fw.rodolfoarce.local dhclient[10762]: No DHCPOFFERS received.
Jun 30 11:28:25 fw.rodolfoarce.local dhclient[10762]: No working leases in persistent database - sleeping.
Jun 30 07:28:25 fw.rodolfoarce.local dhclient[44138]: FAIL
Jun 30 11:28:40 fw.rodolfoarce.local dhclient[10762]: DHCPDISCOVER on vtnet0 to 255.255.255.255 port 67 interval 2
Jun 30 11:28:42 fw.rodolfoarce.local dhclient[10762]: DHCPDISCOVER on vtnet0 to 255.255.255.255 port 67 interval 3
Jun 30 11:28:45 fw.rodolfoarce.local dhclient[10762]: DHCPDISCOVER on vtnet0 to 255.255.255.255 port 67 interval 8
Jun 30 11:28:46 fw.rodolfoarce.local dhcp6c[28115]: Sending Solicit
Jun 30 11:28:53 fw.rodolfoarce.local dhclient[10762]: DHCPDISCOVER on vtnet0 to 255.255.255.255 port 67 interval 12
Jun 30 11:29:00 fw.rodolfoarce.local /usr/sbin/cron[62509]: (root) CMD (/usr/sbin/newsyslog)
Jun 30 11:29:05 fw.rodolfoarce.local dhclient[10762]: DHCPDISCOVER on vtnet0 to 255.255.255.255 port 67 interval 13
Jun 30 11:29:18 fw.rodolfoarce.local dhclient[10762]: DHCPDISCOVER on vtnet0 to 255.255.255.255 port 67 interval 10
Jun 30 11:29:28 fw.rodolfoarce.local dhclient[10762]: DHCPDISCOVER on vtnet0 to 255.255.255.255 port 67 interval 13
Jun 30 11:29:41 fw.rodolfoarce.local dhclient[10762]: No DHCPOFFERS received.
Jun 30 11:29:41 fw.rodolfoarce.local dhclient[10762]: No working leases in persistent database - sleeping.
Jun 30 07:29:41 fw.rodolfoarce.local dhclient[63724]: FAIL
Jun 30 11:29:56 fw.rodolfoarce.local dhclient[10762]: DHCPDISCOVER on vtnet0 to 255.255.255.255 port 67 interval 1
Jun 30 11:29:58 fw.rodolfoarce.local dhclient[10762]: DHCPDISCOVER on vtnet0 to 255.255.255.255 port 67 interval 1
Jun 30 11:29:59 fw.rodolfoarce.local dhclient[10762]: DHCPDISCOVER on vtnet0 to 255.255.255.255 port 67 interval 2
Jun 30 11:30:00 fw.rodolfoarce.local /usr/sbin/cron[82757]: (root) CMD (/usr/libexec/atrun)
Jun 30 11:30:00 fw.rodolfoarce.local /usr/sbin/cron[82415]: (root) CMD (/usr/sbin/newsyslog)
Jun 30 11:30:01 fw.rodolfoarce.local dhclient[10762]: DHCPDISCOVER on vtnet0 to 255.255.255.255 port 67 interval 3
Jun 30 11:30:04 fw.rodolfoarce.local dhclient[10762]: DHCPDISCOVER on vtnet0 to 255.255.255.255 port 67 interval 6
Jun 30 11:30:10 fw.rodolfoarce.local dhclient[10762]: DHCPDISCOVER on vtnet0 to 255.255.255.255 port 67 interval 7
Jun 30 11:30:17 fw.rodolfoarce.local dhclient[10762]: DHCPDISCOVER on vtnet0 to 255.255.255.255 port 67 interval 10
Jun 30 11:30:27 fw.rodolfoarce.local dhclient[10762]: DHCPDISCOVER on vtnet0 to 255.255.255.255 port 67 interval 15
