Jul  2 00:47:53 fw.rodolfoarce.local filterlog[32783]: 4,,,1000000103,vtnet0,match,block,in,4,0x0,,54,51573,0,none,17,udp,71,208.69.36.154,10.255.255.1,16606,53,51
Jul  2 00:47:53 fw.rodolfoarce.local dhclient[10762]: DHCPDISCOVER on vtnet0 to 255.255.255.255 port 67 interval 21
Jul  2 00:47:54 fw.rodolfoarce.local filterlog[32783]: 4,,,1000000103,vtnet0,match,block,in,4,0x60,,48,47982,0,none,17,udp,83,59.18.42.63,10.255.255.1,57363,53,63
Jul  2 00:47:54 fw.rodolfoarce.local filterlog[32783]: 4,,,1000000103,vtnet0,match,block,in,4,0x0,,46,53625,0,none,17,udp,71,190.240.112.181,10.255.255.1,14491,53,51
Jul  2 00:47:54 fw.rodolfoarce.local filterlog[32783]: 4,,,1000000103,vtnet0,match,block,in,4,0x80,,114,38484,0,none,17,udp,71,74.125.16.161,10.255.255.1,40433,53,51
Jul  2 00:47:54 fw.rodolfoarce.local filterlog[32783]: 4,,,1000000103,vtnet0,match,block,in,4,0x60,,48,4532,0,none,17,udp,83,59.18.42.16,10.255.255.1,34246,53,63
Jul  2 00:47:54 fw.rodolfoarce.local filterlog[32783]: 4,,,1000000103,vtnet0,match,block,in,4,0x0,,46,62574,0,none,17,udp,60,190.240.112.183,10.255.255.1,22723,53,40
Jul  2 00:47:55 fw.rodolfoarce.local filterlog[32783]: 4,,,1000000103,vtnet0,match,block,in,4,0x0,,109,37819,0,none,17,udp,71,222.122.166.141,10.255.255.1,52887,53,51
Jul  2 00:47:55 fw.rodolfoarce.local filterlog[32783]: 4,,,1000000103,vtnet0,match,block,in,4,0x0,,54,32567,0,none,17,udp,71,208.69.36.154,10.255.255.1,6520,53,51
Jul  2 00:47:55 fw.rodolfoarce.local filterlog[32783]: 4,,,1000000103,vtnet0,match,block,in,4,0x60,,48,4844,0,none,17,udp,83,59.18.42.16,10.255.255.1,34331,53,63
Jul  2 00:47:55 fw.rodolfoarce.local filterlog[32783]: 4,,,1000000103,vtnet0,match,block,in,4,0x0,,54,40838,0,none,17,udp,71,208.69.36.154,10.255.255.1,63487,53,51
Jul  2 00:47:56 fw.rodolfoarce.local filterlog[32783]: 4,,,1000000103,vtnet0,match,block,in,4,0x0,,54,42355,0,none,17,udp,71,208.69.36.154,10.255.255.1,15144,53,51
Jul  2 00:47:56 fw.rodolfoarce.local filterlog[32783]: 4,,,1000000103,vtnet0,match,block,in,4,0x60,,48,5397,0,none,17,udp,83,59.18.42.16,10.255.255.1,42355,53,63
Jul  2 00:47:57 fw.rodolfoarce.local filterlog[32783]: 4,,,1000000103,vtnet0,match,block,in,4,0x0,,54,27633,0,none,17,udp,71,208.69.36.154,10.255.255.1,24877,53,51
Jul  2 00:47:58 fw.rodolfoarce.local filterlog[32783]: 4,,,1000000103,vtnet0,match,block,in,4,0x0,,49,57936,0,DF,17,udp,71,169.1.2.11,10.255.255.1,52113,53,51
Jul  2 00:47:58 fw.rodolfoarce.local filterlog[32783]: 4,,,1000000103,vtnet0,match,block,in,4,0x0,,48,17278,0,none,17,udp,71,193.232.132.81,10.255.255.1,58278,53,51
Jul  2 00:47:58 fw.rodolfoarce.local filterlog[32783]: 4,,,1000000103,vtnet0,match,block,in,4,0x60,,48,6399,0,none,17,udp,83,59.18.42.16,10.255.255.1,37358,53,63
Jul  2 00:47:58 fw.rodolfoarce.local filterlog[32783]: 4,,,1000000103,vtnet0,match,block,in,4,0x0,,48,17450,0,none,17,udp,71,193.232.132.81,10.255.255.1,45933,53,51
Jul  2 00:47:59 fw.rodolfoarce.local filterlog[32783]: 4,,,1000000103,vtnet0,match,block,in,4,0x0,,48,40920,0,none,17,udp,71,202.136.163.11,10.255.255.1,13711,53,51
Jul  2 00:47:59 fw.rodolfoarce.local filterlog[32783]: 4,,,1000000103,vtnet0,match,block,in,4,0x0,,47,56260,0,none,17,udp,60,190.240.112.181,10.255.255.1,60003,53,40
Jul  2 00:47:59 fw.rodolfoarce.local filterlog[32783]: 4,,,1000000103,vtnet0,match,block,in,4,0x0,,49,6807,0,DF,17,udp,71,169.1.2.13,10.255.255.1,63495,53,51
Jul  2 00:47:59 fw.rodolfoarce.local filterlog[32783]: 4,,,1000000103,vtnet0,match,block,in,4,0x0,,48,41086,0,none,17,udp,71,202.136.163.11,10.255.255.1,45102,53,51
Jul  2 00:48:00 fw.rodolfoarce.local /usr/sbin/cron[9305]: (root) CMD (/usr/sbin/newsyslog)
Jul  2 00:48:00 fw.rodolfoarce.local filterlog[32783]: 4,,,1000000103,vtnet0,match,block,in,4,0x0,,48,41779,0,none,17,udp,60,202.136.163.11,10.255.255.1,48522,53,40
Jul  2 00:48:01 fw.rodolfoarce.local filterlog[32783]: 4,,,1000000103,vtnet0,match,block,in,4,0x0,,49,32925,0,DF,17,udp,71,169.1.2.12,10.255.255.1,15538,53,51
Jul  2 00:48:01 fw.rodolfoarce.local filterlog[32783]: 4,,,1000000103,vtnet0,match,block,in,4,0x0,,47,35145,0,none,17,udp,60,190.240.112.182,10.255.255.1,35769,53,40
Jul  2 00:48:01 fw.rodolfoarce.local filterlog[32783]: 4,,,1000000103,vtnet0,match,block,in,4,0x0,,48,42549,0,none,17,udp,60,202.136.163.11,10.255.255.1,45097,53,40
Jul  2 00:48:01 fw.rodolfoarce.local filterlog[32783]: 4,,,1000000103,vtnet0,match,block,in,4,0x0,,50,45159,0,none,17,udp,71,207.180.201.180,10.255.255.1,56737,53,51
Jul  2 00:48:01 fw.rodolfoarce.local filterlog[32783]: 4,,,1000000103,vtnet0,match,block,in,4,0x0,,51,32917,0,DF,17,udp,71,172.70.81.6,10.255.255.1,45211,53,51
Jul  2 00:48:02 fw.rodolfoarce.local filterlog[32783]: 4,,,1000000103,vtnet0,match,block,in,4,0x0,,51,32918,0,DF,17,udp,71,172.70.81.6,10.255.255.1,45211,53,51
Jul  2 00:48:03 fw.rodolfoarce.local filterlog[32783]: 4,,,1000000103,vtnet0,match,block,in,4,0x0,,51,20038,0,DF,17,udp,71,172.70.81.6,10.255.255.1,40571,53,51
Jul  2 00:48:03 fw.rodolfoarce.local filterlog[32783]: 4,,,1000000103,vtnet0,match,block,in,4,0x0,,51,20039,0,DF,17,udp,71,172.70.81.6,10.255.255.1,40571,53,51
Jul  2 00:48:03 fw.rodolfoarce.local filterlog[32783]: 4,,,1000000103,vtnet0,match,block,in,4,0x0,,48,44219,0,none,17,udp,60,202.136.163.11,10.255.255.1,37579,53,40
Jul  2 00:48:05 fw.rodolfoarce.local filterlog[32783]: 4,,,1000000103,vtnet0,match,block,in,4,0x0,,48,44817,0,none,17,udp,60,202.136.163.11,10.255.255.1,63142,53,40
Jul  2 00:48:07 fw.rodolfoarce.local filterlog[32783]: 4,,,1000000103,vtnet0,match,block,in,4,0x0,,99,64675,0,none,17,udp,71,74.125.114.154,10.255.255.1,65180,53,51
Jul  2 00:48:07 fw.rodolfoarce.local filterlog[32783]: 4,,,1000000103,vtnet0,match,block,in,4,0x0,,99,58315,0,none,17,udp,71,74.125.114.150,10.255.255.1,60720,53,51
Jul  2 00:48:07 fw.rodolfoarce.local filterlog[32783]: 4,,,1000000103,vtnet0,match,block,in,4,0x0,,52,25801,0,none,17,udp,71,192.221.134.15,10.255.255.1,56486,53,51
Jul  2 00:48:07 fw.rodolfoarce.local filterlog[32783]: 4,,,1000000103,vtnet0,match,block,in,4,0x0,,99,423,0,none,17,udp,71,74.125.114.147,10.255.255.1,50868,53,51
Jul  2 00:48:08 fw.rodolfoarce.local filterlog[32783]: 4,,,1000000103,vtnet0,match,block,in,4,0x0,,52,5560,0,none,17,udp,71,192.221.134.11,10.255.255.1,63857,53,51
Jul  2 00:48:08 fw.rodolfoarce.local filterlog[32783]: 4,,,1000000103,vtnet0,match,block,in,4,0x80,,114,10928,0,none,17,udp,71,172.217.44.130,10.255.255.1,37852,53,51
Jul  2 00:48:08 fw.rodolfoarce.local filterlog[32783]: 4,,,1000000103,vtnet0,match,block,in,4,0x0,,99,65344,0,none,17,udp,71,74.125.74.145,10.255.255.1,41669,53,51
Jul  2 00:48:08 fw.rodolfoarce.local filterlog[32783]: 4,,,1000000103,vtnet0,match,block,in,4,0x0,,52,61928,0,none,17,udp,71,192.221.134.4,10.255.255.1,36506,53,51
Jul  2 00:48:09 fw.rodolfoarce.local filterlog[32783]: 4,,,1000000103,vtnet0,match,block,in,4,0x0,,52,37186,0,none,17,udp,71,192.221.134.8,10.255.255.1,5757,53,51
Jul  2 00:48:09 fw.rodolfoarce.local filterlog[32783]: 4,,,1000000103,vtnet0,match,block,in,4,0x0,,99,32473,0,none,17,udp,71,74.125.112.29,10.255.255.1,49011,53,51
Jul  2 00:48:09 fw.rodolfoarce.local filterlog[32783]: 4,,,1000000103,vtnet0,match,block,in,4,0x0,,99,21014,0,none,17,udp,71,74.125.74.16,10.255.255.1,47331,53,51
Jul  2 00:48:09 fw.rodolfoarce.local filterlog[32783]: 4,,,1000000103,vtnet0,match,block,in,4,0x0,,49,21606,0,DF,17,udp,71,162.158.180.69,10.255.255.1,32135,53,51
Jul  2 00:48:09 fw.rodolfoarce.local filterlog[32783]: 4,,,1000000103,vtnet0,match,block,in,4,0x0,,99,23172,0,none,17,udp,71,74.125.74.150,10.255.255.1,56385,53,51
Jul  2 00:48:09 fw.rodolfoarce.local filterlog[32783]: 4,,,1000000103,vtnet0,match,block,in,4,0x0,,99,12364,0,none,17,udp,71,172.217.37.149,10.255.255.1,57254,53,51
Jul  2 00:48:09 fw.rodolfoarce.local filterlog[32783]: 4,,,1000000103,vtnet0,match,block,in,4,0x0,,52,29975,0,none,17,udp,71,192.221.134.9,10.255.255.1,60386,53,51
Jul  2 00:48:10 fw.rodolfoarce.local filterlog[32783]: 4,,,1000000103,vtnet0,match,block,in,4,0x0,,49,21607,0,DF,17,udp,71,162.158.180.69,10.255.255.1,32135,53,51
Jul  2 00:48:10 fw.rodolfoarce.local filterlog[32783]: 4,,,1000000103,vtnet0,match,block,in,4,0x0,,99,12974,0,none,17,udp,71,172.217.37.147,10.255.255.1,40401,53,51
Jul  2 00:48:10 fw.rodolfoarce.local filterlog[32783]: 4,,,1000000103,vtnet0,match,block,in,4,0x0,,49,46727,0,DF,17,udp,71,162.158.180.146,10.255.255.1,34509,53,51
Jul  2 00:48:10 fw.rodolfoarce.local filterlog[32783]: 4,,,1000000103,vtnet0,match,block,in,4,0x0,,52,3113,0,none,17,udp,71,204.194.239.89,10.255.255.1,64815,53,51
Jul  2 00:48:10 fw.rodolfoarce.local filterlog[32783]: 4,,,1000000103,vtnet0,match,block,in,4,0x0,,52,64890,0,none,17,udp,71,204.194.239.89,10.255.255.1,35146,53,51
Jul  2 00:48:10 fw.rodolfoarce.local filterlog[32783]: 4,,,1000000103,vtnet0,match,block,in,4,0x0,,49,63681,0,DF,17,udp,71,162.158.180.69,10.255.255.1,38229,53,51
Jul  2 00:48:10 fw.rodolfoarce.local filterlog[32783]: 4,,,1000000103,vtnet0,match,block,in,4,0x0,,102,20740,0,none,17,udp,71,74.125.74.24,10.255.255.1,38712,53,51
Jul  2 00:48:11 fw.rodolfoarce.local filterlog[32783]: 4,,,1000000103,vtnet0,match,block,in,4,0x0,,49,46728,0,DF,17,udp,71,162.158.180.146,10.255.255.1,34509,53,51
Jul  2 00:48:11 fw.rodolfoarce.local filterlog[32783]: 4,,,1000000103,vtnet0,match,block,in,4,0x0,,50,34927,0,DF,17,udp,71,162.158.93.137,10.255.255.1,37293,53,51
Jul  2 00:48:11 fw.rodolfoarce.local filterlog[32783]: 4,,,1000000103,vtnet0,match,block,in,4,0x0,,49,2967,0,DF,17,udp,71,162.158.180.68,10.255.255.1,31277,53,51
Jul  2 00:48:11 fw.rodolfoarce.local filterlog[32783]: 4,,,1000000103,vtnet0,match,block,in,4,0x0,,52,44945,0,none,17,udp,71,204.194.239.89,10.255.255.1,34311,53,51
Jul  2 00:48:11 fw.rodolfoarce.local filterlog[32783]: 4,,,1000000103,vtnet0,match,block,in,4,0x0,,99,16407,0,none,17,udp,71,172.217.37.155,10.255.255.1,64046,53,51
Jul  2 00:48:11 fw.rodolfoarce.local filterlog[32783]: 4,,,1000000103,vtnet0,match,block,in,4,0x0,,49,63682,0,DF,17,udp,71,162.158.180.69,10.255.255.1,38229,53,51
Jul  2 00:48:11 fw.rodolfoarce.local filterlog[32783]: 4,,,1000000103,vtnet0,match,block,in,4,0x0,,51,40689,0,DF,6,tcp,60,172.70.81.135,10.255.255.1,10718,53,0,S,60695920,,65535,,mss;sackOK;TS;nop;wscale
Jul  2 00:48:11 fw.rodolfoarce.local filterlog[32783]: 4,,,1000000103,vtnet0,match,block,in,4,0x0,,51,19395,0,DF,17,udp,71,172.70.81.135,10.255.255.1,31166,53,51
Jul  2 00:48:11 fw.rodolfoarce.local filterlog[32783]: 4,,,1000000103,vtnet0,match,block,in,4,0x0,,52,22338,0,none,17,udp,71,192.221.134.2,10.255.255.1,64357,53,51
Jul  2 00:48:11 fw.rodolfoarce.local filterlog[32783]: 4,,,1000000103,vtnet0,match,block,in,4,0x0,,50,34928,0,DF,17,udp,71,162.158.93.137,10.255.255.1,37293,53,51
Jul  2 00:48:11 fw.rodolfoarce.local filterlog[32783]: 4,,,1000000103,vtnet0,match,block,in,4,0x0,,49,2968,0,DF,17,udp,71,162.158.180.68,10.255.255.1,31277,53,51
Jul  2 00:48:11 fw.rodolfoarce.local filterlog[32783]: 4,,,1000000103,vtnet0,match,block,in,4,0x0,,102,30245,0,none,17,udp,71,74.125.112.26,10.255.255.1,41452,53,51
Jul  2 00:48:11 fw.rodolfoarce.local filterlog[32783]: 4,,,1000000103,vtnet0,match,block,in,4,0x0,,51,19396,0,DF,17,udp,71,172.70.81.135,10.255.255.1,31166,53,51
Jul  2 00:48:12 fw.rodolfoarce.local filterlog[32783]: 4,,,1000000103,vtnet0,match,block,in,4,0x0,,51,40690,0,DF,6,tcp,60,172.70.81.135,10.255.255.1,10718,53,0,S,60695920,,65535,,mss;sackOK;TS;nop;wscale
Jul  2 00:48:12 fw.rodolfoarce.local filterlog[32783]: 4,,,1000000103,vtnet0,match,block,in,4,0x0,,52,6520,0,none,17,udp,71,204.194.239.89,10.255.255.1,6347,53,51
Jul  2 00:48:12 fw.rodolfoarce.local filterlog[32783]: 4,,,1000000103,vtnet0,match,block,in,4,0x0,,99,2368,0,none,17,udp,71,74.125.74.145,10.255.255.1,52627,53,51
Jul  2 00:48:12 fw.rodolfoarce.local filterlog[32783]: 4,,,1000000103,vtnet0,match,block,in,4,0x0,,113,26268,0,none,17,udp,71,172.253.10.194,10.255.255.1,47695,53,51
Jul  2 00:48:13 fw.rodolfoarce.local filterlog[32783]: 4,,,1000000103,vtnet0,match,block,in,4,0x0,,52,41665,0,none,17,udp,71,204.194.239.89,10.255.255.1,41433,53,51
Jul  2 00:48:13 fw.rodolfoarce.local filterlog[32783]: 4,,,1000000103,vtnet0,match,block,in,4,0x0,,52,11971,0,none,17,udp,71,204.194.239.89,10.255.255.1,6946,53,51
Jul  2 00:48:14 fw.rodolfoarce.local dhclient[10762]: DHCPDISCOVER on vtnet0 to 255.255.255.255 port 67 interval 7
Jul  2 00:48:14 fw.rodolfoarce.local filterlog[32783]: 4,,,1000000103,vtnet0,match,block,in,4,0x0,,53,39443,0,none,17,udp,71,172.253.4.4,10.255.255.1,38659,53,51
Jul  2 00:48:14 fw.rodolfoarce.local filterlog[32783]: 4,,,1000000103,vtnet0,match,block,in,4,0x0,,99,10417,0,none,17,udp,71,74.125.46.18,10.255.255.1,36797,53,51
Jul  2 00:48:14 fw.rodolfoarce.local filterlog[32783]: 4,,,1000000103,vtnet0,match,block,in,4,0x0,,49,16080,0,none,17,udp,71,144.202.36.156,10.255.255.1,56627,53,51
Jul  2 00:48:14 fw.rodolfoarce.local filterlog[32783]: 4,,,1000000103,vtnet0,match,block,in,4,0x0,,52,34775,0,none,17,udp,71,204.194.239.89,10.255.255.1,56823,53,51
Jul  2 00:48:15 fw.rodolfoarce.local filterlog[32783]: 4,,,1000000103,vtnet0,match,block,in,4,0x0,,99,30608,0,none,17,udp,71,74.125.46.153,10.255.255.1,50602,53,51
Jul  2 00:48:15 fw.rodolfoarce.local filterlog[32783]: 4,,,1000000103,vtnet0,match,block,in,4,0x0,,49,51755,0,DF,17,udp,71,172.69.49.68,10.255.255.1,43528,53,51
Jul  2 00:48:15 fw.rodolfoarce.local filterlog[32783]: 4,,,1000000103,vtnet0,match,block,in,4,0x0,,49,51756,0,DF,17,udp,71,172.69.49.68,10.255.255.1,43528,53,51
Jul  2 00:48:15 fw.rodolfoarce.local filterlog[32783]: 4,,,1000000103,vtnet0,match,block,in,4,0x0,,52,44550,0,none,17,udp,71,204.194.239.89,10.255.255.1,30970,53,51
Jul  2 00:48:16 fw.rodolfoarce.local filterlog[32783]: 4,,,1000000103,vtnet0,match,block,in,4,0x0,,49,44429,0,DF,6,tcp,60,172.69.49.68,10.255.255.1,31078,53,0,S,1139635274,,65535,,mss;sackOK;TS;nop;wscale
Jul  2 00:48:16 fw.rodolfoarce.local filterlog[32783]: 4,,,1000000103,vtnet0,match,block,in,4,0x0,,49,5434,0,DF,17,udp,71,172.69.49.68,10.255.255.1,30739,53,51
Jul  2 00:48:16 fw.rodolfoarce.local filterlog[32783]: 4,,,1000000103,vtnet0,match,block,in,4,0x0,,53,44882,0,none,17,udp,71,172.253.239.149,10.255.255.1,41842,53,51
Jul  2 00:48:16 fw.rodolfoarce.local filterlog[32783]: 4,,,1000000103,vtnet0,match,block,in,4,0x0,,49,5435,0,DF,17,udp,71,172.69.49.68,10.255.255.1,30739,53,51
Jul  2 00:48:16 fw.rodolfoarce.local filterlog[32783]: 4,,,1000000103,vtnet0,match,block,in,4,0x0,,49,10240,0,DF,17,udp,71,162.158.180.68,10.255.255.1,26795,53,51
Jul  2 00:48:16 fw.rodolfoarce.local filterlog[32783]: 4,,,1000000103,vtnet0,match,block,in,4,0x0,,99,21020,0,none,17,udp,71,172.217.37.152,10.255.255.1,62292,53,51
Jul  2 00:48:17 fw.rodolfoarce.local filterlog[32783]: 4,,,1000000103,vtnet0,match,block,in,4,0x0,,49,10241,0,DF,17,udp,71,162.158.180.68,10.255.255.1,26795,53,51
Jul  2 00:48:17 fw.rodolfoarce.local filterlog[32783]: 4,,,1000000103,vtnet0,match,block,in,4,0x0,,49,44518,0,DF,17,udp,71,172.69.49.68,10.255.255.1,11400,53,51
Jul  2 00:48:17 fw.rodolfoarce.local filterlog[32783]: 4,,,1000000103,vtnet0,match,block,in,4,0x0,,99,12241,0,none,17,udp,71,74.125.46.146,10.255.255.1,43208,53,51
Jul  2 00:48:17 fw.rodolfoarce.local filterlog[32783]: 4,,,1000000103,vtnet0,match,block,in,4,0x0,,49,44519,0,DF,17,udp,71,172.69.49.68,10.255.255.1,11400,53,51
Jul  2 00:48:17 fw.rodolfoarce.local filterlog[32783]: 4,,,1000000103,vtnet0,match,block,in,4,0x0,,48,64689,0,none,17,udp,71,195.62.160.0,10.255.255.1,2175,53,51
Jul  2 00:48:17 fw.rodolfoarce.local filterlog[32783]: 4,,,1000000103,vtnet0,match,block,in,4,0x0,,49,28391,0,DF,17,udp,71,162.158.180.68,10.255.255.1,44775,53,51
Jul  2 00:48:18 fw.rodolfoarce.local filterlog[32783]: 4,,,1000000103,vtnet0,match,block,in,4,0x0,,53,55024,0,none,17,udp,71,74.125.179.131,10.255.255.1,54370,53,51
Jul  2 00:48:18 fw.rodolfoarce.local filterlog[32783]: 4,,,1000000103,vtnet0,match,block,in,4,0x0,,49,28392,0,DF,17,udp,71,162.158.180.68,10.255.255.1,44775,53,51
Jul  2 00:48:18 fw.rodolfoarce.local filterlog[32783]: 4,,,1000000103,vtnet0,match,block,in,4,0x0,,48,64690,0,none,17,udp,71,195.62.160.0,10.255.255.1,2175,53,51
Jul  2 00:48:19 fw.rodolfoarce.local filterlog[32783]: 4,,,1000000103,vtnet0,match,block,in,4,0x0,,51,50460,0,DF,17,udp,71,108.162.213.20,10.255.255.1,14210,53,51
Jul  2 00:48:19 fw.rodolfoarce.local filterlog[32783]: 4,,,1000000103,vtnet0,match,block,in,4,0x0,,53,40616,0,none,17,udp,71,173.194.93.26,10.255.255.1,36485,53,51
Jul  2 00:48:19 fw.rodolfoarce.local filterlog[32783]: 4,,,1000000103,vtnet0,match,block,in,4,0x0,,48,64691,0,none,17,udp,71,195.62.160.0,10.255.255.1,2175,53,51
Jul  2 00:48:19 fw.rodolfoarce.local filterlog[32783]: 4,,,1000000103,vtnet0,match,block,in,4,0x0,,51,50461,0,DF,17,udp,71,108.162.213.20,10.255.255.1,14210,53,51
Jul  2 00:48:19 fw.rodolfoarce.local filterlog[32783]: 4,,,1000000103,vtnet0,match,block,in,4,0x0,,51,29895,0,DF,6,tcp,60,108.162.213.21,10.255.255.1,33190,53,0,S,2590540229,,65535,,mss;sackOK;TS;nop;wscale
Jul  2 00:48:19 fw.rodolfoarce.local filterlog[32783]: 4,,,1000000103,vtnet0,match,block,in,4,0x0,,51,59727,0,DF,17,udp,71,108.162.213.21,10.255.255.1,29389,53,51
Jul  2 00:48:20 fw.rodolfoarce.local filterlog[32783]: 4,,,1000000103,vtnet0,match,block,in,4,0x0,,48,64692,0,none,17,udp,60,195.62.160.0,10.255.255.1,2175,53,40
Jul  2 00:48:20 fw.rodolfoarce.local filterlog[32783]: 4,,,1000000103,vtnet0,match,block,in,4,0x0,,51,45125,0,DF,6,tcp,60,108.162.213.20,10.255.255.1,26114,53,0,S,4139354273,,65535,,mss;sackOK;TS;nop;wscale
Jul  2 00:48:20 fw.rodolfoarce.local filterlog[32783]: 4,,,1000000103,vtnet0,match,block,in,4,0x0,,51,32961,0,DF,17,udp,71,108.162.213.20,10.255.255.1,24185,53,51
Jul  2 00:48:20 fw.rodolfoarce.local filterlog[32783]: 4,,,1000000103,vtnet0,match,block,in,4,0x0,,51,59728,0,DF,17,udp,71,108.162.213.21,10.255.255.1,29389,53,51
Jul  2 00:48:20 fw.rodolfoarce.local filterlog[32783]: 4,,,1000000103,vtnet0,match,block,in,4,0x0,,51,11200,0,DF,17,udp,71,108.162.213.20,10.255.255.1,55219,53,51
Jul  2 00:48:20 fw.rodolfoarce.local filterlog[32783]: 4,,,1000000103,vtnet0,match,block,in,4,0x0,,48,64693,0,none,17,udp,60,195.62.160.0,10.255.255.1,2175,53,40
Jul  2 00:48:20 fw.rodolfoarce.local filterlog[32783]: 4,,,1000000103,vtnet0,match,block,in,4,0x0,,51,11201,0,DF,17,udp,71,108.162.213.20,10.255.255.1,55219,53,51
Jul  2 00:48:20 fw.rodolfoarce.local filterlog[32783]: 4,,,1000000103,vtnet0,match,block,in,4,0x0,,51,29896,0,DF,6,tcp,60,108.162.213.21,10.255.255.1,33190,53,0,S,2590540229,,65535,,mss;sackOK;TS;nop;wscale
Jul  2 00:48:21 fw.rodolfoarce.local dhclient[10762]: DHCPDISCOVER on vtnet0 to 255.255.255.255 port 67 interval 4
Jul  2 00:48:21 fw.rodolfoarce.local filterlog[32783]: 4,,,1000000103,vtnet0,match,block,in,4,0x0,,53,44944,0,none,17,udp,71,172.253.237.1,10.255.255.1,44007,53,51
Jul  2 00:48:21 fw.rodolfoarce.local filterlog[32783]: 4,,,1000000103,vtnet0,match,block,in,4,0x0,,51,65223,0,DF,17,udp,71,108.162.213.21,10.255.255.1,52087,53,51
Jul  2 00:48:23 fw.rodolfoarce.local filterlog[32783]: 4,,,1000000103,vtnet0,match,block,in,4,0x0,,51,65224,0,DF,17,udp,71,108.162.213.21,10.255.255.1,52087,53,51
Jul  2 00:48:23 fw.rodolfoarce.local filterlog[32783]: 4,,,1000000103,vtnet0,match,block,in,4,0x0,,48,64694,0,none,17,udp,60,195.62.160.0,10.255.255.1,2175,53,40
Jul  2 00:48:25 fw.rodolfoarce.local filterlog[32783]: 4,,,1000000103,vtnet0,match,block,in,4,0x0,,48,64695,0,none,17,udp,60,195.62.160.0,10.255.255.1,2175,53,40
Jul  2 00:48:25 fw.rodolfoarce.local dhclient[10762]: No DHCPOFFERS received.
Jul  2 00:48:25 fw.rodolfoarce.local dhclient[10762]: No working leases in persistent database - sleeping.
Jul  1 20:48:25 fw.rodolfoarce.local dhclient[10130]: FAIL
Jul  2 00:48:28 fw.rodolfoarce.local filterlog[32783]: 4,,,1000000103,vtnet0,match,block,in,4,0x0,,48,64696,0,none,17,udp,60,195.62.160.0,10.255.255.1,2175,53,40
Jul  2 00:48:30 fw.rodolfoarce.local filterlog[32783]: 4,,,1000000103,vtnet0,match,block,in,4,0x0,,53,61115,0,none,17,udp,71,173.194.93.22,10.255.255.1,47369,53,51
Jul  2 00:48:30 fw.rodolfoarce.local filterlog[32783]: 4,,,1000000103,vtnet0,match,block,in,4,0x0,,104,20383,0,none,17,udp,71,172.253.240.117,10.255.255.1,56789,53,51
Jul  2 00:48:30 fw.rodolfoarce.local filterlog[32783]: 4,,,1000000103,vtnet0,match,block,in,4,0x0,,110,21308,0,none,17,udp,71,190.96.94.98,10.255.255.1,31597,53,51
Jul  2 00:48:31 fw.rodolfoarce.local filterlog[32783]: 4,,,1000000103,vtnet0,match,block,in,4,0x0,,48,64697,0,none,17,udp,60,195.62.160.0,10.255.255.1,2175,53,40
Jul  2 00:48:31 fw.rodolfoarce.local filterlog[32783]: 4,,,1000000103,vtnet0,match,block,in,4,0x0,,47,54201,0,DF,17,udp,71,162.158.133.133,10.255.255.1,59463,53,51
Jul  2 00:48:32 fw.rodolfoarce.local filterlog[32783]: 4,,,1000000103,vtnet0,match,block,in,4,0x0,,47,54202,0,DF,17,udp,71,162.158.133.133,10.255.255.1,59463,53,51
Jul  2 00:48:32 fw.rodolfoarce.local filterlog[32783]: 4,,,1000000103,vtnet0,match,block,in,4,0x0,,53,38600,0,none,17,udp,71,172.217.42.27,10.255.255.1,45378,53,51
Jul  2 00:48:33 fw.rodolfoarce.local filterlog[32783]: 4,,,1000000103,vtnet0,match,block,in,4,0x0,,99,55406,0,none,17,udp,71,173.194.170.21,10.255.255.1,37331,53,51
Jul  2 00:48:34 fw.rodolfoarce.local filterlog[32783]: 4,,,1000000103,vtnet0,match,block,in,4,0x0,,53,15844,0,none,17,udp,71,74.125.41.88,10.255.255.1,47560,53,51
Jul  2 00:48:34 fw.rodolfoarce.local filterlog[32783]: 4,,,1000000103,vtnet0,match,block,in,4,0x0,,110,23958,0,none,17,udp,60,190.96.94.98,10.255.255.1,31597,53,40
Jul  2 00:48:37 fw.rodolfoarce.local filterlog[32783]: 4,,,1000000103,vtnet0,match,block,in,4,0x0,,48,64698,0,none,17,udp,60,195.62.160.0,10.255.255.1,2175,53,40
Jul  2 00:48:37 fw.rodolfoarce.local filterlog[32783]: 4,,,1000000103,vtnet0,match,block,in,4,0x0,,51,47149,0,none,17,udp,71,213.136.95.10,10.255.255.1,41551,53,51
Jul  2 00:48:38 fw.rodolfoarce.local filterlog[32783]: 4,,,1000000103,vtnet0,match,block,in,4,0x0,,110,26197,0,none,17,udp,71,190.96.94.98,10.255.255.1,31597,53,51
Jul  2 00:48:38 fw.rodolfoarce.local filterlog[32783]: 4,,,1000000103,vtnet0,match,block,in,4,0x0,,110,26207,0,none,17,udp,60,190.96.94.98,10.255.255.1,31597,53,40
Jul  2 00:48:40 fw.rodolfoarce.local dhclient[10762]: DHCPDISCOVER on vtnet0 to 255.255.255.255 port 67 interval 2
Jul  2 00:48:41 fw.rodolfoarce.local filterlog[32783]: 4,,,1000000103,vtnet0,match,block,in,4,0x0,,239,61596,0,DF,17,udp,71,1.214.68.48,10.255.255.1,22725,53,51
Jul  2 00:48:42 fw.rodolfoarce.local filterlog[32783]: 4,,,1000000103,vtnet0,match,block,in,4,0x0,,239,31949,0,DF,17,udp,71,1.214.68.48,10.255.255.1,61906,53,51
Jul  2 00:48:42 fw.rodolfoarce.local filterlog[32783]: 4,,,1000000103,vtnet0,match,block,in,4,0x0,,111,21614,0,none,17,udp,71,194.176.111.71,10.255.255.1,55551,53,51
Jul  2 00:48:42 fw.rodolfoarce.local filterlog[32783]: 4,,,1000000103,vtnet0,match,block,in,4,0x0,,51,44071,0,DF,17,udp,71,172.70.253.120,10.255.255.1,41173,53,51
Jul  2 00:48:42 fw.rodolfoarce.local dhclient[10762]: DHCPDISCOVER on vtnet0 to 255.255.255.255 port 67 interval 4
Jul  2 00:48:43 fw.rodolfoarce.local filterlog[32783]: 4,,,1000000103,vtnet0,match,block,in,4,0x0,,51,44072,0,DF,17,udp,71,172.70.253.120,10.255.255.1,41173,53,51
Jul  2 00:48:43 fw.rodolfoarce.local filterlog[32783]: 4,,,1000000103,vtnet0,match,block,in,4,0x0,,239,30867,0,DF,17,udp,60,1.214.68.48,10.255.255.1,29365,53,40
Jul  2 00:48:43 fw.rodolfoarce.local filterlog[32783]: 4,,,1000000103,vtnet0,match,block,in,4,0x0,,48,64699,0,none,17,udp,60,195.62.160.0,10.255.255.1,2175,53,40
Jul  2 00:48:43 fw.rodolfoarce.local filterlog[32783]: 4,,,1000000103,vtnet0,match,block,in,4,0x0,,51,51467,0,DF,17,udp,71,172.70.253.120,10.255.255.1,30126,53,51
Jul  2 00:48:44 fw.rodolfoarce.local filterlog[32783]: 4,,,1000000103,vtnet0,match,block,in,4,0x0,,239,5089,0,DF,17,udp,60,1.214.68.48,10.255.255.1,22582,53,40
Jul  2 00:48:44 fw.rodolfoarce.local filterlog[32783]: 4,,,1000000103,vtnet0,match,block,in,4,0x0,,51,51468,0,DF,17,udp,71,172.70.253.120,10.255.255.1,30126,53,51
Jul  2 00:48:44 fw.rodolfoarce.local filterlog[32783]: 4,,,1000000103,vtnet0,match,block,in,4,0x0,,51,14594,0,DF,17,udp,71,172.70.81.6,10.255.255.1,55036,53,51
Jul  2 00:48:44 fw.rodolfoarce.local filterlog[32783]: 4,,,1000000103,vtnet0,match,block,in,4,0x0,,239,6927,0,DF,17,udp,60,1.214.68.48,10.255.255.1,31087,53,40
Jul  2 00:48:45 fw.rodolfoarce.local filterlog[32783]: 4,,,1000000103,vtnet0,match,block,in,4,0x0,,51,14595,0,DF,17,udp,71,172.70.81.6,10.255.255.1,55036,53,51
Jul  2 00:48:45 fw.rodolfoarce.local filterlog[32783]: 4,,,1000000103,vtnet0,match,block,in,4,0x0,,51,32307,0,DF,17,udp,71,172.70.81.6,10.255.255.1,27544,53,51
Jul  2 00:48:45 fw.rodolfoarce.local filterlog[32783]: 4,,,1000000103,vtnet0,match,block,in,4,0x0,,111,21615,0,none,17,udp,60,194.176.111.71,10.255.255.1,55551,53,40
Jul  2 00:48:46 fw.rodolfoarce.local filterlog[32783]: 4,,,1000000103,vtnet0,match,block,in,4,0x0,,51,24815,0,none,17,udp,71,213.136.95.11,10.255.255.1,7934,53,51
Jul  2 00:48:46 fw.rodolfoarce.local filterlog[32783]: 4,,,1000000103,vtnet0,match,block,in,4,0x0,,51,32308,0,DF,17,udp,71,172.70.81.6,10.255.255.1,27544,53,51
Jul  2 00:48:46 fw.rodolfoarce.local filterlog[32783]: 4,,,1000000103,vtnet0,match,block,in,4,0x0,,239,27036,0,DF,17,udp,60,1.214.68.48,10.255.255.1,19809,53,40
Jul  2 00:48:46 fw.rodolfoarce.local filterlog[32783]: 4,,,1000000103,vtnet0,match,block,in,4,0x0,,51,65051,0,none,17,udp,71,213.136.95.11,10.255.255.1,28994,53,51
Jul  2 00:48:46 fw.rodolfoarce.local filterlog[32783]: 4,,,1000000103,vtnet0,match,block,in,4,0x0,,51,40723,0,none,17,udp,71,173.212.200.42,10.255.255.1,7757,53,51
Jul  2 00:48:46 fw.rodolfoarce.local dhclient[10762]: DHCPDISCOVER on vtnet0 to 255.255.255.255 port 67 interval 6
Jul  2 00:48:47 fw.rodolfoarce.local filterlog[32783]: 4,,,1000000103,vtnet0,match,block,in,4,0x0,,51,48914,0,none,17,udp,71,173.212.200.42,10.255.255.1,48481,53,51
Jul  2 00:48:47 fw.rodolfoarce.local filterlog[32783]: 4,,,1000000103,vtnet0,match,block,in,4,0x0,,51,63193,0,DF,17,udp,71,108.162.213.20,10.255.255.1,50485,53,51
Jul  2 00:48:47 fw.rodolfoarce.local filterlog[32783]: 4,,,1000000103,vtnet0,match,block,in,4,0x0,,239,52738,0,DF,17,udp,60,1.214.68.48,10.255.255.1,16838,53,40
Jul  2 00:48:48 fw.rodolfoarce.local filterlog[32783]: 4,,,1000000103,vtnet0,match,block,in,4,0x0,,51,63194,0,DF,17,udp,71,108.162.213.20,10.255.255.1,50485,53,51
Jul  2 00:48:48 fw.rodolfoarce.local filterlog[32783]: 4,,,1000000103,vtnet0,match,block,in,4,0x28,,48,7318,0,DF,17,udp,71,45.14.48.25,10.255.255.1,21582,53,51
Jul  2 00:48:48 fw.rodolfoarce.local filterlog[32783]: 4,,,1000000103,vtnet0,match,block,in,4,0x0,,51,57943,0,DF,6,tcp,60,108.162.213.20,10.255.255.1,40710,53,0,S,1466057060,,65535,,mss;sackOK;TS;nop;wscale
Jul  2 00:48:48 fw.rodolfoarce.local filterlog[32783]: 4,,,1000000103,vtnet0,match,block,in,4,0x0,,51,59121,0,DF,17,udp,71,108.162.213.20,10.255.255.1,53077,53,51
Jul  2 00:48:49 fw.rodolfoarce.local filterlog[32783]: 4,,,1000000103,vtnet0,match,block,in,4,0x0,,51,59122,0,DF,17,udp,71,108.162.213.20,10.255.255.1,53077,53,51
Jul  2 00:48:49 fw.rodolfoarce.local filterlog[32783]: 4,,,1000000103,vtnet0,match,block,in,4,0x0,,48,35409,0,DF,17,udp,71,185.255.76.25,10.255.255.1,44147,53,51
Jul  2 00:48:50 fw.rodolfoarce.local filterlog[32783]: 4,,,1000000103,vtnet0,match,block,in,4,0x0,,48,41099,0,DF,17,udp,71,185.255.76.25,10.255.255.1,53403,53,51
Jul  2 00:48:51 fw.rodolfoarce.local filterlog[32783]: 4,,,1000000103,vtnet0,match,block,in,4,0x0,,239,5983,0,DF,17,udp,60,1.214.68.48,10.255.255.1,1357,53,40
Jul  2 00:48:51 fw.rodolfoarce.local filterlog[32783]: 4,,,1000000103,vtnet0,match,block,in,4,0x0,,51,45271,0,none,17,udp,71,213.136.95.11,10.255.255.1,50264,53,51
Jul  2 00:48:52 fw.rodolfoarce.local filterlog[32783]: 4,,,1000000103,vtnet0,match,block,in,4,0x0,,53,65011,0,none,17,udp,71,172.253.226.99,10.255.255.1,46187,53,51
Jul  2 00:48:52 fw.rodolfoarce.local filterlog[32783]: 4,,,1000000103,vtnet0,match,block,in,4,0x0,,51,20873,0,DF,17,udp,71,172.70.253.121,10.255.255.1,35551,53,51
Jul  2 00:48:52 fw.rodolfoarce.local filterlog[32783]: 4,,,1000000103,vtnet0,match,block,in,4,0x0,,51,65109,0,none,17,udp,71,213.136.95.11,10.255.255.1,31014,53,51
Jul  2 00:48:52 fw.rodolfoarce.local dhclient[10762]: DHCPDISCOVER on vtnet0 to 255.255.255.255 port 67 interval 14
Jul  2 00:48:53 fw.rodolfoarce.local dhcp6c[28115]: Sending Solicit
Jul  2 00:48:53 fw.rodolfoarce.local filterlog[32783]: 4,,,1000000103,vtnet0,match,block,in,4,0x0,,51,20874,0,DF,17,udp,71,172.70.253.121,10.255.255.1,35551,53,51
Jul  2 00:48:53 fw.rodolfoarce.local filterlog[32783]: 4,,,1000000103,vtnet0,match,block,in,4,0x0,,51,20516,0,DF,6,tcp,60,172.70.253.121,10.255.255.1,48834,53,0,S,1201194926,,65535,,mss;sackOK;TS;nop;wscale
Jul  2 00:48:53 fw.rodolfoarce.local filterlog[32783]: 4,,,1000000103,vtnet0,match,block,in,4,0x0,,51,7048,0,DF,17,udp,71,172.70.253.121,10.255.255.1,15340,53,51
Jul  2 00:48:54 fw.rodolfoarce.local filterlog[32783]: 4,,,1000000103,vtnet0,match,block,in,4,0x0,,51,7049,0,DF,17,udp,71,172.70.253.121,10.255.255.1,15340,53,51
Jul  2 00:49:00 fw.rodolfoarce.local /usr/sbin/cron[28369]: (root) CMD (/usr/sbin/newsyslog)
Jul  2 00:49:01 fw.rodolfoarce.local filterlog[32783]: 4,,,1000000103,vtnet0,match,block,in,4,0x0,,51,17384,0,none,17,udp,71,213.136.95.11,10.255.255.1,22159,53,51
Jul  2 00:49:03 fw.rodolfoarce.local filterlog[32783]: 4,,,1000000103,vtnet0,match,block,in,4,0x0,,51,49080,0,none,17,udp,71,213.136.95.11,10.255.255.1,21373,53,51
Jul  2 00:49:07 fw.rodolfoarce.local dhclient[10762]: DHCPDISCOVER on vtnet0 to 255.255.255.255 port 67 interval 21
Jul  2 00:49:12 fw.rodolfoarce.local filterlog[32783]: 4,,,1000000103,vtnet0,match,block,in,4,0x0,,51,20499,0,none,17,udp,71,173.212.200.42,10.255.255.1,15446,53,51
Jul  2 00:49:18 fw.rodolfoarce.local filterlog[32783]: 4,,,1000000103,vtnet0,match,block,in,4,0x0,,51,53300,0,none,17,udp,71,213.136.95.11,10.255.255.1,18446,53,51
Jul  2 00:49:26 fw.rodolfoarce.local filterlog[32783]: 4,,,1000000103,vtnet0,match,block,in,4,0x0,,48,20436,0,none,17,udp,71,144.202.36.156,10.255.255.1,55509,53,51
Jul  2 00:49:27 fw.rodolfoarce.local filterlog[32783]: 4,,,1000000103,vtnet0,match,block,in,4,0x0,,50,4279,0,none,17,udp,71,207.180.201.180,10.255.255.1,54645,53,51
Jul  2 00:49:28 fw.rodolfoarce.local dhclient[10762]: DHCPDISCOVER on vtnet0 to 255.255.255.255 port 67 interval 13
Jul  2 00:49:41 fw.rodolfoarce.local dhclient[10762]: No DHCPOFFERS received.
Jul  2 00:49:41 fw.rodolfoarce.local dhclient[10762]: No working leases in persistent database - sleeping.
Jul  1 20:49:41 fw.rodolfoarce.local dhclient[28855]: FAIL
Jul  2 00:49:56 fw.rodolfoarce.local dhclient[10762]: DHCPDISCOVER on vtnet0 to 255.255.255.255 port 67 interval 1
Jul  2 00:49:59 fw.rodolfoarce.local dhclient[10762]: message repeated 3 times: [ DHCPDISCOVER on vtnet0 to 255.255.255.255 port 67 interval 1]
Jul  2 00:50:00 fw.rodolfoarce.local /usr/sbin/cron[48004]: (root) CMD (/usr/libexec/atrun)
Jul  2 00:50:00 fw.rodolfoarce.local /usr/sbin/cron[48000]: (root) CMD (/usr/sbin/newsyslog)
Jul  2 00:50:00 fw.rodolfoarce.local dhclient[10762]: DHCPDISCOVER on vtnet0 to 255.255.255.255 port 67 interval 2
Jul  2 00:50:04 fw.rodolfoarce.local dhclient[10762]: message repeated 2 times: [ DHCPDISCOVER on vtnet0 to 255.255.255.255 port 67 interval 2]
Jul  2 00:50:06 fw.rodolfoarce.local dhclient[10762]: DHCPDISCOVER on vtnet0 to 255.255.255.255 port 67 interval 4
Jul  2 00:50:14 fw.rodolfoarce.local dhclient[10762]: message repeated 2 times: [ DHCPDISCOVER on vtnet0 to 255.255.255.255 port 67 interval 4]
Jul  2 00:50:18 fw.rodolfoarce.local dhclient[10762]: DHCPDISCOVER on vtnet0 to 255.255.255.255 port 67 interval 5
Jul  2 00:50:24 fw.rodolfoarce.local dhclient[10762]: DHCPDISCOVER on vtnet0 to 255.255.255.255 port 67 interval 9
Jul  2 00:50:33 fw.rodolfoarce.local dhclient[10762]: DHCPDISCOVER on vtnet0 to 255.255.255.255 port 67 interval 13
Jul  2 00:50:46 fw.rodolfoarce.local dhclient[10762]: DHCPDISCOVER on vtnet0 to 255.255.255.255 port 67 interval 10
Jul  2 00:50:56 fw.rodolfoarce.local dhclient[10762]: DHCPDISCOVER on vtnet0 to 255.255.255.255 port 67 interval 1
Jul  2 00:50:57 fw.rodolfoarce.local dhclient[10762]: No DHCPOFFERS received.
Jul  2 00:50:57 fw.rodolfoarce.local dhclient[10762]: No working leases in persistent database - sleeping.
Jul  1 20:50:57 fw.rodolfoarce.local dhclient[68483]: FAIL
Jul  2 00:51:00 fw.rodolfoarce.local /usr/sbin/cron[68876]: (root) CMD (/usr/sbin/newsyslog)
Jul  2 00:51:00 fw.rodolfoarce.local dhcp6c[28115]: Sending Solicit
Jul  2 00:51:12 fw.rodolfoarce.local dhclient[10762]: DHCPDISCOVER on vtnet0 to 255.255.255.255 port 67 interval 2
Jul  2 00:51:14 fw.rodolfoarce.local dhclient[10762]: DHCPDISCOVER on vtnet0 to 255.255.255.255 port 67 interval 3
Jul  2 00:51:17 fw.rodolfoarce.local dhclient[10762]: DHCPDISCOVER on vtnet0 to 255.255.255.255 port 67 interval 8
Jul  2 00:51:25 fw.rodolfoarce.local dhclient[10762]: DHCPDISCOVER on vtnet0 to 255.255.255.255 port 67 interval 20
Jul  2 00:51:45 fw.rodolfoarce.local dhclient[10762]: DHCPDISCOVER on vtnet0 to 255.255.255.255 port 67 interval 18
Jul  2 00:51:51 fw.rodolfoarce.local filterlog[32783]: 4,,,1000000103,vtnet0,match,block,in,4,0x0,,49,33167,0,none,17,udp,71,144.202.36.156,10.255.255.1,55306,53,51
Jul  2 00:51:52 fw.rodolfoarce.local filterlog[32783]: 4,,,1000000103,vtnet0,match,block,in,4,0x0,,50,64854,0,none,17,udp,71,207.180.201.180,10.255.255.1,64436,53,51
Jul  2 00:52:00 fw.rodolfoarce.local /usr/sbin/cron[88606]: (root) CMD (/usr/sbin/newsyslog)
Jul  2 00:52:03 fw.rodolfoarce.local dhclient[10762]: DHCPDISCOVER on vtnet0 to 255.255.255.255 port 67 interval 10
Jul  2 00:52:13 fw.rodolfoarce.local dhclient[10762]: No DHCPOFFERS received.
Jul  2 00:52:13 fw.rodolfoarce.local dhclient[10762]: No working leases in persistent database - sleeping.
Jul  1 20:52:13 fw.rodolfoarce.local dhclient[89742]: FAIL
Jul  2 00:52:28 fw.rodolfoarce.local dhclient[10762]: DHCPDISCOVER on vtnet0 to 255.255.255.255 port 67 interval 1
Jul  2 00:52:31 fw.rodolfoarce.local dhclient[10762]: message repeated 3 times: [ DHCPDISCOVER on vtnet0 to 255.255.255.255 port 67 interval 1]
Jul  2 00:52:33 fw.rodolfoarce.local dhclient[10762]: DHCPDISCOVER on vtnet0 to 255.255.255.255 port 67 interval 2
Jul  2 00:52:35 fw.rodolfoarce.local dhclient[10762]: DHCPDISCOVER on vtnet0 to 255.255.255.255 port 67 interval 5
Jul  2 00:52:40 fw.rodolfoarce.local dhclient[10762]: DHCPDISCOVER on vtnet0 to 255.255.255.255 port 67 interval 13
Jul  2 00:52:51 fw.rodolfoarce.local dhcp6c[28115]: Sending Solicit
Jul  2 00:52:53 fw.rodolfoarce.local dhclient[10762]: DHCPDISCOVER on vtnet0 to 255.255.255.255 port 67 interval 10
Jul  2 00:53:00 fw.rodolfoarce.local /usr/sbin/cron[8826]: (root) CMD (/usr/sbin/newsyslog)
Jul  2 00:53:03 fw.rodolfoarce.local dhclient[10762]: DHCPDISCOVER on vtnet0 to 255.255.255.255 port 67 interval 10
Jul  2 00:53:13 fw.rodolfoarce.local dhclient[10762]: DHCPDISCOVER on vtnet0 to 255.255.255.255 port 67 interval 14
Jul  2 00:53:27 fw.rodolfoarce.local dhclient[10762]: DHCPDISCOVER on vtnet0 to 255.255.255.255 port 67 interval 2
Jul  2 00:53:29 fw.rodolfoarce.local dhclient[10762]: No DHCPOFFERS received.
Jul  2 00:53:29 fw.rodolfoarce.local dhclient[10762]: No working leases in persistent database - sleeping.
Jul  1 20:53:29 fw.rodolfoarce.local dhclient[9665]: FAIL
Jul  2 00:53:44 fw.rodolfoarce.local dhclient[10762]: DHCPDISCOVER on vtnet0 to 255.255.255.255 port 67 interval 2
Jul  2 00:53:46 fw.rodolfoarce.local dhclient[10762]: DHCPDISCOVER on vtnet0 to 255.255.255.255 port 67 interval 4
Jul  2 00:53:50 fw.rodolfoarce.local dhclient[10762]: DHCPDISCOVER on vtnet0 to 255.255.255.255 port 67 interval 10
Jul  2 00:54:00 fw.rodolfoarce.local /usr/sbin/cron[20442]: (root) CMD (/usr/sbin/newsyslog)
Jul  2 00:54:01 fw.rodolfoarce.local dhclient[10762]: DHCPDISCOVER on vtnet0 to 255.255.255.255 port 67 interval 10
Jul  2 00:54:11 fw.rodolfoarce.local dhclient[10762]: DHCPDISCOVER on vtnet0 to 255.255.255.255 port 67 interval 12
Jul  2 00:54:23 fw.rodolfoarce.local dhclient[10762]: DHCPDISCOVER on vtnet0 to 255.255.255.255 port 67 interval 15
Jul  2 00:54:26 fw.rodolfoarce.local filterlog[32783]: 4,,,1000000103,vtnet0,match,block,in,4,0x48,,30,36081,0,none,17,udp,73,199.45.154.177,10.255.255.1,52785,53,53
Jul  2 00:54:38 fw.rodolfoarce.local dhclient[10762]: DHCPDISCOVER on vtnet0 to 255.255.255.255 port 67 interval 7
Jul  2 00:54:42 fw.rodolfoarce.local dhcp6c[28115]: Sending Solicit
Jul  2 00:54:45 fw.rodolfoarce.local dhclient[10762]: No DHCPOFFERS received.
Jul  2 00:54:45 fw.rodolfoarce.local dhclient[10762]: No working leases in persistent database - sleeping.
Jul  1 20:54:45 fw.rodolfoarce.local dhclient[28553]: FAIL
Jul  2 00:55:00 fw.rodolfoarce.local /usr/sbin/cron[28971]: (root) CMD (/usr/sbin/newsyslog)
Jul  2 00:55:00 fw.rodolfoarce.local /usr/sbin/cron[29164]: (root) CMD (/usr/libexec/atrun)
Jul  2 00:55:00 fw.rodolfoarce.local dhclient[10762]: DHCPDISCOVER on vtnet0 to 255.255.255.255 port 67 interval 2
Jul  2 00:55:02 fw.rodolfoarce.local dhclient[10762]: DHCPDISCOVER on vtnet0 to 255.255.255.255 port 67 interval 4
Jul  2 00:55:06 fw.rodolfoarce.local dhclient[10762]: DHCPDISCOVER on vtnet0 to 255.255.255.255 port 67 interval 10
Jul  2 00:55:16 fw.rodolfoarce.local dhclient[10762]: DHCPDISCOVER on vtnet0 to 255.255.255.255 port 67 interval 7
Jul  2 00:55:23 fw.rodolfoarce.local dhclient[10762]: DHCPDISCOVER on vtnet0 to 255.255.255.255 port 67 interval 9
Jul  2 00:55:32 fw.rodolfoarce.local dhclient[10762]: DHCPDISCOVER on vtnet0 to 255.255.255.255 port 67 interval 11
Jul  2 00:55:43 fw.rodolfoarce.local dhclient[10762]: DHCPDISCOVER on vtnet0 to 255.255.255.255 port 67 interval 14
Jul  2 00:55:57 fw.rodolfoarce.local dhclient[10762]: DHCPDISCOVER on vtnet0 to 255.255.255.255 port 67 interval 4
Jul  2 00:56:00 fw.rodolfoarce.local /usr/sbin/cron[46665]: (root) CMD (/usr/sbin/newsyslog)
Jul  2 00:56:01 fw.rodolfoarce.local dhclient[10762]: No DHCPOFFERS received.
Jul  2 00:56:01 fw.rodolfoarce.local dhclient[10762]: No working leases in persistent database - sleeping.
Jul  1 20:56:01 fw.rodolfoarce.local dhclient[47373]: FAIL
Jul  2 00:56:16 fw.rodolfoarce.local dhclient[10762]: DHCPDISCOVER on vtnet0 to 255.255.255.255 port 67 interval 2
Jul  2 00:56:19 fw.rodolfoarce.local dhclient[10762]: DHCPDISCOVER on vtnet0 to 255.255.255.255 port 67 interval 5
Jul  2 00:56:24 fw.rodolfoarce.local dhclient[10762]: DHCPDISCOVER on vtnet0 to 255.255.255.255 port 67 interval 6
Jul  2 00:56:30 fw.rodolfoarce.local dhclient[10762]: DHCPDISCOVER on vtnet0 to 255.255.255.255 port 67 interval 8
Jul  2 00:56:38 fw.rodolfoarce.local dhclient[10762]: DHCPDISCOVER on vtnet0 to 255.255.255.255 port 67 interval 8
Jul  2 00:56:38 fw.rodolfoarce.local dhcp6c[28115]: Sending Solicit
Jul  2 00:56:46 fw.rodolfoarce.local dhclient[10762]: DHCPDISCOVER on vtnet0 to 255.255.255.255 port 67 interval 10
Jul  2 00:56:56 fw.rodolfoarce.local dhclient[10762]: DHCPDISCOVER on vtnet0 to 255.255.255.255 port 67 interval 7
Jul  2 00:57:00 fw.rodolfoarce.local /usr/sbin/cron[68416]: (root) CMD (/usr/sbin/newsyslog)
Jul  2 00:57:03 fw.rodolfoarce.local dhclient[10762]: DHCPDISCOVER on vtnet0 to 255.255.255.255 port 67 interval 13
Jul  2 00:57:16 fw.rodolfoarce.local dhclient[10762]: DHCPDISCOVER on vtnet0 to 255.255.255.255 port 67 interval 1
Jul  2 00:57:17 fw.rodolfoarce.local dhclient[10762]: No DHCPOFFERS received.
Jul  2 00:57:17 fw.rodolfoarce.local dhclient[10762]: No working leases in persistent database - sleeping.
Jul  1 20:57:17 fw.rodolfoarce.local dhclient[87039]: FAIL
Jul  2 00:57:32 fw.rodolfoarce.local dhclient[10762]: DHCPDISCOVER on vtnet0 to 255.255.255.255 port 67 interval 2
Jul  2 00:57:34 fw.rodolfoarce.local dhclient[10762]: DHCPDISCOVER on vtnet0 to 255.255.255.255 port 67 interval 5
Jul  2 00:57:39 fw.rodolfoarce.local dhclient[10762]: DHCPDISCOVER on vtnet0 to 255.255.255.255 port 67 interval 9
Jul  2 00:57:48 fw.rodolfoarce.local dhclient[10762]: DHCPDISCOVER on vtnet0 to 255.255.255.255 port 67 interval 17
Jul  2 00:58:00 fw.rodolfoarce.local /usr/sbin/cron[87412]: (root) CMD (/usr/sbin/newsyslog)
Jul  2 00:58:05 fw.rodolfoarce.local dhclient[10762]: DHCPDISCOVER on vtnet0 to 255.255.255.255 port 67 interval 16
Jul  2 00:58:21 fw.rodolfoarce.local dhclient[10762]: DHCPDISCOVER on vtnet0 to 255.255.255.255 port 67 interval 12
Jul  2 00:58:29 fw.rodolfoarce.local dhcp6c[28115]: Sending Solicit
Jul  2 00:58:33 fw.rodolfoarce.local dhclient[10762]: No DHCPOFFERS received.
Jul  2 00:58:33 fw.rodolfoarce.local dhclient[10762]: No working leases in persistent database - sleeping.
Jul  1 20:58:33 fw.rodolfoarce.local dhclient[7022]: FAIL
Jul  2 00:58:49 fw.rodolfoarce.local dhclient[10762]: DHCPDISCOVER on vtnet0 to 255.255.255.255 port 67 interval 1
Jul  2 00:58:50 fw.rodolfoarce.local dhclient[10762]: DHCPDISCOVER on vtnet0 to 255.255.255.255 port 67 interval 1
Jul  2 00:58:51 fw.rodolfoarce.local dhclient[10762]: DHCPDISCOVER on vtnet0 to 255.255.255.255 port 67 interval 2
Jul  2 00:58:53 fw.rodolfoarce.local dhclient[10762]: DHCPDISCOVER on vtnet0 to 255.255.255.255 port 67 interval 2
Jul  2 00:58:55 fw.rodolfoarce.local dhclient[10762]: DHCPDISCOVER on vtnet0 to 255.255.255.255 port 67 interval 4
Jul  2 00:58:59 fw.rodolfoarce.local dhclient[10762]: DHCPDISCOVER on vtnet0 to 255.255.255.255 port 67 interval 8
Jul  2 00:59:00 fw.rodolfoarce.local /usr/sbin/cron[7528]: (root) CMD (/usr/sbin/newsyslog)
Jul  2 00:59:07 fw.rodolfoarce.local dhclient[10762]: DHCPDISCOVER on vtnet0 to 255.255.255.255 port 67 interval 8
Jul  2 00:59:15 fw.rodolfoarce.local dhclient[10762]: DHCPDISCOVER on vtnet0 to 255.255.255.255 port 67 interval 9
Jul  2 00:59:24 fw.rodolfoarce.local dhclient[10762]: DHCPDISCOVER on vtnet0 to 255.255.255.255 port 67 interval 12
Jul  2 00:59:36 fw.rodolfoarce.local dhclient[10762]: DHCPDISCOVER on vtnet0 to 255.255.255.255 port 67 interval 12
Jul  2 00:59:48 fw.rodolfoarce.local dhclient[10762]: DHCPDISCOVER on vtnet0 to 255.255.255.255 port 67 interval 2
Jul  2 00:59:50 fw.rodolfoarce.local dhclient[10762]: No DHCPOFFERS received.
Jul  2 00:59:50 fw.rodolfoarce.local dhclient[10762]: No working leases in persistent database - sleeping.
Jul  1 20:59:50 fw.rodolfoarce.local dhclient[26120]: FAIL
Jul  2 01:00:00 fw.rodolfoarce.local /usr/sbin/cron[26692]: (root) CMD (/usr/bin/nice -n20 /usr/local/sbin/expiretable -v -t 3600 virusprot)
Jul  2 01:00:00 fw.rodolfoarce.local /usr/sbin/cron[26720]: (root) CMD (/usr/sbin/newsyslog)
Jul  2 01:00:00 fw.rodolfoarce.local /usr/sbin/cron[27067]: (root) CMD (/usr/libexec/atrun)
Jul  2 01:00:05 fw.rodolfoarce.local dhclient[10762]: DHCPDISCOVER on vtnet0 to 255.255.255.255 port 67 interval 1
Jul  2 01:00:06 fw.rodolfoarce.local dhclient[10762]: DHCPDISCOVER on vtnet0 to 255.255.255.255 port 67 interval 1
Jul  2 01:00:07 fw.rodolfoarce.local dhclient[10762]: DHCPDISCOVER on vtnet0 to 255.255.255.255 port 67 interval 2
Jul  2 01:00:09 fw.rodolfoarce.local dhclient[10762]: DHCPDISCOVER on vtnet0 to 255.255.255.255 port 67 interval 3
Jul  2 01:00:12 fw.rodolfoarce.local dhclient[10762]: DHCPDISCOVER on vtnet0 to 255.255.255.255 port 67 interval 3
Jul  2 01:00:16 fw.rodolfoarce.local dhclient[10762]: DHCPDISCOVER on vtnet0 to 255.255.255.255 port 67 interval 6
Jul  2 01:00:22 fw.rodolfoarce.local dhclient[10762]: DHCPDISCOVER on vtnet0 to 255.255.255.255 port 67 interval 14
Jul  2 01:00:25 fw.rodolfoarce.local dhcp6c[28115]: Sending Solicit
Jul  2 01:00:36 fw.rodolfoarce.local dhclient[10762]: DHCPDISCOVER on vtnet0 to 255.255.255.255 port 67 interval 21
Jul  2 01:00:57 fw.rodolfoarce.local dhclient[10762]: DHCPDISCOVER on vtnet0 to 255.255.255.255 port 67 interval 9
Jul  2 01:01:00 fw.rodolfoarce.local /usr/sbin/cron[45369]: (root) CMD (/usr/bin/nice -n20 /etc/rc.dyndns.update)
Jul  2 01:01:00 fw.rodolfoarce.local /usr/sbin/cron[45413]: (root) CMD (/usr/bin/nice -n20 adjkerntz -a)
Jul  2 01:01:00 fw.rodolfoarce.local /usr/sbin/cron[45444]: (root) CMD (/usr/sbin/newsyslog)
Jul  2 01:01:06 fw.rodolfoarce.local dhclient[10762]: No DHCPOFFERS received.
Jul  2 01:01:06 fw.rodolfoarce.local dhclient[10762]: No working leases in persistent database - sleeping.
Jul  1 21:01:06 fw.rodolfoarce.local dhclient[46582]: FAIL
Jul  2 01:01:15 fw.rodolfoarce.local filterlog[32783]: 4,,,1000000103,vtnet1,match,block,in,4,0x0,,63,52974,0,DF,6,tcp,76,10.1.1.4,172.67.157.37,42600,443,24,PA,2597851297:2597851321,386971498,501,,nop;nop;TS
Jul  2 01:01:15 fw.rodolfoarce.local filterlog[32783]: 4,,,1000000103,vtnet1,match,block,in,4,0x0,,63,52975,0,DF,6,tcp,52,10.1.1.4,172.67.157.37,42600,443,0,FA,2597851321,386971498,501,,nop;nop;TS
Jul  2 01:01:15 fw.rodolfoarce.local filterlog[32783]: 4,,,1000000103,vtnet1,match,block,in,4,0x0,,63,52976,0,DF,6,tcp,52,10.1.1.4,172.67.157.37,42600,443,0,FA,2597851321,386971498,501,,nop;nop;TS
Jul  2 01:01:15 fw.rodolfoarce.local filterlog[32783]: 4,,,1000000103,vtnet1,match,block,in,4,0x0,,63,52977,0,DF,6,tcp,76,10.1.1.4,172.67.157.37,42600,443,24,FPA,2597851297:2597851321,386971498,501,,nop;nop;TS
Jul  2 01:01:17 fw.rodolfoarce.local filterlog[32783]: 4,,,1000000103,vtnet1,match,block,in,4,0x0,,63,52978,0,DF,6,tcp,76,10.1.1.4,172.67.157.37,42600,443,24,FPA,2597851297:2597851321,386971498,501,,nop;nop;TS
Jul  2 01:01:17 fw.rodolfoarce.local filterlog[32783]: 4,,,1000000103,vtnet1,match,block,in,4,0x0,,63,52979,0,DF,6,tcp,76,10.1.1.4,172.67.157.37,42600,443,24,FPA,2597851297:2597851321,386971498,501,,nop;nop;TS
Jul  2 01:01:19 fw.rodolfoarce.local filterlog[32783]: 4,,,1000000103,vtnet1,match,block,in,4,0x0,,63,52980,0,DF,6,tcp,76,10.1.1.4,172.67.157.37,42600,443,24,FPA,2597851297:2597851321,386971498,501,,nop;nop;TS
Jul  2 01:01:21 fw.rodolfoarce.local dhclient[10762]: DHCPDISCOVER on vtnet0 to 255.255.255.255 port 67 interval 2
Jul  2 01:01:23 fw.rodolfoarce.local filterlog[32783]: 4,,,1000000103,vtnet1,match,block,in,4,0x0,,63,52981,0,DF,6,tcp,76,10.1.1.4,172.67.157.37,42600,443,24,FPA,2597851297:2597851321,386971498,501,,nop;nop;TS
Jul  2 01:01:23 fw.rodolfoarce.local dhclient[10762]: DHCPDISCOVER on vtnet0 to 255.255.255.255 port 67 interval 4
Jul  2 01:01:27 fw.rodolfoarce.local dhclient[10762]: DHCPDISCOVER on vtnet0 to 255.255.255.255 port 67 interval 6
Jul  2 01:01:29 fw.rodolfoarce.local filterlog[32783]: 4,,,1000000103,vtnet1,match,block,in,4,0x0,,63,52982,0,DF,6,tcp,76,10.1.1.4,172.67.157.37,42600,443,24,FPA,2597851297:2597851321,386971498,501,,nop;nop;TS
Jul  2 01:01:33 fw.rodolfoarce.local dhclient[10762]: DHCPDISCOVER on vtnet0 to 255.255.255.255 port 67 interval 9
Jul  2 01:01:42 fw.rodolfoarce.local filterlog[32783]: 4,,,1000000103,vtnet1,match,block,in,4,0x0,,63,52983,0,DF,6,tcp,76,10.1.1.4,172.67.157.37,42600,443,24,FPA,2597851297:2597851321,386971498,501,,nop;nop;TS
Jul  2 01:01:42 fw.rodolfoarce.local dhclient[10762]: DHCPDISCOVER on vtnet0 to 255.255.255.255 port 67 interval 12
Jul  2 01:01:54 fw.rodolfoarce.local dhclient[10762]: DHCPDISCOVER on vtnet0 to 255.255.255.255 port 67 interval 10
Jul  2 01:02:00 fw.rodolfoarce.local /usr/sbin/cron[65525]: (root) CMD (/usr/sbin/newsyslog)
Jul  2 01:02:05 fw.rodolfoarce.local dhclient[10762]: DHCPDISCOVER on vtnet0 to 255.255.255.255 port 67 interval 17
Jul  2 01:02:10 fw.rodolfoarce.local filterlog[32783]: 4,,,1000000103,vtnet1,match,block,in,4,0x0,,63,52984,0,DF,6,tcp,76,10.1.1.4,172.67.157.37,42600,443,24,FPA,2597851297:2597851321,386971498,501,,nop;nop;TS
Jul  2 01:02:16 fw.rodolfoarce.local dhcp6c[28115]: Sending Solicit
Jul  2 01:02:22 fw.rodolfoarce.local dhclient[10762]: No DHCPOFFERS received.
Jul  2 01:02:22 fw.rodolfoarce.local dhclient[10762]: No working leases in persistent database - sleeping.
Jul  1 21:02:22 fw.rodolfoarce.local dhclient[84580]: FAIL
Jul  2 01:02:35 fw.rodolfoarce.local filterlog[32783]: 4,,,1000000103,vtnet0,match,block,in,4,0x0,,49,44432,0,none,17,udp,71,82.160.1.8,10.255.255.1,14124,53,51
Jul  2 01:02:36 fw.rodolfoarce.local filterlog[32783]: 4,,,1000000103,vtnet0,match,block,in,4,0x0,,49,44490,0,none,17,udp,71,82.160.1.8,10.255.255.1,32987,53,51
Jul  2 01:02:37 fw.rodolfoarce.local dhclient[10762]: DHCPDISCOVER on vtnet0 to 255.255.255.255 port 67 interval 1
Jul  2 01:02:37 fw.rodolfoarce.local filterlog[32783]: 4,,,1000000103,vtnet0,match,block,in,4,0x0,,49,51192,0,none,17,udp,71,213.199.225.8,10.255.255.1,15608,53,51
Jul  2 01:02:37 fw.rodolfoarce.local filterlog[32783]: 4,,,1000000103,vtnet0,match,block,in,4,0x0,,49,44561,0,none,17,udp,60,82.160.1.8,10.255.255.1,49147,53,40
Jul  2 01:02:38 fw.rodolfoarce.local dhclient[10762]: DHCPDISCOVER on vtnet0 to 255.255.255.255 port 67 interval 2
Jul  2 01:02:38 fw.rodolfoarce.local filterlog[32783]: 4,,,1000000103,vtnet0,match,block,in,4,0x0,,52,1154,0,none,17,udp,71,8.0.40.20,10.255.255.1,4405,53,51
Jul  2 01:02:38 fw.rodolfoarce.local filterlog[32783]: 4,,,1000000103,vtnet0,match,block,in,4,0x0,,49,51308,0,none,17,udp,71,213.199.225.8,10.255.255.1,27874,53,51
Jul  2 01:02:38 fw.rodolfoarce.local filterlog[32783]: 4,,,1000000103,vtnet0,match,block,in,4,0x0,,52,39600,0,none,17,udp,71,8.0.40.25,10.255.255.1,38678,53,51
Jul  2 01:02:38 fw.rodolfoarce.local filterlog[32783]: 4,,,1000000103,vtnet0,match,block,in,4,0x0,,52,25732,0,none,17,udp,71,8.0.40.31,10.255.255.1,28208,53,51
Jul  2 01:02:39 fw.rodolfoarce.local filterlog[32783]: 4,,,1000000103,vtnet0,match,block,in,4,0x0,,46,48843,0,none,17,udp,71,94.41.80.40,10.255.255.1,4777,53,51
Jul  2 01:02:39 fw.rodolfoarce.local filterlog[32783]: 4,,,1000000103,vtnet0,match,block,in,4,0x0,,49,51515,0,none,17,udp,71,213.199.225.8,10.255.255.1,55504,53,51
Jul  2 01:02:39 fw.rodolfoarce.local filterlog[32783]: 4,,,1000000103,vtnet0,match,block,in,4,0x0,,46,10572,0,none,17,udp,83,213.134.195.253,10.255.255.1,8939,53,63
