Jul  5 09:28:29 fw.rodolfoarce.local filterlog[32783]: 4,,,1000000103,vtnet0,match,block,in,4,0x0,,47,7157,0,DF,17,udp,67,24.144.94.126,10.255.255.1,52205,53,47
Jul  5 09:28:30 fw.rodolfoarce.local filterlog[32783]: 4,,,1000000103,vtnet0,match,block,in,4,0x0,,47,7303,0,DF,17,udp,78,24.144.94.126,10.255.255.1,52205,53,58
Jul  5 09:28:32 fw.rodolfoarce.local dhclient[10762]: DHCPDISCOVER on vtnet0 to 255.255.255.255 port 67 interval 2
Jul  5 09:28:33 fw.rodolfoarce.local filterlog[32783]: 4,,,1000000103,vtnet0,match,block,in,4,0x0,,47,7434,0,DF,17,udp,67,24.144.94.126,10.255.255.1,52205,53,47
Jul  5 09:28:34 fw.rodolfoarce.local filterlog[32783]: 4,,,1000000103,vtnet0,match,block,in,4,0x0,,47,7531,0,DF,17,udp,78,24.144.94.126,10.255.255.1,52205,53,58
Jul  5 09:28:34 fw.rodolfoarce.local dhclient[10762]: DHCPDISCOVER on vtnet0 to 255.255.255.255 port 67 interval 2
Jul  5 09:28:36 fw.rodolfoarce.local filterlog[32783]: 4,,,1000000103,vtnet0,match,block,in,4,0x0,,47,7819,0,DF,17,udp,67,24.144.94.126,10.255.255.1,52205,53,47
Jul  5 09:28:36 fw.rodolfoarce.local dhclient[10762]: DHCPDISCOVER on vtnet0 to 255.255.255.255 port 67 interval 4
Jul  5 09:28:38 fw.rodolfoarce.local filterlog[32783]: 4,,,1000000103,vtnet0,match,block,in,4,0x0,,47,8023,0,DF,17,udp,78,24.144.94.126,10.255.255.1,52205,53,58
Jul  5 09:28:40 fw.rodolfoarce.local dhclient[10762]: DHCPDISCOVER on vtnet0 to 255.255.255.255 port 67 interval 10
Jul  5 09:28:40 fw.rodolfoarce.local filterlog[32783]: 4,,,1000000103,vtnet0,match,block,in,4,0x0,,47,8431,0,DF,17,udp,67,24.144.94.126,10.255.255.1,52205,53,47
Jul  5 09:28:43 fw.rodolfoarce.local filterlog[32783]: 4,,,1000000103,vtnet0,match,block,in,4,0x0,,47,8706,0,DF,17,udp,78,24.144.94.126,10.255.255.1,52205,53,58
Jul  5 09:28:45 fw.rodolfoarce.local filterlog[32783]: 4,,,1000000103,vtnet0,match,block,in,4,0x0,,47,8813,0,DF,17,udp,78,24.144.94.126,10.255.255.1,52205,53,58
Jul  5 09:28:46 fw.rodolfoarce.local filterlog[32783]: 4,,,1000000103,vtnet0,match,block,in,4,0x0,,47,8934,0,DF,17,udp,67,24.144.94.126,10.255.255.1,52205,53,47
Jul  5 09:28:47 fw.rodolfoarce.local filterlog[32783]: 4,,,1000000103,vtnet0,match,block,in,4,0x0,,47,8943,0,DF,17,udp,78,24.144.94.126,10.255.255.1,52205,53,58
Jul  5 09:28:47 fw.rodolfoarce.local filterlog[32783]: 4,,,1000000103,vtnet0,match,block,in,4,0x0,,47,9069,0,DF,17,udp,67,24.144.94.126,10.255.255.1,52205,53,47
Jul  5 09:28:48 fw.rodolfoarce.local filterlog[32783]: 4,,,1000000103,vtnet0,match,block,in,4,0x0,,47,9144,0,DF,17,udp,78,24.144.94.126,10.255.255.1,52205,53,58
Jul  5 09:28:50 fw.rodolfoarce.local dhclient[10762]: DHCPDISCOVER on vtnet0 to 255.255.255.255 port 67 interval 20
Jul  5 09:28:50 fw.rodolfoarce.local filterlog[32783]: 4,,,1000000103,vtnet0,match,block,in,4,0x0,,47,9281,0,DF,17,udp,67,24.144.94.126,10.255.255.1,52205,53,47
Jul  5 09:28:51 fw.rodolfoarce.local filterlog[32783]: 4,,,1000000103,vtnet0,match,block,in,4,0x0,,47,9434,0,DF,17,udp,78,24.144.94.126,10.255.255.1,52205,53,58
Jul  5 09:28:53 fw.rodolfoarce.local filterlog[32783]: 4,,,1000000103,vtnet0,match,block,in,4,0x0,,47,9702,0,DF,17,udp,67,24.144.94.126,10.255.255.1,52205,53,47
Jul  5 09:28:55 fw.rodolfoarce.local filterlog[32783]: 4,,,1000000103,vtnet0,match,block,in,4,0x0,,47,9805,0,DF,17,udp,78,24.144.94.126,10.255.255.1,52205,53,58
Jul  5 09:28:57 fw.rodolfoarce.local filterlog[32783]: 4,,,1000000103,vtnet0,match,block,in,4,0x0,,47,9980,0,DF,17,udp,67,24.144.94.126,10.255.255.1,52205,53,47
Jul  5 09:29:00 fw.rodolfoarce.local /usr/sbin/cron[88348]: (root) CMD (/usr/sbin/newsyslog)
Jul  5 09:29:01 fw.rodolfoarce.local filterlog[32783]: 4,,,1000000103,vtnet0,match,block,in,4,0x0,,47,10503,0,DF,17,udp,78,24.144.94.126,10.255.255.1,52205,53,58
Jul  5 09:29:03 fw.rodolfoarce.local filterlog[32783]: 4,,,1000000103,vtnet0,match,block,in,4,0x0,,47,10625,0,DF,17,udp,78,24.144.94.126,10.255.255.1,52205,53,58
Jul  5 09:29:04 fw.rodolfoarce.local filterlog[32783]: 4,,,1000000103,vtnet0,match,block,in,4,0x0,,47,10657,0,DF,17,udp,67,24.144.94.126,10.255.255.1,52205,53,47
Jul  5 09:29:04 fw.rodolfoarce.local filterlog[32783]: 4,,,1000000103,vtnet0,match,block,in,4,0x0,,47,10774,0,DF,17,udp,78,24.144.94.126,10.255.255.1,52205,53,58
Jul  5 09:29:05 fw.rodolfoarce.local filterlog[32783]: 4,,,1000000103,vtnet0,match,block,in,4,0x0,,47,10864,0,DF,17,udp,67,24.144.94.126,10.255.255.1,52205,53,47
Jul  5 09:29:06 fw.rodolfoarce.local filterlog[32783]: 4,,,1000000103,vtnet0,match,block,in,4,0x0,,47,10977,0,DF,17,udp,78,24.144.94.126,10.255.255.1,52205,53,58
Jul  5 09:29:07 fw.rodolfoarce.local filterlog[32783]: 4,,,1000000103,vtnet0,match,block,in,4,0x0,,47,11014,0,DF,17,udp,67,24.144.94.126,10.255.255.1,52205,53,47
Jul  5 09:29:09 fw.rodolfoarce.local filterlog[32783]: 4,,,1000000103,vtnet0,match,block,in,4,0x0,,47,11314,0,DF,17,udp,78,24.144.94.126,10.255.255.1,52205,53,58
Jul  5 09:29:10 fw.rodolfoarce.local dhclient[10762]: DHCPDISCOVER on vtnet0 to 255.255.255.255 port 67 interval 18
Jul  5 09:29:11 fw.rodolfoarce.local filterlog[32783]: 4,,,1000000103,vtnet0,match,block,in,4,0x0,,47,11349,0,DF,17,udp,67,24.144.94.126,10.255.255.1,52205,53,47
Jul  5 09:29:12 fw.rodolfoarce.local filterlog[32783]: 4,,,1000000103,vtnet0,match,block,in,4,0x0,,47,11495,0,DF,17,udp,78,24.144.94.126,10.255.255.1,52205,53,58
Jul  5 09:29:15 fw.rodolfoarce.local filterlog[32783]: 4,,,1000000103,vtnet0,match,block,in,4,0x0,,47,11534,0,DF,17,udp,67,24.144.94.126,10.255.255.1,52205,53,47
Jul  5 09:29:18 fw.rodolfoarce.local filterlog[32783]: 4,,,1000000103,vtnet0,match,block,in,4,0x0,,47,11764,0,DF,17,udp,78,24.144.94.126,10.255.255.1,52205,53,58
Jul  5 09:29:28 fw.rodolfoarce.local dhclient[10762]: DHCPDISCOVER on vtnet0 to 255.255.255.255 port 67 interval 5
Jul  5 09:29:33 fw.rodolfoarce.local dhclient[10762]: No DHCPOFFERS received.
Jul  5 09:29:33 fw.rodolfoarce.local dhclient[10762]: No working leases in persistent database - sleeping.
Jul  5 05:29:33 fw.rodolfoarce.local dhclient[5306]: FAIL
Jul  5 09:29:48 fw.rodolfoarce.local dhclient[10762]: DHCPDISCOVER on vtnet0 to 255.255.255.255 port 67 interval 1
Jul  5 09:29:49 fw.rodolfoarce.local dhclient[10762]: DHCPDISCOVER on vtnet0 to 255.255.255.255 port 67 interval 2
Jul  5 09:29:51 fw.rodolfoarce.local dhclient[10762]: DHCPDISCOVER on vtnet0 to 255.255.255.255 port 67 interval 2
Jul  5 09:29:53 fw.rodolfoarce.local dhclient[10762]: DHCPDISCOVER on vtnet0 to 255.255.255.255 port 67 interval 3
Jul  5 09:29:55 fw.rodolfoarce.local dhcp6c[28115]: Sending Solicit
Jul  5 09:29:56 fw.rodolfoarce.local dhclient[10762]: DHCPDISCOVER on vtnet0 to 255.255.255.255 port 67 interval 4
Jul  5 09:30:00 fw.rodolfoarce.local /usr/sbin/cron[5865]: (root) CMD (/usr/libexec/atrun)
Jul  5 09:30:00 fw.rodolfoarce.local /usr/sbin/cron[5777]: (root) CMD (/usr/sbin/newsyslog)
Jul  5 09:30:00 fw.rodolfoarce.local dhclient[10762]: DHCPDISCOVER on vtnet0 to 255.255.255.255 port 67 interval 5
Jul  5 09:30:06 fw.rodolfoarce.local dhclient[10762]: DHCPDISCOVER on vtnet0 to 255.255.255.255 port 67 interval 10
Jul  5 09:30:16 fw.rodolfoarce.local dhclient[10762]: DHCPDISCOVER on vtnet0 to 255.255.255.255 port 67 interval 9
Jul  5 09:30:25 fw.rodolfoarce.local dhclient[10762]: DHCPDISCOVER on vtnet0 to 255.255.255.255 port 67 interval 17
Jul  5 09:30:42 fw.rodolfoarce.local dhclient[10762]: DHCPDISCOVER on vtnet0 to 255.255.255.255 port 67 interval 7
Jul  5 09:30:49 fw.rodolfoarce.local dhclient[10762]: No DHCPOFFERS received.
Jul  5 09:30:49 fw.rodolfoarce.local dhclient[10762]: No working leases in persistent database - sleeping.
Jul  5 05:30:49 fw.rodolfoarce.local dhclient[23364]: FAIL
Jul  5 09:31:00 fw.rodolfoarce.local /usr/sbin/cron[23525]: (root) CMD (/usr/sbin/newsyslog)
Jul  5 09:31:04 fw.rodolfoarce.local dhclient[10762]: DHCPDISCOVER on vtnet0 to 255.255.255.255 port 67 interval 2
Jul  5 09:31:06 fw.rodolfoarce.local dhclient[10762]: DHCPDISCOVER on vtnet0 to 255.255.255.255 port 67 interval 4
Jul  5 09:31:10 fw.rodolfoarce.local dhclient[10762]: DHCPDISCOVER on vtnet0 to 255.255.255.255 port 67 interval 4
Jul  5 09:31:14 fw.rodolfoarce.local dhclient[10762]: DHCPDISCOVER on vtnet0 to 255.255.255.255 port 67 interval 6
Jul  5 09:31:20 fw.rodolfoarce.local dhclient[10762]: DHCPDISCOVER on vtnet0 to 255.255.255.255 port 67 interval 14
Jul  5 09:31:35 fw.rodolfoarce.local dhclient[10762]: DHCPDISCOVER on vtnet0 to 255.255.255.255 port 67 interval 15
Jul  5 09:31:50 fw.rodolfoarce.local dhclient[10762]: DHCPDISCOVER on vtnet0 to 255.255.255.255 port 67 interval 15
Jul  5 09:31:57 fw.rodolfoarce.local dhcp6c[28115]: Sending Solicit
Jul  5 09:32:00 fw.rodolfoarce.local /usr/sbin/cron[41420]: (root) CMD (/usr/sbin/newsyslog)
Jul  5 09:32:05 fw.rodolfoarce.local dhclient[10762]: No DHCPOFFERS received.
Jul  5 09:32:05 fw.rodolfoarce.local dhclient[10762]: No working leases in persistent database - sleeping.
Jul  5 05:32:05 fw.rodolfoarce.local dhclient[42741]: FAIL
Jul  5 09:32:20 fw.rodolfoarce.local dhclient[10762]: DHCPDISCOVER on vtnet0 to 255.255.255.255 port 67 interval 1
Jul  5 09:32:21 fw.rodolfoarce.local dhclient[10762]: DHCPDISCOVER on vtnet0 to 255.255.255.255 port 67 interval 2
Jul  5 09:32:23 fw.rodolfoarce.local dhclient[10762]: DHCPDISCOVER on vtnet0 to 255.255.255.255 port 67 interval 4
Jul  5 09:32:27 fw.rodolfoarce.local dhclient[10762]: DHCPDISCOVER on vtnet0 to 255.255.255.255 port 67 interval 8
Jul  5 09:32:35 fw.rodolfoarce.local dhclient[10762]: DHCPDISCOVER on vtnet0 to 255.255.255.255 port 67 interval 12
Jul  5 09:32:47 fw.rodolfoarce.local dhclient[10762]: DHCPDISCOVER on vtnet0 to 255.255.255.255 port 67 interval 13
Jul  5 09:33:00 fw.rodolfoarce.local /usr/sbin/cron[61343]: (root) CMD (/usr/sbin/newsyslog)
Jul  5 09:33:00 fw.rodolfoarce.local dhclient[10762]: DHCPDISCOVER on vtnet0 to 255.255.255.255 port 67 interval 7
Jul  5 09:33:07 fw.rodolfoarce.local dhclient[10762]: DHCPDISCOVER on vtnet0 to 255.255.255.255 port 67 interval 14
Jul  5 09:33:21 fw.rodolfoarce.local dhclient[10762]: No DHCPOFFERS received.
Jul  5 09:33:21 fw.rodolfoarce.local dhclient[10762]: No working leases in persistent database - sleeping.
Jul  5 05:33:21 fw.rodolfoarce.local dhclient[73052]: FAIL
Jul  5 09:33:36 fw.rodolfoarce.local dhclient[10762]: DHCPDISCOVER on vtnet0 to 255.255.255.255 port 67 interval 2
Jul  5 09:33:38 fw.rodolfoarce.local dhclient[10762]: DHCPDISCOVER on vtnet0 to 255.255.255.255 port 67 interval 2
Jul  5 09:33:41 fw.rodolfoarce.local dhclient[10762]: DHCPDISCOVER on vtnet0 to 255.255.255.255 port 67 interval 3
Jul  5 09:33:44 fw.rodolfoarce.local dhclient[10762]: DHCPDISCOVER on vtnet0 to 255.255.255.255 port 67 interval 7
Jul  5 09:33:48 fw.rodolfoarce.local dhcp6c[28115]: Sending Solicit
Jul  5 09:33:51 fw.rodolfoarce.local dhclient[10762]: DHCPDISCOVER on vtnet0 to 255.255.255.255 port 67 interval 12
Jul  5 09:34:00 fw.rodolfoarce.local /usr/sbin/cron[79294]: (root) CMD (/usr/sbin/newsyslog)
Jul  5 09:34:03 fw.rodolfoarce.local dhclient[10762]: DHCPDISCOVER on vtnet0 to 255.255.255.255 port 67 interval 9
Jul  5 09:34:12 fw.rodolfoarce.local dhclient[10762]: DHCPDISCOVER on vtnet0 to 255.255.255.255 port 67 interval 14
Jul  5 09:34:26 fw.rodolfoarce.local dhclient[10762]: DHCPDISCOVER on vtnet0 to 255.255.255.255 port 67 interval 11
Jul  5 09:34:37 fw.rodolfoarce.local dhclient[10762]: No DHCPOFFERS received.
Jul  5 09:34:37 fw.rodolfoarce.local dhclient[10762]: No working leases in persistent database - sleeping.
Jul  5 05:34:37 fw.rodolfoarce.local dhclient[98605]: FAIL
Jul  5 09:34:52 fw.rodolfoarce.local dhclient[10762]: DHCPDISCOVER on vtnet0 to 255.255.255.255 port 67 interval 2
Jul  5 09:34:54 fw.rodolfoarce.local dhclient[10762]: DHCPDISCOVER on vtnet0 to 255.255.255.255 port 67 interval 5
Jul  5 09:34:59 fw.rodolfoarce.local dhclient[10762]: DHCPDISCOVER on vtnet0 to 255.255.255.255 port 67 interval 13
Jul  5 09:35:00 fw.rodolfoarce.local /usr/sbin/cron[99517]: (root) CMD (/usr/libexec/atrun)
Jul  5 09:35:00 fw.rodolfoarce.local /usr/sbin/cron[99176]: (root) CMD (/usr/sbin/newsyslog)
Jul  5 09:35:12 fw.rodolfoarce.local dhclient[10762]: DHCPDISCOVER on vtnet0 to 255.255.255.255 port 67 interval 13
Jul  5 09:35:25 fw.rodolfoarce.local dhclient[10762]: DHCPDISCOVER on vtnet0 to 255.255.255.255 port 67 interval 13
Jul  5 09:35:39 fw.rodolfoarce.local dhclient[10762]: DHCPDISCOVER on vtnet0 to 255.255.255.255 port 67 interval 14
Jul  5 09:35:53 fw.rodolfoarce.local dhclient[10762]: No DHCPOFFERS received.
Jul  5 09:35:53 fw.rodolfoarce.local dhclient[10762]: No working leases in persistent database - sleeping.
Jul  5 05:35:53 fw.rodolfoarce.local dhclient[18387]: FAIL
Jul  5 09:35:54 fw.rodolfoarce.local dhcp6c[28115]: Sending Solicit
Jul  5 09:36:00 fw.rodolfoarce.local /usr/sbin/cron[18664]: (root) CMD (/usr/sbin/newsyslog)
Jul  5 09:36:08 fw.rodolfoarce.local dhclient[10762]: DHCPDISCOVER on vtnet0 to 255.255.255.255 port 67 interval 2
Jul  5 09:36:10 fw.rodolfoarce.local dhclient[10762]: DHCPDISCOVER on vtnet0 to 255.255.255.255 port 67 interval 2
Jul  5 09:36:12 fw.rodolfoarce.local dhclient[10762]: DHCPDISCOVER on vtnet0 to 255.255.255.255 port 67 interval 3
Jul  5 09:36:15 fw.rodolfoarce.local dhclient[10762]: DHCPDISCOVER on vtnet0 to 255.255.255.255 port 67 interval 8
Jul  5 09:36:23 fw.rodolfoarce.local dhclient[10762]: DHCPDISCOVER on vtnet0 to 255.255.255.255 port 67 interval 18
Jul  5 09:36:41 fw.rodolfoarce.local dhclient[10762]: DHCPDISCOVER on vtnet0 to 255.255.255.255 port 67 interval 13
Jul  5 09:36:54 fw.rodolfoarce.local dhclient[10762]: DHCPDISCOVER on vtnet0 to 255.255.255.255 port 67 interval 10
Jul  5 09:37:00 fw.rodolfoarce.local /usr/sbin/cron[37694]: (root) CMD (/usr/sbin/newsyslog)
Jul  5 09:37:04 fw.rodolfoarce.local dhclient[10762]: DHCPDISCOVER on vtnet0 to 255.255.255.255 port 67 interval 5
Jul  5 09:37:10 fw.rodolfoarce.local dhclient[10762]: No DHCPOFFERS received.
Jul  5 09:37:10 fw.rodolfoarce.local dhclient[10762]: No working leases in persistent database - sleeping.
Jul  5 05:37:10 fw.rodolfoarce.local dhclient[38884]: FAIL
Jul  5 09:37:25 fw.rodolfoarce.local dhclient[10762]: DHCPDISCOVER on vtnet0 to 255.255.255.255 port 67 interval 1
Jul  5 09:37:27 fw.rodolfoarce.local dhclient[10762]: message repeated 2 times: [ DHCPDISCOVER on vtnet0 to 255.255.255.255 port 67 interval 1]
Jul  5 09:37:28 fw.rodolfoarce.local dhclient[10762]: DHCPDISCOVER on vtnet0 to 255.255.255.255 port 67 interval 2
Jul  5 09:37:30 fw.rodolfoarce.local dhclient[10762]: DHCPDISCOVER on vtnet0 to 255.255.255.255 port 67 interval 5
Jul  5 09:37:35 fw.rodolfoarce.local dhclient[10762]: DHCPDISCOVER on vtnet0 to 255.255.255.255 port 67 interval 9
Jul  5 09:37:44 fw.rodolfoarce.local dhclient[10762]: DHCPDISCOVER on vtnet0 to 255.255.255.255 port 67 interval 15
Jul  5 09:37:59 fw.rodolfoarce.local dhclient[10762]: DHCPDISCOVER on vtnet0 to 255.255.255.255 port 67 interval 16
Jul  5 09:38:00 fw.rodolfoarce.local /usr/sbin/cron[56391]: (root) CMD (/usr/sbin/newsyslog)
Jul  5 09:38:01 fw.rodolfoarce.local dhcp6c[28115]: Sending Solicit
Jul  5 09:38:15 fw.rodolfoarce.local dhclient[10762]: DHCPDISCOVER on vtnet0 to 255.255.255.255 port 67 interval 9
Jul  5 09:38:24 fw.rodolfoarce.local dhclient[10762]: DHCPDISCOVER on vtnet0 to 255.255.255.255 port 67 interval 2
Jul  5 09:38:26 fw.rodolfoarce.local dhclient[10762]: No DHCPOFFERS received.
Jul  5 09:38:26 fw.rodolfoarce.local dhclient[10762]: No working leases in persistent database - sleeping.
Jul  5 05:38:26 fw.rodolfoarce.local dhclient[57249]: FAIL
Jul  5 09:38:41 fw.rodolfoarce.local dhclient[10762]: DHCPDISCOVER on vtnet0 to 255.255.255.255 port 67 interval 1
Jul  5 09:38:44 fw.rodolfoarce.local dhclient[10762]: message repeated 2 times: [ DHCPDISCOVER on vtnet0 to 255.255.255.255 port 67 interval 1]
Jul  5 09:38:45 fw.rodolfoarce.local dhclient[10762]: DHCPDISCOVER on vtnet0 to 255.255.255.255 port 67 interval 2
Jul  5 09:38:47 fw.rodolfoarce.local dhclient[10762]: DHCPDISCOVER on vtnet0 to 255.255.255.255 port 67 interval 2
Jul  5 09:38:49 fw.rodolfoarce.local dhclient[10762]: DHCPDISCOVER on vtnet0 to 255.255.255.255 port 67 interval 4
Jul  5 09:38:53 fw.rodolfoarce.local dhclient[10762]: DHCPDISCOVER on vtnet0 to 255.255.255.255 port 67 interval 8
Jul  5 09:39:00 fw.rodolfoarce.local /usr/sbin/cron[73467]: (root) CMD (/usr/sbin/newsyslog)
Jul  5 09:39:01 fw.rodolfoarce.local dhclient[10762]: DHCPDISCOVER on vtnet0 to 255.255.255.255 port 67 interval 17
Jul  5 09:39:18 fw.rodolfoarce.local dhclient[10762]: DHCPDISCOVER on vtnet0 to 255.255.255.255 port 67 interval 16
Jul  5 09:39:34 fw.rodolfoarce.local dhclient[10762]: DHCPDISCOVER on vtnet0 to 255.255.255.255 port 67 interval 8
Jul  5 09:39:42 fw.rodolfoarce.local dhclient[10762]: No DHCPOFFERS received.
Jul  5 09:39:42 fw.rodolfoarce.local dhclient[10762]: No working leases in persistent database - sleeping.
Jul  5 05:39:42 fw.rodolfoarce.local dhclient[92224]: FAIL
Jul  5 09:39:52 fw.rodolfoarce.local dhcp6c[28115]: Sending Solicit
Jul  5 09:39:57 fw.rodolfoarce.local dhclient[10762]: DHCPDISCOVER on vtnet0 to 255.255.255.255 port 67 interval 2
Jul  5 09:39:59 fw.rodolfoarce.local dhclient[10762]: DHCPDISCOVER on vtnet0 to 255.255.255.255 port 67 interval 4
Jul  5 09:40:00 fw.rodolfoarce.local /usr/sbin/cron[93394]: (root) CMD (/usr/libexec/atrun)
Jul  5 09:40:00 fw.rodolfoarce.local /usr/sbin/cron[93129]: (root) CMD (/usr/sbin/newsyslog)
Jul  5 09:40:03 fw.rodolfoarce.local dhclient[10762]: DHCPDISCOVER on vtnet0 to 255.255.255.255 port 67 interval 9
Jul  5 09:40:12 fw.rodolfoarce.local dhclient[10762]: DHCPDISCOVER on vtnet0 to 255.255.255.255 port 67 interval 10
Jul  5 09:40:22 fw.rodolfoarce.local dhclient[10762]: DHCPDISCOVER on vtnet0 to 255.255.255.255 port 67 interval 14
Jul  5 09:40:37 fw.rodolfoarce.local dhclient[10762]: DHCPDISCOVER on vtnet0 to 255.255.255.255 port 67 interval 11
Jul  5 09:40:48 fw.rodolfoarce.local dhclient[10762]: DHCPDISCOVER on vtnet0 to 255.255.255.255 port 67 interval 10
Jul  5 09:40:49 fw.rodolfoarce.local filterlog[32783]: 4,,,1000000103,vtnet0,match,block,in,4,0x0,,241,54321,0,none,17,udp,71,94.156.68.53,10.255.255.1,50769,53,51
Jul  5 09:40:58 fw.rodolfoarce.local dhclient[10762]: No DHCPOFFERS received.
Jul  5 09:40:58 fw.rodolfoarce.local dhclient[10762]: No working leases in persistent database - sleeping.
Jul  5 05:40:58 fw.rodolfoarce.local dhclient[12635]: FAIL
Jul  5 09:41:00 fw.rodolfoarce.local /usr/sbin/cron[12872]: (root) CMD (/usr/sbin/newsyslog)
Jul  5 09:41:13 fw.rodolfoarce.local dhclient[10762]: DHCPDISCOVER on vtnet0 to 255.255.255.255 port 67 interval 2
Jul  5 09:41:15 fw.rodolfoarce.local dhclient[10762]: DHCPDISCOVER on vtnet0 to 255.255.255.255 port 67 interval 5
Jul  5 09:41:20 fw.rodolfoarce.local dhclient[10762]: DHCPDISCOVER on vtnet0 to 255.255.255.255 port 67 interval 6
Jul  5 09:41:26 fw.rodolfoarce.local dhclient[10762]: DHCPDISCOVER on vtnet0 to 255.255.255.255 port 67 interval 8
Jul  5 09:41:34 fw.rodolfoarce.local dhclient[10762]: DHCPDISCOVER on vtnet0 to 255.255.255.255 port 67 interval 12
Jul  5 09:41:46 fw.rodolfoarce.local dhclient[10762]: DHCPDISCOVER on vtnet0 to 255.255.255.255 port 67 interval 21
Jul  5 09:41:47 fw.rodolfoarce.local dhcp6c[28115]: Sending Solicit
Jul  5 09:42:00 fw.rodolfoarce.local /usr/sbin/cron[31677]: (root) CMD (/usr/sbin/newsyslog)
Jul  5 09:42:07 fw.rodolfoarce.local dhclient[10762]: DHCPDISCOVER on vtnet0 to 255.255.255.255 port 67 interval 7
Jul  5 09:42:14 fw.rodolfoarce.local dhclient[10762]: No DHCPOFFERS received.
Jul  5 09:42:14 fw.rodolfoarce.local dhclient[10762]: No working leases in persistent database - sleeping.
Jul  5 05:42:14 fw.rodolfoarce.local dhclient[32393]: FAIL
Jul  5 09:42:29 fw.rodolfoarce.local dhclient[10762]: DHCPDISCOVER on vtnet0 to 255.255.255.255 port 67 interval 1
Jul  5 09:42:30 fw.rodolfoarce.local dhclient[10762]: DHCPDISCOVER on vtnet0 to 255.255.255.255 port 67 interval 2
Jul  5 09:42:32 fw.rodolfoarce.local dhclient[10762]: DHCPDISCOVER on vtnet0 to 255.255.255.255 port 67 interval 3
Jul  5 09:42:35 fw.rodolfoarce.local dhclient[10762]: DHCPDISCOVER on vtnet0 to 255.255.255.255 port 67 interval 6
Jul  5 09:42:42 fw.rodolfoarce.local dhclient[10762]: DHCPDISCOVER on vtnet0 to 255.255.255.255 port 67 interval 15
Jul  5 09:42:57 fw.rodolfoarce.local dhclient[10762]: DHCPDISCOVER on vtnet0 to 255.255.255.255 port 67 interval 14
Jul  5 09:43:00 fw.rodolfoarce.local /usr/sbin/cron[53067]: (root) CMD (/usr/sbin/newsyslog)
Jul  5 09:43:11 fw.rodolfoarce.local dhclient[10762]: DHCPDISCOVER on vtnet0 to 255.255.255.255 port 67 interval 19
Jul  5 09:43:30 fw.rodolfoarce.local dhclient[10762]: No DHCPOFFERS received.
Jul  5 09:43:30 fw.rodolfoarce.local dhclient[10762]: No working leases in persistent database - sleeping.
Jul  5 05:43:30 fw.rodolfoarce.local dhclient[54169]: FAIL
Jul  5 09:43:45 fw.rodolfoarce.local dhclient[10762]: DHCPDISCOVER on vtnet0 to 255.255.255.255 port 67 interval 2
Jul  5 09:43:47 fw.rodolfoarce.local dhcp6c[28115]: Sending Solicit
Jul  5 09:43:47 fw.rodolfoarce.local dhclient[10762]: DHCPDISCOVER on vtnet0 to 255.255.255.255 port 67 interval 2
Jul  5 09:43:49 fw.rodolfoarce.local dhclient[10762]: DHCPDISCOVER on vtnet0 to 255.255.255.255 port 67 interval 5
Jul  5 09:43:54 fw.rodolfoarce.local dhclient[10762]: DHCPDISCOVER on vtnet0 to 255.255.255.255 port 67 interval 14
Jul  5 09:44:00 fw.rodolfoarce.local /usr/sbin/cron[72376]: (root) CMD (/usr/sbin/newsyslog)
Jul  5 09:44:08 fw.rodolfoarce.local dhclient[10762]: DHCPDISCOVER on vtnet0 to 255.255.255.255 port 67 interval 8
Jul  5 09:44:16 fw.rodolfoarce.local dhclient[10762]: DHCPDISCOVER on vtnet0 to 255.255.255.255 port 67 interval 15
Jul  5 09:44:31 fw.rodolfoarce.local dhclient[10762]: DHCPDISCOVER on vtnet0 to 255.255.255.255 port 67 interval 15
Jul  5 09:44:46 fw.rodolfoarce.local dhclient[10762]: No DHCPOFFERS received.
Jul  5 09:44:46 fw.rodolfoarce.local dhclient[10762]: No working leases in persistent database - sleeping.
Jul  5 05:44:46 fw.rodolfoarce.local dhclient[91972]: FAIL
Jul  5 09:45:00 fw.rodolfoarce.local /usr/sbin/cron[92488]: (root) CMD (/usr/sbin/newsyslog)
Jul  5 09:45:00 fw.rodolfoarce.local /usr/sbin/cron[92630]: (root) CMD (/usr/libexec/atrun)
Jul  5 09:45:01 fw.rodolfoarce.local dhclient[10762]: DHCPDISCOVER on vtnet0 to 255.255.255.255 port 67 interval 2
Jul  5 09:45:03 fw.rodolfoarce.local dhclient[10762]: DHCPDISCOVER on vtnet0 to 255.255.255.255 port 67 interval 4
Jul  5 09:45:07 fw.rodolfoarce.local dhclient[10762]: DHCPDISCOVER on vtnet0 to 255.255.255.255 port 67 interval 9
Jul  5 09:45:16 fw.rodolfoarce.local dhclient[10762]: DHCPDISCOVER on vtnet0 to 255.255.255.255 port 67 interval 16
Jul  5 09:45:33 fw.rodolfoarce.local dhclient[10762]: DHCPDISCOVER on vtnet0 to 255.255.255.255 port 67 interval 16
Jul  5 09:45:36 fw.rodolfoarce.local dhcp6c[28115]: Sending Solicit
Jul  5 09:45:49 fw.rodolfoarce.local dhclient[10762]: DHCPDISCOVER on vtnet0 to 255.255.255.255 port 67 interval 9
Jul  5 09:45:58 fw.rodolfoarce.local dhclient[10762]: DHCPDISCOVER on vtnet0 to 255.255.255.255 port 67 interval 4
Jul  5 09:46:00 fw.rodolfoarce.local /usr/sbin/cron[12178]: (root) CMD (/usr/sbin/newsyslog)
Jul  5 09:46:02 fw.rodolfoarce.local dhclient[10762]: No DHCPOFFERS received.
Jul  5 09:46:02 fw.rodolfoarce.local dhclient[10762]: No working leases in persistent database - sleeping.
Jul  5 05:46:02 fw.rodolfoarce.local dhclient[12954]: FAIL
Jul  5 09:46:17 fw.rodolfoarce.local dhclient[10762]: DHCPDISCOVER on vtnet0 to 255.255.255.255 port 67 interval 1
Jul  5 09:46:21 fw.rodolfoarce.local dhclient[10762]: message repeated 4 times: [ DHCPDISCOVER on vtnet0 to 255.255.255.255 port 67 interval 1]
Jul  5 09:46:22 fw.rodolfoarce.local dhclient[10762]: DHCPDISCOVER on vtnet0 to 255.255.255.255 port 67 interval 2
Jul  5 09:46:24 fw.rodolfoarce.local dhclient[10762]: DHCPDISCOVER on vtnet0 to 255.255.255.255 port 67 interval 3
Jul  5 09:46:27 fw.rodolfoarce.local dhclient[10762]: DHCPDISCOVER on vtnet0 to 255.255.255.255 port 67 interval 8
Jul  5 09:46:35 fw.rodolfoarce.local dhclient[10762]: DHCPDISCOVER on vtnet0 to 255.255.255.255 port 67 interval 20
Jul  5 09:46:55 fw.rodolfoarce.local dhclient[10762]: DHCPDISCOVER on vtnet0 to 255.255.255.255 port 67 interval 11
Jul  5 09:47:00 fw.rodolfoarce.local /usr/sbin/cron[29543]: (root) CMD (/usr/sbin/newsyslog)
Jul  5 09:47:06 fw.rodolfoarce.local dhclient[10762]: DHCPDISCOVER on vtnet0 to 255.255.255.255 port 67 interval 12
Jul  5 09:47:19 fw.rodolfoarce.local dhclient[10762]: No DHCPOFFERS received.
Jul  5 09:47:19 fw.rodolfoarce.local dhclient[10762]: No working leases in persistent database - sleeping.
Jul  5 05:47:19 fw.rodolfoarce.local dhclient[30503]: FAIL
Jul  5 09:47:26 fw.rodolfoarce.local dhcp6c[28115]: Sending Solicit
Jul  5 09:47:34 fw.rodolfoarce.local dhclient[10762]: DHCPDISCOVER on vtnet0 to 255.255.255.255 port 67 interval 1
Jul  5 09:47:37 fw.rodolfoarce.local dhclient[10762]: message repeated 3 times: [ DHCPDISCOVER on vtnet0 to 255.255.255.255 port 67 interval 1]
Jul  5 09:47:38 fw.rodolfoarce.local dhclient[10762]: DHCPDISCOVER on vtnet0 to 255.255.255.255 port 67 interval 2
Jul  5 09:47:40 fw.rodolfoarce.local dhclient[10762]: DHCPDISCOVER on vtnet0 to 255.255.255.255 port 67 interval 3
Jul  5 09:47:43 fw.rodolfoarce.local dhclient[10762]: DHCPDISCOVER on vtnet0 to 255.255.255.255 port 67 interval 7
Jul  5 09:47:50 fw.rodolfoarce.local dhclient[10762]: DHCPDISCOVER on vtnet0 to 255.255.255.255 port 67 interval 11
Jul  5 09:48:00 fw.rodolfoarce.local /usr/sbin/cron[48561]: (root) CMD (/usr/sbin/newsyslog)
Jul  5 09:48:01 fw.rodolfoarce.local dhclient[10762]: DHCPDISCOVER on vtnet0 to 255.255.255.255 port 67 interval 11
Jul  5 09:48:12 fw.rodolfoarce.local dhclient[10762]: DHCPDISCOVER on vtnet0 to 255.255.255.255 port 67 interval 18
Jul  5 09:48:30 fw.rodolfoarce.local dhclient[10762]: DHCPDISCOVER on vtnet0 to 255.255.255.255 port 67 interval 5
Jul  5 09:48:35 fw.rodolfoarce.local dhclient[10762]: No DHCPOFFERS received.
Jul  5 09:48:35 fw.rodolfoarce.local dhclient[10762]: No working leases in persistent database - sleeping.
Jul  5 05:48:35 fw.rodolfoarce.local dhclient[49364]: FAIL
Jul  5 09:48:50 fw.rodolfoarce.local dhclient[10762]: DHCPDISCOVER on vtnet0 to 255.255.255.255 port 67 interval 1
Jul  5 09:48:51 fw.rodolfoarce.local dhclient[10762]: DHCPDISCOVER on vtnet0 to 255.255.255.255 port 67 interval 1
Jul  5 09:48:52 fw.rodolfoarce.local dhclient[10762]: DHCPDISCOVER on vtnet0 to 255.255.255.255 port 67 interval 2
Jul  5 09:48:54 fw.rodolfoarce.local dhclient[10762]: DHCPDISCOVER on vtnet0 to 255.255.255.255 port 67 interval 3
Jul  5 09:48:57 fw.rodolfoarce.local dhclient[10762]: DHCPDISCOVER on vtnet0 to 255.255.255.255 port 67 interval 5
Jul  5 09:49:00 fw.rodolfoarce.local /usr/sbin/cron[66307]: (root) CMD (/usr/sbin/newsyslog)
Jul  5 09:49:02 fw.rodolfoarce.local dhclient[10762]: DHCPDISCOVER on vtnet0 to 255.255.255.255 port 67 interval 8
Jul  5 09:49:10 fw.rodolfoarce.local dhclient[10762]: DHCPDISCOVER on vtnet0 to 255.255.255.255 port 67 interval 10
Jul  5 09:49:21 fw.rodolfoarce.local dhclient[10762]: DHCPDISCOVER on vtnet0 to 255.255.255.255 port 67 interval 12
Jul  5 09:49:32 fw.rodolfoarce.local dhcp6c[28115]: Sending Solicit
Jul  5 09:49:33 fw.rodolfoarce.local dhclient[10762]: DHCPDISCOVER on vtnet0 to 255.255.255.255 port 67 interval 17
Jul  5 09:49:50 fw.rodolfoarce.local dhclient[10762]: DHCPDISCOVER on vtnet0 to 255.255.255.255 port 67 interval 1
Jul  5 09:49:51 fw.rodolfoarce.local dhclient[10762]: No DHCPOFFERS received.
Jul  5 09:49:51 fw.rodolfoarce.local dhclient[10762]: No working leases in persistent database - sleeping.
Jul  5 05:49:51 fw.rodolfoarce.local dhclient[85851]: FAIL
Jul  5 09:50:00 fw.rodolfoarce.local /usr/sbin/cron[86841]: (root) CMD (/usr/libexec/atrun)
Jul  5 09:50:00 fw.rodolfoarce.local /usr/sbin/cron[86649]: (root) CMD (/usr/sbin/newsyslog)
Jul  5 09:50:06 fw.rodolfoarce.local dhclient[10762]: DHCPDISCOVER on vtnet0 to 255.255.255.255 port 67 interval 2
Jul  5 09:50:08 fw.rodolfoarce.local dhclient[10762]: DHCPDISCOVER on vtnet0 to 255.255.255.255 port 67 interval 2
Jul  5 09:50:10 fw.rodolfoarce.local dhclient[10762]: DHCPDISCOVER on vtnet0 to 255.255.255.255 port 67 interval 5
Jul  5 09:50:15 fw.rodolfoarce.local dhclient[10762]: DHCPDISCOVER on vtnet0 to 255.255.255.255 port 67 interval 14
Jul  5 09:50:29 fw.rodolfoarce.local dhclient[10762]: DHCPDISCOVER on vtnet0 to 255.255.255.255 port 67 interval 20
Jul  5 09:50:49 fw.rodolfoarce.local dhclient[10762]: DHCPDISCOVER on vtnet0 to 255.255.255.255 port 67 interval 8
Jul  5 09:50:57 fw.rodolfoarce.local dhclient[10762]: DHCPDISCOVER on vtnet0 to 255.255.255.255 port 67 interval 10
Jul  5 09:51:00 fw.rodolfoarce.local /usr/sbin/cron[7086]: (root) CMD (/usr/sbin/newsyslog)
Jul  5 09:51:07 fw.rodolfoarce.local dhclient[10762]: No DHCPOFFERS received.
Jul  5 09:51:07 fw.rodolfoarce.local dhclient[10762]: No working leases in persistent database - sleeping.
Jul  5 05:51:07 fw.rodolfoarce.local dhclient[8203]: FAIL
Jul  5 09:51:22 fw.rodolfoarce.local dhclient[10762]: DHCPDISCOVER on vtnet0 to 255.255.255.255 port 67 interval 1
Jul  5 09:51:26 fw.rodolfoarce.local dhclient[10762]: message repeated 3 times: [ DHCPDISCOVER on vtnet0 to 255.255.255.255 port 67 interval 1]
Jul  5 09:51:26 fw.rodolfoarce.local dhcp6c[28115]: Sending Solicit
Jul  5 09:51:27 fw.rodolfoarce.local dhclient[10762]: DHCPDISCOVER on vtnet0 to 255.255.255.255 port 67 interval 2
Jul  5 09:51:29 fw.rodolfoarce.local dhclient[10762]: DHCPDISCOVER on vtnet0 to 255.255.255.255 port 67 interval 4
Jul  5 09:51:30 fw.rodolfoarce.local filterlog[32783]: 4,,,1000000103,vtnet0,match,block,in,4,0x0,,38,51220,0,DF,6,tcp,52,101.201.212.110,10.255.255.1,31684,22,0,S,2440674341,,14600,,mss;nop;nop;sackOK;nop;wscale
Jul  5 09:51:32 fw.rodolfoarce.local filterlog[32783]: 4,,,1000000103,vtnet0,match,block,in,4,0x0,,38,15682,0,DF,6,tcp,52,101.201.212.110,10.255.255.1,61335,22,0,S,2440674344,,14600,,mss;nop;nop;sackOK;nop;wscale
Jul  5 09:51:33 fw.rodolfoarce.local dhclient[10762]: DHCPDISCOVER on vtnet0 to 255.255.255.255 port 67 interval 7
Jul  5 09:51:33 fw.rodolfoarce.local filterlog[32783]: 4,,,1000000103,vtnet0,match,block,in,4,0x0,,38,15683,0,DF,6,tcp,52,101.201.212.110,10.255.255.1,61335,22,0,S,2440674344,,14600,,mss;nop;nop;sackOK;nop;wscale
Jul  5 09:51:36 fw.rodolfoarce.local filterlog[32783]: 4,,,1000000103,vtnet0,match,block,in,4,0x0,,38,12935,0,DF,6,tcp,52,101.201.212.110,10.255.255.1,26225,22,0,S,2440674347,,14600,,mss;nop;nop;sackOK;nop;wscale
Jul  5 09:51:40 fw.rodolfoarce.local dhclient[10762]: DHCPDISCOVER on vtnet0 to 255.255.255.255 port 67 interval 8
Jul  5 09:51:48 fw.rodolfoarce.local dhclient[10762]: DHCPDISCOVER on vtnet0 to 255.255.255.255 port 67 interval 9
Jul  5 09:51:57 fw.rodolfoarce.local dhclient[10762]: DHCPDISCOVER on vtnet0 to 255.255.255.255 port 67 interval 13
Jul  5 09:52:00 fw.rodolfoarce.local /usr/sbin/cron[26171]: (root) CMD (/usr/sbin/newsyslog)
Jul  5 09:52:10 fw.rodolfoarce.local dhclient[10762]: DHCPDISCOVER on vtnet0 to 255.255.255.255 port 67 interval 13
Jul  5 09:52:23 fw.rodolfoarce.local dhclient[10762]: No DHCPOFFERS received.
Jul  5 09:52:23 fw.rodolfoarce.local dhclient[10762]: No working leases in persistent database - sleeping.
Jul  5 05:52:23 fw.rodolfoarce.local dhclient[27117]: FAIL
Jul  5 09:52:38 fw.rodolfoarce.local dhclient[10762]: DHCPDISCOVER on vtnet0 to 255.255.255.255 port 67 interval 2
Jul  5 09:52:40 fw.rodolfoarce.local dhclient[10762]: DHCPDISCOVER on vtnet0 to 255.255.255.255 port 67 interval 5
Jul  5 09:52:45 fw.rodolfoarce.local dhclient[10762]: DHCPDISCOVER on vtnet0 to 255.255.255.255 port 67 interval 5
Jul  5 09:52:51 fw.rodolfoarce.local dhclient[10762]: DHCPDISCOVER on vtnet0 to 255.255.255.255 port 67 interval 11
Jul  5 09:53:00 fw.rodolfoarce.local /usr/sbin/cron[45946]: (root) CMD (/usr/sbin/newsyslog)
Jul  5 09:53:02 fw.rodolfoarce.local dhclient[10762]: DHCPDISCOVER on vtnet0 to 255.255.255.255 port 67 interval 19
Jul  5 09:53:21 fw.rodolfoarce.local dhclient[10762]: DHCPDISCOVER on vtnet0 to 255.255.255.255 port 67 interval 9
Jul  5 09:53:30 fw.rodolfoarce.local dhclient[10762]: DHCPDISCOVER on vtnet0 to 255.255.255.255 port 67 interval 9
Jul  5 09:53:37 fw.rodolfoarce.local dhcp6c[28115]: Sending Solicit
Jul  5 09:53:39 fw.rodolfoarce.local dhclient[10762]: No DHCPOFFERS received.
Jul  5 09:53:39 fw.rodolfoarce.local dhclient[10762]: No working leases in persistent database - sleeping.
Jul  5 05:53:39 fw.rodolfoarce.local dhclient[46487]: FAIL
Jul  5 09:53:54 fw.rodolfoarce.local dhclient[10762]: DHCPDISCOVER on vtnet0 to 255.255.255.255 port 67 interval 1
Jul  5 09:53:55 fw.rodolfoarce.local dhclient[10762]: DHCPDISCOVER on vtnet0 to 255.255.255.255 port 67 interval 2
Jul  5 09:53:57 fw.rodolfoarce.local dhclient[10762]: DHCPDISCOVER on vtnet0 to 255.255.255.255 port 67 interval 4
Jul  5 09:54:00 fw.rodolfoarce.local /usr/sbin/cron[63722]: (root) CMD (/usr/sbin/newsyslog)
Jul  5 09:54:01 fw.rodolfoarce.local dhclient[10762]: DHCPDISCOVER on vtnet0 to 255.255.255.255 port 67 interval 6
Jul  5 09:54:07 fw.rodolfoarce.local dhclient[10762]: DHCPDISCOVER on vtnet0 to 255.255.255.255 port 67 interval 10
Jul  5 09:54:17 fw.rodolfoarce.local dhclient[10762]: DHCPDISCOVER on vtnet0 to 255.255.255.255 port 67 interval 12
Jul  5 09:54:29 fw.rodolfoarce.local dhclient[10762]: DHCPDISCOVER on vtnet0 to 255.255.255.255 port 67 interval 17
Jul  5 09:54:46 fw.rodolfoarce.local dhclient[10762]: DHCPDISCOVER on vtnet0 to 255.255.255.255 port 67 interval 9
Jul  5 09:54:56 fw.rodolfoarce.local dhclient[10762]: No DHCPOFFERS received.
Jul  5 09:54:56 fw.rodolfoarce.local dhclient[10762]: No working leases in persistent database - sleeping.
Jul  5 05:54:56 fw.rodolfoarce.local dhclient[82350]: FAIL
Jul  5 09:55:00 fw.rodolfoarce.local /usr/sbin/cron[83069]: (root) CMD (/usr/libexec/atrun)
Jul  5 09:55:00 fw.rodolfoarce.local /usr/sbin/cron[82767]: (root) CMD (/usr/sbin/newsyslog)
Jul  5 09:55:11 fw.rodolfoarce.local dhclient[10762]: DHCPDISCOVER on vtnet0 to 255.255.255.255 port 67 interval 1
Jul  5 09:55:12 fw.rodolfoarce.local dhclient[10762]: DHCPDISCOVER on vtnet0 to 255.255.255.255 port 67 interval 2
Jul  5 09:55:14 fw.rodolfoarce.local dhclient[10762]: DHCPDISCOVER on vtnet0 to 255.255.255.255 port 67 interval 4
Jul  5 09:55:18 fw.rodolfoarce.local dhclient[10762]: DHCPDISCOVER on vtnet0 to 255.255.255.255 port 67 interval 8
Jul  5 09:55:26 fw.rodolfoarce.local dhclient[10762]: DHCPDISCOVER on vtnet0 to 255.255.255.255 port 67 interval 14
Jul  5 09:55:39 fw.rodolfoarce.local dhcp6c[28115]: Sending Solicit
Jul  5 09:55:40 fw.rodolfoarce.local dhclient[10762]: DHCPDISCOVER on vtnet0 to 255.255.255.255 port 67 interval 21
Jul  5 09:56:00 fw.rodolfoarce.local /usr/sbin/cron[3090]: (root) CMD (/usr/sbin/newsyslog)
Jul  5 09:56:01 fw.rodolfoarce.local dhclient[10762]: DHCPDISCOVER on vtnet0 to 255.255.255.255 port 67 interval 11
Jul  5 09:56:12 fw.rodolfoarce.local dhclient[10762]: No DHCPOFFERS received.
Jul  5 09:56:12 fw.rodolfoarce.local dhclient[10762]: No working leases in persistent database - sleeping.
Jul  5 05:56:12 fw.rodolfoarce.local dhclient[3791]: FAIL
Jul  5 09:56:27 fw.rodolfoarce.local dhclient[10762]: DHCPDISCOVER on vtnet0 to 255.255.255.255 port 67 interval 2
Jul  5 09:56:29 fw.rodolfoarce.local dhclient[10762]: DHCPDISCOVER on vtnet0 to 255.255.255.255 port 67 interval 2
Jul  5 09:56:31 fw.rodolfoarce.local dhclient[10762]: DHCPDISCOVER on vtnet0 to 255.255.255.255 port 67 interval 4
Jul  5 09:56:34 fw.rodolfoarce.local filterlog[32783]: 4,,,1000000103,vtnet0,match,block,in,4,0x0,,52,43390,0,none,6,tcp,60,206.168.34.174,10.255.255.1,13712,22,0,S,2311950961,,42340,,mss;sackOK;TS;nop;wscale
Jul  5 09:56:35 fw.rodolfoarce.local dhclient[10762]: DHCPDISCOVER on vtnet0 to 255.255.255.255 port 67 interval 4
Jul  5 09:56:39 fw.rodolfoarce.local dhclient[10762]: DHCPDISCOVER on vtnet0 to 255.255.255.255 port 67 interval 11
Jul  5 09:56:50 fw.rodolfoarce.local dhclient[10762]: DHCPDISCOVER on vtnet0 to 255.255.255.255 port 67 interval 13
Jul  5 09:57:00 fw.rodolfoarce.local /usr/sbin/cron[23370]: (root) CMD (/usr/sbin/newsyslog)
Jul  5 09:57:03 fw.rodolfoarce.local dhclient[10762]: DHCPDISCOVER on vtnet0 to 255.255.255.255 port 67 interval 15
Jul  5 09:57:18 fw.rodolfoarce.local dhclient[10762]: DHCPDISCOVER on vtnet0 to 255.255.255.255 port 67 interval 10
Jul  5 09:57:29 fw.rodolfoarce.local dhclient[10762]: No DHCPOFFERS received.
Jul  5 09:57:29 fw.rodolfoarce.local dhclient[10762]: No working leases in persistent database - sleeping.
Jul  5 05:57:29 fw.rodolfoarce.local dhclient[24492]: FAIL
Jul  5 09:57:37 fw.rodolfoarce.local dhcp6c[28115]: Sending Solicit
Jul  5 09:57:44 fw.rodolfoarce.local dhclient[10762]: DHCPDISCOVER on vtnet0 to 255.255.255.255 port 67 interval 2
Jul  5 09:57:46 fw.rodolfoarce.local dhclient[10762]: DHCPDISCOVER on vtnet0 to 255.255.255.255 port 67 interval 5
Jul  5 09:57:51 fw.rodolfoarce.local dhclient[10762]: DHCPDISCOVER on vtnet0 to 255.255.255.255 port 67 interval 14
Jul  5 09:58:00 fw.rodolfoarce.local /usr/sbin/cron[43699]: (root) CMD (/usr/sbin/newsyslog)
Jul  5 09:58:05 fw.rodolfoarce.local dhclient[10762]: DHCPDISCOVER on vtnet0 to 255.255.255.255 port 67 interval 21
Jul  5 09:58:26 fw.rodolfoarce.local dhclient[10762]: DHCPDISCOVER on vtnet0 to 255.255.255.255 port 67 interval 17
Jul  5 09:58:43 fw.rodolfoarce.local dhclient[10762]: DHCPDISCOVER on vtnet0 to 255.255.255.255 port 67 interval 2
Jul  5 09:58:45 fw.rodolfoarce.local dhclient[10762]: No DHCPOFFERS received.
Jul  5 09:58:45 fw.rodolfoarce.local dhclient[10762]: No working leases in persistent database - sleeping.
Jul  5 05:58:45 fw.rodolfoarce.local dhclient[44435]: FAIL
Jul  5 09:59:00 fw.rodolfoarce.local /usr/sbin/cron[64407]: (root) CMD (/usr/sbin/newsyslog)
Jul  5 09:59:00 fw.rodolfoarce.local dhclient[10762]: DHCPDISCOVER on vtnet0 to 255.255.255.255 port 67 interval 1
Jul  5 09:59:01 fw.rodolfoarce.local dhclient[10762]: DHCPDISCOVER on vtnet0 to 255.255.255.255 port 67 interval 2
Jul  5 09:59:03 fw.rodolfoarce.local dhclient[10762]: DHCPDISCOVER on vtnet0 to 255.255.255.255 port 67 interval 5
Jul  5 09:59:08 fw.rodolfoarce.local dhclient[10762]: DHCPDISCOVER on vtnet0 to 255.255.255.255 port 67 interval 14
Jul  5 09:59:22 fw.rodolfoarce.local dhclient[10762]: DHCPDISCOVER on vtnet0 to 255.255.255.255 port 67 interval 12
Jul  5 09:59:35 fw.rodolfoarce.local dhclient[10762]: DHCPDISCOVER on vtnet0 to 255.255.255.255 port 67 interval 13
Jul  5 09:59:46 fw.rodolfoarce.local dhcp6c[28115]: Sending Solicit
Jul  5 09:59:48 fw.rodolfoarce.local dhclient[10762]: DHCPDISCOVER on vtnet0 to 255.255.255.255 port 67 interval 9
Jul  5 09:59:57 fw.rodolfoarce.local dhclient[10762]: DHCPDISCOVER on vtnet0 to 255.255.255.255 port 67 interval 4
Jul  5 10:00:00 fw.rodolfoarce.local /usr/sbin/cron[82112]: (root) CMD (/usr/bin/nice -n20 /usr/local/sbin/expiretable -v -t 3600 virusprot)
Jul  5 10:00:00 fw.rodolfoarce.local /usr/sbin/cron[82232]: (root) CMD (/usr/libexec/atrun)
Jul  5 10:00:00 fw.rodolfoarce.local /usr/sbin/cron[82128]: (root) CMD (/usr/sbin/newsyslog)
Jul  5 10:00:01 fw.rodolfoarce.local dhclient[10762]: No DHCPOFFERS received.
Jul  5 10:00:01 fw.rodolfoarce.local dhclient[10762]: No working leases in persistent database - sleeping.
Jul  5 06:00:01 fw.rodolfoarce.local dhclient[83521]: FAIL
Jul  5 10:00:16 fw.rodolfoarce.local dhclient[10762]: DHCPDISCOVER on vtnet0 to 255.255.255.255 port 67 interval 2
Jul  5 10:00:20 fw.rodolfoarce.local dhclient[10762]: message repeated 2 times: [ DHCPDISCOVER on vtnet0 to 255.255.255.255 port 67 interval 2]
Jul  5 10:00:22 fw.rodolfoarce.local dhclient[10762]: DHCPDISCOVER on vtnet0 to 255.255.255.255 port 67 interval 3
Jul  5 10:00:25 fw.rodolfoarce.local dhclient[10762]: DHCPDISCOVER on vtnet0 to 255.255.255.255 port 67 interval 7
Jul  5 10:00:32 fw.rodolfoarce.local dhclient[10762]: DHCPDISCOVER on vtnet0 to 255.255.255.255 port 67 interval 12
Jul  5 10:00:45 fw.rodolfoarce.local dhclient[10762]: DHCPDISCOVER on vtnet0 to 255.255.255.255 port 67 interval 17
Jul  5 10:01:00 fw.rodolfoarce.local /usr/sbin/cron[3292]: (root) CMD (/usr/sbin/newsyslog)
Jul  5 10:01:02 fw.rodolfoarce.local dhclient[10762]: DHCPDISCOVER on vtnet0 to 255.255.255.255 port 67 interval 9
Jul  5 10:01:11 fw.rodolfoarce.local dhclient[10762]: DHCPDISCOVER on vtnet0 to 255.255.255.255 port 67 interval 6
Jul  5 10:01:17 fw.rodolfoarce.local dhclient[10762]: No DHCPOFFERS received.
Jul  5 10:01:17 fw.rodolfoarce.local dhclient[10762]: No working leases in persistent database - sleeping.
Jul  5 06:01:17 fw.rodolfoarce.local dhclient[4159]: FAIL
Jul  5 10:01:32 fw.rodolfoarce.local dhclient[10762]: DHCPDISCOVER on vtnet0 to 255.255.255.255 port 67 interval 1
Jul  5 10:01:33 fw.rodolfoarce.local dhclient[10762]: DHCPDISCOVER on vtnet0 to 255.255.255.255 port 67 interval 2
Jul  5 10:01:41 fw.rodolfoarce.local dhclient[10762]: message repeated 4 times: [ DHCPDISCOVER on vtnet0 to 255.255.255.255 port 67 interval 2]
Jul  5 10:01:42 fw.rodolfoarce.local dhcp6c[28115]: Sending Solicit
Jul  5 10:01:43 fw.rodolfoarce.local dhclient[10762]: DHCPDISCOVER on vtnet0 to 255.255.255.255 port 67 interval 5
Jul  5 10:01:48 fw.rodolfoarce.local dhclient[10762]: DHCPDISCOVER on vtnet0 to 255.255.255.255 port 67 interval 11
Jul  5 10:02:00 fw.rodolfoarce.local dhclient[10762]: DHCPDISCOVER on vtnet0 to 255.255.255.255 port 67 interval 18
Jul  5 10:02:00 fw.rodolfoarce.local /usr/sbin/cron[23492]: (root) CMD (/usr/sbin/newsyslog)
Jul  5 10:02:18 fw.rodolfoarce.local dhclient[10762]: DHCPDISCOVER on vtnet0 to 255.255.255.255 port 67 interval 7
Jul  5 10:02:25 fw.rodolfoarce.local dhclient[10762]: DHCPDISCOVER on vtnet0 to 255.255.255.255 port 67 interval 8
Jul  5 10:02:33 fw.rodolfoarce.local dhclient[10762]: No DHCPOFFERS received.
Jul  5 10:02:33 fw.rodolfoarce.local dhclient[10762]: No working leases in persistent database - sleeping.
Jul  5 06:02:33 fw.rodolfoarce.local dhclient[24104]: FAIL
Jul  5 10:02:48 fw.rodolfoarce.local dhclient[10762]: DHCPDISCOVER on vtnet0 to 255.255.255.255 port 67 interval 1
Jul  5 10:02:49 fw.rodolfoarce.local filterlog[32783]: 4,,,1000000103,vtnet1,match,block,in,4,0x0,,64,59023,0,DF,6,tcp,76,10.1.1.3,104.21.40.220,60050,443,24,PA,3756584608:3756584632,4101281005,249,,nop;nop;TS
Jul  5 10:02:49 fw.rodolfoarce.local filterlog[32783]: 4,,,1000000103,vtnet1,match,block,in,4,0x0,,64,59024,0,DF,6,tcp,52,10.1.1.3,104.21.40.220,60050,443,0,FA,3756584632,4101281005,249,,nop;nop;TS
Jul  5 10:02:49 fw.rodolfoarce.local filterlog[32783]: 4,,,1000000103,vtnet1,match,block,in,4,0x0,,64,59025,0,DF,6,tcp,52,10.1.1.3,104.21.40.220,60050,443,0,FA,3756584632,4101281005,249,,nop;nop;TS
Jul  5 10:02:49 fw.rodolfoarce.local filterlog[32783]: 4,,,1000000103,vtnet1,match,block,in,4,0x0,,64,59026,0,DF,6,tcp,76,10.1.1.3,104.21.40.220,60050,443,24,FPA,3756584608:3756584632,4101281005,249,,nop;nop;TS
Jul  5 10:02:49 fw.rodolfoarce.local filterlog[32783]: 4,,,1000000103,vtnet1,match,block,in,4,0x0,,64,59027,0,DF,6,tcp,76,10.1.1.3,104.21.40.220,60050,443,24,FPA,3756584608:3756584632,4101281005,249,,nop;nop;TS
Jul  5 10:02:49 fw.rodolfoarce.local dhclient[10762]: DHCPDISCOVER on vtnet0 to 255.255.255.255 port 67 interval 2
Jul  5 10:02:50 fw.rodolfoarce.local filterlog[32783]: 4,,,1000000103,vtnet1,match,block,in,4,0x0,,64,59028,0,DF,6,tcp,76,10.1.1.3,104.21.40.220,60050,443,24,FPA,3756584608:3756584632,4101281005,249,,nop;nop;TS
Jul  5 10:02:51 fw.rodolfoarce.local dhclient[10762]: DHCPDISCOVER on vtnet0 to 255.255.255.255 port 67 interval 2
Jul  5 10:02:52 fw.rodolfoarce.local filterlog[32783]: 4,,,1000000103,vtnet1,match,block,in,4,0x0,,64,59029,0,DF,6,tcp,76,10.1.1.3,104.21.40.220,60050,443,24,FPA,3756584608:3756584632,4101281005,249,,nop;nop;TS
Jul  5 10:02:53 fw.rodolfoarce.local dhclient[10762]: DHCPDISCOVER on vtnet0 to 255.255.255.255 port 67 interval 3
Jul  5 10:02:55 fw.rodolfoarce.local filterlog[32783]: 4,,,1000000103,vtnet1,match,block,in,4,0x0,,64,59030,0,DF,6,tcp,76,10.1.1.3,104.21.40.220,60050,443,24,FPA,3756584608:3756584632,4101281005,249,,nop;nop;TS
Jul  5 10:02:56 fw.rodolfoarce.local dhclient[10762]: DHCPDISCOVER on vtnet0 to 255.255.255.255 port 67 interval 6
Jul  5 10:03:00 fw.rodolfoarce.local /usr/sbin/cron[45218]: (root) CMD (/usr/sbin/newsyslog)
Jul  5 10:03:02 fw.rodolfoarce.local filterlog[32783]: 4,,,1000000103,vtnet1,match,block,in,4,0x0,,64,59031,0,DF,6,tcp,76,10.1.1.3,104.21.40.220,60050,443,24,FPA,3756584608:3756584632,4101281005,249,,nop;nop;TS
Jul  5 10:03:02 fw.rodolfoarce.local dhclient[10762]: DHCPDISCOVER on vtnet0 to 255.255.255.255 port 67 interval 11
Jul  5 10:03:13 fw.rodolfoarce.local dhclient[10762]: DHCPDISCOVER on vtnet0 to 255.255.255.255 port 67 interval 8
Jul  5 10:03:15 fw.rodolfoarce.local filterlog[32783]: 4,,,1000000103,vtnet1,match,block,in,4,0x0,,64,59032,0,DF,6,tcp,76,10.1.1.3,104.21.40.220,60050,443,24,FPA,3756584608:3756584632,4101281005,249,,nop;nop;TS
Jul  5 10:03:22 fw.rodolfoarce.local dhclient[10762]: DHCPDISCOVER on vtnet0 to 255.255.255.255 port 67 interval 11
Jul  5 10:03:33 fw.rodolfoarce.local dhclient[10762]: DHCPDISCOVER on vtnet0 to 255.255.255.255 port 67 interval 12
Jul  5 10:03:43 fw.rodolfoarce.local filterlog[32783]: 4,,,1000000103,vtnet1,match,block,in,4,0x0,,64,59033,0,DF,6,tcp,76,10.1.1.3,104.21.40.220,60050,443,24,FPA,3756584608:3756584632,4101281005,249,,nop;nop;TS
Jul  5 10:03:43 fw.rodolfoarce.local filterlog[32783]: 4,,,1000000103,vtnet0,match,block,in,4,0x0,,236,56294,0,none,17,udp,59,51.159.103.10,10.255.255.1,61000,53,39
Jul  5 10:03:45 fw.rodolfoarce.local dhclient[10762]: DHCPDISCOVER on vtnet0 to 255.255.255.255 port 67 interval 4
Jul  5 10:03:48 fw.rodolfoarce.local dhcp6c[28115]: Sending Solicit
Jul  5 10:03:49 fw.rodolfoarce.local dhclient[10762]: No DHCPOFFERS received.
Jul  5 10:03:49 fw.rodolfoarce.local dhclient[10762]: No working leases in persistent database - sleeping.
Jul  5 06:03:49 fw.rodolfoarce.local dhclient[46118]: FAIL
Jul  5 10:04:00 fw.rodolfoarce.local /usr/sbin/cron[58217]: (root) CMD (/usr/sbin/newsyslog)
Jul  5 10:04:04 fw.rodolfoarce.local dhclient[10762]: DHCPDISCOVER on vtnet0 to 255.255.255.255 port 67 interval 1
Jul  5 10:04:07 fw.rodolfoarce.local dhclient[10762]: message repeated 3 times: [ DHCPDISCOVER on vtnet0 to 255.255.255.255 port 67 interval 1]
Jul  5 10:04:08 fw.rodolfoarce.local dhclient[10762]: DHCPDISCOVER on vtnet0 to 255.255.255.255 port 67 interval 2
Jul  5 10:04:10 fw.rodolfoarce.local dhclient[10762]: DHCPDISCOVER on vtnet0 to 255.255.255.255 port 67 interval 4
Jul  5 10:04:14 fw.rodolfoarce.local dhclient[10762]: DHCPDISCOVER on vtnet0 to 255.255.255.255 port 67 interval 5
Jul  5 10:04:19 fw.rodolfoarce.local dhclient[10762]: DHCPDISCOVER on vtnet0 to 255.255.255.255 port 67 interval 10
Jul  5 10:04:29 fw.rodolfoarce.local dhclient[10762]: DHCPDISCOVER on vtnet0 to 255.255.255.255 port 67 interval 8
Jul  5 10:04:38 fw.rodolfoarce.local dhclient[10762]: DHCPDISCOVER on vtnet0 to 255.255.255.255 port 67 interval 15
Jul  5 10:04:53 fw.rodolfoarce.local dhclient[10762]: DHCPDISCOVER on vtnet0 to 255.255.255.255 port 67 interval 12
Jul  5 10:05:00 fw.rodolfoarce.local /usr/sbin/cron[65346]: (root) CMD (/usr/sbin/newsyslog)
Jul  5 10:05:00 fw.rodolfoarce.local /usr/sbin/cron[65564]: (root) CMD (/usr/libexec/atrun)
Jul  5 10:05:05 fw.rodolfoarce.local dhclient[10762]: No DHCPOFFERS received.
Jul  5 10:05:05 fw.rodolfoarce.local dhclient[10762]: No working leases in persistent database - sleeping.
Jul  5 06:05:05 fw.rodolfoarce.local dhclient[83180]: FAIL
Jul  5 10:05:20 fw.rodolfoarce.local dhclient[10762]: DHCPDISCOVER on vtnet0 to 255.255.255.255 port 67 interval 2
Jul  5 10:05:22 fw.rodolfoarce.local dhclient[10762]: DHCPDISCOVER on vtnet0 to 255.255.255.255 port 67 interval 3
Jul  5 10:05:25 fw.rodolfoarce.local dhclient[10762]: DHCPDISCOVER on vtnet0 to 255.255.255.255 port 67 interval 8
Jul  5 10:05:33 fw.rodolfoarce.local dhclient[10762]: DHCPDISCOVER on vtnet0 to 255.255.255.255 port 67 interval 16
Jul  5 10:05:41 fw.rodolfoarce.local dhcp6c[28115]: Sending Solicit
Jul  5 10:05:49 fw.rodolfoarce.local dhclient[10762]: DHCPDISCOVER on vtnet0 to 255.255.255.255 port 67 interval 10
Jul  5 10:05:59 fw.rodolfoarce.local dhclient[10762]: DHCPDISCOVER on vtnet0 to 255.255.255.255 port 67 interval 19
Jul  5 10:06:00 fw.rodolfoarce.local /usr/sbin/cron[84304]: (root) CMD (/usr/sbin/newsyslog)
Jul  5 10:06:18 fw.rodolfoarce.local dhclient[10762]: DHCPDISCOVER on vtnet0 to 255.255.255.255 port 67 interval 3
Jul  5 10:06:21 fw.rodolfoarce.local dhclient[10762]: No DHCPOFFERS received.
Jul  5 10:06:21 fw.rodolfoarce.local dhclient[10762]: No working leases in persistent database - sleeping.
Jul  5 06:06:21 fw.rodolfoarce.local dhclient[2641]: FAIL
Jul  5 10:06:36 fw.rodolfoarce.local dhclient[10762]: DHCPDISCOVER on vtnet0 to 255.255.255.255 port 67 interval 1
Jul  5 10:06:37 fw.rodolfoarce.local dhclient[10762]: DHCPDISCOVER on vtnet0 to 255.255.255.255 port 67 interval 2
Jul  5 10:06:39 fw.rodolfoarce.local dhclient[10762]: DHCPDISCOVER on vtnet0 to 255.255.255.255 port 67 interval 3
Jul  5 10:06:43 fw.rodolfoarce.local dhclient[10762]: DHCPDISCOVER on vtnet0 to 255.255.255.255 port 67 interval 5
Jul  5 10:06:48 fw.rodolfoarce.local dhclient[10762]: DHCPDISCOVER on vtnet0 to 255.255.255.255 port 67 interval 7
Jul  5 10:06:55 fw.rodolfoarce.local dhclient[10762]: DHCPDISCOVER on vtnet0 to 255.255.255.255 port 67 interval 10
Jul  5 10:07:00 fw.rodolfoarce.local /usr/sbin/cron[3095]: (root) CMD (/usr/sbin/newsyslog)
Jul  5 10:07:05 fw.rodolfoarce.local dhclient[10762]: DHCPDISCOVER on vtnet0 to 255.255.255.255 port 67 interval 10
