Jul 10 02:28:18 fw.rodolfoarce.local filterlog[32783]: 4,,,1000000103,vtnet0,match,block,in,4,0x0,,48,42436,0,DF,17,udp,76,188.166.43.226,10.255.255.1,38682,53,56
Jul 10 02:28:19 fw.rodolfoarce.local filterlog[32783]: 4,,,1000000103,vtnet0,match,block,in,4,0x0,,48,42574,0,DF,17,udp,65,188.166.43.226,10.255.255.1,38682,53,45
Jul 10 02:28:21 fw.rodolfoarce.local filterlog[32783]: 4,,,1000000103,vtnet0,match,block,in,4,0x0,,48,42651,0,DF,17,udp,76,188.166.43.226,10.255.255.1,38682,53,56
Jul 10 02:28:23 fw.rodolfoarce.local filterlog[32783]: 4,,,1000000103,vtnet0,match,block,in,4,0x0,,48,43070,0,DF,17,udp,65,188.166.43.226,10.255.255.1,38682,53,45
Jul 10 02:28:25 fw.rodolfoarce.local filterlog[32783]: 4,,,1000000103,vtnet0,match,block,in,4,0x0,,48,43480,0,DF,17,udp,76,188.166.43.226,10.255.255.1,38682,53,56
Jul 10 02:28:25 fw.rodolfoarce.local dhclient[10762]: DHCPDISCOVER on vtnet0 to 255.255.255.255 port 67 interval 13
Jul 10 02:28:28 fw.rodolfoarce.local filterlog[32783]: 4,,,1000000103,vtnet0,match,block,in,4,0x0,,48,43571,0,DF,17,udp,65,188.166.43.226,10.255.255.1,38682,53,45
Jul 10 02:28:30 fw.rodolfoarce.local filterlog[32783]: 4,,,1000000103,vtnet0,match,block,in,4,0x0,,48,44093,0,DF,17,udp,76,188.166.43.226,10.255.255.1,38682,53,56
Jul 10 02:28:38 fw.rodolfoarce.local dhclient[10762]: DHCPDISCOVER on vtnet0 to 255.255.255.255 port 67 interval 5
Jul 10 02:28:43 fw.rodolfoarce.local dhclient[10762]: No DHCPOFFERS received.
Jul 10 02:28:43 fw.rodolfoarce.local dhclient[10762]: No working leases in persistent database - sleeping.
Jul  9 22:28:43 fw.rodolfoarce.local dhclient[81711]: FAIL
Jul 10 02:28:54 fw.rodolfoarce.local dhcp6c[28115]: Sending Solicit
Jul 10 02:28:58 fw.rodolfoarce.local dhclient[10762]: DHCPDISCOVER on vtnet0 to 255.255.255.255 port 67 interval 1
Jul 10 02:28:59 fw.rodolfoarce.local dhclient[10762]: DHCPDISCOVER on vtnet0 to 255.255.255.255 port 67 interval 1
Jul 10 02:29:00 fw.rodolfoarce.local /usr/sbin/cron[82010]: (root) CMD (/usr/sbin/newsyslog)
Jul 10 02:29:00 fw.rodolfoarce.local dhclient[10762]: DHCPDISCOVER on vtnet0 to 255.255.255.255 port 67 interval 2
Jul 10 02:29:02 fw.rodolfoarce.local dhclient[10762]: DHCPDISCOVER on vtnet0 to 255.255.255.255 port 67 interval 2
Jul 10 02:29:04 fw.rodolfoarce.local dhclient[10762]: DHCPDISCOVER on vtnet0 to 255.255.255.255 port 67 interval 3
Jul 10 02:29:07 fw.rodolfoarce.local dhclient[10762]: DHCPDISCOVER on vtnet0 to 255.255.255.255 port 67 interval 7
Jul 10 02:29:15 fw.rodolfoarce.local dhclient[10762]: DHCPDISCOVER on vtnet0 to 255.255.255.255 port 67 interval 15
Jul 10 02:29:30 fw.rodolfoarce.local dhclient[10762]: DHCPDISCOVER on vtnet0 to 255.255.255.255 port 67 interval 11
Jul 10 02:29:41 fw.rodolfoarce.local dhclient[10762]: DHCPDISCOVER on vtnet0 to 255.255.255.255 port 67 interval 11
Jul 10 02:29:52 fw.rodolfoarce.local dhclient[10762]: DHCPDISCOVER on vtnet0 to 255.255.255.255 port 67 interval 7
Jul 10 02:29:59 fw.rodolfoarce.local dhclient[10762]: No DHCPOFFERS received.
Jul 10 02:29:59 fw.rodolfoarce.local dhclient[10762]: No working leases in persistent database - sleeping.
Jul  9 22:29:59 fw.rodolfoarce.local dhclient[98992]: FAIL
Jul 10 02:30:00 fw.rodolfoarce.local /usr/sbin/cron[99292]: (root) CMD (/usr/sbin/newsyslog)
Jul 10 02:30:00 fw.rodolfoarce.local /usr/sbin/cron[99366]: (root) CMD (/usr/libexec/atrun)
Jul 10 02:30:14 fw.rodolfoarce.local dhclient[10762]: DHCPDISCOVER on vtnet0 to 255.255.255.255 port 67 interval 2
Jul 10 02:30:16 fw.rodolfoarce.local dhclient[10762]: DHCPDISCOVER on vtnet0 to 255.255.255.255 port 67 interval 4
Jul 10 02:30:20 fw.rodolfoarce.local dhclient[10762]: DHCPDISCOVER on vtnet0 to 255.255.255.255 port 67 interval 6
Jul 10 02:30:20 fw.rodolfoarce.local filterlog[32783]: 4,,,1000000103,vtnet0,match,block,in,4,0x0,,53,59281,0,none,17,udp,83,174.128.182.24,10.255.255.1,54928,53,63
Jul 10 02:30:21 fw.rodolfoarce.local filterlog[32783]: 4,,,1000000103,vtnet0,match,block,in,4,0x0,,53,59350,0,none,17,udp,83,174.128.182.24,10.255.255.1,38105,53,63
Jul 10 02:30:22 fw.rodolfoarce.local filterlog[32783]: 4,,,1000000103,vtnet0,match,block,in,4,0x0,,53,59476,0,none,17,udp,60,174.128.182.24,10.255.255.1,57484,53,40
Jul 10 02:30:23 fw.rodolfoarce.local filterlog[32783]: 4,,,1000000103,vtnet0,match,block,in,4,0x0,,53,59514,0,none,17,udp,60,174.128.182.24,10.255.255.1,59499,53,40
Jul 10 02:30:24 fw.rodolfoarce.local filterlog[32783]: 4,,,1000000103,vtnet0,match,block,in,4,0x0,,53,59581,0,none,17,udp,60,174.128.182.24,10.255.255.1,56486,53,40
Jul 10 02:30:25 fw.rodolfoarce.local filterlog[32783]: 4,,,1000000103,vtnet0,match,block,in,4,0x0,,53,59583,0,none,17,udp,60,174.128.182.24,10.255.255.1,53377,53,40
Jul 10 02:30:26 fw.rodolfoarce.local dhclient[10762]: DHCPDISCOVER on vtnet0 to 255.255.255.255 port 67 interval 7
Jul 10 02:30:28 fw.rodolfoarce.local filterlog[32783]: 4,,,1000000103,vtnet0,match,block,in,4,0x0,,53,59624,0,none,17,udp,60,174.128.182.24,10.255.255.1,39788,53,40
Jul 10 02:30:31 fw.rodolfoarce.local filterlog[32783]: 4,,,1000000103,vtnet0,match,block,in,4,0x0,,53,59679,0,none,17,udp,60,174.128.182.24,10.255.255.1,37024,53,40
Jul 10 02:30:31 fw.rodolfoarce.local filterlog[32783]: 4,,,1000000103,vtnet0,match,block,in,4,0x0,,53,59756,0,none,17,udp,83,174.128.182.24,10.255.255.1,46180,53,63
Jul 10 02:30:32 fw.rodolfoarce.local filterlog[32783]: 4,,,1000000103,vtnet0,match,block,in,4,0x0,,53,59928,0,none,17,udp,83,174.128.182.24,10.255.255.1,39101,53,63
Jul 10 02:30:33 fw.rodolfoarce.local filterlog[32783]: 4,,,1000000103,vtnet0,match,block,in,4,0x0,,53,59985,0,none,17,udp,60,174.128.182.24,10.255.255.1,47663,53,40
Jul 10 02:30:33 fw.rodolfoarce.local dhclient[10762]: DHCPDISCOVER on vtnet0 to 255.255.255.255 port 67 interval 7
Jul 10 02:30:34 fw.rodolfoarce.local filterlog[32783]: 4,,,1000000103,vtnet0,match,block,in,4,0x0,,53,60035,0,none,17,udp,60,174.128.182.24,10.255.255.1,45083,53,40
Jul 10 02:30:34 fw.rodolfoarce.local filterlog[32783]: 4,,,1000000103,vtnet0,match,block,in,4,0x0,,53,60179,0,none,17,udp,60,174.128.182.24,10.255.255.1,40836,53,40
Jul 10 02:30:36 fw.rodolfoarce.local filterlog[32783]: 4,,,1000000103,vtnet0,match,block,in,4,0x0,,53,60527,0,none,17,udp,60,174.128.182.24,10.255.255.1,46878,53,40
Jul 10 02:30:38 fw.rodolfoarce.local filterlog[32783]: 4,,,1000000103,vtnet0,match,block,in,4,0x0,,53,60655,0,none,17,udp,60,174.128.182.24,10.255.255.1,52345,53,40
Jul 10 02:30:39 fw.rodolfoarce.local filterlog[32783]: 4,,,1000000103,vtnet0,match,block,in,4,0x0,,49,31510,0,DF,17,udp,72,138.197.13.181,10.255.255.1,58676,53,52
Jul 10 02:30:40 fw.rodolfoarce.local dhclient[10762]: DHCPDISCOVER on vtnet0 to 255.255.255.255 port 67 interval 20
Jul 10 02:30:41 fw.rodolfoarce.local filterlog[32783]: 4,,,1000000103,vtnet0,match,block,in,4,0x0,,53,61167,0,none,17,udp,60,174.128.182.24,10.255.255.1,58310,53,40
Jul 10 02:30:41 fw.rodolfoarce.local filterlog[32783]: 4,,,1000000103,vtnet0,match,block,in,4,0x0,,49,31767,0,DF,17,udp,83,138.197.13.181,10.255.255.1,58676,53,63
Jul 10 02:30:41 fw.rodolfoarce.local filterlog[32783]: 4,,,1000000103,vtnet0,match,block,in,4,0x0,,53,61204,0,none,17,udp,83,174.128.182.24,10.255.255.1,46616,53,63
Jul 10 02:30:42 fw.rodolfoarce.local filterlog[32783]: 4,,,1000000103,vtnet0,match,block,in,4,0x0,,49,31931,0,DF,17,udp,72,138.197.13.181,10.255.255.1,58676,53,52
Jul 10 02:30:42 fw.rodolfoarce.local filterlog[32783]: 4,,,1000000103,vtnet0,match,block,in,4,0x0,,53,61230,0,none,17,udp,83,174.128.182.24,10.255.255.1,60044,53,63
Jul 10 02:30:43 fw.rodolfoarce.local filterlog[32783]: 4,,,1000000103,vtnet0,match,block,in,4,0x0,,53,61292,0,none,17,udp,60,174.128.182.24,10.255.255.1,42706,53,40
Jul 10 02:30:43 fw.rodolfoarce.local filterlog[32783]: 4,,,1000000103,vtnet0,match,block,in,4,0x0,,49,32008,0,DF,17,udp,83,138.197.13.181,10.255.255.1,58676,53,63
Jul 10 02:30:44 fw.rodolfoarce.local filterlog[32783]: 4,,,1000000103,vtnet0,match,block,in,4,0x0,,53,61468,0,none,17,udp,60,174.128.182.24,10.255.255.1,37599,53,40
Jul 10 02:30:44 fw.rodolfoarce.local filterlog[32783]: 4,,,1000000103,vtnet0,match,block,in,4,0x0,,49,32222,0,DF,17,udp,72,138.197.13.181,10.255.255.1,58676,53,52
Jul 10 02:30:44 fw.rodolfoarce.local filterlog[32783]: 4,,,1000000103,vtnet0,match,block,in,4,0x0,,53,61498,0,none,17,udp,60,174.128.182.24,10.255.255.1,36938,53,40
Jul 10 02:30:46 fw.rodolfoarce.local dhcp6c[28115]: Sending Solicit
Jul 10 02:30:46 fw.rodolfoarce.local filterlog[32783]: 4,,,1000000103,vtnet0,match,block,in,4,0x0,,49,32524,0,DF,17,udp,83,138.197.13.181,10.255.255.1,58676,53,63
Jul 10 02:30:46 fw.rodolfoarce.local filterlog[32783]: 4,,,1000000103,vtnet0,match,block,in,4,0x0,,53,61582,0,none,17,udp,60,174.128.182.24,10.255.255.1,35272,53,40
Jul 10 02:30:47 fw.rodolfoarce.local filterlog[32783]: 4,,,1000000103,vtnet0,match,block,in,4,0x0,,49,32788,0,DF,17,udp,72,138.197.13.181,10.255.255.1,58676,53,52
Jul 10 02:30:47 fw.rodolfoarce.local filterlog[32783]: 4,,,1000000103,vtnet0,match,block,in,4,0x0,,53,61585,0,none,17,udp,60,174.128.182.24,10.255.255.1,34456,53,40
Jul 10 02:30:49 fw.rodolfoarce.local filterlog[32783]: 4,,,1000000103,vtnet0,match,block,in,4,0x0,,49,33247,0,DF,17,udp,83,138.197.13.181,10.255.255.1,58676,53,63
Jul 10 02:30:50 fw.rodolfoarce.local filterlog[32783]: 4,,,1000000103,vtnet0,match,block,in,4,0x0,,53,62353,0,none,17,udp,60,174.128.182.24,10.255.255.1,50042,53,40
Jul 10 02:30:51 fw.rodolfoarce.local filterlog[32783]: 4,,,1000000103,vtnet0,match,block,in,4,0x0,,53,62480,0,none,17,udp,83,174.128.182.24,10.255.255.1,50490,53,63
Jul 10 02:30:51 fw.rodolfoarce.local filterlog[32783]: 4,,,1000000103,vtnet0,match,block,in,4,0x0,,49,33547,0,DF,17,udp,72,138.197.13.181,10.255.255.1,58676,53,52
Jul 10 02:30:52 fw.rodolfoarce.local filterlog[32783]: 4,,,1000000103,vtnet0,match,block,in,4,0x0,,53,62677,0,none,17,udp,83,174.128.182.24,10.255.255.1,44630,53,63
Jul 10 02:30:53 fw.rodolfoarce.local filterlog[32783]: 4,,,1000000103,vtnet0,match,block,in,4,0x0,,53,62789,0,none,17,udp,60,174.128.182.24,10.255.255.1,41702,53,40
Jul 10 02:30:53 fw.rodolfoarce.local filterlog[32783]: 4,,,1000000103,vtnet0,match,block,in,4,0x0,,53,62826,0,none,17,udp,60,174.128.182.24,10.255.255.1,44657,53,40
Jul 10 02:30:54 fw.rodolfoarce.local filterlog[32783]: 4,,,1000000103,vtnet0,match,block,in,4,0x0,,49,33832,0,DF,17,udp,83,138.197.13.181,10.255.255.1,58676,53,63
Jul 10 02:30:54 fw.rodolfoarce.local filterlog[32783]: 4,,,1000000103,vtnet0,match,block,in,4,0x0,,53,62890,0,none,17,udp,60,174.128.182.24,10.255.255.1,44925,53,40
Jul 10 02:30:56 fw.rodolfoarce.local filterlog[32783]: 4,,,1000000103,vtnet0,match,block,in,4,0x0,,53,63058,0,none,17,udp,60,174.128.182.24,10.255.255.1,41336,53,40
Jul 10 02:30:57 fw.rodolfoarce.local filterlog[32783]: 4,,,1000000103,vtnet0,match,block,in,4,0x0,,49,34455,0,DF,17,udp,83,138.197.13.181,10.255.255.1,58676,53,63
Jul 10 02:30:57 fw.rodolfoarce.local filterlog[32783]: 4,,,1000000103,vtnet0,match,block,in,4,0x0,,53,63339,0,none,17,udp,60,174.128.182.24,10.255.255.1,49546,53,40
Jul 10 02:30:57 fw.rodolfoarce.local filterlog[32783]: 4,,,1000000103,vtnet0,match,block,in,4,0x0,,49,34490,0,DF,17,udp,72,138.197.13.181,10.255.255.1,58676,53,52
Jul 10 02:30:58 fw.rodolfoarce.local filterlog[32783]: 4,,,1000000103,vtnet0,match,block,in,4,0x0,,49,34662,0,DF,17,udp,83,138.197.13.181,10.255.255.1,58676,53,63
Jul 10 02:31:00 fw.rodolfoarce.local /usr/sbin/cron[19520]: (root) CMD (/usr/bin/nice -n20 adjkerntz -a)
Jul 10 02:31:00 fw.rodolfoarce.local /usr/sbin/cron[19763]: (root) CMD (/usr/sbin/newsyslog)
Jul 10 02:31:00 fw.rodolfoarce.local dhclient[10762]: DHCPDISCOVER on vtnet0 to 255.255.255.255 port 67 interval 15
Jul 10 02:31:00 fw.rodolfoarce.local filterlog[32783]: 4,,,1000000103,vtnet0,match,block,in,4,0x0,,49,34723,0,DF,17,udp,72,138.197.13.181,10.255.255.1,58676,53,52
Jul 10 02:31:00 fw.rodolfoarce.local filterlog[32783]: 4,,,1000000103,vtnet0,match,block,in,4,0x0,,53,63544,0,none,17,udp,60,174.128.182.24,10.255.255.1,39895,53,40
Jul 10 02:31:01 fw.rodolfoarce.local filterlog[32783]: 4,,,1000000103,vtnet0,match,block,in,4,0x0,,49,34843,0,DF,17,udp,83,138.197.13.181,10.255.255.1,58676,53,63
Jul 10 02:31:01 fw.rodolfoarce.local filterlog[32783]: 4,,,1000000103,vtnet0,match,block,in,4,0x0,,53,63602,0,none,17,udp,83,174.128.182.24,10.255.255.1,36764,53,63
Jul 10 02:31:02 fw.rodolfoarce.local filterlog[32783]: 4,,,1000000103,vtnet0,match,block,in,4,0x0,,53,63780,0,none,17,udp,83,174.128.182.24,10.255.255.1,38484,53,63
Jul 10 02:31:02 fw.rodolfoarce.local filterlog[32783]: 4,,,1000000103,vtnet0,match,block,in,4,0x0,,49,35005,0,DF,17,udp,72,138.197.13.181,10.255.255.1,58676,53,52
Jul 10 02:31:02 fw.rodolfoarce.local filterlog[32783]: 4,,,1000000103,vtnet0,match,block,in,4,0x0,,53,63835,0,none,17,udp,60,174.128.182.24,10.255.255.1,53995,53,40
Jul 10 02:31:03 fw.rodolfoarce.local filterlog[32783]: 4,,,1000000103,vtnet0,match,block,in,4,0x0,,53,63878,0,none,17,udp,60,174.128.182.24,10.255.255.1,56483,53,40
Jul 10 02:31:03 fw.rodolfoarce.local filterlog[32783]: 4,,,1000000103,vtnet0,match,block,in,4,0x0,,49,35231,0,DF,17,udp,83,138.197.13.181,10.255.255.1,58676,53,63
Jul 10 02:31:04 fw.rodolfoarce.local filterlog[32783]: 4,,,1000000103,vtnet0,match,block,in,4,0x0,,53,63973,0,none,17,udp,60,174.128.182.24,10.255.255.1,38812,53,40
Jul 10 02:31:06 fw.rodolfoarce.local filterlog[32783]: 4,,,1000000103,vtnet0,match,block,in,4,0x0,,49,35282,0,DF,17,udp,72,138.197.13.181,10.255.255.1,58676,53,52
Jul 10 02:31:07 fw.rodolfoarce.local filterlog[32783]: 4,,,1000000103,vtnet0,match,block,in,4,0x0,,53,63985,0,none,17,udp,60,174.128.182.24,10.255.255.1,43035,53,40
Jul 10 02:31:08 fw.rodolfoarce.local filterlog[32783]: 4,,,1000000103,vtnet0,match,block,in,4,0x0,,53,64135,0,none,17,udp,60,174.128.182.24,10.255.255.1,48751,53,40
Jul 10 02:31:08 fw.rodolfoarce.local filterlog[32783]: 4,,,1000000103,vtnet0,match,block,in,4,0x0,,49,35436,0,DF,17,udp,83,138.197.13.181,10.255.255.1,58676,53,63
Jul 10 02:31:11 fw.rodolfoarce.local filterlog[32783]: 4,,,1000000103,vtnet0,match,block,in,4,0x0,,49,35656,0,DF,17,udp,72,138.197.13.181,10.255.255.1,58676,53,52
Jul 10 02:31:11 fw.rodolfoarce.local filterlog[32783]: 4,,,1000000103,vtnet0,match,block,in,4,0x0,,53,64320,0,none,17,udp,60,174.128.182.24,10.255.255.1,43192,53,40
Jul 10 02:31:12 fw.rodolfoarce.local filterlog[32783]: 4,,,1000000103,vtnet0,match,block,in,4,0x0,,53,64398,0,none,17,udp,83,174.128.182.24,10.255.255.1,38924,53,63
Jul 10 02:31:12 fw.rodolfoarce.local filterlog[32783]: 4,,,1000000103,vtnet0,match,block,in,4,0x0,,53,64579,0,none,17,udp,83,174.128.182.24,10.255.255.1,42808,53,63
Jul 10 02:31:13 fw.rodolfoarce.local filterlog[32783]: 4,,,1000000103,vtnet0,match,block,in,4,0x0,,53,64751,0,none,17,udp,60,174.128.182.24,10.255.255.1,50033,53,40
Jul 10 02:31:13 fw.rodolfoarce.local filterlog[32783]: 4,,,1000000103,vtnet0,match,block,in,4,0x0,,49,36213,0,DF,17,udp,83,138.197.13.181,10.255.255.1,58676,53,63
Jul 10 02:31:14 fw.rodolfoarce.local filterlog[32783]: 4,,,1000000103,vtnet0,match,block,in,4,0x0,,49,36270,0,DF,17,udp,72,138.197.13.181,10.255.255.1,58676,53,52
Jul 10 02:31:14 fw.rodolfoarce.local filterlog[32783]: 4,,,1000000103,vtnet0,match,block,in,4,0x0,,53,64909,0,none,17,udp,60,174.128.182.24,10.255.255.1,55724,53,40
Jul 10 02:31:15 fw.rodolfoarce.local filterlog[32783]: 4,,,1000000103,vtnet0,match,block,in,4,0x0,,49,36370,0,DF,17,udp,83,138.197.13.181,10.255.255.1,58676,53,63
Jul 10 02:31:15 fw.rodolfoarce.local filterlog[32783]: 4,,,1000000103,vtnet0,match,block,in,4,0x0,,53,64960,0,none,17,udp,60,174.128.182.24,10.255.255.1,54851,53,40
Jul 10 02:31:15 fw.rodolfoarce.local filterlog[32783]: 4,,,1000000103,vtnet0,match,block,in,4,0x0,,49,36541,0,DF,17,udp,72,138.197.13.181,10.255.255.1,58676,53,52
Jul 10 02:31:15 fw.rodolfoarce.local dhclient[10762]: No DHCPOFFERS received.
Jul 10 02:31:15 fw.rodolfoarce.local dhclient[10762]: No working leases in persistent database - sleeping.
Jul  9 22:31:15 fw.rodolfoarce.local dhclient[36117]: FAIL
Jul 10 02:31:16 fw.rodolfoarce.local filterlog[32783]: 4,,,1000000103,vtnet0,match,block,in,4,0x0,,53,65358,0,none,17,udp,60,174.128.182.24,10.255.255.1,44791,53,40
Jul 10 02:31:17 fw.rodolfoarce.local filterlog[32783]: 4,,,1000000103,vtnet0,match,block,in,4,0x0,,49,36900,0,DF,17,udp,83,138.197.13.181,10.255.255.1,58676,53,63
Jul 10 02:31:18 fw.rodolfoarce.local filterlog[32783]: 4,,,1000000103,vtnet0,match,block,in,4,0x0,,53,65526,0,none,17,udp,60,174.128.182.24,10.255.255.1,55899,53,40
Jul 10 02:31:18 fw.rodolfoarce.local filterlog[32783]: 4,,,1000000103,vtnet0,match,block,in,4,0x0,,49,37118,0,DF,17,udp,72,138.197.13.181,10.255.255.1,58676,53,52
Jul 10 02:31:20 fw.rodolfoarce.local filterlog[32783]: 4,,,1000000103,vtnet0,match,block,in,4,0x0,,49,37437,0,DF,17,udp,83,138.197.13.181,10.255.255.1,58676,53,63
Jul 10 02:31:21 fw.rodolfoarce.local filterlog[32783]: 4,,,1000000103,vtnet0,match,block,in,4,0x0,,53,507,0,none,17,udp,60,174.128.182.24,10.255.255.1,38154,53,40
Jul 10 02:31:22 fw.rodolfoarce.local filterlog[32783]: 4,,,1000000103,vtnet0,match,block,in,4,0x0,,49,37760,0,DF,17,udp,72,138.197.13.181,10.255.255.1,58676,53,52
Jul 10 02:31:24 fw.rodolfoarce.local filterlog[32783]: 4,,,1000000103,vtnet0,match,block,in,4,0x0,,49,37933,0,DF,17,udp,83,138.197.13.181,10.255.255.1,58676,53,63
Jul 10 02:31:26 fw.rodolfoarce.local filterlog[32783]: 4,,,1000000103,vtnet0,match,block,in,4,0x0,,49,38408,0,DF,17,udp,72,138.197.13.181,10.255.255.1,58676,53,52
Jul 10 02:31:30 fw.rodolfoarce.local dhclient[10762]: DHCPDISCOVER on vtnet0 to 255.255.255.255 port 67 interval 1
Jul 10 02:31:31 fw.rodolfoarce.local dhclient[10762]: DHCPDISCOVER on vtnet0 to 255.255.255.255 port 67 interval 2
Jul 10 02:31:33 fw.rodolfoarce.local dhclient[10762]: DHCPDISCOVER on vtnet0 to 255.255.255.255 port 67 interval 2
Jul 10 02:31:36 fw.rodolfoarce.local dhclient[10762]: DHCPDISCOVER on vtnet0 to 255.255.255.255 port 67 interval 5
Jul 10 02:31:41 fw.rodolfoarce.local dhclient[10762]: DHCPDISCOVER on vtnet0 to 255.255.255.255 port 67 interval 5
Jul 10 02:31:46 fw.rodolfoarce.local dhclient[10762]: DHCPDISCOVER on vtnet0 to 255.255.255.255 port 67 interval 13
Jul 10 02:31:59 fw.rodolfoarce.local dhclient[10762]: DHCPDISCOVER on vtnet0 to 255.255.255.255 port 67 interval 15
Jul 10 02:32:00 fw.rodolfoarce.local /usr/sbin/cron[36665]: (root) CMD (/usr/sbin/newsyslog)
Jul 10 02:32:14 fw.rodolfoarce.local dhclient[10762]: DHCPDISCOVER on vtnet0 to 255.255.255.255 port 67 interval 17
Jul 10 02:32:31 fw.rodolfoarce.local dhclient[10762]: No DHCPOFFERS received.
Jul 10 02:32:31 fw.rodolfoarce.local dhclient[10762]: No working leases in persistent database - sleeping.
Jul  9 22:32:31 fw.rodolfoarce.local dhclient[57268]: FAIL
Jul 10 02:32:46 fw.rodolfoarce.local dhclient[10762]: DHCPDISCOVER on vtnet0 to 255.255.255.255 port 67 interval 2
Jul 10 02:32:47 fw.rodolfoarce.local dhcp6c[28115]: Sending Solicit
Jul 10 02:32:48 fw.rodolfoarce.local dhclient[10762]: DHCPDISCOVER on vtnet0 to 255.255.255.255 port 67 interval 2
Jul 10 02:32:50 fw.rodolfoarce.local dhclient[10762]: DHCPDISCOVER on vtnet0 to 255.255.255.255 port 67 interval 2
Jul 10 02:32:52 fw.rodolfoarce.local dhclient[10762]: DHCPDISCOVER on vtnet0 to 255.255.255.255 port 67 interval 5
Jul 10 02:32:57 fw.rodolfoarce.local dhclient[10762]: DHCPDISCOVER on vtnet0 to 255.255.255.255 port 67 interval 8
Jul 10 02:33:00 fw.rodolfoarce.local /usr/sbin/cron[57707]: (root) CMD (/usr/sbin/newsyslog)
Jul 10 02:33:05 fw.rodolfoarce.local dhclient[10762]: DHCPDISCOVER on vtnet0 to 255.255.255.255 port 67 interval 19
Jul 10 02:33:24 fw.rodolfoarce.local dhclient[10762]: DHCPDISCOVER on vtnet0 to 255.255.255.255 port 67 interval 16
Jul 10 02:33:40 fw.rodolfoarce.local dhclient[10762]: DHCPDISCOVER on vtnet0 to 255.255.255.255 port 67 interval 7
Jul 10 02:33:47 fw.rodolfoarce.local dhclient[10762]: No DHCPOFFERS received.
Jul 10 02:33:47 fw.rodolfoarce.local dhclient[10762]: No working leases in persistent database - sleeping.
Jul  9 22:33:47 fw.rodolfoarce.local dhclient[76023]: FAIL
Jul 10 02:34:00 fw.rodolfoarce.local /usr/sbin/cron[76502]: (root) CMD (/usr/sbin/newsyslog)
Jul 10 02:34:02 fw.rodolfoarce.local dhclient[10762]: DHCPDISCOVER on vtnet0 to 255.255.255.255 port 67 interval 2
Jul 10 02:34:04 fw.rodolfoarce.local dhclient[10762]: DHCPDISCOVER on vtnet0 to 255.255.255.255 port 67 interval 3
Jul 10 02:34:07 fw.rodolfoarce.local dhclient[10762]: DHCPDISCOVER on vtnet0 to 255.255.255.255 port 67 interval 5
Jul 10 02:34:12 fw.rodolfoarce.local dhclient[10762]: DHCPDISCOVER on vtnet0 to 255.255.255.255 port 67 interval 14
Jul 10 02:34:27 fw.rodolfoarce.local dhclient[10762]: DHCPDISCOVER on vtnet0 to 255.255.255.255 port 67 interval 19
Jul 10 02:34:46 fw.rodolfoarce.local dhclient[10762]: DHCPDISCOVER on vtnet0 to 255.255.255.255 port 67 interval 17
Jul 10 02:34:47 fw.rodolfoarce.local dhcp6c[28115]: Sending Solicit
Jul 10 02:35:00 fw.rodolfoarce.local /usr/sbin/cron[94831]: (root) CMD (/usr/libexec/atrun)
Jul 10 02:35:00 fw.rodolfoarce.local /usr/sbin/cron[94779]: (root) CMD (/usr/sbin/newsyslog)
Jul 10 02:35:03 fw.rodolfoarce.local dhclient[10762]: No DHCPOFFERS received.
Jul 10 02:35:03 fw.rodolfoarce.local dhclient[10762]: No working leases in persistent database - sleeping.
Jul  9 22:35:03 fw.rodolfoarce.local dhclient[95862]: FAIL
Jul 10 02:35:18 fw.rodolfoarce.local dhclient[10762]: DHCPDISCOVER on vtnet0 to 255.255.255.255 port 67 interval 1
Jul 10 02:35:19 fw.rodolfoarce.local dhclient[10762]: DHCPDISCOVER on vtnet0 to 255.255.255.255 port 67 interval 2
Jul 10 02:35:21 fw.rodolfoarce.local dhclient[10762]: DHCPDISCOVER on vtnet0 to 255.255.255.255 port 67 interval 3
Jul 10 02:35:24 fw.rodolfoarce.local dhclient[10762]: DHCPDISCOVER on vtnet0 to 255.255.255.255 port 67 interval 6
Jul 10 02:35:30 fw.rodolfoarce.local dhclient[10762]: DHCPDISCOVER on vtnet0 to 255.255.255.255 port 67 interval 13
Jul 10 02:35:43 fw.rodolfoarce.local dhclient[10762]: DHCPDISCOVER on vtnet0 to 255.255.255.255 port 67 interval 16
Jul 10 02:35:59 fw.rodolfoarce.local dhclient[10762]: DHCPDISCOVER on vtnet0 to 255.255.255.255 port 67 interval 18
Jul 10 02:36:00 fw.rodolfoarce.local /usr/sbin/cron[15453]: (root) CMD (/usr/sbin/newsyslog)
Jul 10 02:36:17 fw.rodolfoarce.local dhclient[10762]: DHCPDISCOVER on vtnet0 to 255.255.255.255 port 67 interval 2
Jul 10 02:36:19 fw.rodolfoarce.local dhclient[10762]: No DHCPOFFERS received.
Jul 10 02:36:19 fw.rodolfoarce.local dhclient[10762]: No working leases in persistent database - sleeping.
Jul  9 22:36:19 fw.rodolfoarce.local dhclient[34787]: FAIL
Jul 10 02:36:34 fw.rodolfoarce.local dhclient[10762]: DHCPDISCOVER on vtnet0 to 255.255.255.255 port 67 interval 2
Jul 10 02:36:36 fw.rodolfoarce.local dhcp6c[28115]: Sending Solicit
Jul 10 02:36:37 fw.rodolfoarce.local dhclient[10762]: DHCPDISCOVER on vtnet0 to 255.255.255.255 port 67 interval 3
Jul 10 02:36:40 fw.rodolfoarce.local dhclient[10762]: DHCPDISCOVER on vtnet0 to 255.255.255.255 port 67 interval 7
Jul 10 02:36:47 fw.rodolfoarce.local dhclient[10762]: DHCPDISCOVER on vtnet0 to 255.255.255.255 port 67 interval 17
Jul 10 02:37:00 fw.rodolfoarce.local /usr/sbin/cron[35202]: (root) CMD (/usr/sbin/newsyslog)
Jul 10 02:37:04 fw.rodolfoarce.local dhclient[10762]: DHCPDISCOVER on vtnet0 to 255.255.255.255 port 67 interval 20
Jul 10 02:37:24 fw.rodolfoarce.local dhclient[10762]: DHCPDISCOVER on vtnet0 to 255.255.255.255 port 67 interval 11
Jul 10 02:37:35 fw.rodolfoarce.local dhclient[10762]: No DHCPOFFERS received.
Jul 10 02:37:35 fw.rodolfoarce.local dhclient[10762]: No working leases in persistent database - sleeping.
Jul  9 22:37:35 fw.rodolfoarce.local dhclient[54790]: FAIL
Jul 10 02:37:50 fw.rodolfoarce.local dhclient[10762]: DHCPDISCOVER on vtnet0 to 255.255.255.255 port 67 interval 2
Jul 10 02:37:52 fw.rodolfoarce.local dhclient[10762]: DHCPDISCOVER on vtnet0 to 255.255.255.255 port 67 interval 3
Jul 10 02:37:55 fw.rodolfoarce.local dhclient[10762]: DHCPDISCOVER on vtnet0 to 255.255.255.255 port 67 interval 7
Jul 10 02:38:00 fw.rodolfoarce.local /usr/sbin/cron[55300]: (root) CMD (/usr/sbin/newsyslog)
Jul 10 02:38:02 fw.rodolfoarce.local dhclient[10762]: DHCPDISCOVER on vtnet0 to 255.255.255.255 port 67 interval 16
Jul 10 02:38:18 fw.rodolfoarce.local dhclient[10762]: DHCPDISCOVER on vtnet0 to 255.255.255.255 port 67 interval 21
Jul 10 02:38:25 fw.rodolfoarce.local dhcp6c[28115]: Sending Solicit
Jul 10 02:38:38 fw.rodolfoarce.local filterlog[32783]: 4,,,1000000103,vtnet0,match,block,in,4,0x48,,231,54321,0,none,17,udp,81,8.217.254.174,10.255.255.1,59410,53,61
Jul 10 02:38:39 fw.rodolfoarce.local dhclient[10762]: DHCPDISCOVER on vtnet0 to 255.255.255.255 port 67 interval 12
Jul 10 02:38:52 fw.rodolfoarce.local dhclient[10762]: No DHCPOFFERS received.
Jul 10 02:38:52 fw.rodolfoarce.local dhclient[10762]: No working leases in persistent database - sleeping.
Jul  9 22:38:52 fw.rodolfoarce.local dhclient[75378]: FAIL
Jul 10 02:39:00 fw.rodolfoarce.local /usr/sbin/cron[75751]: (root) CMD (/usr/sbin/newsyslog)
Jul 10 02:39:07 fw.rodolfoarce.local dhclient[10762]: DHCPDISCOVER on vtnet0 to 255.255.255.255 port 67 interval 1
Jul 10 02:39:08 fw.rodolfoarce.local dhclient[10762]: DHCPDISCOVER on vtnet0 to 255.255.255.255 port 67 interval 2
Jul 10 02:39:10 fw.rodolfoarce.local dhclient[10762]: DHCPDISCOVER on vtnet0 to 255.255.255.255 port 67 interval 2
Jul 10 02:39:12 fw.rodolfoarce.local dhclient[10762]: DHCPDISCOVER on vtnet0 to 255.255.255.255 port 67 interval 3
Jul 10 02:39:15 fw.rodolfoarce.local dhclient[10762]: DHCPDISCOVER on vtnet0 to 255.255.255.255 port 67 interval 4
Jul 10 02:39:19 fw.rodolfoarce.local dhclient[10762]: DHCPDISCOVER on vtnet0 to 255.255.255.255 port 67 interval 10
Jul 10 02:39:29 fw.rodolfoarce.local dhclient[10762]: DHCPDISCOVER on vtnet0 to 255.255.255.255 port 67 interval 12
Jul 10 02:39:41 fw.rodolfoarce.local dhclient[10762]: DHCPDISCOVER on vtnet0 to 255.255.255.255 port 67 interval 16
Jul 10 02:39:57 fw.rodolfoarce.local dhclient[10762]: DHCPDISCOVER on vtnet0 to 255.255.255.255 port 67 interval 11
Jul 10 02:40:00 fw.rodolfoarce.local /usr/sbin/cron[93292]: (root) CMD (/usr/libexec/atrun)
Jul 10 02:40:00 fw.rodolfoarce.local /usr/sbin/cron[93221]: (root) CMD (/usr/sbin/newsyslog)
Jul 10 02:40:08 fw.rodolfoarce.local dhclient[10762]: No DHCPOFFERS received.
Jul 10 02:40:08 fw.rodolfoarce.local dhclient[10762]: No working leases in persistent database - sleeping.
Jul  9 22:40:08 fw.rodolfoarce.local dhclient[94320]: FAIL
Jul 10 02:40:23 fw.rodolfoarce.local dhclient[10762]: DHCPDISCOVER on vtnet0 to 255.255.255.255 port 67 interval 2
Jul 10 02:40:25 fw.rodolfoarce.local dhclient[10762]: DHCPDISCOVER on vtnet0 to 255.255.255.255 port 67 interval 3
Jul 10 02:40:28 fw.rodolfoarce.local dhclient[10762]: DHCPDISCOVER on vtnet0 to 255.255.255.255 port 67 interval 6
Jul 10 02:40:30 fw.rodolfoarce.local dhcp6c[28115]: Sending Solicit
Jul 10 02:40:35 fw.rodolfoarce.local dhclient[10762]: DHCPDISCOVER on vtnet0 to 255.255.255.255 port 67 interval 9
Jul 10 02:40:44 fw.rodolfoarce.local dhclient[10762]: DHCPDISCOVER on vtnet0 to 255.255.255.255 port 67 interval 15
Jul 10 02:40:59 fw.rodolfoarce.local dhclient[10762]: DHCPDISCOVER on vtnet0 to 255.255.255.255 port 67 interval 11
Jul 10 02:41:00 fw.rodolfoarce.local /usr/sbin/cron[14048]: (root) CMD (/usr/sbin/newsyslog)
Jul 10 02:41:04 fw.rodolfoarce.local filterlog[32783]: 4,,,1000000103,vtnet0,match,block,in,4,0x0,,41,37405,0,DF,6,tcp,60,118.31.53.221,10.255.255.1,33777,22,0,S,960413611,,29200,,mss;sackOK;TS;nop;wscale
Jul 10 02:41:05 fw.rodolfoarce.local filterlog[32783]: 4,,,1000000103,vtnet0,match,block,in,4,0x0,,41,37406,0,DF,6,tcp,60,118.31.53.221,10.255.255.1,33777,22,0,S,960413611,,29200,,mss;sackOK;TS;nop;wscale
Jul 10 02:41:07 fw.rodolfoarce.local filterlog[32783]: 4,,,1000000103,vtnet0,match,block,in,4,0x0,,41,37407,0,DF,6,tcp,60,118.31.53.221,10.255.255.1,33777,22,0,S,960413611,,29200,,mss;sackOK;TS;nop;wscale
Jul 10 02:41:10 fw.rodolfoarce.local dhclient[10762]: DHCPDISCOVER on vtnet0 to 255.255.255.255 port 67 interval 13
Jul 10 02:41:11 fw.rodolfoarce.local filterlog[32783]: 4,,,1000000103,vtnet0,match,block,in,4,0x0,,41,37408,0,DF,6,tcp,60,118.31.53.221,10.255.255.1,33777,22,0,S,960413611,,29200,,mss;sackOK;TS;nop;wscale
Jul 10 02:41:23 fw.rodolfoarce.local dhclient[10762]: DHCPDISCOVER on vtnet0 to 255.255.255.255 port 67 interval 1
Jul 10 02:41:24 fw.rodolfoarce.local dhclient[10762]: No DHCPOFFERS received.
Jul 10 02:41:24 fw.rodolfoarce.local dhclient[10762]: No working leases in persistent database - sleeping.
Jul  9 22:41:24 fw.rodolfoarce.local dhclient[31323]: FAIL
Jul 10 02:41:37 fw.rodolfoarce.local filterlog[32783]: 4,,,1000000103,vtnet0,match,block,in,4,0x0,,53,52062,0,none,17,udp,77,174.128.182.24,10.255.255.1,48460,53,57
Jul 10 02:41:38 fw.rodolfoarce.local filterlog[32783]: 4,,,1000000103,vtnet0,match,block,in,4,0x0,,53,52245,0,none,17,udp,77,174.128.182.24,10.255.255.1,57068,53,57
Jul 10 02:41:38 fw.rodolfoarce.local filterlog[32783]: 4,,,1000000103,vtnet0,match,block,in,4,0x0,,53,52326,0,none,17,udp,54,174.128.182.24,10.255.255.1,57581,53,34
Jul 10 02:41:39 fw.rodolfoarce.local filterlog[32783]: 4,,,1000000103,vtnet0,match,block,in,4,0x0,,53,52481,0,none,17,udp,54,174.128.182.24,10.255.255.1,36589,53,34
Jul 10 02:41:39 fw.rodolfoarce.local dhclient[10762]: DHCPDISCOVER on vtnet0 to 255.255.255.255 port 67 interval 1
Jul 10 02:41:40 fw.rodolfoarce.local filterlog[32783]: 4,,,1000000103,vtnet0,match,block,in,4,0x0,,53,52577,0,none,17,udp,54,174.128.182.24,10.255.255.1,38790,53,34
Jul 10 02:41:40 fw.rodolfoarce.local dhclient[10762]: DHCPDISCOVER on vtnet0 to 255.255.255.255 port 67 interval 2
Jul 10 02:41:42 fw.rodolfoarce.local filterlog[32783]: 4,,,1000000103,vtnet0,match,block,in,4,0x0,,53,52927,0,none,17,udp,54,174.128.182.24,10.255.255.1,53627,53,34
Jul 10 02:41:42 fw.rodolfoarce.local dhclient[10762]: DHCPDISCOVER on vtnet0 to 255.255.255.255 port 67 interval 5
Jul 10 02:41:43 fw.rodolfoarce.local filterlog[32783]: 4,,,1000000103,vtnet0,match,block,in,4,0x0,,53,53157,0,none,17,udp,54,174.128.182.24,10.255.255.1,42845,53,34
Jul 10 02:41:46 fw.rodolfoarce.local filterlog[32783]: 4,,,1000000103,vtnet0,match,block,in,4,0x0,,53,53674,0,none,17,udp,54,174.128.182.24,10.255.255.1,49035,53,34
Jul 10 02:41:47 fw.rodolfoarce.local dhclient[10762]: DHCPDISCOVER on vtnet0 to 255.255.255.255 port 67 interval 12
Jul 10 02:41:48 fw.rodolfoarce.local filterlog[32783]: 4,,,1000000103,vtnet0,match,block,in,4,0x0,,53,53830,0,none,17,udp,77,174.128.182.24,10.255.255.1,57267,53,57
Jul 10 02:41:49 fw.rodolfoarce.local filterlog[32783]: 4,,,1000000103,vtnet0,match,block,in,4,0x0,,53,53869,0,none,17,udp,77,174.128.182.24,10.255.255.1,41830,53,57
Jul 10 02:41:50 fw.rodolfoarce.local filterlog[32783]: 4,,,1000000103,vtnet0,match,block,in,4,0x0,,53,54092,0,none,17,udp,54,174.128.182.24,10.255.255.1,37468,53,34
Jul 10 02:41:51 fw.rodolfoarce.local filterlog[32783]: 4,,,1000000103,vtnet0,match,block,in,4,0x0,,53,54122,0,none,17,udp,54,174.128.182.24,10.255.255.1,47578,53,34
Jul 10 02:41:52 fw.rodolfoarce.local filterlog[32783]: 4,,,1000000103,vtnet0,match,block,in,4,0x0,,53,54279,0,none,17,udp,54,174.128.182.24,10.255.255.1,57610,53,34
Jul 10 02:41:53 fw.rodolfoarce.local filterlog[32783]: 4,,,1000000103,vtnet0,match,block,in,4,0x0,,53,54678,0,none,17,udp,54,174.128.182.24,10.255.255.1,48984,53,34
Jul 10 02:41:55 fw.rodolfoarce.local filterlog[32783]: 4,,,1000000103,vtnet0,match,block,in,4,0x0,,53,54978,0,none,17,udp,54,174.128.182.24,10.255.255.1,34028,53,34
Jul 10 02:41:58 fw.rodolfoarce.local filterlog[32783]: 4,,,1000000103,vtnet0,match,block,in,4,0x0,,53,55754,0,none,17,udp,77,174.128.182.24,10.255.255.1,47835,53,57
Jul 10 02:41:59 fw.rodolfoarce.local dhclient[10762]: DHCPDISCOVER on vtnet0 to 255.255.255.255 port 67 interval 14
Jul 10 02:41:59 fw.rodolfoarce.local filterlog[32783]: 4,,,1000000103,vtnet0,match,block,in,4,0x0,,53,55929,0,none,17,udp,77,174.128.182.24,10.255.255.1,54388,53,57
Jul 10 02:42:00 fw.rodolfoarce.local /usr/sbin/cron[31608]: (root) CMD (/usr/sbin/newsyslog)
Jul 10 02:42:00 fw.rodolfoarce.local filterlog[32783]: 4,,,1000000103,vtnet0,match,block,in,4,0x0,,53,56014,0,none,17,udp,54,174.128.182.24,10.255.255.1,60637,53,34
Jul 10 02:42:00 fw.rodolfoarce.local filterlog[32783]: 4,,,1000000103,vtnet0,match,block,in,4,0x0,,38,63566,0,none,17,udp,73,206.168.34.174,10.255.255.1,9886,53,53
Jul 10 02:42:01 fw.rodolfoarce.local filterlog[32783]: 4,,,1000000103,vtnet0,match,block,in,4,0x0,,53,56057,0,none,17,udp,54,174.128.182.24,10.255.255.1,36460,53,34
Jul 10 02:42:02 fw.rodolfoarce.local filterlog[32783]: 4,,,1000000103,vtnet0,match,block,in,4,0x0,,53,56078,0,none,17,udp,54,174.128.182.24,10.255.255.1,46609,53,34
Jul 10 02:42:04 fw.rodolfoarce.local filterlog[32783]: 4,,,1000000103,vtnet0,match,block,in,4,0x0,,53,56350,0,none,17,udp,54,174.128.182.24,10.255.255.1,42606,53,34
Jul 10 02:42:05 fw.rodolfoarce.local filterlog[32783]: 4,,,1000000103,vtnet0,match,block,in,4,0x0,,53,56548,0,none,17,udp,54,174.128.182.24,10.255.255.1,46898,53,34
Jul 10 02:42:09 fw.rodolfoarce.local filterlog[32783]: 4,,,1000000103,vtnet0,match,block,in,4,0x0,,53,57036,0,none,17,udp,77,174.128.182.24,10.255.255.1,45975,53,57
Jul 10 02:42:10 fw.rodolfoarce.local filterlog[32783]: 4,,,1000000103,vtnet0,match,block,in,4,0x0,,53,57253,0,none,17,udp,77,174.128.182.24,10.255.255.1,55373,53,57
Jul 10 02:42:11 fw.rodolfoarce.local filterlog[32783]: 4,,,1000000103,vtnet0,match,block,in,4,0x0,,53,57396,0,none,17,udp,54,174.128.182.24,10.255.255.1,56426,53,34
Jul 10 02:42:12 fw.rodolfoarce.local filterlog[32783]: 4,,,1000000103,vtnet0,match,block,in,4,0x0,,53,57444,0,none,17,udp,54,174.128.182.24,10.255.255.1,34189,53,34
Jul 10 02:42:13 fw.rodolfoarce.local filterlog[32783]: 4,,,1000000103,vtnet0,match,block,in,4,0x0,,53,57588,0,none,17,udp,54,174.128.182.24,10.255.255.1,51312,53,34
Jul 10 02:42:13 fw.rodolfoarce.local dhclient[10762]: DHCPDISCOVER on vtnet0 to 255.255.255.255 port 67 interval 7
Jul 10 02:42:15 fw.rodolfoarce.local filterlog[32783]: 4,,,1000000103,vtnet0,match,block,in,4,0x0,,53,57609,0,none,17,udp,54,174.128.182.24,10.255.255.1,47454,53,34
Jul 10 02:42:16 fw.rodolfoarce.local filterlog[32783]: 4,,,1000000103,vtnet0,match,block,in,4,0x0,,53,57900,0,none,17,udp,54,174.128.182.24,10.255.255.1,41896,53,34
Jul 10 02:42:19 fw.rodolfoarce.local filterlog[32783]: 4,,,1000000103,vtnet0,match,block,in,4,0x0,,53,58457,0,none,17,udp,77,174.128.182.24,10.255.255.1,57150,53,57
Jul 10 02:42:20 fw.rodolfoarce.local filterlog[32783]: 4,,,1000000103,vtnet0,match,block,in,4,0x0,,53,58598,0,none,17,udp,77,174.128.182.24,10.255.255.1,53908,53,57
Jul 10 02:42:20 fw.rodolfoarce.local dhclient[10762]: DHCPDISCOVER on vtnet0 to 255.255.255.255 port 67 interval 8
Jul 10 02:42:21 fw.rodolfoarce.local filterlog[32783]: 4,,,1000000103,vtnet0,match,block,in,4,0x0,,53,58735,0,none,17,udp,77,174.128.182.24,10.255.255.1,50205,53,57
Jul 10 02:42:21 fw.rodolfoarce.local filterlog[32783]: 4,,,1000000103,vtnet0,match,block,in,4,0x0,,53,58745,0,none,17,udp,54,174.128.182.24,10.255.255.1,38751,53,34
Jul 10 02:42:22 fw.rodolfoarce.local filterlog[32783]: 4,,,1000000103,vtnet0,match,block,in,4,0x0,,53,58908,0,none,17,udp,77,174.128.182.24,10.255.255.1,60302,53,57
Jul 10 02:42:26 fw.rodolfoarce.local dhcp6c[28115]: Sending Solicit
Jul 10 02:42:28 fw.rodolfoarce.local dhclient[10762]: DHCPDISCOVER on vtnet0 to 255.255.255.255 port 67 interval 12
Jul 10 02:42:40 fw.rodolfoarce.local dhclient[10762]: No DHCPOFFERS received.
Jul 10 02:42:40 fw.rodolfoarce.local dhclient[10762]: No working leases in persistent database - sleeping.
Jul  9 22:42:40 fw.rodolfoarce.local dhclient[49804]: FAIL
Jul 10 02:42:55 fw.rodolfoarce.local dhclient[10762]: DHCPDISCOVER on vtnet0 to 255.255.255.255 port 67 interval 1
Jul 10 02:42:56 fw.rodolfoarce.local dhclient[10762]: DHCPDISCOVER on vtnet0 to 255.255.255.255 port 67 interval 1
Jul 10 02:42:57 fw.rodolfoarce.local dhclient[10762]: DHCPDISCOVER on vtnet0 to 255.255.255.255 port 67 interval 2
Jul 10 02:43:00 fw.rodolfoarce.local dhclient[10762]: DHCPDISCOVER on vtnet0 to 255.255.255.255 port 67 interval 4
Jul 10 02:43:00 fw.rodolfoarce.local /usr/sbin/cron[50314]: (root) CMD (/usr/sbin/newsyslog)
Jul 10 02:43:04 fw.rodolfoarce.local dhclient[10762]: DHCPDISCOVER on vtnet0 to 255.255.255.255 port 67 interval 7
Jul 10 02:43:11 fw.rodolfoarce.local dhclient[10762]: DHCPDISCOVER on vtnet0 to 255.255.255.255 port 67 interval 9
Jul 10 02:43:20 fw.rodolfoarce.local dhclient[10762]: DHCPDISCOVER on vtnet0 to 255.255.255.255 port 67 interval 8
Jul 10 02:43:28 fw.rodolfoarce.local dhclient[10762]: DHCPDISCOVER on vtnet0 to 255.255.255.255 port 67 interval 21
Jul 10 02:43:49 fw.rodolfoarce.local dhclient[10762]: DHCPDISCOVER on vtnet0 to 255.255.255.255 port 67 interval 7
Jul 10 02:43:56 fw.rodolfoarce.local dhclient[10762]: No DHCPOFFERS received.
Jul 10 02:43:56 fw.rodolfoarce.local dhclient[10762]: No working leases in persistent database - sleeping.
Jul  9 22:43:56 fw.rodolfoarce.local dhclient[68652]: FAIL
Jul 10 02:44:00 fw.rodolfoarce.local /usr/sbin/cron[68951]: (root) CMD (/usr/sbin/newsyslog)
Jul 10 02:44:11 fw.rodolfoarce.local dhclient[10762]: DHCPDISCOVER on vtnet0 to 255.255.255.255 port 67 interval 1
Jul 10 02:44:12 fw.rodolfoarce.local dhclient[10762]: DHCPDISCOVER on vtnet0 to 255.255.255.255 port 67 interval 2
Jul 10 02:44:14 fw.rodolfoarce.local dhclient[10762]: DHCPDISCOVER on vtnet0 to 255.255.255.255 port 67 interval 3
Jul 10 02:44:17 fw.rodolfoarce.local dhclient[10762]: DHCPDISCOVER on vtnet0 to 255.255.255.255 port 67 interval 3
Jul 10 02:44:20 fw.rodolfoarce.local dhclient[10762]: DHCPDISCOVER on vtnet0 to 255.255.255.255 port 67 interval 6
Jul 10 02:44:26 fw.rodolfoarce.local dhclient[10762]: DHCPDISCOVER on vtnet0 to 255.255.255.255 port 67 interval 12
Jul 10 02:44:35 fw.rodolfoarce.local dhcp6c[28115]: Sending Solicit
Jul 10 02:44:38 fw.rodolfoarce.local dhclient[10762]: DHCPDISCOVER on vtnet0 to 255.255.255.255 port 67 interval 15
Jul 10 02:44:54 fw.rodolfoarce.local dhclient[10762]: DHCPDISCOVER on vtnet0 to 255.255.255.255 port 67 interval 18
Jul 10 02:45:00 fw.rodolfoarce.local /usr/sbin/cron[87739]: (root) CMD (/usr/sbin/newsyslog)
Jul 10 02:45:12 fw.rodolfoarce.local dhclient[10762]: No DHCPOFFERS received.
Jul 10 02:45:12 fw.rodolfoarce.local dhclient[10762]: No working leases in persistent database - sleeping.
Jul  9 22:45:12 fw.rodolfoarce.local dhclient[88701]: FAIL
Jul 10 02:45:27 fw.rodolfoarce.local dhclient[10762]: DHCPDISCOVER on vtnet0 to 255.255.255.255 port 67 interval 2
Jul 10 02:45:29 fw.rodolfoarce.local dhclient[10762]: DHCPDISCOVER on vtnet0 to 255.255.255.255 port 67 interval 3
Jul 10 02:45:32 fw.rodolfoarce.local dhclient[10762]: DHCPDISCOVER on vtnet0 to 255.255.255.255 port 67 interval 6
Jul 10 02:45:38 fw.rodolfoarce.local dhclient[10762]: DHCPDISCOVER on vtnet0 to 255.255.255.255 port 67 interval 11
Jul 10 02:45:39 fw.rodolfoarce.local filterlog[32783]: 4,,,1000000103,vtnet1,match,block,in,4,0x0,,64,63734,0,DF,6,tcp,76,10.1.1.3,172.67.157.37,41402,443,24,PA,1975917129:1975917153,1345616504,249,,nop;nop;TS
Jul 10 02:45:39 fw.rodolfoarce.local filterlog[32783]: 4,,,1000000103,vtnet1,match,block,in,4,0x0,,64,63735,0,DF,6,tcp,52,10.1.1.3,172.67.157.37,41402,443,0,FA,1975917153,1345616504,249,,nop;nop;TS
Jul 10 02:45:39 fw.rodolfoarce.local filterlog[32783]: 4,,,1000000103,vtnet1,match,block,in,4,0x0,,64,63736,0,DF,6,tcp,52,10.1.1.3,172.67.157.37,41402,443,0,FA,1975917153,1345616504,249,,nop;nop;TS
Jul 10 02:45:39 fw.rodolfoarce.local filterlog[32783]: 4,,,1000000103,vtnet1,match,block,in,4,0x0,,64,63737,0,DF,6,tcp,76,10.1.1.3,172.67.157.37,41402,443,24,FPA,1975917129:1975917153,1345616504,249,,nop;nop;TS
Jul 10 02:45:40 fw.rodolfoarce.local filterlog[32783]: 4,,,1000000103,vtnet1,match,block,in,4,0x0,,64,63738,0,DF,6,tcp,76,10.1.1.3,172.67.157.37,41402,443,24,FPA,1975917129:1975917153,1345616504,249,,nop;nop;TS
Jul 10 02:45:41 fw.rodolfoarce.local filterlog[32783]: 4,,,1000000103,vtnet1,match,block,in,4,0x0,,64,63739,0,DF,6,tcp,76,10.1.1.3,172.67.157.37,41402,443,24,FPA,1975917129:1975917153,1345616504,249,,nop;nop;TS
Jul 10 02:45:42 fw.rodolfoarce.local filterlog[32783]: 4,,,1000000103,vtnet1,match,block,in,4,0x0,,64,63740,0,DF,6,tcp,76,10.1.1.3,172.67.157.37,41402,443,24,FPA,1975917129:1975917153,1345616504,249,,nop;nop;TS
Jul 10 02:45:46 fw.rodolfoarce.local filterlog[32783]: 4,,,1000000103,vtnet1,match,block,in,4,0x0,,64,63741,0,DF,6,tcp,76,10.1.1.3,172.67.157.37,41402,443,24,FPA,1975917129:1975917153,1345616504,249,,nop;nop;TS
Jul 10 02:45:49 fw.rodolfoarce.local dhclient[10762]: DHCPDISCOVER on vtnet0 to 255.255.255.255 port 67 interval 11
Jul 10 02:45:53 fw.rodolfoarce.local filterlog[32783]: 4,,,1000000103,vtnet1,match,block,in,4,0x0,,64,63742,0,DF,6,tcp,76,10.1.1.3,172.67.157.37,41402,443,24,FPA,1975917129:1975917153,1345616504,249,,nop;nop;TS
Jul 10 02:46:00 fw.rodolfoarce.local /usr/sbin/cron[8043]: (root) CMD (/usr/sbin/newsyslog)
Jul 10 02:46:00 fw.rodolfoarce.local dhclient[10762]: DHCPDISCOVER on vtnet0 to 255.255.255.255 port 67 interval 19
Jul 10 02:46:06 fw.rodolfoarce.local filterlog[32783]: 4,,,1000000103,vtnet1,match,block,in,4,0x0,,64,63743,0,DF,6,tcp,76,10.1.1.3,172.67.157.37,41402,443,24,FPA,1975917129:1975917153,1345616504,249,,nop;nop;TS
Jul 10 02:46:19 fw.rodolfoarce.local dhclient[10762]: DHCPDISCOVER on vtnet0 to 255.255.255.255 port 67 interval 7
Jul 10 02:46:26 fw.rodolfoarce.local dhclient[10762]: DHCPDISCOVER on vtnet0 to 255.255.255.255 port 67 interval 2
Jul 10 02:46:28 fw.rodolfoarce.local dhclient[10762]: No DHCPOFFERS received.
Jul 10 02:46:28 fw.rodolfoarce.local dhclient[10762]: No working leases in persistent database - sleeping.
Jul  9 22:46:28 fw.rodolfoarce.local dhclient[27880]: FAIL
Jul 10 02:46:34 fw.rodolfoarce.local filterlog[32783]: 4,,,1000000103,vtnet1,match,block,in,4,0x0,,64,63744,0,DF,6,tcp,76,10.1.1.3,172.67.157.37,41402,443,24,FPA,1975917129:1975917153,1345616504,249,,nop;nop;TS
Jul 10 02:46:43 fw.rodolfoarce.local dhcp6c[28115]: Sending Solicit
Jul 10 02:46:44 fw.rodolfoarce.local dhclient[10762]: DHCPDISCOVER on vtnet0 to 255.255.255.255 port 67 interval 1
Jul 10 02:46:45 fw.rodolfoarce.local dhclient[10762]: DHCPDISCOVER on vtnet0 to 255.255.255.255 port 67 interval 1
Jul 10 02:46:46 fw.rodolfoarce.local dhclient[10762]: DHCPDISCOVER on vtnet0 to 255.255.255.255 port 67 interval 2
Jul 10 02:46:48 fw.rodolfoarce.local dhclient[10762]: DHCPDISCOVER on vtnet0 to 255.255.255.255 port 67 interval 2
Jul 10 02:46:50 fw.rodolfoarce.local dhclient[10762]: DHCPDISCOVER on vtnet0 to 255.255.255.255 port 67 interval 3
Jul 10 02:46:53 fw.rodolfoarce.local dhclient[10762]: DHCPDISCOVER on vtnet0 to 255.255.255.255 port 67 interval 6
Jul 10 02:46:59 fw.rodolfoarce.local dhclient[10762]: DHCPDISCOVER on vtnet0 to 255.255.255.255 port 67 interval 8
Jul 10 02:47:00 fw.rodolfoarce.local /usr/sbin/cron[28062]: (root) CMD (/usr/sbin/newsyslog)
Jul 10 02:47:07 fw.rodolfoarce.local dhclient[10762]: DHCPDISCOVER on vtnet0 to 255.255.255.255 port 67 interval 13
Jul 10 02:47:20 fw.rodolfoarce.local dhclient[10762]: DHCPDISCOVER on vtnet0 to 255.255.255.255 port 67 interval 20
Jul 10 02:47:40 fw.rodolfoarce.local dhclient[10762]: DHCPDISCOVER on vtnet0 to 255.255.255.255 port 67 interval 5
Jul 10 02:47:45 fw.rodolfoarce.local dhclient[10762]: No DHCPOFFERS received.
Jul 10 02:47:45 fw.rodolfoarce.local dhclient[10762]: No working leases in persistent database - sleeping.
Jul  9 22:47:45 fw.rodolfoarce.local dhclient[46352]: FAIL
Jul 10 02:48:00 fw.rodolfoarce.local /usr/sbin/cron[46485]: (root) CMD (/usr/sbin/newsyslog)
Jul 10 02:48:00 fw.rodolfoarce.local dhclient[10762]: DHCPDISCOVER on vtnet0 to 255.255.255.255 port 67 interval 1
Jul 10 02:48:01 fw.rodolfoarce.local dhclient[10762]: DHCPDISCOVER on vtnet0 to 255.255.255.255 port 67 interval 1
Jul 10 02:48:02 fw.rodolfoarce.local dhclient[10762]: DHCPDISCOVER on vtnet0 to 255.255.255.255 port 67 interval 2
Jul 10 02:48:04 fw.rodolfoarce.local dhclient[10762]: DHCPDISCOVER on vtnet0 to 255.255.255.255 port 67 interval 2
Jul 10 02:48:06 fw.rodolfoarce.local dhclient[10762]: DHCPDISCOVER on vtnet0 to 255.255.255.255 port 67 interval 3
Jul 10 02:48:09 fw.rodolfoarce.local dhclient[10762]: DHCPDISCOVER on vtnet0 to 255.255.255.255 port 67 interval 5
Jul 10 02:48:14 fw.rodolfoarce.local dhclient[10762]: DHCPDISCOVER on vtnet0 to 255.255.255.255 port 67 interval 10
Jul 10 02:48:24 fw.rodolfoarce.local dhclient[10762]: DHCPDISCOVER on vtnet0 to 255.255.255.255 port 67 interval 10
Jul 10 02:48:31 fw.rodolfoarce.local dhcp6c[28115]: Sending Solicit
Jul 10 02:48:34 fw.rodolfoarce.local dhclient[10762]: DHCPDISCOVER on vtnet0 to 255.255.255.255 port 67 interval 12
Jul 10 02:48:47 fw.rodolfoarce.local dhclient[10762]: DHCPDISCOVER on vtnet0 to 255.255.255.255 port 67 interval 14
Jul 10 02:49:00 fw.rodolfoarce.local /usr/sbin/cron[65071]: (root) CMD (/usr/sbin/newsyslog)
Jul 10 02:49:01 fw.rodolfoarce.local dhclient[10762]: No DHCPOFFERS received.
Jul 10 02:49:01 fw.rodolfoarce.local dhclient[10762]: No working leases in persistent database - sleeping.
Jul  9 22:49:01 fw.rodolfoarce.local dhclient[65561]: FAIL
Jul 10 02:49:16 fw.rodolfoarce.local dhclient[10762]: DHCPDISCOVER on vtnet0 to 255.255.255.255 port 67 interval 1
Jul 10 02:49:17 fw.rodolfoarce.local dhclient[10762]: DHCPDISCOVER on vtnet0 to 255.255.255.255 port 67 interval 2
Jul 10 02:49:19 fw.rodolfoarce.local dhclient[10762]: DHCPDISCOVER on vtnet0 to 255.255.255.255 port 67 interval 4
Jul 10 02:49:23 fw.rodolfoarce.local dhclient[10762]: DHCPDISCOVER on vtnet0 to 255.255.255.255 port 67 interval 4
Jul 10 02:49:27 fw.rodolfoarce.local dhclient[10762]: DHCPDISCOVER on vtnet0 to 255.255.255.255 port 67 interval 7
Jul 10 02:49:34 fw.rodolfoarce.local dhclient[10762]: DHCPDISCOVER on vtnet0 to 255.255.255.255 port 67 interval 19
Jul 10 02:49:53 fw.rodolfoarce.local dhclient[10762]: DHCPDISCOVER on vtnet0 to 255.255.255.255 port 67 interval 13
Jul 10 02:50:00 fw.rodolfoarce.local /usr/sbin/cron[83803]: (root) CMD (/usr/sbin/newsyslog)
Jul 10 02:50:00 fw.rodolfoarce.local /usr/sbin/cron[83860]: (root) CMD (/usr/libexec/atrun)
Jul 10 02:50:06 fw.rodolfoarce.local dhclient[10762]: DHCPDISCOVER on vtnet0 to 255.255.255.255 port 67 interval 11
Jul 10 02:50:17 fw.rodolfoarce.local dhclient[10762]: No DHCPOFFERS received.
Jul 10 02:50:17 fw.rodolfoarce.local dhclient[10762]: No working leases in persistent database - sleeping.
Jul  9 22:50:17 fw.rodolfoarce.local dhclient[84939]: FAIL
Jul 10 02:50:29 fw.rodolfoarce.local dhcp6c[28115]: Sending Solicit
Jul 10 02:50:32 fw.rodolfoarce.local dhclient[10762]: DHCPDISCOVER on vtnet0 to 255.255.255.255 port 67 interval 2
Jul 10 02:50:34 fw.rodolfoarce.local dhclient[10762]: DHCPDISCOVER on vtnet0 to 255.255.255.255 port 67 interval 3
Jul 10 02:50:37 fw.rodolfoarce.local dhclient[10762]: DHCPDISCOVER on vtnet0 to 255.255.255.255 port 67 interval 5
Jul 10 02:50:43 fw.rodolfoarce.local dhclient[10762]: DHCPDISCOVER on vtnet0 to 255.255.255.255 port 67 interval 12
Jul 10 02:50:55 fw.rodolfoarce.local dhclient[10762]: DHCPDISCOVER on vtnet0 to 255.255.255.255 port 67 interval 21
Jul 10 02:51:00 fw.rodolfoarce.local /usr/sbin/cron[4106]: (root) CMD (/usr/sbin/newsyslog)
Jul 10 02:51:16 fw.rodolfoarce.local dhclient[10762]: DHCPDISCOVER on vtnet0 to 255.255.255.255 port 67 interval 10
Jul 10 02:51:26 fw.rodolfoarce.local dhclient[10762]: DHCPDISCOVER on vtnet0 to 255.255.255.255 port 67 interval 7
Jul 10 02:51:33 fw.rodolfoarce.local dhclient[10762]: No DHCPOFFERS received.
Jul 10 02:51:33 fw.rodolfoarce.local dhclient[10762]: No working leases in persistent database - sleeping.
Jul  9 22:51:33 fw.rodolfoarce.local dhclient[15376]: FAIL
Jul 10 02:51:48 fw.rodolfoarce.local dhclient[10762]: DHCPDISCOVER on vtnet0 to 255.255.255.255 port 67 interval 1
Jul 10 02:51:50 fw.rodolfoarce.local dhclient[10762]: message repeated 2 times: [ DHCPDISCOVER on vtnet0 to 255.255.255.255 port 67 interval 1]
Jul 10 02:51:51 fw.rodolfoarce.local dhclient[10762]: DHCPDISCOVER on vtnet0 to 255.255.255.255 port 67 interval 2
Jul 10 02:51:53 fw.rodolfoarce.local dhclient[10762]: DHCPDISCOVER on vtnet0 to 255.255.255.255 port 67 interval 2
Jul 10 02:51:55 fw.rodolfoarce.local dhclient[10762]: DHCPDISCOVER on vtnet0 to 255.255.255.255 port 67 interval 4
Jul 10 02:51:59 fw.rodolfoarce.local dhclient[10762]: DHCPDISCOVER on vtnet0 to 255.255.255.255 port 67 interval 4
Jul 10 02:52:00 fw.rodolfoarce.local /usr/sbin/cron[21990]: (root) CMD (/usr/sbin/newsyslog)
Jul 10 02:52:03 fw.rodolfoarce.local dhclient[10762]: DHCPDISCOVER on vtnet0 to 255.255.255.255 port 67 interval 8
Jul 10 02:52:12 fw.rodolfoarce.local dhclient[10762]: DHCPDISCOVER on vtnet0 to 255.255.255.255 port 67 interval 12
Jul 10 02:52:24 fw.rodolfoarce.local dhclient[10762]: DHCPDISCOVER on vtnet0 to 255.255.255.255 port 67 interval 13
Jul 10 02:52:28 fw.rodolfoarce.local dhcp6c[28115]: Sending Solicit
Jul 10 02:52:37 fw.rodolfoarce.local dhclient[10762]: DHCPDISCOVER on vtnet0 to 255.255.255.255 port 67 interval 12
Jul 10 02:52:49 fw.rodolfoarce.local dhclient[10762]: No DHCPOFFERS received.
Jul 10 02:52:49 fw.rodolfoarce.local dhclient[10762]: No working leases in persistent database - sleeping.
Jul  9 22:52:49 fw.rodolfoarce.local dhclient[39423]: FAIL
Jul 10 02:53:00 fw.rodolfoarce.local /usr/sbin/cron[39993]: (root) CMD (/usr/sbin/newsyslog)
Jul 10 02:53:04 fw.rodolfoarce.local dhclient[10762]: DHCPDISCOVER on vtnet0 to 255.255.255.255 port 67 interval 1
Jul 10 02:53:05 fw.rodolfoarce.local dhclient[10762]: DHCPDISCOVER on vtnet0 to 255.255.255.255 port 67 interval 1
Jul 10 02:53:06 fw.rodolfoarce.local dhclient[10762]: DHCPDISCOVER on vtnet0 to 255.255.255.255 port 67 interval 2
