Jul  2 14:32:32 fw.rodolfoarce.local dhclient[10762]: DHCPDISCOVER on vtnet0 to 255.255.255.255 port 67 interval 5
Jul  2 14:32:37 fw.rodolfoarce.local dhclient[10762]: DHCPDISCOVER on vtnet0 to 255.255.255.255 port 67 interval 10
Jul  2 14:32:47 fw.rodolfoarce.local dhclient[10762]: DHCPDISCOVER on vtnet0 to 255.255.255.255 port 67 interval 13
Jul  2 14:33:00 fw.rodolfoarce.local /usr/sbin/cron[40245]: (root) CMD (/usr/sbin/newsyslog)
Jul  2 14:33:00 fw.rodolfoarce.local dhclient[10762]: DHCPDISCOVER on vtnet0 to 255.255.255.255 port 67 interval 9
Jul  2 14:33:09 fw.rodolfoarce.local dhclient[10762]: DHCPDISCOVER on vtnet0 to 255.255.255.255 port 67 interval 19
Jul  2 14:33:28 fw.rodolfoarce.local dhclient[10762]: DHCPDISCOVER on vtnet0 to 255.255.255.255 port 67 interval 3
Jul  2 14:33:31 fw.rodolfoarce.local dhclient[10762]: No DHCPOFFERS received.
Jul  2 14:33:31 fw.rodolfoarce.local dhclient[10762]: No working leases in persistent database - sleeping.
Jul  2 10:33:31 fw.rodolfoarce.local dhclient[58494]: FAIL
Jul  2 14:33:47 fw.rodolfoarce.local dhclient[10762]: DHCPDISCOVER on vtnet0 to 255.255.255.255 port 67 interval 1
Jul  2 14:33:48 fw.rodolfoarce.local dhclient[10762]: DHCPDISCOVER on vtnet0 to 255.255.255.255 port 67 interval 2
Jul  2 14:33:50 fw.rodolfoarce.local dhclient[10762]: DHCPDISCOVER on vtnet0 to 255.255.255.255 port 67 interval 2
Jul  2 14:33:52 fw.rodolfoarce.local dhclient[10762]: DHCPDISCOVER on vtnet0 to 255.255.255.255 port 67 interval 5
Jul  2 14:33:57 fw.rodolfoarce.local dhclient[10762]: DHCPDISCOVER on vtnet0 to 255.255.255.255 port 67 interval 12
Jul  2 14:34:00 fw.rodolfoarce.local /usr/sbin/cron[58775]: (root) CMD (/usr/sbin/newsyslog)
Jul  2 14:34:09 fw.rodolfoarce.local dhclient[10762]: DHCPDISCOVER on vtnet0 to 255.255.255.255 port 67 interval 14
Jul  2 14:34:22 fw.rodolfoarce.local dhcp6c[28115]: Sending Solicit
Jul  2 14:34:23 fw.rodolfoarce.local dhclient[10762]: DHCPDISCOVER on vtnet0 to 255.255.255.255 port 67 interval 10
Jul  2 14:34:33 fw.rodolfoarce.local dhclient[10762]: DHCPDISCOVER on vtnet0 to 255.255.255.255 port 67 interval 15
Jul  2 14:34:48 fw.rodolfoarce.local dhclient[10762]: No DHCPOFFERS received.
Jul  2 14:34:48 fw.rodolfoarce.local dhclient[10762]: No working leases in persistent database - sleeping.
Jul  2 10:34:48 fw.rodolfoarce.local dhclient[79159]: FAIL
Jul  2 14:35:00 fw.rodolfoarce.local /usr/sbin/cron[79875]: (root) CMD (/usr/sbin/newsyslog)
Jul  2 14:35:00 fw.rodolfoarce.local /usr/sbin/cron[80049]: (root) CMD (/usr/libexec/atrun)
Jul  2 14:35:03 fw.rodolfoarce.local dhclient[10762]: DHCPDISCOVER on vtnet0 to 255.255.255.255 port 67 interval 2
Jul  2 14:35:05 fw.rodolfoarce.local dhclient[10762]: DHCPDISCOVER on vtnet0 to 255.255.255.255 port 67 interval 5
Jul  2 14:35:10 fw.rodolfoarce.local dhclient[10762]: DHCPDISCOVER on vtnet0 to 255.255.255.255 port 67 interval 6
Jul  2 14:35:16 fw.rodolfoarce.local dhclient[10762]: DHCPDISCOVER on vtnet0 to 255.255.255.255 port 67 interval 10
Jul  2 14:35:26 fw.rodolfoarce.local dhclient[10762]: DHCPDISCOVER on vtnet0 to 255.255.255.255 port 67 interval 13
Jul  2 14:35:39 fw.rodolfoarce.local dhclient[10762]: DHCPDISCOVER on vtnet0 to 255.255.255.255 port 67 interval 12
Jul  2 14:35:52 fw.rodolfoarce.local dhclient[10762]: DHCPDISCOVER on vtnet0 to 255.255.255.255 port 67 interval 12
Jul  2 14:36:00 fw.rodolfoarce.local /usr/sbin/cron[99161]: (root) CMD (/usr/sbin/newsyslog)
Jul  2 14:36:04 fw.rodolfoarce.local dhclient[10762]: No DHCPOFFERS received.
Jul  2 14:36:04 fw.rodolfoarce.local dhclient[10762]: No working leases in persistent database - sleeping.
Jul  2 10:36:04 fw.rodolfoarce.local dhclient[22]: FAIL
Jul  2 14:36:19 fw.rodolfoarce.local dhclient[10762]: DHCPDISCOVER on vtnet0 to 255.255.255.255 port 67 interval 1
Jul  2 14:36:20 fw.rodolfoarce.local dhclient[10762]: DHCPDISCOVER on vtnet0 to 255.255.255.255 port 67 interval 1
Jul  2 14:36:21 fw.rodolfoarce.local dhclient[10762]: DHCPDISCOVER on vtnet0 to 255.255.255.255 port 67 interval 2
Jul  2 14:36:23 fw.rodolfoarce.local dhclient[10762]: DHCPDISCOVER on vtnet0 to 255.255.255.255 port 67 interval 2
Jul  2 14:36:25 fw.rodolfoarce.local dhclient[10762]: DHCPDISCOVER on vtnet0 to 255.255.255.255 port 67 interval 4
Jul  2 14:36:29 fw.rodolfoarce.local dhclient[10762]: DHCPDISCOVER on vtnet0 to 255.255.255.255 port 67 interval 7
Jul  2 14:36:30 fw.rodolfoarce.local dhcp6c[28115]: Sending Solicit
Jul  2 14:36:36 fw.rodolfoarce.local dhclient[10762]: DHCPDISCOVER on vtnet0 to 255.255.255.255 port 67 interval 12
Jul  2 14:36:48 fw.rodolfoarce.local dhclient[10762]: DHCPDISCOVER on vtnet0 to 255.255.255.255 port 67 interval 21
Jul  2 14:37:00 fw.rodolfoarce.local /usr/sbin/cron[20135]: (root) CMD (/usr/sbin/newsyslog)
Jul  2 14:37:09 fw.rodolfoarce.local dhclient[10762]: DHCPDISCOVER on vtnet0 to 255.255.255.255 port 67 interval 11
Jul  2 14:37:20 fw.rodolfoarce.local dhclient[10762]: No DHCPOFFERS received.
Jul  2 14:37:20 fw.rodolfoarce.local dhclient[10762]: No working leases in persistent database - sleeping.
Jul  2 10:37:20 fw.rodolfoarce.local dhclient[21095]: FAIL
Jul  2 14:37:35 fw.rodolfoarce.local dhclient[10762]: DHCPDISCOVER on vtnet0 to 255.255.255.255 port 67 interval 2
Jul  2 14:37:37 fw.rodolfoarce.local dhclient[10762]: DHCPDISCOVER on vtnet0 to 255.255.255.255 port 67 interval 3
Jul  2 14:37:40 fw.rodolfoarce.local dhclient[10762]: DHCPDISCOVER on vtnet0 to 255.255.255.255 port 67 interval 4
Jul  2 14:37:44 fw.rodolfoarce.local dhclient[10762]: DHCPDISCOVER on vtnet0 to 255.255.255.255 port 67 interval 9
Jul  2 14:37:54 fw.rodolfoarce.local dhclient[10762]: DHCPDISCOVER on vtnet0 to 255.255.255.255 port 67 interval 13
Jul  2 14:38:00 fw.rodolfoarce.local /usr/sbin/cron[39708]: (root) CMD (/usr/sbin/newsyslog)
Jul  2 14:38:07 fw.rodolfoarce.local dhclient[10762]: DHCPDISCOVER on vtnet0 to 255.255.255.255 port 67 interval 18
Jul  2 14:38:25 fw.rodolfoarce.local dhclient[10762]: DHCPDISCOVER on vtnet0 to 255.255.255.255 port 67 interval 10
Jul  2 14:38:35 fw.rodolfoarce.local dhclient[10762]: DHCPDISCOVER on vtnet0 to 255.255.255.255 port 67 interval 1
Jul  2 14:38:36 fw.rodolfoarce.local dhclient[10762]: No DHCPOFFERS received.
Jul  2 14:38:36 fw.rodolfoarce.local dhclient[10762]: No working leases in persistent database - sleeping.
Jul  2 10:38:36 fw.rodolfoarce.local dhclient[40444]: FAIL
Jul  2 14:38:38 fw.rodolfoarce.local dhcp6c[28115]: Sending Solicit
Jul  2 14:38:51 fw.rodolfoarce.local dhclient[10762]: DHCPDISCOVER on vtnet0 to 255.255.255.255 port 67 interval 1
Jul  2 14:38:52 fw.rodolfoarce.local dhclient[10762]: DHCPDISCOVER on vtnet0 to 255.255.255.255 port 67 interval 2
Jul  2 14:38:54 fw.rodolfoarce.local dhclient[10762]: DHCPDISCOVER on vtnet0 to 255.255.255.255 port 67 interval 5
Jul  2 14:38:59 fw.rodolfoarce.local dhclient[10762]: DHCPDISCOVER on vtnet0 to 255.255.255.255 port 67 interval 11
Jul  2 14:39:00 fw.rodolfoarce.local /usr/sbin/cron[58410]: (root) CMD (/usr/sbin/newsyslog)
Jul  2 14:39:10 fw.rodolfoarce.local dhclient[10762]: DHCPDISCOVER on vtnet0 to 255.255.255.255 port 67 interval 15
Jul  2 14:39:25 fw.rodolfoarce.local dhclient[10762]: DHCPDISCOVER on vtnet0 to 255.255.255.255 port 67 interval 18
Jul  2 14:39:43 fw.rodolfoarce.local dhclient[10762]: DHCPDISCOVER on vtnet0 to 255.255.255.255 port 67 interval 9
Jul  2 14:39:52 fw.rodolfoarce.local dhclient[10762]: No DHCPOFFERS received.
Jul  2 14:39:52 fw.rodolfoarce.local dhclient[10762]: No working leases in persistent database - sleeping.
Jul  2 10:39:52 fw.rodolfoarce.local dhclient[76065]: FAIL
Jul  2 14:40:00 fw.rodolfoarce.local /usr/sbin/cron[76689]: (root) CMD (/usr/libexec/atrun)
Jul  2 14:40:00 fw.rodolfoarce.local /usr/sbin/cron[76489]: (root) CMD (/usr/sbin/newsyslog)
Jul  2 14:40:07 fw.rodolfoarce.local dhclient[10762]: DHCPDISCOVER on vtnet0 to 255.255.255.255 port 67 interval 1
Jul  2 14:40:11 fw.rodolfoarce.local dhclient[10762]: message repeated 3 times: [ DHCPDISCOVER on vtnet0 to 255.255.255.255 port 67 interval 1]
Jul  2 14:40:12 fw.rodolfoarce.local dhclient[10762]: DHCPDISCOVER on vtnet0 to 255.255.255.255 port 67 interval 2
Jul  2 14:40:14 fw.rodolfoarce.local dhclient[10762]: DHCPDISCOVER on vtnet0 to 255.255.255.255 port 67 interval 4
Jul  2 14:40:18 fw.rodolfoarce.local dhclient[10762]: DHCPDISCOVER on vtnet0 to 255.255.255.255 port 67 interval 10
Jul  2 14:40:28 fw.rodolfoarce.local dhclient[10762]: DHCPDISCOVER on vtnet0 to 255.255.255.255 port 67 interval 10
Jul  2 14:40:38 fw.rodolfoarce.local dhclient[10762]: DHCPDISCOVER on vtnet0 to 255.255.255.255 port 67 interval 17
Jul  2 14:40:40 fw.rodolfoarce.local dhcp6c[28115]: Sending Solicit
Jul  2 14:40:55 fw.rodolfoarce.local dhclient[10762]: DHCPDISCOVER on vtnet0 to 255.255.255.255 port 67 interval 8
Jul  2 14:41:00 fw.rodolfoarce.local /usr/sbin/cron[96997]: (root) CMD (/usr/sbin/newsyslog)
Jul  2 14:41:03 fw.rodolfoarce.local dhclient[10762]: DHCPDISCOVER on vtnet0 to 255.255.255.255 port 67 interval 5
Jul  2 14:41:08 fw.rodolfoarce.local dhclient[10762]: No DHCPOFFERS received.
Jul  2 14:41:08 fw.rodolfoarce.local dhclient[10762]: No working leases in persistent database - sleeping.
Jul  2 10:41:08 fw.rodolfoarce.local dhclient[97700]: FAIL
Jul  2 14:41:23 fw.rodolfoarce.local dhclient[10762]: DHCPDISCOVER on vtnet0 to 255.255.255.255 port 67 interval 2
Jul  2 14:41:25 fw.rodolfoarce.local dhclient[10762]: DHCPDISCOVER on vtnet0 to 255.255.255.255 port 67 interval 5
Jul  2 14:41:30 fw.rodolfoarce.local dhclient[10762]: DHCPDISCOVER on vtnet0 to 255.255.255.255 port 67 interval 5
Jul  2 14:41:35 fw.rodolfoarce.local dhclient[10762]: DHCPDISCOVER on vtnet0 to 255.255.255.255 port 67 interval 8
Jul  2 14:41:44 fw.rodolfoarce.local dhclient[10762]: DHCPDISCOVER on vtnet0 to 255.255.255.255 port 67 interval 11
Jul  2 14:41:55 fw.rodolfoarce.local dhclient[10762]: DHCPDISCOVER on vtnet0 to 255.255.255.255 port 67 interval 12
Jul  2 14:42:00 fw.rodolfoarce.local /usr/sbin/cron[13195]: (root) CMD (/usr/sbin/newsyslog)
Jul  2 14:42:07 fw.rodolfoarce.local dhclient[10762]: DHCPDISCOVER on vtnet0 to 255.255.255.255 port 67 interval 8
Jul  2 14:42:15 fw.rodolfoarce.local dhclient[10762]: DHCPDISCOVER on vtnet0 to 255.255.255.255 port 67 interval 9
Jul  2 14:42:24 fw.rodolfoarce.local dhclient[10762]: No DHCPOFFERS received.
Jul  2 14:42:24 fw.rodolfoarce.local dhclient[10762]: No working leases in persistent database - sleeping.
Jul  2 10:42:24 fw.rodolfoarce.local dhclient[14329]: FAIL
Jul  2 14:42:29 fw.rodolfoarce.local dhcp6c[28115]: Sending Solicit
Jul  2 14:42:39 fw.rodolfoarce.local dhclient[10762]: DHCPDISCOVER on vtnet0 to 255.255.255.255 port 67 interval 2
Jul  2 14:42:41 fw.rodolfoarce.local dhclient[10762]: DHCPDISCOVER on vtnet0 to 255.255.255.255 port 67 interval 3
Jul  2 14:42:44 fw.rodolfoarce.local dhclient[10762]: DHCPDISCOVER on vtnet0 to 255.255.255.255 port 67 interval 8
Jul  2 14:42:52 fw.rodolfoarce.local dhclient[10762]: DHCPDISCOVER on vtnet0 to 255.255.255.255 port 67 interval 11
Jul  2 14:43:00 fw.rodolfoarce.local /usr/sbin/cron[30973]: (root) CMD (/usr/sbin/newsyslog)
Jul  2 14:43:03 fw.rodolfoarce.local dhclient[10762]: DHCPDISCOVER on vtnet0 to 255.255.255.255 port 67 interval 11
Jul  2 14:43:14 fw.rodolfoarce.local dhclient[10762]: DHCPDISCOVER on vtnet0 to 255.255.255.255 port 67 interval 14
Jul  2 14:43:28 fw.rodolfoarce.local dhclient[10762]: DHCPDISCOVER on vtnet0 to 255.255.255.255 port 67 interval 12
Jul  2 14:43:40 fw.rodolfoarce.local dhclient[10762]: No DHCPOFFERS received.
Jul  2 14:43:40 fw.rodolfoarce.local dhclient[10762]: No working leases in persistent database - sleeping.
Jul  2 10:43:40 fw.rodolfoarce.local dhclient[31832]: FAIL
Jul  2 14:43:55 fw.rodolfoarce.local dhclient[10762]: DHCPDISCOVER on vtnet0 to 255.255.255.255 port 67 interval 1
Jul  2 14:43:56 fw.rodolfoarce.local dhclient[10762]: DHCPDISCOVER on vtnet0 to 255.255.255.255 port 67 interval 2
Jul  2 14:43:58 fw.rodolfoarce.local dhclient[10762]: DHCPDISCOVER on vtnet0 to 255.255.255.255 port 67 interval 4
Jul  2 14:44:00 fw.rodolfoarce.local /usr/sbin/cron[52249]: (root) CMD (/usr/sbin/newsyslog)
Jul  2 14:44:02 fw.rodolfoarce.local dhclient[10762]: DHCPDISCOVER on vtnet0 to 255.255.255.255 port 67 interval 11
Jul  2 14:44:13 fw.rodolfoarce.local dhclient[10762]: DHCPDISCOVER on vtnet0 to 255.255.255.255 port 67 interval 13
Jul  2 14:44:26 fw.rodolfoarce.local dhclient[10762]: DHCPDISCOVER on vtnet0 to 255.255.255.255 port 67 interval 20
Jul  2 14:44:30 fw.rodolfoarce.local dhcp6c[28115]: Sending Solicit
Jul  2 14:44:46 fw.rodolfoarce.local dhclient[10762]: DHCPDISCOVER on vtnet0 to 255.255.255.255 port 67 interval 10
Jul  2 14:44:56 fw.rodolfoarce.local dhclient[10762]: No DHCPOFFERS received.
Jul  2 14:44:56 fw.rodolfoarce.local dhclient[10762]: No working leases in persistent database - sleeping.
Jul  2 10:44:56 fw.rodolfoarce.local dhclient[71280]: FAIL
Jul  2 14:45:00 fw.rodolfoarce.local /usr/sbin/cron[71804]: (root) CMD (/usr/sbin/newsyslog)
Jul  2 14:45:00 fw.rodolfoarce.local /usr/sbin/cron[71874]: (root) CMD (/usr/libexec/atrun)
Jul  2 14:45:12 fw.rodolfoarce.local dhclient[10762]: DHCPDISCOVER on vtnet0 to 255.255.255.255 port 67 interval 1
Jul  2 14:45:13 fw.rodolfoarce.local dhclient[10762]: DHCPDISCOVER on vtnet0 to 255.255.255.255 port 67 interval 1
Jul  2 14:45:14 fw.rodolfoarce.local dhclient[10762]: DHCPDISCOVER on vtnet0 to 255.255.255.255 port 67 interval 2
Jul  2 14:45:16 fw.rodolfoarce.local dhclient[10762]: DHCPDISCOVER on vtnet0 to 255.255.255.255 port 67 interval 4
Jul  2 14:45:20 fw.rodolfoarce.local dhclient[10762]: DHCPDISCOVER on vtnet0 to 255.255.255.255 port 67 interval 10
Jul  2 14:45:30 fw.rodolfoarce.local dhclient[10762]: DHCPDISCOVER on vtnet0 to 255.255.255.255 port 67 interval 14
Jul  2 14:45:44 fw.rodolfoarce.local dhclient[10762]: DHCPDISCOVER on vtnet0 to 255.255.255.255 port 67 interval 13
Jul  2 14:45:57 fw.rodolfoarce.local dhclient[10762]: DHCPDISCOVER on vtnet0 to 255.255.255.255 port 67 interval 16
Jul  2 14:46:00 fw.rodolfoarce.local /usr/sbin/cron[90641]: (root) CMD (/usr/sbin/newsyslog)
Jul  2 14:46:13 fw.rodolfoarce.local dhclient[10762]: No DHCPOFFERS received.
Jul  2 14:46:13 fw.rodolfoarce.local dhclient[10762]: No working leases in persistent database - sleeping.
Jul  2 10:46:13 fw.rodolfoarce.local dhclient[91676]: FAIL
Jul  2 14:46:21 fw.rodolfoarce.local filterlog[32783]: 4,,,1000000103,vtnet0,match,block,in,4,0x0,,48,58520,0,DF,17,udp,67,206.189.17.168,10.255.255.1,43460,53,47
Jul  2 14:46:21 fw.rodolfoarce.local filterlog[32783]: 4,,,1000000103,vtnet0,match,block,in,4,0x0,,48,58635,0,DF,17,udp,78,206.189.17.168,10.255.255.1,43460,53,58
Jul  2 14:46:22 fw.rodolfoarce.local filterlog[32783]: 4,,,1000000103,vtnet0,match,block,in,4,0x0,,48,58696,0,DF,17,udp,67,206.189.17.168,10.255.255.1,43460,53,47
Jul  2 14:46:23 fw.rodolfoarce.local filterlog[32783]: 4,,,1000000103,vtnet0,match,block,in,4,0x0,,48,58837,0,DF,17,udp,78,206.189.17.168,10.255.255.1,43460,53,58
Jul  2 14:46:23 fw.rodolfoarce.local dhcp6c[28115]: Sending Solicit
Jul  2 14:46:24 fw.rodolfoarce.local filterlog[32783]: 4,,,1000000103,vtnet0,match,block,in,4,0x0,,48,58927,0,DF,17,udp,67,206.189.17.168,10.255.255.1,43460,53,47
Jul  2 14:46:26 fw.rodolfoarce.local filterlog[32783]: 4,,,1000000103,vtnet0,match,block,in,4,0x0,,48,59237,0,DF,17,udp,78,206.189.17.168,10.255.255.1,43460,53,58
Jul  2 14:46:27 fw.rodolfoarce.local filterlog[32783]: 4,,,1000000103,vtnet0,match,block,in,4,0x0,,48,59478,0,DF,17,udp,67,206.189.17.168,10.255.255.1,43460,53,47
Jul  2 14:46:28 fw.rodolfoarce.local dhclient[10762]: DHCPDISCOVER on vtnet0 to 255.255.255.255 port 67 interval 2
Jul  2 14:46:29 fw.rodolfoarce.local filterlog[32783]: 4,,,1000000103,vtnet0,match,block,in,4,0x0,,48,59509,0,DF,17,udp,78,206.189.17.168,10.255.255.1,43460,53,58
Jul  2 14:46:30 fw.rodolfoarce.local dhclient[10762]: DHCPDISCOVER on vtnet0 to 255.255.255.255 port 67 interval 2
Jul  2 14:46:32 fw.rodolfoarce.local filterlog[32783]: 4,,,1000000103,vtnet0,match,block,in,4,0x0,,48,59772,0,DF,17,udp,67,206.189.17.168,10.255.255.1,43460,53,47
Jul  2 14:46:33 fw.rodolfoarce.local dhclient[10762]: DHCPDISCOVER on vtnet0 to 255.255.255.255 port 67 interval 4
Jul  2 14:46:34 fw.rodolfoarce.local filterlog[32783]: 4,,,1000000103,vtnet0,match,block,in,4,0x0,,48,60094,0,DF,17,udp,78,206.189.17.168,10.255.255.1,43460,53,58
Jul  2 14:46:37 fw.rodolfoarce.local dhclient[10762]: DHCPDISCOVER on vtnet0 to 255.255.255.255 port 67 interval 11
Jul  2 14:46:37 fw.rodolfoarce.local filterlog[32783]: 4,,,1000000103,vtnet0,match,block,in,4,0x0,,48,60189,0,DF,17,udp,78,206.189.17.168,10.255.255.1,43460,53,58
Jul  2 14:46:37 fw.rodolfoarce.local filterlog[32783]: 4,,,1000000103,vtnet0,match,block,in,4,0x0,,48,60200,0,DF,17,udp,67,206.189.17.168,10.255.255.1,43460,53,47
Jul  2 14:46:38 fw.rodolfoarce.local filterlog[32783]: 4,,,1000000103,vtnet0,match,block,in,4,0x0,,48,60324,0,DF,17,udp,78,206.189.17.168,10.255.255.1,43460,53,58
Jul  2 14:46:38 fw.rodolfoarce.local filterlog[32783]: 4,,,1000000103,vtnet0,match,block,in,4,0x0,,48,60410,0,DF,17,udp,67,206.189.17.168,10.255.255.1,43460,53,47
Jul  2 14:46:39 fw.rodolfoarce.local filterlog[32783]: 4,,,1000000103,vtnet0,match,block,in,4,0x0,,48,60648,0,DF,17,udp,78,206.189.17.168,10.255.255.1,43460,53,58
Jul  2 14:46:40 fw.rodolfoarce.local filterlog[32783]: 4,,,1000000103,vtnet0,match,block,in,4,0x0,,48,60951,0,DF,17,udp,67,206.189.17.168,10.255.255.1,43460,53,47
Jul  2 14:46:42 fw.rodolfoarce.local filterlog[32783]: 4,,,1000000103,vtnet0,match,block,in,4,0x0,,48,60994,0,DF,17,udp,78,206.189.17.168,10.255.255.1,43460,53,58
Jul  2 14:46:44 fw.rodolfoarce.local filterlog[32783]: 4,,,1000000103,vtnet0,match,block,in,4,0x0,,48,61319,0,DF,17,udp,67,206.189.17.168,10.255.255.1,43460,53,47
Jul  2 14:46:45 fw.rodolfoarce.local filterlog[32783]: 4,,,1000000103,vtnet0,match,block,in,4,0x0,,48,61781,0,DF,17,udp,78,206.189.17.168,10.255.255.1,43460,53,58
Jul  2 14:46:48 fw.rodolfoarce.local dhclient[10762]: DHCPDISCOVER on vtnet0 to 255.255.255.255 port 67 interval 15
Jul  2 14:46:49 fw.rodolfoarce.local filterlog[32783]: 4,,,1000000103,vtnet0,match,block,in,4,0x0,,48,62125,0,DF,17,udp,67,206.189.17.168,10.255.255.1,43460,53,47
Jul  2 14:46:51 fw.rodolfoarce.local filterlog[32783]: 4,,,1000000103,vtnet0,match,block,in,4,0x0,,48,62415,0,DF,17,udp,78,206.189.17.168,10.255.255.1,43460,53,58
Jul  2 14:46:54 fw.rodolfoarce.local filterlog[32783]: 4,,,1000000103,vtnet0,match,block,in,4,0x0,,48,63077,0,DF,17,udp,78,206.189.17.168,10.255.255.1,43460,53,58
Jul  2 14:46:54 fw.rodolfoarce.local filterlog[32783]: 4,,,1000000103,vtnet0,match,block,in,4,0x0,,48,63083,0,DF,17,udp,67,206.189.17.168,10.255.255.1,43460,53,47
Jul  2 14:46:54 fw.rodolfoarce.local filterlog[32783]: 4,,,1000000103,vtnet0,match,block,in,4,0x0,,48,63136,0,DF,17,udp,78,206.189.17.168,10.255.255.1,43460,53,58
Jul  2 14:46:55 fw.rodolfoarce.local filterlog[32783]: 4,,,1000000103,vtnet0,match,block,in,4,0x0,,48,63206,0,DF,17,udp,67,206.189.17.168,10.255.255.1,43460,53,47
Jul  2 14:46:56 fw.rodolfoarce.local filterlog[32783]: 4,,,1000000103,vtnet0,match,block,in,4,0x0,,48,63339,0,DF,17,udp,78,206.189.17.168,10.255.255.1,43460,53,58
Jul  2 14:46:57 fw.rodolfoarce.local filterlog[32783]: 4,,,1000000103,vtnet0,match,block,in,4,0x0,,48,63358,0,DF,17,udp,67,206.189.17.168,10.255.255.1,43460,53,47
Jul  2 14:46:59 fw.rodolfoarce.local filterlog[32783]: 4,,,1000000103,vtnet0,match,block,in,4,0x0,,48,63654,0,DF,17,udp,78,206.189.17.168,10.255.255.1,43460,53,58
Jul  2 14:47:00 fw.rodolfoarce.local /usr/sbin/cron[10489]: (root) CMD (/usr/sbin/newsyslog)
Jul  2 14:47:00 fw.rodolfoarce.local filterlog[32783]: 4,,,1000000103,vtnet0,match,block,in,4,0x0,,48,63852,0,DF,17,udp,67,206.189.17.168,10.255.255.1,43460,53,47
Jul  2 14:47:02 fw.rodolfoarce.local filterlog[32783]: 4,,,1000000103,vtnet0,match,block,in,4,0x0,,48,64148,0,DF,17,udp,78,206.189.17.168,10.255.255.1,43460,53,58
Jul  2 14:47:03 fw.rodolfoarce.local dhclient[10762]: DHCPDISCOVER on vtnet0 to 255.255.255.255 port 67 interval 13
Jul  2 14:47:04 fw.rodolfoarce.local filterlog[32783]: 4,,,1000000103,vtnet0,match,block,in,4,0x0,,48,64189,0,DF,17,udp,67,206.189.17.168,10.255.255.1,43460,53,47
Jul  2 14:47:07 fw.rodolfoarce.local filterlog[32783]: 4,,,1000000103,vtnet0,match,block,in,4,0x0,,48,64774,0,DF,17,udp,78,206.189.17.168,10.255.255.1,43460,53,58
Jul  2 14:47:16 fw.rodolfoarce.local dhclient[10762]: DHCPDISCOVER on vtnet0 to 255.255.255.255 port 67 interval 7
Jul  2 14:47:23 fw.rodolfoarce.local dhclient[10762]: DHCPDISCOVER on vtnet0 to 255.255.255.255 port 67 interval 6
Jul  2 14:47:26 fw.rodolfoarce.local filterlog[32783]: 4,,,1000000103,vtnet0,match,block,in,4,0x0,,240,54321,0,none,17,udp,59,185.142.53.155,10.255.255.1,51106,53,39
Jul  2 14:47:29 fw.rodolfoarce.local dhclient[10762]: No DHCPOFFERS received.
Jul  2 14:47:29 fw.rodolfoarce.local dhclient[10762]: No working leases in persistent database - sleeping.
Jul  2 10:47:29 fw.rodolfoarce.local dhclient[11580]: FAIL
Jul  2 14:47:44 fw.rodolfoarce.local dhclient[10762]: DHCPDISCOVER on vtnet0 to 255.255.255.255 port 67 interval 1
Jul  2 14:47:45 fw.rodolfoarce.local dhclient[10762]: DHCPDISCOVER on vtnet0 to 255.255.255.255 port 67 interval 2
Jul  2 14:47:47 fw.rodolfoarce.local dhclient[10762]: DHCPDISCOVER on vtnet0 to 255.255.255.255 port 67 interval 5
Jul  2 14:47:52 fw.rodolfoarce.local dhclient[10762]: DHCPDISCOVER on vtnet0 to 255.255.255.255 port 67 interval 9
Jul  2 14:48:00 fw.rodolfoarce.local /usr/sbin/cron[28782]: (root) CMD (/usr/sbin/newsyslog)
Jul  2 14:48:01 fw.rodolfoarce.local dhclient[10762]: DHCPDISCOVER on vtnet0 to 255.255.255.255 port 67 interval 11
Jul  2 14:48:12 fw.rodolfoarce.local dhclient[10762]: DHCPDISCOVER on vtnet0 to 255.255.255.255 port 67 interval 18
Jul  2 14:48:30 fw.rodolfoarce.local dhclient[10762]: DHCPDISCOVER on vtnet0 to 255.255.255.255 port 67 interval 10
Jul  2 14:48:33 fw.rodolfoarce.local dhcp6c[28115]: Sending Solicit
Jul  2 14:48:40 fw.rodolfoarce.local dhclient[10762]: DHCPDISCOVER on vtnet0 to 255.255.255.255 port 67 interval 5
Jul  2 14:48:45 fw.rodolfoarce.local dhclient[10762]: No DHCPOFFERS received.
Jul  2 14:48:45 fw.rodolfoarce.local dhclient[10762]: No working leases in persistent database - sleeping.
Jul  2 10:48:45 fw.rodolfoarce.local dhclient[29782]: FAIL
Jul  2 14:49:00 fw.rodolfoarce.local /usr/sbin/cron[48985]: (root) CMD (/usr/sbin/newsyslog)
Jul  2 14:49:00 fw.rodolfoarce.local dhclient[10762]: DHCPDISCOVER on vtnet0 to 255.255.255.255 port 67 interval 1
Jul  2 14:49:01 fw.rodolfoarce.local dhclient[10762]: DHCPDISCOVER on vtnet0 to 255.255.255.255 port 67 interval 1
Jul  2 14:49:02 fw.rodolfoarce.local dhclient[10762]: DHCPDISCOVER on vtnet0 to 255.255.255.255 port 67 interval 2
Jul  2 14:49:05 fw.rodolfoarce.local dhclient[10762]: DHCPDISCOVER on vtnet0 to 255.255.255.255 port 67 interval 4
Jul  2 14:49:09 fw.rodolfoarce.local dhclient[10762]: DHCPDISCOVER on vtnet0 to 255.255.255.255 port 67 interval 7
Jul  2 14:49:16 fw.rodolfoarce.local dhclient[10762]: DHCPDISCOVER on vtnet0 to 255.255.255.255 port 67 interval 10
Jul  2 14:49:26 fw.rodolfoarce.local dhclient[10762]: DHCPDISCOVER on vtnet0 to 255.255.255.255 port 67 interval 16
Jul  2 14:49:42 fw.rodolfoarce.local dhclient[10762]: DHCPDISCOVER on vtnet0 to 255.255.255.255 port 67 interval 10
Jul  2 14:49:52 fw.rodolfoarce.local dhclient[10762]: DHCPDISCOVER on vtnet0 to 255.255.255.255 port 67 interval 9
Jul  2 14:50:00 fw.rodolfoarce.local /usr/sbin/cron[67347]: (root) CMD (/usr/sbin/newsyslog)
Jul  2 14:50:00 fw.rodolfoarce.local /usr/sbin/cron[67380]: (root) CMD (/usr/libexec/atrun)
Jul  2 14:50:01 fw.rodolfoarce.local dhclient[10762]: No DHCPOFFERS received.
Jul  2 14:50:01 fw.rodolfoarce.local dhclient[10762]: No working leases in persistent database - sleeping.
Jul  2 10:50:01 fw.rodolfoarce.local dhclient[68611]: FAIL
Jul  2 14:50:16 fw.rodolfoarce.local dhclient[10762]: DHCPDISCOVER on vtnet0 to 255.255.255.255 port 67 interval 1
Jul  2 14:50:18 fw.rodolfoarce.local dhclient[10762]: message repeated 2 times: [ DHCPDISCOVER on vtnet0 to 255.255.255.255 port 67 interval 1]
Jul  2 14:50:19 fw.rodolfoarce.local dhclient[10762]: DHCPDISCOVER on vtnet0 to 255.255.255.255 port 67 interval 2
Jul  2 14:50:21 fw.rodolfoarce.local dhclient[10762]: DHCPDISCOVER on vtnet0 to 255.255.255.255 port 67 interval 5
Jul  2 14:50:26 fw.rodolfoarce.local dhclient[10762]: DHCPDISCOVER on vtnet0 to 255.255.255.255 port 67 interval 8
Jul  2 14:50:34 fw.rodolfoarce.local dhclient[10762]: DHCPDISCOVER on vtnet0 to 255.255.255.255 port 67 interval 11
Jul  2 14:50:34 fw.rodolfoarce.local dhcp6c[28115]: Sending Solicit
Jul  2 14:50:45 fw.rodolfoarce.local dhclient[10762]: DHCPDISCOVER on vtnet0 to 255.255.255.255 port 67 interval 21
Jul  2 14:51:00 fw.rodolfoarce.local /usr/sbin/cron[85692]: (root) CMD (/usr/sbin/newsyslog)
Jul  2 14:51:06 fw.rodolfoarce.local dhclient[10762]: DHCPDISCOVER on vtnet0 to 255.255.255.255 port 67 interval 11
Jul  2 14:51:17 fw.rodolfoarce.local dhclient[10762]: No DHCPOFFERS received.
Jul  2 14:51:17 fw.rodolfoarce.local dhclient[10762]: No working leases in persistent database - sleeping.
Jul  2 10:51:17 fw.rodolfoarce.local dhclient[86114]: FAIL
Jul  2 14:51:32 fw.rodolfoarce.local dhclient[10762]: DHCPDISCOVER on vtnet0 to 255.255.255.255 port 67 interval 2
Jul  2 14:51:35 fw.rodolfoarce.local dhclient[10762]: DHCPDISCOVER on vtnet0 to 255.255.255.255 port 67 interval 5
Jul  2 14:51:40 fw.rodolfoarce.local dhclient[10762]: DHCPDISCOVER on vtnet0 to 255.255.255.255 port 67 interval 12
Jul  2 14:51:52 fw.rodolfoarce.local dhclient[10762]: DHCPDISCOVER on vtnet0 to 255.255.255.255 port 67 interval 10
Jul  2 14:52:00 fw.rodolfoarce.local /usr/sbin/cron[5332]: (root) CMD (/usr/sbin/newsyslog)
Jul  2 14:52:02 fw.rodolfoarce.local dhclient[10762]: DHCPDISCOVER on vtnet0 to 255.255.255.255 port 67 interval 13
Jul  2 14:52:15 fw.rodolfoarce.local dhclient[10762]: DHCPDISCOVER on vtnet0 to 255.255.255.255 port 67 interval 10
Jul  2 14:52:25 fw.rodolfoarce.local dhclient[10762]: DHCPDISCOVER on vtnet0 to 255.255.255.255 port 67 interval 8
Jul  2 14:52:32 fw.rodolfoarce.local dhcp6c[28115]: Sending Solicit
Jul  2 14:52:33 fw.rodolfoarce.local dhclient[10762]: No DHCPOFFERS received.
Jul  2 14:52:33 fw.rodolfoarce.local dhclient[10762]: No working leases in persistent database - sleeping.
Jul  2 10:52:33 fw.rodolfoarce.local dhclient[6632]: FAIL
Jul  2 14:52:48 fw.rodolfoarce.local dhclient[10762]: DHCPDISCOVER on vtnet0 to 255.255.255.255 port 67 interval 1
Jul  2 14:52:49 fw.rodolfoarce.local dhclient[10762]: DHCPDISCOVER on vtnet0 to 255.255.255.255 port 67 interval 2
Jul  2 14:52:51 fw.rodolfoarce.local dhclient[10762]: DHCPDISCOVER on vtnet0 to 255.255.255.255 port 67 interval 5
Jul  2 14:52:56 fw.rodolfoarce.local dhclient[10762]: DHCPDISCOVER on vtnet0 to 255.255.255.255 port 67 interval 7
Jul  2 14:53:00 fw.rodolfoarce.local /usr/sbin/cron[25400]: (root) CMD (/usr/sbin/newsyslog)
Jul  2 14:53:03 fw.rodolfoarce.local dhclient[10762]: DHCPDISCOVER on vtnet0 to 255.255.255.255 port 67 interval 10
Jul  2 14:53:13 fw.rodolfoarce.local dhclient[10762]: DHCPDISCOVER on vtnet0 to 255.255.255.255 port 67 interval 7
Jul  2 14:53:21 fw.rodolfoarce.local dhclient[10762]: DHCPDISCOVER on vtnet0 to 255.255.255.255 port 67 interval 8
Jul  2 14:53:29 fw.rodolfoarce.local dhclient[10762]: DHCPDISCOVER on vtnet0 to 255.255.255.255 port 67 interval 8
Jul  2 14:53:37 fw.rodolfoarce.local dhclient[10762]: DHCPDISCOVER on vtnet0 to 255.255.255.255 port 67 interval 9
Jul  2 14:53:46 fw.rodolfoarce.local dhclient[10762]: DHCPDISCOVER on vtnet0 to 255.255.255.255 port 67 interval 3
Jul  2 14:53:49 fw.rodolfoarce.local dhclient[10762]: No DHCPOFFERS received.
Jul  2 14:53:49 fw.rodolfoarce.local dhclient[10762]: No working leases in persistent database - sleeping.
Jul  2 10:53:49 fw.rodolfoarce.local dhclient[26074]: FAIL
Jul  2 14:54:00 fw.rodolfoarce.local /usr/sbin/cron[43106]: (root) CMD (/usr/sbin/newsyslog)
Jul  2 14:54:04 fw.rodolfoarce.local dhclient[10762]: DHCPDISCOVER on vtnet0 to 255.255.255.255 port 67 interval 1
Jul  2 14:54:05 fw.rodolfoarce.local dhclient[10762]: DHCPDISCOVER on vtnet0 to 255.255.255.255 port 67 interval 2
Jul  2 14:54:07 fw.rodolfoarce.local dhclient[10762]: DHCPDISCOVER on vtnet0 to 255.255.255.255 port 67 interval 2
Jul  2 14:54:10 fw.rodolfoarce.local dhclient[10762]: DHCPDISCOVER on vtnet0 to 255.255.255.255 port 67 interval 5
Jul  2 14:54:15 fw.rodolfoarce.local dhclient[10762]: DHCPDISCOVER on vtnet0 to 255.255.255.255 port 67 interval 10
Jul  2 14:54:25 fw.rodolfoarce.local dhclient[10762]: DHCPDISCOVER on vtnet0 to 255.255.255.255 port 67 interval 19
Jul  2 14:54:35 fw.rodolfoarce.local dhcp6c[28115]: Sending Solicit
Jul  2 14:54:44 fw.rodolfoarce.local dhclient[10762]: DHCPDISCOVER on vtnet0 to 255.255.255.255 port 67 interval 20
Jul  2 14:54:49 fw.rodolfoarce.local filterlog[32783]: 4,,,1000000103,vtnet0,match,block,in,4,0x0,,113,40994,0,none,17,udp,71,173.194.96.193,10.255.255.1,53348,53,51
Jul  2 14:54:50 fw.rodolfoarce.local filterlog[32783]: 4,,,1000000103,vtnet0,match,block,in,4,0x80,,114,38748,0,none,17,udp,71,172.253.2.131,10.255.255.1,49280,53,51
Jul  2 14:55:00 fw.rodolfoarce.local /usr/sbin/cron[61845]: (root) CMD (/usr/sbin/newsyslog)
Jul  2 14:55:00 fw.rodolfoarce.local /usr/sbin/cron[62154]: (root) CMD (/usr/libexec/atrun)
Jul  2 14:55:00 fw.rodolfoarce.local filterlog[32783]: 4,,,1000000103,vtnet0,match,block,in,4,0x0,,113,37626,0,none,17,udp,71,172.253.225.35,10.255.255.1,59195,53,51
Jul  2 14:55:04 fw.rodolfoarce.local dhclient[10762]: DHCPDISCOVER on vtnet0 to 255.255.255.255 port 67 interval 1
Jul  2 14:55:05 fw.rodolfoarce.local dhclient[10762]: No DHCPOFFERS received.
Jul  2 14:55:05 fw.rodolfoarce.local dhclient[10762]: No working leases in persistent database - sleeping.
Jul  2 10:55:05 fw.rodolfoarce.local dhclient[63296]: FAIL
Jul  2 14:55:20 fw.rodolfoarce.local dhclient[10762]: DHCPDISCOVER on vtnet0 to 255.255.255.255 port 67 interval 1
Jul  2 14:55:23 fw.rodolfoarce.local dhclient[10762]: message repeated 3 times: [ DHCPDISCOVER on vtnet0 to 255.255.255.255 port 67 interval 1]
Jul  2 14:55:24 fw.rodolfoarce.local dhclient[10762]: DHCPDISCOVER on vtnet0 to 255.255.255.255 port 67 interval 2
Jul  2 14:55:26 fw.rodolfoarce.local dhclient[10762]: DHCPDISCOVER on vtnet0 to 255.255.255.255 port 67 interval 5
Jul  2 14:55:31 fw.rodolfoarce.local dhclient[10762]: DHCPDISCOVER on vtnet0 to 255.255.255.255 port 67 interval 12
Jul  2 14:55:41 fw.rodolfoarce.local filterlog[32783]: 4,,,1000000103,vtnet0,match,block,in,4,0x0,,242,54321,0,none,6,tcp,40,18.118.5.163,10.255.255.1,44639,22,0,S,2106574501,,65535,,
Jul  2 14:55:43 fw.rodolfoarce.local dhclient[10762]: DHCPDISCOVER on vtnet0 to 255.255.255.255 port 67 interval 21
Jul  2 14:55:56 fw.rodolfoarce.local filterlog[32783]: 4,,,1000000103,vtnet0,match,block,in,4,0x0,,49,37054,0,none,17,udp,71,185.93.2.49,10.255.255.1,49636,53,51
Jul  2 14:55:56 fw.rodolfoarce.local filterlog[32783]: 4,,,1000000103,vtnet0,match,block,in,4,0x0,,49,17806,0,none,17,udp,71,185.93.2.49,10.255.255.1,46353,53,51
Jul  2 14:55:57 fw.rodolfoarce.local filterlog[32783]: 4,,,1000000103,vtnet0,match,block,in,4,0x0,,49,55839,0,none,17,udp,71,185.93.2.49,10.255.255.1,22412,53,51
Jul  2 14:55:57 fw.rodolfoarce.local filterlog[32783]: 4,,,1000000103,vtnet0,match,block,in,4,0x0,,49,43162,0,none,17,udp,71,185.93.2.49,10.255.255.1,36013,53,51
Jul  2 14:55:58 fw.rodolfoarce.local filterlog[32783]: 4,,,1000000103,vtnet0,match,block,in,4,0x0,,49,57936,0,none,17,udp,71,185.93.2.49,10.255.255.1,50365,53,51
Jul  2 14:55:59 fw.rodolfoarce.local filterlog[32783]: 4,,,1000000103,vtnet0,match,block,in,4,0x0,,49,40737,0,none,17,udp,71,185.93.2.49,10.255.255.1,54479,53,51
Jul  2 14:56:00 fw.rodolfoarce.local /usr/sbin/cron[75875]: (root) CMD (/usr/sbin/newsyslog)
Jul  2 14:56:01 fw.rodolfoarce.local filterlog[32783]: 4,,,1000000103,vtnet0,match,block,in,4,0x0,,49,47856,0,none,17,udp,71,185.93.2.49,10.255.255.1,20927,53,51
Jul  2 14:56:04 fw.rodolfoarce.local dhclient[10762]: DHCPDISCOVER on vtnet0 to 255.255.255.255 port 67 interval 17
Jul  2 14:56:04 fw.rodolfoarce.local filterlog[32783]: 4,,,1000000103,vtnet0,match,block,in,4,0x0,,49,31632,0,none,17,udp,71,185.93.2.49,10.255.255.1,11225,53,51
Jul  2 14:56:08 fw.rodolfoarce.local filterlog[32783]: 4,,,1000000103,vtnet0,match,block,in,4,0x0,,49,30663,0,none,17,udp,71,185.93.2.49,10.255.255.1,47752,53,51
Jul  2 14:56:21 fw.rodolfoarce.local dhclient[10762]: No DHCPOFFERS received.
Jul  2 14:56:21 fw.rodolfoarce.local dhclient[10762]: No working leases in persistent database - sleeping.
Jul  2 10:56:21 fw.rodolfoarce.local dhclient[82835]: FAIL
Jul  2 14:56:37 fw.rodolfoarce.local dhclient[10762]: DHCPDISCOVER on vtnet0 to 255.255.255.255 port 67 interval 2
Jul  2 14:56:39 fw.rodolfoarce.local dhclient[10762]: DHCPDISCOVER on vtnet0 to 255.255.255.255 port 67 interval 3
Jul  2 14:56:40 fw.rodolfoarce.local dhcp6c[28115]: Sending Solicit
Jul  2 14:56:42 fw.rodolfoarce.local dhclient[10762]: DHCPDISCOVER on vtnet0 to 255.255.255.255 port 67 interval 4
Jul  2 14:56:46 fw.rodolfoarce.local dhclient[10762]: DHCPDISCOVER on vtnet0 to 255.255.255.255 port 67 interval 10
Jul  2 14:56:56 fw.rodolfoarce.local dhclient[10762]: DHCPDISCOVER on vtnet0 to 255.255.255.255 port 67 interval 11
Jul  2 14:57:00 fw.rodolfoarce.local /usr/sbin/cron[83503]: (root) CMD (/usr/sbin/newsyslog)
Jul  2 14:57:07 fw.rodolfoarce.local dhclient[10762]: DHCPDISCOVER on vtnet0 to 255.255.255.255 port 67 interval 15
Jul  2 14:57:22 fw.rodolfoarce.local dhclient[10762]: DHCPDISCOVER on vtnet0 to 255.255.255.255 port 67 interval 13
Jul  2 14:57:35 fw.rodolfoarce.local dhclient[10762]: DHCPDISCOVER on vtnet0 to 255.255.255.255 port 67 interval 3
Jul  2 14:57:38 fw.rodolfoarce.local dhclient[10762]: No DHCPOFFERS received.
Jul  2 14:57:38 fw.rodolfoarce.local dhclient[10762]: No working leases in persistent database - sleeping.
Jul  2 10:57:38 fw.rodolfoarce.local dhclient[5112]: FAIL
Jul  2 14:57:54 fw.rodolfoarce.local dhclient[10762]: DHCPDISCOVER on vtnet0 to 255.255.255.255 port 67 interval 1
Jul  2 14:57:55 fw.rodolfoarce.local dhclient[10762]: DHCPDISCOVER on vtnet0 to 255.255.255.255 port 67 interval 1
Jul  2 14:57:56 fw.rodolfoarce.local dhclient[10762]: DHCPDISCOVER on vtnet0 to 255.255.255.255 port 67 interval 2
Jul  2 14:57:58 fw.rodolfoarce.local dhclient[10762]: DHCPDISCOVER on vtnet0 to 255.255.255.255 port 67 interval 3
Jul  2 14:58:00 fw.rodolfoarce.local /usr/sbin/cron[5405]: (root) CMD (/usr/sbin/newsyslog)
Jul  2 14:58:01 fw.rodolfoarce.local dhclient[10762]: DHCPDISCOVER on vtnet0 to 255.255.255.255 port 67 interval 7
Jul  2 14:58:08 fw.rodolfoarce.local dhclient[10762]: DHCPDISCOVER on vtnet0 to 255.255.255.255 port 67 interval 15
Jul  2 14:58:23 fw.rodolfoarce.local dhclient[10762]: DHCPDISCOVER on vtnet0 to 255.255.255.255 port 67 interval 21
Jul  2 14:58:44 fw.rodolfoarce.local dhclient[10762]: DHCPDISCOVER on vtnet0 to 255.255.255.255 port 67 interval 8
Jul  2 14:58:46 fw.rodolfoarce.local dhcp6c[28115]: Sending Solicit
Jul  2 14:58:52 fw.rodolfoarce.local dhclient[10762]: DHCPDISCOVER on vtnet0 to 255.255.255.255 port 67 interval 3
Jul  2 14:58:55 fw.rodolfoarce.local dhclient[10762]: No DHCPOFFERS received.
Jul  2 14:58:55 fw.rodolfoarce.local dhclient[10762]: No working leases in persistent database - sleeping.
Jul  2 10:58:55 fw.rodolfoarce.local dhclient[24749]: FAIL
Jul  2 14:59:00 fw.rodolfoarce.local /usr/sbin/cron[25003]: (root) CMD (/usr/sbin/newsyslog)
Jul  2 14:59:10 fw.rodolfoarce.local dhclient[10762]: DHCPDISCOVER on vtnet0 to 255.255.255.255 port 67 interval 1
Jul  2 14:59:11 fw.rodolfoarce.local dhclient[10762]: DHCPDISCOVER on vtnet0 to 255.255.255.255 port 67 interval 2
Jul  2 14:59:13 fw.rodolfoarce.local dhclient[10762]: DHCPDISCOVER on vtnet0 to 255.255.255.255 port 67 interval 5
Jul  2 14:59:19 fw.rodolfoarce.local dhclient[10762]: DHCPDISCOVER on vtnet0 to 255.255.255.255 port 67 interval 10
Jul  2 14:59:29 fw.rodolfoarce.local dhclient[10762]: DHCPDISCOVER on vtnet0 to 255.255.255.255 port 67 interval 11
Jul  2 14:59:38 fw.rodolfoarce.local filterlog[32783]: 4,,,1000000103,vtnet0,match,block,in,4,0x48,,39,6490,0,DF,6,tcp,60,8.219.154.213,10.255.255.1,44538,22,0,S,2311884225,,29200,,mss;sackOK;TS;nop;wscale
Jul  2 14:59:39 fw.rodolfoarce.local filterlog[32783]: 4,,,1000000103,vtnet0,match,block,in,4,0x48,,39,6491,0,DF,6,tcp,60,8.219.154.213,10.255.255.1,44538,22,0,S,2311884225,,29200,,mss;sackOK;TS;nop;wscale
Jul  2 14:59:40 fw.rodolfoarce.local dhclient[10762]: DHCPDISCOVER on vtnet0 to 255.255.255.255 port 67 interval 8
Jul  2 14:59:41 fw.rodolfoarce.local filterlog[32783]: 4,,,1000000103,vtnet0,match,block,in,4,0x48,,39,6492,0,DF,6,tcp,60,8.219.154.213,10.255.255.1,44538,22,0,S,2311884225,,29200,,mss;sackOK;TS;nop;wscale
Jul  2 14:59:45 fw.rodolfoarce.local filterlog[32783]: 4,,,1000000103,vtnet0,match,block,in,4,0x48,,39,6493,0,DF,6,tcp,60,8.219.154.213,10.255.255.1,44538,22,0,S,2311884225,,29200,,mss;sackOK;TS;nop;wscale
Jul  2 14:59:48 fw.rodolfoarce.local dhclient[10762]: DHCPDISCOVER on vtnet0 to 255.255.255.255 port 67 interval 12
Jul  2 14:59:53 fw.rodolfoarce.local filterlog[32783]: 4,,,1000000103,vtnet0,match,block,in,4,0x48,,39,6494,0,DF,6,tcp,60,8.219.154.213,10.255.255.1,44538,22,0,S,2311884225,,29200,,mss;sackOK;TS;nop;wscale
Jul  2 15:00:00 fw.rodolfoarce.local /usr/sbin/cron[45724]: (root) CMD (/usr/sbin/newsyslog)
Jul  2 15:00:00 fw.rodolfoarce.local /usr/sbin/cron[45673]: (root) CMD (/usr/bin/nice -n20 /usr/local/sbin/expiretable -v -t 3600 virusprot)
Jul  2 15:00:00 fw.rodolfoarce.local dhclient[10762]: DHCPDISCOVER on vtnet0 to 255.255.255.255 port 67 interval 7
Jul  2 15:00:07 fw.rodolfoarce.local dhclient[10762]: DHCPDISCOVER on vtnet0 to 255.255.255.255 port 67 interval 4
Jul  2 15:00:09 fw.rodolfoarce.local filterlog[32783]: 4,,,1000000103,vtnet0,match,block,in,4,0x48,,39,6495,0,DF,6,tcp,60,8.219.154.213,10.255.255.1,44538,22,0,S,2311884225,,29200,,mss;sackOK;TS;nop;wscale
Jul  2 15:00:11 fw.rodolfoarce.local dhclient[10762]: No DHCPOFFERS received.
Jul  2 15:00:11 fw.rodolfoarce.local dhclient[10762]: No working leases in persistent database - sleeping.
Jul  2 11:00:11 fw.rodolfoarce.local dhclient[64337]: FAIL
Jul  2 15:00:26 fw.rodolfoarce.local dhclient[10762]: DHCPDISCOVER on vtnet0 to 255.255.255.255 port 67 interval 2
Jul  2 15:00:28 fw.rodolfoarce.local dhclient[10762]: DHCPDISCOVER on vtnet0 to 255.255.255.255 port 67 interval 5
Jul  2 15:00:34 fw.rodolfoarce.local dhclient[10762]: DHCPDISCOVER on vtnet0 to 255.255.255.255 port 67 interval 10
Jul  2 15:00:35 fw.rodolfoarce.local dhcp6c[28115]: Sending Solicit
Jul  2 15:00:44 fw.rodolfoarce.local dhclient[10762]: DHCPDISCOVER on vtnet0 to 255.255.255.255 port 67 interval 18
Jul  2 15:01:00 fw.rodolfoarce.local /usr/sbin/cron[64428]: (root) CMD (/usr/sbin/newsyslog)
Jul  2 15:01:02 fw.rodolfoarce.local dhclient[10762]: DHCPDISCOVER on vtnet0 to 255.255.255.255 port 67 interval 7
Jul  2 15:01:09 fw.rodolfoarce.local dhclient[10762]: DHCPDISCOVER on vtnet0 to 255.255.255.255 port 67 interval 13
Jul  2 15:01:18 fw.rodolfoarce.local filterlog[32783]: 4,,,1000000103,vtnet1,match,block,in,4,0x0,,63,7116,0,DF,6,tcp,76,10.1.1.4,104.21.40.220,40568,443,24,PA,3814799315:3814799339,3192873376,501,,nop;nop;TS
Jul  2 15:01:18 fw.rodolfoarce.local filterlog[32783]: 4,,,1000000103,vtnet1,match,block,in,4,0x0,,63,7117,0,DF,6,tcp,52,10.1.1.4,104.21.40.220,40568,443,0,FA,3814799339,3192873376,501,,nop;nop;TS
Jul  2 15:01:18 fw.rodolfoarce.local filterlog[32783]: 4,,,1000000103,vtnet1,match,block,in,4,0x0,,63,7118,0,DF,6,tcp,52,10.1.1.4,104.21.40.220,40568,443,0,FA,3814799339,3192873376,501,,nop;nop;TS
Jul  2 15:01:18 fw.rodolfoarce.local filterlog[32783]: 4,,,1000000103,vtnet1,match,block,in,4,0x0,,63,7119,0,DF,6,tcp,76,10.1.1.4,104.21.40.220,40568,443,24,FPA,3814799315:3814799339,3192873376,501,,nop;nop;TS
Jul  2 15:01:19 fw.rodolfoarce.local filterlog[32783]: 4,,,1000000103,vtnet1,match,block,in,4,0x0,,63,7120,0,DF,6,tcp,76,10.1.1.4,104.21.40.220,40568,443,24,FPA,3814799315:3814799339,3192873376,501,,nop;nop;TS
Jul  2 15:01:20 fw.rodolfoarce.local filterlog[32783]: 4,,,1000000103,vtnet1,match,block,in,4,0x0,,63,7121,0,DF,6,tcp,76,10.1.1.4,104.21.40.220,40568,443,24,FPA,3814799315:3814799339,3192873376,501,,nop;nop;TS
Jul  2 15:01:21 fw.rodolfoarce.local filterlog[32783]: 4,,,1000000103,vtnet1,match,block,in,4,0x0,,63,7122,0,DF,6,tcp,76,10.1.1.4,104.21.40.220,40568,443,24,FPA,3814799315:3814799339,3192873376,501,,nop;nop;TS
Jul  2 15:01:22 fw.rodolfoarce.local dhclient[10762]: DHCPDISCOVER on vtnet0 to 255.255.255.255 port 67 interval 5
Jul  2 15:01:25 fw.rodolfoarce.local filterlog[32783]: 4,,,1000000103,vtnet1,match,block,in,4,0x0,,63,7123,0,DF,6,tcp,76,10.1.1.4,104.21.40.220,40568,443,24,FPA,3814799315:3814799339,3192873376,501,,nop;nop;TS
Jul  2 15:01:27 fw.rodolfoarce.local dhclient[10762]: No DHCPOFFERS received.
Jul  2 15:01:27 fw.rodolfoarce.local dhclient[10762]: No working leases in persistent database - sleeping.
Jul  2 11:01:27 fw.rodolfoarce.local dhclient[83826]: FAIL
Jul  2 15:01:31 fw.rodolfoarce.local filterlog[32783]: 4,,,1000000103,vtnet1,match,block,in,4,0x0,,63,7124,0,DF,6,tcp,76,10.1.1.4,104.21.40.220,40568,443,24,FPA,3814799315:3814799339,3192873376,501,,nop;nop;TS
Jul  2 15:01:42 fw.rodolfoarce.local dhclient[10762]: DHCPDISCOVER on vtnet0 to 255.255.255.255 port 67 interval 1
Jul  2 15:01:44 fw.rodolfoarce.local dhclient[10762]: message repeated 2 times: [ DHCPDISCOVER on vtnet0 to 255.255.255.255 port 67 interval 1]
Jul  2 15:01:45 fw.rodolfoarce.local dhclient[10762]: DHCPDISCOVER on vtnet0 to 255.255.255.255 port 67 interval 2
Jul  2 15:01:46 fw.rodolfoarce.local filterlog[32783]: 4,,,1000000103,vtnet1,match,block,in,4,0x0,,63,7125,0,DF,6,tcp,76,10.1.1.4,104.21.40.220,40568,443,24,FPA,3814799315:3814799339,3192873376,501,,nop;nop;TS
Jul  2 15:01:47 fw.rodolfoarce.local dhclient[10762]: DHCPDISCOVER on vtnet0 to 255.255.255.255 port 67 interval 2
Jul  2 15:01:49 fw.rodolfoarce.local dhclient[10762]: DHCPDISCOVER on vtnet0 to 255.255.255.255 port 67 interval 4
Jul  2 15:01:53 fw.rodolfoarce.local dhclient[10762]: DHCPDISCOVER on vtnet0 to 255.255.255.255 port 67 interval 4
Jul  2 15:01:58 fw.rodolfoarce.local dhclient[10762]: DHCPDISCOVER on vtnet0 to 255.255.255.255 port 67 interval 5
Jul  2 15:02:00 fw.rodolfoarce.local /usr/sbin/cron[84196]: (root) CMD (/usr/sbin/newsyslog)
Jul  2 15:02:03 fw.rodolfoarce.local dhclient[10762]: DHCPDISCOVER on vtnet0 to 255.255.255.255 port 67 interval 10
Jul  2 15:02:13 fw.rodolfoarce.local dhclient[10762]: DHCPDISCOVER on vtnet0 to 255.255.255.255 port 67 interval 17
Jul  2 15:02:14 fw.rodolfoarce.local filterlog[32783]: 4,,,1000000103,vtnet1,match,block,in,4,0x0,,63,7126,0,DF,6,tcp,76,10.1.1.4,104.21.40.220,40568,443,24,FPA,3814799315:3814799339,3192873376,501,,nop;nop;TS
Jul  2 15:02:26 fw.rodolfoarce.local dhcp6c[28115]: Sending Solicit
Jul  2 15:02:30 fw.rodolfoarce.local dhclient[10762]: DHCPDISCOVER on vtnet0 to 255.255.255.255 port 67 interval 13
Jul  2 15:02:43 fw.rodolfoarce.local dhclient[10762]: No DHCPOFFERS received.
Jul  2 15:02:43 fw.rodolfoarce.local dhclient[10762]: No working leases in persistent database - sleeping.
Jul  2 11:02:43 fw.rodolfoarce.local dhclient[2930]: FAIL
Jul  2 15:02:58 fw.rodolfoarce.local dhclient[10762]: DHCPDISCOVER on vtnet0 to 255.255.255.255 port 67 interval 2
Jul  2 15:03:00 fw.rodolfoarce.local /usr/sbin/cron[3534]: (root) CMD (/usr/sbin/newsyslog)
Jul  2 15:03:00 fw.rodolfoarce.local dhclient[10762]: DHCPDISCOVER on vtnet0 to 255.255.255.255 port 67 interval 4
Jul  2 15:03:04 fw.rodolfoarce.local dhclient[10762]: DHCPDISCOVER on vtnet0 to 255.255.255.255 port 67 interval 7
Jul  2 15:03:11 fw.rodolfoarce.local dhclient[10762]: DHCPDISCOVER on vtnet0 to 255.255.255.255 port 67 interval 13
Jul  2 15:03:24 fw.rodolfoarce.local dhclient[10762]: DHCPDISCOVER on vtnet0 to 255.255.255.255 port 67 interval 7
Jul  2 15:03:31 fw.rodolfoarce.local dhclient[10762]: DHCPDISCOVER on vtnet0 to 255.255.255.255 port 67 interval 19
Jul  2 15:03:41 fw.rodolfoarce.local filterlog[32783]: 4,,,1000000103,vtnet0,match,block,in,4,0x0,,240,54321,0,none,17,udp,71,95.214.53.134,10.255.255.1,20245,53,51
Jul  2 15:03:50 fw.rodolfoarce.local dhclient[10762]: DHCPDISCOVER on vtnet0 to 255.255.255.255 port 67 interval 9
Jul  2 15:03:59 fw.rodolfoarce.local dhclient[10762]: No DHCPOFFERS received.
Jul  2 15:03:59 fw.rodolfoarce.local dhclient[10762]: No working leases in persistent database - sleeping.
Jul  2 11:03:59 fw.rodolfoarce.local dhclient[23530]: FAIL
Jul  2 15:04:00 fw.rodolfoarce.local /usr/sbin/cron[23887]: (root) CMD (/usr/sbin/newsyslog)
Jul  2 15:04:14 fw.rodolfoarce.local dhclient[10762]: DHCPDISCOVER on vtnet0 to 255.255.255.255 port 67 interval 2
Jul  2 15:04:16 fw.rodolfoarce.local dhclient[10762]: DHCPDISCOVER on vtnet0 to 255.255.255.255 port 67 interval 4
Jul  2 15:04:20 fw.rodolfoarce.local dhclient[10762]: DHCPDISCOVER on vtnet0 to 255.255.255.255 port 67 interval 11
Jul  2 15:04:24 fw.rodolfoarce.local dhcp6c[28115]: Sending Solicit
Jul  2 15:04:31 fw.rodolfoarce.local dhclient[10762]: DHCPDISCOVER on vtnet0 to 255.255.255.255 port 67 interval 13
Jul  2 15:04:45 fw.rodolfoarce.local dhclient[10762]: DHCPDISCOVER on vtnet0 to 255.255.255.255 port 67 interval 15
Jul  2 15:05:00 fw.rodolfoarce.local dhclient[10762]: DHCPDISCOVER on vtnet0 to 255.255.255.255 port 67 interval 15
Jul  2 15:05:00 fw.rodolfoarce.local /usr/sbin/cron[42472]: (root) CMD (/usr/sbin/newsyslog)
Jul  2 15:05:00 fw.rodolfoarce.local /usr/sbin/cron[42667]: (root) CMD (/usr/libexec/atrun)
Jul  2 15:05:15 fw.rodolfoarce.local dhclient[10762]: No DHCPOFFERS received.
Jul  2 15:05:15 fw.rodolfoarce.local dhclient[10762]: No working leases in persistent database - sleeping.
Jul  2 11:05:15 fw.rodolfoarce.local dhclient[60371]: FAIL
Jul  2 15:05:30 fw.rodolfoarce.local dhclient[10762]: DHCPDISCOVER on vtnet0 to 255.255.255.255 port 67 interval 1
Jul  2 15:05:31 fw.rodolfoarce.local dhclient[10762]: DHCPDISCOVER on vtnet0 to 255.255.255.255 port 67 interval 2
Jul  2 15:05:33 fw.rodolfoarce.local dhclient[10762]: DHCPDISCOVER on vtnet0 to 255.255.255.255 port 67 interval 4
Jul  2 15:05:37 fw.rodolfoarce.local dhclient[10762]: DHCPDISCOVER on vtnet0 to 255.255.255.255 port 67 interval 7
Jul  2 15:05:44 fw.rodolfoarce.local dhclient[10762]: DHCPDISCOVER on vtnet0 to 255.255.255.255 port 67 interval 12
Jul  2 15:05:56 fw.rodolfoarce.local dhclient[10762]: DHCPDISCOVER on vtnet0 to 255.255.255.255 port 67 interval 10
Jul  2 15:06:00 fw.rodolfoarce.local /usr/sbin/cron[60501]: (root) CMD (/usr/sbin/newsyslog)
Jul  2 15:06:06 fw.rodolfoarce.local dhclient[10762]: DHCPDISCOVER on vtnet0 to 255.255.255.255 port 67 interval 11
Jul  2 15:06:17 fw.rodolfoarce.local dhclient[10762]: DHCPDISCOVER on vtnet0 to 255.255.255.255 port 67 interval 12
Jul  2 15:06:29 fw.rodolfoarce.local dhclient[10762]: DHCPDISCOVER on vtnet0 to 255.255.255.255 port 67 interval 2
Jul  2 15:06:31 fw.rodolfoarce.local dhclient[10762]: No DHCPOFFERS received.
Jul  2 15:06:31 fw.rodolfoarce.local dhclient[10762]: No working leases in persistent database - sleeping.
Jul  2 11:06:31 fw.rodolfoarce.local dhclient[78974]: FAIL
Jul  2 15:06:34 fw.rodolfoarce.local dhcp6c[28115]: Sending Solicit
Jul  2 15:06:46 fw.rodolfoarce.local dhclient[10762]: DHCPDISCOVER on vtnet0 to 255.255.255.255 port 67 interval 1
Jul  2 15:06:47 fw.rodolfoarce.local dhclient[10762]: DHCPDISCOVER on vtnet0 to 255.255.255.255 port 67 interval 2
Jul  2 15:06:49 fw.rodolfoarce.local dhclient[10762]: DHCPDISCOVER on vtnet0 to 255.255.255.255 port 67 interval 4
Jul  2 15:06:53 fw.rodolfoarce.local dhclient[10762]: DHCPDISCOVER on vtnet0 to 255.255.255.255 port 67 interval 10
Jul  2 15:07:00 fw.rodolfoarce.local /usr/sbin/cron[79274]: (root) CMD (/usr/sbin/newsyslog)
Jul  2 15:07:03 fw.rodolfoarce.local dhclient[10762]: DHCPDISCOVER on vtnet0 to 255.255.255.255 port 67 interval 9
Jul  2 15:07:12 fw.rodolfoarce.local dhclient[10762]: DHCPDISCOVER on vtnet0 to 255.255.255.255 port 67 interval 9
Jul  2 15:07:21 fw.rodolfoarce.local dhclient[10762]: DHCPDISCOVER on vtnet0 to 255.255.255.255 port 67 interval 11
Jul  2 15:07:32 fw.rodolfoarce.local dhclient[10762]: DHCPDISCOVER on vtnet0 to 255.255.255.255 port 67 interval 12
Jul  2 15:07:44 fw.rodolfoarce.local dhclient[10762]: DHCPDISCOVER on vtnet0 to 255.255.255.255 port 67 interval 3
Jul  2 15:07:48 fw.rodolfoarce.local dhclient[10762]: No DHCPOFFERS received.
Jul  2 15:07:48 fw.rodolfoarce.local dhclient[10762]: No working leases in persistent database - sleeping.
Jul  2 11:07:48 fw.rodolfoarce.local dhclient[97872]: FAIL
Jul  2 15:08:00 fw.rodolfoarce.local /usr/sbin/cron[98387]: (root) CMD (/usr/sbin/newsyslog)
Jul  2 15:08:03 fw.rodolfoarce.local dhclient[10762]: DHCPDISCOVER on vtnet0 to 255.255.255.255 port 67 interval 2
Jul  2 15:08:05 fw.rodolfoarce.local dhclient[10762]: DHCPDISCOVER on vtnet0 to 255.255.255.255 port 67 interval 5
Jul  2 15:08:10 fw.rodolfoarce.local dhclient[10762]: DHCPDISCOVER on vtnet0 to 255.255.255.255 port 67 interval 7
Jul  2 15:08:17 fw.rodolfoarce.local dhclient[10762]: DHCPDISCOVER on vtnet0 to 255.255.255.255 port 67 interval 15
Jul  2 15:08:31 fw.rodolfoarce.local filterlog[32783]: 4,,,1000000103,vtnet1,match,block,in,4,0x0,,64,50945,0,DF,6,tcp,76,10.1.1.3,172.67.157.37,58986,443,24,PA,3675832445:3675832469,113597678,249,,nop;nop;TS
Jul  2 15:08:31 fw.rodolfoarce.local filterlog[32783]: 4,,,1000000103,vtnet1,match,block,in,4,0x0,,64,50946,0,DF,6,tcp,52,10.1.1.3,172.67.157.37,58986,443,0,FA,3675832469,113597678,249,,nop;nop;TS
