Jul  6 05:02:19 fw.rodolfoarce.local dhclient[10762]: DHCPDISCOVER on vtnet0 to 255.255.255.255 port 67 interval 2
Jul  6 05:02:23 fw.rodolfoarce.local dhclient[10762]: message repeated 2 times: [ DHCPDISCOVER on vtnet0 to 255.255.255.255 port 67 interval 2]
Jul  6 05:02:25 fw.rodolfoarce.local dhclient[10762]: DHCPDISCOVER on vtnet0 to 255.255.255.255 port 67 interval 4
Jul  6 05:02:29 fw.rodolfoarce.local dhclient[10762]: DHCPDISCOVER on vtnet0 to 255.255.255.255 port 67 interval 9
Jul  6 05:02:38 fw.rodolfoarce.local dhclient[10762]: DHCPDISCOVER on vtnet0 to 255.255.255.255 port 67 interval 15
Jul  6 05:02:53 fw.rodolfoarce.local dhclient[10762]: DHCPDISCOVER on vtnet0 to 255.255.255.255 port 67 interval 15
Jul  6 05:03:00 fw.rodolfoarce.local /usr/sbin/cron[51119]: (root) CMD (/usr/sbin/newsyslog)
Jul  6 05:03:08 fw.rodolfoarce.local dhclient[10762]: DHCPDISCOVER on vtnet0 to 255.255.255.255 port 67 interval 11
Jul  6 05:03:15 fw.rodolfoarce.local dhcp6c[28115]: Sending Solicit
Jul  6 05:03:19 fw.rodolfoarce.local dhclient[10762]: No DHCPOFFERS received.
Jul  6 05:03:19 fw.rodolfoarce.local dhclient[10762]: No working leases in persistent database - sleeping.
Jul  6 01:03:20 fw.rodolfoarce.local dhclient[71083]: FAIL
Jul  6 05:03:35 fw.rodolfoarce.local dhclient[10762]: DHCPDISCOVER on vtnet0 to 255.255.255.255 port 67 interval 2
Jul  6 05:03:37 fw.rodolfoarce.local dhclient[10762]: DHCPDISCOVER on vtnet0 to 255.255.255.255 port 67 interval 2
Jul  6 05:03:39 fw.rodolfoarce.local dhclient[10762]: DHCPDISCOVER on vtnet0 to 255.255.255.255 port 67 interval 4
Jul  6 05:03:43 fw.rodolfoarce.local dhclient[10762]: DHCPDISCOVER on vtnet0 to 255.255.255.255 port 67 interval 6
Jul  6 05:03:49 fw.rodolfoarce.local dhclient[10762]: DHCPDISCOVER on vtnet0 to 255.255.255.255 port 67 interval 14
Jul  6 05:04:00 fw.rodolfoarce.local /usr/sbin/cron[71681]: (root) CMD (/usr/sbin/newsyslog)
Jul  6 05:04:03 fw.rodolfoarce.local dhclient[10762]: DHCPDISCOVER on vtnet0 to 255.255.255.255 port 67 interval 9
Jul  6 05:04:12 fw.rodolfoarce.local dhclient[10762]: DHCPDISCOVER on vtnet0 to 255.255.255.255 port 67 interval 14
Jul  6 05:04:26 fw.rodolfoarce.local dhclient[10762]: DHCPDISCOVER on vtnet0 to 255.255.255.255 port 67 interval 10
Jul  6 05:04:36 fw.rodolfoarce.local dhclient[10762]: No DHCPOFFERS received.
Jul  6 05:04:36 fw.rodolfoarce.local dhclient[10762]: No working leases in persistent database - sleeping.
Jul  6 01:04:36 fw.rodolfoarce.local dhclient[89612]: FAIL
Jul  6 05:04:51 fw.rodolfoarce.local dhclient[10762]: DHCPDISCOVER on vtnet0 to 255.255.255.255 port 67 interval 1
Jul  6 05:04:55 fw.rodolfoarce.local dhclient[10762]: message repeated 4 times: [ DHCPDISCOVER on vtnet0 to 255.255.255.255 port 67 interval 1]
Jul  6 05:04:56 fw.rodolfoarce.local dhclient[10762]: DHCPDISCOVER on vtnet0 to 255.255.255.255 port 67 interval 2
Jul  6 05:04:58 fw.rodolfoarce.local dhclient[10762]: DHCPDISCOVER on vtnet0 to 255.255.255.255 port 67 interval 5
Jul  6 05:05:00 fw.rodolfoarce.local /usr/sbin/cron[90301]: (root) CMD (/usr/libexec/atrun)
Jul  6 05:05:00 fw.rodolfoarce.local /usr/sbin/cron[90092]: (root) CMD (/usr/sbin/newsyslog)
Jul  6 05:05:03 fw.rodolfoarce.local dhclient[10762]: DHCPDISCOVER on vtnet0 to 255.255.255.255 port 67 interval 12
Jul  6 05:05:16 fw.rodolfoarce.local dhclient[10762]: DHCPDISCOVER on vtnet0 to 255.255.255.255 port 67 interval 13
Jul  6 05:05:16 fw.rodolfoarce.local dhcp6c[28115]: Sending Solicit
Jul  6 05:05:29 fw.rodolfoarce.local dhclient[10762]: DHCPDISCOVER on vtnet0 to 255.255.255.255 port 67 interval 15
Jul  6 05:05:44 fw.rodolfoarce.local dhclient[10762]: DHCPDISCOVER on vtnet0 to 255.255.255.255 port 67 interval 8
Jul  6 05:05:52 fw.rodolfoarce.local dhclient[10762]: No DHCPOFFERS received.
Jul  6 05:05:52 fw.rodolfoarce.local dhclient[10762]: No working leases in persistent database - sleeping.
Jul  6 01:05:52 fw.rodolfoarce.local dhclient[9843]: FAIL
Jul  6 05:06:00 fw.rodolfoarce.local /usr/sbin/cron[10344]: (root) CMD (/usr/sbin/newsyslog)
Jul  6 05:06:07 fw.rodolfoarce.local dhclient[10762]: DHCPDISCOVER on vtnet0 to 255.255.255.255 port 67 interval 1
Jul  6 05:06:08 fw.rodolfoarce.local dhclient[10762]: DHCPDISCOVER on vtnet0 to 255.255.255.255 port 67 interval 1
Jul  6 05:06:09 fw.rodolfoarce.local dhclient[10762]: DHCPDISCOVER on vtnet0 to 255.255.255.255 port 67 interval 2
Jul  6 05:06:11 fw.rodolfoarce.local dhclient[10762]: DHCPDISCOVER on vtnet0 to 255.255.255.255 port 67 interval 4
Jul  6 05:06:15 fw.rodolfoarce.local dhclient[10762]: DHCPDISCOVER on vtnet0 to 255.255.255.255 port 67 interval 8
Jul  6 05:06:23 fw.rodolfoarce.local dhclient[10762]: DHCPDISCOVER on vtnet0 to 255.255.255.255 port 67 interval 21
Jul  6 05:06:44 fw.rodolfoarce.local dhclient[10762]: DHCPDISCOVER on vtnet0 to 255.255.255.255 port 67 interval 17
Jul  6 05:07:00 fw.rodolfoarce.local /usr/sbin/cron[31054]: (root) CMD (/usr/sbin/newsyslog)
Jul  6 05:07:01 fw.rodolfoarce.local dhclient[10762]: DHCPDISCOVER on vtnet0 to 255.255.255.255 port 67 interval 7
Jul  6 05:07:08 fw.rodolfoarce.local dhclient[10762]: No DHCPOFFERS received.
Jul  6 05:07:08 fw.rodolfoarce.local dhclient[10762]: No working leases in persistent database - sleeping.
Jul  6 01:07:08 fw.rodolfoarce.local dhclient[31982]: FAIL
Jul  6 05:07:19 fw.rodolfoarce.local dhcp6c[28115]: Sending Solicit
Jul  6 05:07:23 fw.rodolfoarce.local dhclient[10762]: DHCPDISCOVER on vtnet0 to 255.255.255.255 port 67 interval 1
Jul  6 05:07:24 fw.rodolfoarce.local dhclient[10762]: DHCPDISCOVER on vtnet0 to 255.255.255.255 port 67 interval 2
Jul  6 05:07:29 fw.rodolfoarce.local dhclient[10762]: message repeated 2 times: [ DHCPDISCOVER on vtnet0 to 255.255.255.255 port 67 interval 2]
Jul  6 05:07:31 fw.rodolfoarce.local dhclient[10762]: DHCPDISCOVER on vtnet0 to 255.255.255.255 port 67 interval 4
Jul  6 05:07:35 fw.rodolfoarce.local dhclient[10762]: DHCPDISCOVER on vtnet0 to 255.255.255.255 port 67 interval 11
Jul  6 05:07:46 fw.rodolfoarce.local dhclient[10762]: DHCPDISCOVER on vtnet0 to 255.255.255.255 port 67 interval 19
Jul  6 05:08:00 fw.rodolfoarce.local /usr/sbin/cron[51163]: (root) CMD (/usr/sbin/newsyslog)
Jul  6 05:08:05 fw.rodolfoarce.local dhclient[10762]: DHCPDISCOVER on vtnet0 to 255.255.255.255 port 67 interval 14
Jul  6 05:08:19 fw.rodolfoarce.local dhclient[10762]: DHCPDISCOVER on vtnet0 to 255.255.255.255 port 67 interval 5
Jul  6 05:08:24 fw.rodolfoarce.local dhclient[10762]: No DHCPOFFERS received.
Jul  6 05:08:24 fw.rodolfoarce.local dhclient[10762]: No working leases in persistent database - sleeping.
Jul  6 01:08:24 fw.rodolfoarce.local dhclient[69211]: FAIL
Jul  6 05:08:39 fw.rodolfoarce.local dhclient[10762]: DHCPDISCOVER on vtnet0 to 255.255.255.255 port 67 interval 1
Jul  6 05:08:40 fw.rodolfoarce.local dhclient[10762]: DHCPDISCOVER on vtnet0 to 255.255.255.255 port 67 interval 2
Jul  6 05:08:42 fw.rodolfoarce.local dhclient[10762]: DHCPDISCOVER on vtnet0 to 255.255.255.255 port 67 interval 3
Jul  6 05:08:46 fw.rodolfoarce.local dhclient[10762]: DHCPDISCOVER on vtnet0 to 255.255.255.255 port 67 interval 6
Jul  6 05:08:52 fw.rodolfoarce.local dhclient[10762]: DHCPDISCOVER on vtnet0 to 255.255.255.255 port 67 interval 12
Jul  6 05:09:00 fw.rodolfoarce.local /usr/sbin/cron[69486]: (root) CMD (/usr/sbin/newsyslog)
Jul  6 05:09:04 fw.rodolfoarce.local dhclient[10762]: DHCPDISCOVER on vtnet0 to 255.255.255.255 port 67 interval 15
Jul  6 05:09:10 fw.rodolfoarce.local dhcp6c[28115]: Sending Solicit
Jul  6 05:09:19 fw.rodolfoarce.local dhclient[10762]: DHCPDISCOVER on vtnet0 to 255.255.255.255 port 67 interval 21
Jul  6 05:09:40 fw.rodolfoarce.local dhclient[10762]: No DHCPOFFERS received.
Jul  6 05:09:40 fw.rodolfoarce.local dhclient[10762]: No working leases in persistent database - sleeping.
Jul  6 01:09:40 fw.rodolfoarce.local dhclient[88095]: FAIL
Jul  6 05:09:55 fw.rodolfoarce.local dhclient[10762]: DHCPDISCOVER on vtnet0 to 255.255.255.255 port 67 interval 2
Jul  6 05:09:57 fw.rodolfoarce.local dhclient[10762]: DHCPDISCOVER on vtnet0 to 255.255.255.255 port 67 interval 2
Jul  6 05:09:59 fw.rodolfoarce.local dhclient[10762]: DHCPDISCOVER on vtnet0 to 255.255.255.255 port 67 interval 5
Jul  6 05:10:00 fw.rodolfoarce.local /usr/sbin/cron[89087]: (root) CMD (/usr/libexec/atrun)
Jul  6 05:10:00 fw.rodolfoarce.local /usr/sbin/cron[88749]: (root) CMD (/usr/sbin/newsyslog)
Jul  6 05:10:04 fw.rodolfoarce.local dhclient[10762]: DHCPDISCOVER on vtnet0 to 255.255.255.255 port 67 interval 5
Jul  6 05:10:09 fw.rodolfoarce.local dhclient[10762]: DHCPDISCOVER on vtnet0 to 255.255.255.255 port 67 interval 6
Jul  6 05:10:15 fw.rodolfoarce.local dhclient[10762]: DHCPDISCOVER on vtnet0 to 255.255.255.255 port 67 interval 7
Jul  6 05:10:22 fw.rodolfoarce.local dhclient[10762]: DHCPDISCOVER on vtnet0 to 255.255.255.255 port 67 interval 10
Jul  6 05:10:32 fw.rodolfoarce.local dhclient[10762]: DHCPDISCOVER on vtnet0 to 255.255.255.255 port 67 interval 17
Jul  6 05:10:49 fw.rodolfoarce.local dhclient[10762]: DHCPDISCOVER on vtnet0 to 255.255.255.255 port 67 interval 7
Jul  6 05:10:56 fw.rodolfoarce.local dhclient[10762]: No DHCPOFFERS received.
Jul  6 05:10:56 fw.rodolfoarce.local dhclient[10762]: No working leases in persistent database - sleeping.
Jul  6 01:10:56 fw.rodolfoarce.local dhclient[7729]: FAIL
Jul  6 05:11:00 fw.rodolfoarce.local /usr/sbin/cron[8041]: (root) CMD (/usr/sbin/newsyslog)
Jul  6 05:11:11 fw.rodolfoarce.local dhclient[10762]: DHCPDISCOVER on vtnet0 to 255.255.255.255 port 67 interval 2
Jul  6 05:11:14 fw.rodolfoarce.local dhclient[10762]: DHCPDISCOVER on vtnet0 to 255.255.255.255 port 67 interval 2
Jul  6 05:11:16 fw.rodolfoarce.local dhclient[10762]: DHCPDISCOVER on vtnet0 to 255.255.255.255 port 67 interval 4
Jul  6 05:11:17 fw.rodolfoarce.local dhcp6c[28115]: Sending Solicit
Jul  6 05:11:20 fw.rodolfoarce.local dhclient[10762]: DHCPDISCOVER on vtnet0 to 255.255.255.255 port 67 interval 4
Jul  6 05:11:24 fw.rodolfoarce.local dhclient[10762]: DHCPDISCOVER on vtnet0 to 255.255.255.255 port 67 interval 4
Jul  6 05:11:28 fw.rodolfoarce.local dhclient[10762]: DHCPDISCOVER on vtnet0 to 255.255.255.255 port 67 interval 8
Jul  6 05:11:36 fw.rodolfoarce.local dhclient[10762]: DHCPDISCOVER on vtnet0 to 255.255.255.255 port 67 interval 8
Jul  6 05:11:44 fw.rodolfoarce.local dhclient[10762]: DHCPDISCOVER on vtnet0 to 255.255.255.255 port 67 interval 15
Jul  6 05:11:59 fw.rodolfoarce.local dhclient[10762]: DHCPDISCOVER on vtnet0 to 255.255.255.255 port 67 interval 8
Jul  6 05:12:00 fw.rodolfoarce.local /usr/sbin/cron[26084]: (root) CMD (/usr/sbin/newsyslog)
Jul  6 05:12:07 fw.rodolfoarce.local dhclient[10762]: DHCPDISCOVER on vtnet0 to 255.255.255.255 port 67 interval 5
Jul  6 05:12:12 fw.rodolfoarce.local dhclient[10762]: No DHCPOFFERS received.
Jul  6 05:12:12 fw.rodolfoarce.local dhclient[10762]: No working leases in persistent database - sleeping.
Jul  6 01:12:12 fw.rodolfoarce.local dhclient[26650]: FAIL
Jul  6 05:12:27 fw.rodolfoarce.local dhclient[10762]: DHCPDISCOVER on vtnet0 to 255.255.255.255 port 67 interval 2
Jul  6 05:12:29 fw.rodolfoarce.local dhclient[10762]: DHCPDISCOVER on vtnet0 to 255.255.255.255 port 67 interval 2
Jul  6 05:12:31 fw.rodolfoarce.local dhclient[10762]: DHCPDISCOVER on vtnet0 to 255.255.255.255 port 67 interval 3
Jul  6 05:12:34 fw.rodolfoarce.local dhclient[10762]: DHCPDISCOVER on vtnet0 to 255.255.255.255 port 67 interval 6
Jul  6 05:12:40 fw.rodolfoarce.local dhclient[10762]: DHCPDISCOVER on vtnet0 to 255.255.255.255 port 67 interval 6
Jul  6 05:12:46 fw.rodolfoarce.local dhclient[10762]: DHCPDISCOVER on vtnet0 to 255.255.255.255 port 67 interval 10
Jul  6 05:12:56 fw.rodolfoarce.local dhclient[10762]: DHCPDISCOVER on vtnet0 to 255.255.255.255 port 67 interval 15
Jul  6 05:13:00 fw.rodolfoarce.local /usr/sbin/cron[45351]: (root) CMD (/usr/sbin/newsyslog)
Jul  6 05:13:11 fw.rodolfoarce.local dhcp6c[28115]: Sending Solicit
Jul  6 05:13:11 fw.rodolfoarce.local dhclient[10762]: DHCPDISCOVER on vtnet0 to 255.255.255.255 port 67 interval 12
Jul  6 05:13:24 fw.rodolfoarce.local dhclient[10762]: DHCPDISCOVER on vtnet0 to 255.255.255.255 port 67 interval 4
Jul  6 05:13:28 fw.rodolfoarce.local dhclient[10762]: No DHCPOFFERS received.
Jul  6 05:13:28 fw.rodolfoarce.local dhclient[10762]: No working leases in persistent database - sleeping.
Jul  6 01:13:28 fw.rodolfoarce.local dhclient[64718]: FAIL
Jul  6 05:13:43 fw.rodolfoarce.local dhclient[10762]: DHCPDISCOVER on vtnet0 to 255.255.255.255 port 67 interval 2
Jul  6 05:13:45 fw.rodolfoarce.local dhclient[10762]: DHCPDISCOVER on vtnet0 to 255.255.255.255 port 67 interval 4
Jul  6 05:13:49 fw.rodolfoarce.local dhclient[10762]: DHCPDISCOVER on vtnet0 to 255.255.255.255 port 67 interval 5
Jul  6 05:13:54 fw.rodolfoarce.local dhclient[10762]: DHCPDISCOVER on vtnet0 to 255.255.255.255 port 67 interval 9
Jul  6 05:14:00 fw.rodolfoarce.local /usr/sbin/cron[65187]: (root) CMD (/usr/sbin/newsyslog)
Jul  6 05:14:03 fw.rodolfoarce.local dhclient[10762]: DHCPDISCOVER on vtnet0 to 255.255.255.255 port 67 interval 18
Jul  6 05:14:21 fw.rodolfoarce.local dhclient[10762]: DHCPDISCOVER on vtnet0 to 255.255.255.255 port 67 interval 18
Jul  6 05:14:39 fw.rodolfoarce.local dhclient[10762]: DHCPDISCOVER on vtnet0 to 255.255.255.255 port 67 interval 5
Jul  6 05:14:44 fw.rodolfoarce.local dhclient[10762]: No DHCPOFFERS received.
Jul  6 05:14:44 fw.rodolfoarce.local dhclient[10762]: No working leases in persistent database - sleeping.
Jul  6 01:14:44 fw.rodolfoarce.local dhclient[84338]: FAIL
Jul  6 05:14:47 fw.rodolfoarce.local filterlog[32783]: 4,,,1000000103,vtnet1,match,block,in,4,0x0,,64,49706,0,DF,6,tcp,76,10.1.1.3,104.21.40.220,49938,443,24,PA,1319269815:1319269839,971796499,249,,nop;nop;TS
Jul  6 05:14:47 fw.rodolfoarce.local filterlog[32783]: 4,,,1000000103,vtnet1,match,block,in,4,0x0,,64,49707,0,DF,6,tcp,52,10.1.1.3,104.21.40.220,49938,443,0,FA,1319269839,971796499,249,,nop;nop;TS
Jul  6 05:14:47 fw.rodolfoarce.local filterlog[32783]: 4,,,1000000103,vtnet1,match,block,in,4,0x0,,64,49708,0,DF,6,tcp,52,10.1.1.3,104.21.40.220,49938,443,0,FA,1319269839,971796499,249,,nop;nop;TS
Jul  6 05:14:47 fw.rodolfoarce.local filterlog[32783]: 4,,,1000000103,vtnet1,match,block,in,4,0x0,,64,49709,0,DF,6,tcp,76,10.1.1.3,104.21.40.220,49938,443,24,FPA,1319269815:1319269839,971796499,249,,nop;nop;TS
Jul  6 05:14:48 fw.rodolfoarce.local filterlog[32783]: 4,,,1000000103,vtnet1,match,block,in,4,0x0,,64,49710,0,DF,6,tcp,76,10.1.1.3,104.21.40.220,49938,443,24,FPA,1319269815:1319269839,971796499,249,,nop;nop;TS
Jul  6 05:14:49 fw.rodolfoarce.local filterlog[32783]: 4,,,1000000103,vtnet1,match,block,in,4,0x0,,64,49711,0,DF,6,tcp,76,10.1.1.3,104.21.40.220,49938,443,24,FPA,1319269815:1319269839,971796499,249,,nop;nop;TS
Jul  6 05:14:50 fw.rodolfoarce.local filterlog[32783]: 4,,,1000000103,vtnet1,match,block,in,4,0x0,,64,49712,0,DF,6,tcp,76,10.1.1.3,104.21.40.220,49938,443,24,FPA,1319269815:1319269839,971796499,249,,nop;nop;TS
Jul  6 05:14:54 fw.rodolfoarce.local filterlog[32783]: 4,,,1000000103,vtnet1,match,block,in,4,0x0,,64,49713,0,DF,6,tcp,76,10.1.1.3,104.21.40.220,49938,443,24,FPA,1319269815:1319269839,971796499,249,,nop;nop;TS
Jul  6 05:14:59 fw.rodolfoarce.local dhclient[10762]: DHCPDISCOVER on vtnet0 to 255.255.255.255 port 67 interval 2
Jul  6 05:15:00 fw.rodolfoarce.local filterlog[32783]: 4,,,1000000103,vtnet1,match,block,in,4,0x0,,64,49714,0,DF,6,tcp,76,10.1.1.3,104.21.40.220,49938,443,24,FPA,1319269815:1319269839,971796499,249,,nop;nop;TS
Jul  6 05:15:00 fw.rodolfoarce.local /usr/sbin/cron[84599]: (root) CMD (/usr/sbin/newsyslog)
Jul  6 05:15:00 fw.rodolfoarce.local /usr/sbin/cron[84648]: (root) CMD (/usr/libexec/atrun)
Jul  6 05:15:01 fw.rodolfoarce.local dhclient[10762]: DHCPDISCOVER on vtnet0 to 255.255.255.255 port 67 interval 5
Jul  6 05:15:06 fw.rodolfoarce.local dhclient[10762]: DHCPDISCOVER on vtnet0 to 255.255.255.255 port 67 interval 9
Jul  6 05:15:11 fw.rodolfoarce.local dhcp6c[28115]: Sending Solicit
Jul  6 05:15:14 fw.rodolfoarce.local filterlog[32783]: 4,,,1000000103,vtnet1,match,block,in,4,0x0,,64,49715,0,DF,6,tcp,76,10.1.1.3,104.21.40.220,49938,443,24,FPA,1319269815:1319269839,971796499,249,,nop;nop;TS
Jul  6 05:15:15 fw.rodolfoarce.local dhclient[10762]: DHCPDISCOVER on vtnet0 to 255.255.255.255 port 67 interval 15
Jul  6 05:15:31 fw.rodolfoarce.local dhclient[10762]: DHCPDISCOVER on vtnet0 to 255.255.255.255 port 67 interval 7
Jul  6 05:15:38 fw.rodolfoarce.local dhclient[10762]: DHCPDISCOVER on vtnet0 to 255.255.255.255 port 67 interval 18
Jul  6 05:15:41 fw.rodolfoarce.local filterlog[32783]: 4,,,1000000103,vtnet1,match,block,in,4,0x0,,64,49716,0,DF,6,tcp,76,10.1.1.3,104.21.40.220,49938,443,24,FPA,1319269815:1319269839,971796499,249,,nop;nop;TS
Jul  6 05:15:56 fw.rodolfoarce.local dhclient[10762]: DHCPDISCOVER on vtnet0 to 255.255.255.255 port 67 interval 4
Jul  6 05:16:00 fw.rodolfoarce.local /usr/sbin/cron[2849]: (root) CMD (/usr/sbin/newsyslog)
Jul  6 05:16:00 fw.rodolfoarce.local dhclient[10762]: No DHCPOFFERS received.
Jul  6 05:16:00 fw.rodolfoarce.local dhclient[10762]: No working leases in persistent database - sleeping.
Jul  6 01:16:00 fw.rodolfoarce.local dhclient[3844]: FAIL
Jul  6 05:16:15 fw.rodolfoarce.local dhclient[10762]: DHCPDISCOVER on vtnet0 to 255.255.255.255 port 67 interval 1
Jul  6 05:16:16 fw.rodolfoarce.local dhclient[10762]: DHCPDISCOVER on vtnet0 to 255.255.255.255 port 67 interval 2
Jul  6 05:16:18 fw.rodolfoarce.local dhclient[10762]: DHCPDISCOVER on vtnet0 to 255.255.255.255 port 67 interval 2
Jul  6 05:16:20 fw.rodolfoarce.local dhclient[10762]: DHCPDISCOVER on vtnet0 to 255.255.255.255 port 67 interval 3
Jul  6 05:16:23 fw.rodolfoarce.local dhclient[10762]: DHCPDISCOVER on vtnet0 to 255.255.255.255 port 67 interval 3
Jul  6 05:16:26 fw.rodolfoarce.local dhclient[10762]: DHCPDISCOVER on vtnet0 to 255.255.255.255 port 67 interval 5
Jul  6 05:16:31 fw.rodolfoarce.local dhclient[10762]: DHCPDISCOVER on vtnet0 to 255.255.255.255 port 67 interval 8
Jul  6 05:16:39 fw.rodolfoarce.local dhclient[10762]: DHCPDISCOVER on vtnet0 to 255.255.255.255 port 67 interval 7
Jul  6 05:16:46 fw.rodolfoarce.local dhclient[10762]: DHCPDISCOVER on vtnet0 to 255.255.255.255 port 67 interval 17
Jul  6 05:17:00 fw.rodolfoarce.local /usr/sbin/cron[24012]: (root) CMD (/usr/sbin/newsyslog)
Jul  6 05:17:03 fw.rodolfoarce.local dhclient[10762]: DHCPDISCOVER on vtnet0 to 255.255.255.255 port 67 interval 9
Jul  6 05:17:10 fw.rodolfoarce.local dhcp6c[28115]: Sending Solicit
Jul  6 05:17:12 fw.rodolfoarce.local dhclient[10762]: DHCPDISCOVER on vtnet0 to 255.255.255.255 port 67 interval 4
Jul  6 05:17:16 fw.rodolfoarce.local dhclient[10762]: No DHCPOFFERS received.
Jul  6 05:17:16 fw.rodolfoarce.local dhclient[10762]: No working leases in persistent database - sleeping.
Jul  6 01:17:16 fw.rodolfoarce.local dhclient[24629]: FAIL
Jul  6 05:17:32 fw.rodolfoarce.local dhclient[10762]: DHCPDISCOVER on vtnet0 to 255.255.255.255 port 67 interval 2
Jul  6 05:17:34 fw.rodolfoarce.local dhclient[10762]: DHCPDISCOVER on vtnet0 to 255.255.255.255 port 67 interval 4
Jul  6 05:17:38 fw.rodolfoarce.local dhclient[10762]: DHCPDISCOVER on vtnet0 to 255.255.255.255 port 67 interval 5
Jul  6 05:17:43 fw.rodolfoarce.local dhclient[10762]: DHCPDISCOVER on vtnet0 to 255.255.255.255 port 67 interval 5
Jul  6 05:17:48 fw.rodolfoarce.local dhclient[10762]: DHCPDISCOVER on vtnet0 to 255.255.255.255 port 67 interval 14
Jul  6 05:18:00 fw.rodolfoarce.local /usr/sbin/cron[46560]: (root) CMD (/usr/sbin/newsyslog)
Jul  6 05:18:02 fw.rodolfoarce.local dhclient[10762]: DHCPDISCOVER on vtnet0 to 255.255.255.255 port 67 interval 17
Jul  6 05:18:19 fw.rodolfoarce.local dhclient[10762]: DHCPDISCOVER on vtnet0 to 255.255.255.255 port 67 interval 14
Jul  6 05:18:33 fw.rodolfoarce.local dhclient[10762]: No DHCPOFFERS received.
Jul  6 05:18:33 fw.rodolfoarce.local dhclient[10762]: No working leases in persistent database - sleeping.
Jul  6 01:18:33 fw.rodolfoarce.local dhclient[47693]: FAIL
Jul  6 05:18:48 fw.rodolfoarce.local dhclient[10762]: DHCPDISCOVER on vtnet0 to 255.255.255.255 port 67 interval 1
Jul  6 05:18:51 fw.rodolfoarce.local dhclient[10762]: message repeated 3 times: [ DHCPDISCOVER on vtnet0 to 255.255.255.255 port 67 interval 1]
Jul  6 05:18:52 fw.rodolfoarce.local dhclient[10762]: DHCPDISCOVER on vtnet0 to 255.255.255.255 port 67 interval 2
Jul  6 05:18:57 fw.rodolfoarce.local dhclient[10762]: message repeated 2 times: [ DHCPDISCOVER on vtnet0 to 255.255.255.255 port 67 interval 2]
Jul  6 05:18:59 fw.rodolfoarce.local dhclient[10762]: DHCPDISCOVER on vtnet0 to 255.255.255.255 port 67 interval 4
Jul  6 05:19:00 fw.rodolfoarce.local /usr/sbin/cron[67219]: (root) CMD (/usr/sbin/newsyslog)
Jul  6 05:19:03 fw.rodolfoarce.local dhclient[10762]: DHCPDISCOVER on vtnet0 to 255.255.255.255 port 67 interval 8
Jul  6 05:19:11 fw.rodolfoarce.local dhclient[10762]: DHCPDISCOVER on vtnet0 to 255.255.255.255 port 67 interval 9
Jul  6 05:19:20 fw.rodolfoarce.local dhclient[10762]: DHCPDISCOVER on vtnet0 to 255.255.255.255 port 67 interval 21
Jul  6 05:19:22 fw.rodolfoarce.local dhcp6c[28115]: Sending Solicit
Jul  6 05:19:41 fw.rodolfoarce.local dhclient[10762]: DHCPDISCOVER on vtnet0 to 255.255.255.255 port 67 interval 8
Jul  6 05:19:49 fw.rodolfoarce.local dhclient[10762]: No DHCPOFFERS received.
Jul  6 05:19:49 fw.rodolfoarce.local dhclient[10762]: No working leases in persistent database - sleeping.
Jul  6 01:19:49 fw.rodolfoarce.local dhclient[86790]: FAIL
Jul  6 05:20:00 fw.rodolfoarce.local /usr/sbin/cron[87025]: (root) CMD (/usr/sbin/newsyslog)
Jul  6 05:20:00 fw.rodolfoarce.local /usr/sbin/cron[87198]: (root) CMD (/usr/libexec/atrun)
Jul  6 05:20:04 fw.rodolfoarce.local dhclient[10762]: DHCPDISCOVER on vtnet0 to 255.255.255.255 port 67 interval 1
Jul  6 05:20:05 fw.rodolfoarce.local dhclient[10762]: DHCPDISCOVER on vtnet0 to 255.255.255.255 port 67 interval 1
Jul  6 05:20:06 fw.rodolfoarce.local dhclient[10762]: DHCPDISCOVER on vtnet0 to 255.255.255.255 port 67 interval 2
Jul  6 05:20:08 fw.rodolfoarce.local dhclient[10762]: DHCPDISCOVER on vtnet0 to 255.255.255.255 port 67 interval 3
Jul  6 05:20:11 fw.rodolfoarce.local dhclient[10762]: DHCPDISCOVER on vtnet0 to 255.255.255.255 port 67 interval 8
Jul  6 05:20:20 fw.rodolfoarce.local dhclient[10762]: DHCPDISCOVER on vtnet0 to 255.255.255.255 port 67 interval 8
Jul  6 05:20:28 fw.rodolfoarce.local dhclient[10762]: DHCPDISCOVER on vtnet0 to 255.255.255.255 port 67 interval 12
Jul  6 05:20:40 fw.rodolfoarce.local dhclient[10762]: DHCPDISCOVER on vtnet0 to 255.255.255.255 port 67 interval 17
Jul  6 05:20:57 fw.rodolfoarce.local dhclient[10762]: DHCPDISCOVER on vtnet0 to 255.255.255.255 port 67 interval 8
Jul  6 05:21:00 fw.rodolfoarce.local /usr/sbin/cron[5693]: (root) CMD (/usr/sbin/newsyslog)
Jul  6 05:21:05 fw.rodolfoarce.local dhclient[10762]: No DHCPOFFERS received.
Jul  6 05:21:05 fw.rodolfoarce.local dhclient[10762]: No working leases in persistent database - sleeping.
Jul  6 01:21:05 fw.rodolfoarce.local dhclient[6875]: FAIL
Jul  6 05:21:20 fw.rodolfoarce.local dhclient[10762]: DHCPDISCOVER on vtnet0 to 255.255.255.255 port 67 interval 2
Jul  6 05:21:22 fw.rodolfoarce.local dhclient[10762]: DHCPDISCOVER on vtnet0 to 255.255.255.255 port 67 interval 2
Jul  6 05:21:24 fw.rodolfoarce.local dhclient[10762]: DHCPDISCOVER on vtnet0 to 255.255.255.255 port 67 interval 3
Jul  6 05:21:27 fw.rodolfoarce.local dhclient[10762]: DHCPDISCOVER on vtnet0 to 255.255.255.255 port 67 interval 6
Jul  6 05:21:32 fw.rodolfoarce.local dhcp6c[28115]: Sending Solicit
Jul  6 05:21:33 fw.rodolfoarce.local dhclient[10762]: DHCPDISCOVER on vtnet0 to 255.255.255.255 port 67 interval 11
Jul  6 05:21:44 fw.rodolfoarce.local dhclient[10762]: DHCPDISCOVER on vtnet0 to 255.255.255.255 port 67 interval 13
Jul  6 05:21:57 fw.rodolfoarce.local dhclient[10762]: DHCPDISCOVER on vtnet0 to 255.255.255.255 port 67 interval 17
Jul  6 05:22:00 fw.rodolfoarce.local /usr/sbin/cron[26416]: (root) CMD (/usr/sbin/newsyslog)
Jul  6 05:22:15 fw.rodolfoarce.local dhclient[10762]: DHCPDISCOVER on vtnet0 to 255.255.255.255 port 67 interval 6
Jul  6 05:22:21 fw.rodolfoarce.local dhclient[10762]: No DHCPOFFERS received.
Jul  6 05:22:21 fw.rodolfoarce.local dhclient[10762]: No working leases in persistent database - sleeping.
Jul  6 01:22:21 fw.rodolfoarce.local dhclient[27121]: FAIL
Jul  6 05:22:36 fw.rodolfoarce.local dhclient[10762]: DHCPDISCOVER on vtnet0 to 255.255.255.255 port 67 interval 2
Jul  6 05:22:38 fw.rodolfoarce.local dhclient[10762]: DHCPDISCOVER on vtnet0 to 255.255.255.255 port 67 interval 2
Jul  6 05:22:40 fw.rodolfoarce.local dhclient[10762]: DHCPDISCOVER on vtnet0 to 255.255.255.255 port 67 interval 3
Jul  6 05:22:43 fw.rodolfoarce.local dhclient[10762]: DHCPDISCOVER on vtnet0 to 255.255.255.255 port 67 interval 6
Jul  6 05:22:49 fw.rodolfoarce.local dhclient[10762]: DHCPDISCOVER on vtnet0 to 255.255.255.255 port 67 interval 7
Jul  6 05:22:56 fw.rodolfoarce.local dhclient[10762]: DHCPDISCOVER on vtnet0 to 255.255.255.255 port 67 interval 20
Jul  6 05:23:00 fw.rodolfoarce.local /usr/sbin/cron[46414]: (root) CMD (/usr/sbin/newsyslog)
Jul  6 05:23:16 fw.rodolfoarce.local dhclient[10762]: DHCPDISCOVER on vtnet0 to 255.255.255.255 port 67 interval 7
Jul  6 05:23:23 fw.rodolfoarce.local dhclient[10762]: DHCPDISCOVER on vtnet0 to 255.255.255.255 port 67 interval 10
Jul  6 05:23:30 fw.rodolfoarce.local dhcp6c[28115]: Sending Solicit
Jul  6 05:23:33 fw.rodolfoarce.local dhclient[10762]: DHCPDISCOVER on vtnet0 to 255.255.255.255 port 67 interval 4
Jul  6 05:23:37 fw.rodolfoarce.local dhclient[10762]: No DHCPOFFERS received.
Jul  6 05:23:37 fw.rodolfoarce.local dhclient[10762]: No working leases in persistent database - sleeping.
Jul  6 01:23:37 fw.rodolfoarce.local dhclient[47060]: FAIL
Jul  6 05:23:52 fw.rodolfoarce.local dhclient[10762]: DHCPDISCOVER on vtnet0 to 255.255.255.255 port 67 interval 2
Jul  6 05:23:55 fw.rodolfoarce.local dhclient[10762]: DHCPDISCOVER on vtnet0 to 255.255.255.255 port 67 interval 2
Jul  6 05:23:57 fw.rodolfoarce.local dhclient[10762]: DHCPDISCOVER on vtnet0 to 255.255.255.255 port 67 interval 4
Jul  6 05:24:00 fw.rodolfoarce.local /usr/sbin/cron[65780]: (root) CMD (/usr/sbin/newsyslog)
Jul  6 05:24:01 fw.rodolfoarce.local dhclient[10762]: DHCPDISCOVER on vtnet0 to 255.255.255.255 port 67 interval 9
Jul  6 05:24:10 fw.rodolfoarce.local dhclient[10762]: DHCPDISCOVER on vtnet0 to 255.255.255.255 port 67 interval 9
Jul  6 05:24:19 fw.rodolfoarce.local dhclient[10762]: DHCPDISCOVER on vtnet0 to 255.255.255.255 port 67 interval 11
Jul  6 05:24:30 fw.rodolfoarce.local dhclient[10762]: DHCPDISCOVER on vtnet0 to 255.255.255.255 port 67 interval 18
Jul  6 05:24:48 fw.rodolfoarce.local dhclient[10762]: DHCPDISCOVER on vtnet0 to 255.255.255.255 port 67 interval 5
Jul  6 05:24:53 fw.rodolfoarce.local dhclient[10762]: No DHCPOFFERS received.
Jul  6 05:24:53 fw.rodolfoarce.local dhclient[10762]: No working leases in persistent database - sleeping.
Jul  6 01:24:53 fw.rodolfoarce.local dhclient[85161]: FAIL
Jul  6 05:25:00 fw.rodolfoarce.local /usr/sbin/cron[85599]: (root) CMD (/usr/sbin/newsyslog)
Jul  6 05:25:00 fw.rodolfoarce.local /usr/sbin/cron[85848]: (root) CMD (/usr/libexec/atrun)
Jul  6 05:25:08 fw.rodolfoarce.local dhclient[10762]: DHCPDISCOVER on vtnet0 to 255.255.255.255 port 67 interval 2
Jul  6 05:25:10 fw.rodolfoarce.local dhclient[10762]: DHCPDISCOVER on vtnet0 to 255.255.255.255 port 67 interval 2
Jul  6 05:25:12 fw.rodolfoarce.local dhclient[10762]: DHCPDISCOVER on vtnet0 to 255.255.255.255 port 67 interval 3
Jul  6 05:25:15 fw.rodolfoarce.local dhclient[10762]: DHCPDISCOVER on vtnet0 to 255.255.255.255 port 67 interval 5
Jul  6 05:25:20 fw.rodolfoarce.local dhclient[10762]: DHCPDISCOVER on vtnet0 to 255.255.255.255 port 67 interval 11
Jul  6 05:25:31 fw.rodolfoarce.local dhclient[10762]: DHCPDISCOVER on vtnet0 to 255.255.255.255 port 67 interval 19
Jul  6 05:25:42 fw.rodolfoarce.local dhcp6c[28115]: Sending Solicit
Jul  6 05:25:50 fw.rodolfoarce.local dhclient[10762]: DHCPDISCOVER on vtnet0 to 255.255.255.255 port 67 interval 8
Jul  6 05:25:58 fw.rodolfoarce.local dhclient[10762]: DHCPDISCOVER on vtnet0 to 255.255.255.255 port 67 interval 11
Jul  6 05:26:00 fw.rodolfoarce.local /usr/sbin/cron[4547]: (root) CMD (/usr/sbin/newsyslog)
Jul  6 05:26:09 fw.rodolfoarce.local dhclient[10762]: No DHCPOFFERS received.
Jul  6 05:26:09 fw.rodolfoarce.local dhclient[10762]: No working leases in persistent database - sleeping.
Jul  6 01:26:09 fw.rodolfoarce.local dhclient[5464]: FAIL
Jul  6 05:26:24 fw.rodolfoarce.local dhclient[10762]: DHCPDISCOVER on vtnet0 to 255.255.255.255 port 67 interval 2
Jul  6 05:26:27 fw.rodolfoarce.local dhclient[10762]: DHCPDISCOVER on vtnet0 to 255.255.255.255 port 67 interval 2
Jul  6 05:26:29 fw.rodolfoarce.local dhclient[10762]: DHCPDISCOVER on vtnet0 to 255.255.255.255 port 67 interval 3
Jul  6 05:26:32 fw.rodolfoarce.local dhclient[10762]: DHCPDISCOVER on vtnet0 to 255.255.255.255 port 67 interval 8
Jul  6 05:26:40 fw.rodolfoarce.local dhclient[10762]: DHCPDISCOVER on vtnet0 to 255.255.255.255 port 67 interval 19
Jul  6 05:26:59 fw.rodolfoarce.local dhclient[10762]: DHCPDISCOVER on vtnet0 to 255.255.255.255 port 67 interval 20
Jul  6 05:27:00 fw.rodolfoarce.local /usr/sbin/cron[25823]: (root) CMD (/usr/sbin/newsyslog)
Jul  6 05:27:19 fw.rodolfoarce.local dhclient[10762]: DHCPDISCOVER on vtnet0 to 255.255.255.255 port 67 interval 6
Jul  6 05:27:25 fw.rodolfoarce.local dhclient[10762]: No DHCPOFFERS received.
Jul  6 05:27:25 fw.rodolfoarce.local dhclient[10762]: No working leases in persistent database - sleeping.
Jul  6 01:27:25 fw.rodolfoarce.local dhclient[27277]: FAIL
Jul  6 05:27:40 fw.rodolfoarce.local dhclient[10762]: DHCPDISCOVER on vtnet0 to 255.255.255.255 port 67 interval 2
Jul  6 05:27:42 fw.rodolfoarce.local dhclient[10762]: DHCPDISCOVER on vtnet0 to 255.255.255.255 port 67 interval 3
Jul  6 05:27:45 fw.rodolfoarce.local dhclient[10762]: DHCPDISCOVER on vtnet0 to 255.255.255.255 port 67 interval 3
Jul  6 05:27:47 fw.rodolfoarce.local dhcp6c[28115]: Sending Solicit
Jul  6 05:27:48 fw.rodolfoarce.local dhclient[10762]: DHCPDISCOVER on vtnet0 to 255.255.255.255 port 67 interval 3
Jul  6 05:27:51 fw.rodolfoarce.local dhclient[10762]: DHCPDISCOVER on vtnet0 to 255.255.255.255 port 67 interval 6
Jul  6 05:27:54 fw.rodolfoarce.local filterlog[32783]: 4,,,1000000103,vtnet0,match,block,in,4,0x0,,47,47315,0,DF,17,udp,60,137.184.113.194,10.255.255.1,35567,53,40
Jul  6 05:27:54 fw.rodolfoarce.local filterlog[32783]: 4,,,1000000103,vtnet0,match,block,in,4,0x0,,47,47393,0,DF,17,udp,71,137.184.113.194,10.255.255.1,35567,53,51
Jul  6 05:27:55 fw.rodolfoarce.local filterlog[32783]: 4,,,1000000103,vtnet0,match,block,in,4,0x0,,47,47545,0,DF,17,udp,60,137.184.113.194,10.255.255.1,35567,53,40
Jul  6 05:27:56 fw.rodolfoarce.local filterlog[32783]: 4,,,1000000103,vtnet0,match,block,in,4,0x0,,47,47731,0,DF,17,udp,71,137.184.113.194,10.255.255.1,35567,53,51
Jul  6 05:27:57 fw.rodolfoarce.local filterlog[32783]: 4,,,1000000103,vtnet0,match,block,in,4,0x0,,47,47893,0,DF,17,udp,60,137.184.113.194,10.255.255.1,35567,53,40
Jul  6 05:27:57 fw.rodolfoarce.local dhclient[10762]: DHCPDISCOVER on vtnet0 to 255.255.255.255 port 67 interval 8
Jul  6 05:27:59 fw.rodolfoarce.local filterlog[32783]: 4,,,1000000103,vtnet0,match,block,in,4,0x0,,47,48073,0,DF,17,udp,71,137.184.113.194,10.255.255.1,35567,53,51
Jul  6 05:28:00 fw.rodolfoarce.local /usr/sbin/cron[45335]: (root) CMD (/usr/sbin/newsyslog)
Jul  6 05:28:00 fw.rodolfoarce.local filterlog[32783]: 4,,,1000000103,vtnet0,match,block,in,4,0x0,,47,48176,0,DF,17,udp,60,137.184.113.194,10.255.255.1,35567,53,40
Jul  6 05:28:02 fw.rodolfoarce.local filterlog[32783]: 4,,,1000000103,vtnet0,match,block,in,4,0x0,,47,48456,0,DF,17,udp,71,137.184.113.194,10.255.255.1,35567,53,51
Jul  6 05:28:05 fw.rodolfoarce.local filterlog[32783]: 4,,,1000000103,vtnet0,match,block,in,4,0x0,,47,48675,0,DF,17,udp,60,137.184.113.194,10.255.255.1,35567,53,40
Jul  6 05:28:05 fw.rodolfoarce.local dhclient[10762]: DHCPDISCOVER on vtnet0 to 255.255.255.255 port 67 interval 11
Jul  6 05:28:07 fw.rodolfoarce.local filterlog[32783]: 4,,,1000000103,vtnet0,match,block,in,4,0x0,,47,48999,0,DF,17,udp,71,137.184.113.194,10.255.255.1,35567,53,51
Jul  6 05:28:10 fw.rodolfoarce.local filterlog[32783]: 4,,,1000000103,vtnet0,match,block,in,4,0x0,,47,49393,0,DF,17,udp,71,137.184.113.194,10.255.255.1,35567,53,51
Jul  6 05:28:10 fw.rodolfoarce.local filterlog[32783]: 4,,,1000000103,vtnet0,match,block,in,4,0x0,,47,49423,0,DF,17,udp,60,137.184.113.194,10.255.255.1,35567,53,40
Jul  6 05:28:10 fw.rodolfoarce.local filterlog[32783]: 4,,,1000000103,vtnet0,match,block,in,4,0x0,,47,49462,0,DF,17,udp,71,137.184.113.194,10.255.255.1,35567,53,51
Jul  6 05:28:11 fw.rodolfoarce.local filterlog[32783]: 4,,,1000000103,vtnet0,match,block,in,4,0x0,,47,49561,0,DF,17,udp,60,137.184.113.194,10.255.255.1,35567,53,40
Jul  6 05:28:12 fw.rodolfoarce.local filterlog[32783]: 4,,,1000000103,vtnet0,match,block,in,4,0x0,,47,49753,0,DF,17,udp,71,137.184.113.194,10.255.255.1,35567,53,51
Jul  6 05:28:13 fw.rodolfoarce.local filterlog[32783]: 4,,,1000000103,vtnet0,match,block,in,4,0x0,,47,49886,0,DF,17,udp,60,137.184.113.194,10.255.255.1,35567,53,40
Jul  6 05:28:15 fw.rodolfoarce.local filterlog[32783]: 4,,,1000000103,vtnet0,match,block,in,4,0x0,,47,50069,0,DF,17,udp,71,137.184.113.194,10.255.255.1,35567,53,51
Jul  6 05:28:16 fw.rodolfoarce.local dhclient[10762]: DHCPDISCOVER on vtnet0 to 255.255.255.255 port 67 interval 14
Jul  6 05:28:17 fw.rodolfoarce.local filterlog[32783]: 4,,,1000000103,vtnet0,match,block,in,4,0x0,,47,50255,0,DF,17,udp,60,137.184.113.194,10.255.255.1,35567,53,40
Jul  6 05:28:18 fw.rodolfoarce.local filterlog[32783]: 4,,,1000000103,vtnet0,match,block,in,4,0x0,,47,50533,0,DF,17,udp,71,137.184.113.194,10.255.255.1,35567,53,51
Jul  6 05:28:22 fw.rodolfoarce.local filterlog[32783]: 4,,,1000000103,vtnet0,match,block,in,4,0x0,,47,50867,0,DF,17,udp,60,137.184.113.194,10.255.255.1,35567,53,40
Jul  6 05:28:24 fw.rodolfoarce.local filterlog[32783]: 4,,,1000000103,vtnet0,match,block,in,4,0x0,,47,51253,0,DF,17,udp,71,137.184.113.194,10.255.255.1,35567,53,51
Jul  6 05:28:27 fw.rodolfoarce.local filterlog[32783]: 4,,,1000000103,vtnet0,match,block,in,4,0x0,,47,51592,0,DF,17,udp,71,137.184.113.194,10.255.255.1,35567,53,51
Jul  6 05:28:27 fw.rodolfoarce.local filterlog[32783]: 4,,,1000000103,vtnet0,match,block,in,4,0x0,,47,51616,0,DF,17,udp,60,137.184.113.194,10.255.255.1,35567,53,40
Jul  6 05:28:27 fw.rodolfoarce.local filterlog[32783]: 4,,,1000000103,vtnet0,match,block,in,4,0x0,,47,51658,0,DF,17,udp,71,137.184.113.194,10.255.255.1,35567,53,51
Jul  6 05:28:28 fw.rodolfoarce.local filterlog[32783]: 4,,,1000000103,vtnet0,match,block,in,4,0x0,,47,51761,0,DF,17,udp,60,137.184.113.194,10.255.255.1,35567,53,40
Jul  6 05:28:29 fw.rodolfoarce.local filterlog[32783]: 4,,,1000000103,vtnet0,match,block,in,4,0x0,,47,51889,0,DF,17,udp,71,137.184.113.194,10.255.255.1,35567,53,51
Jul  6 05:28:30 fw.rodolfoarce.local filterlog[32783]: 4,,,1000000103,vtnet0,match,block,in,4,0x0,,47,52034,0,DF,17,udp,60,137.184.113.194,10.255.255.1,35567,53,40
Jul  6 05:28:31 fw.rodolfoarce.local dhclient[10762]: DHCPDISCOVER on vtnet0 to 255.255.255.255 port 67 interval 10
Jul  6 05:28:32 fw.rodolfoarce.local filterlog[32783]: 4,,,1000000103,vtnet0,match,block,in,4,0x0,,47,52243,0,DF,17,udp,71,137.184.113.194,10.255.255.1,35567,53,51
Jul  6 05:28:34 fw.rodolfoarce.local filterlog[32783]: 4,,,1000000103,vtnet0,match,block,in,4,0x0,,47,52482,0,DF,17,udp,60,137.184.113.194,10.255.255.1,35567,53,40
Jul  6 05:28:35 fw.rodolfoarce.local filterlog[32783]: 4,,,1000000103,vtnet0,match,block,in,4,0x0,,47,52716,0,DF,17,udp,71,137.184.113.194,10.255.255.1,35567,53,51
Jul  6 05:28:38 fw.rodolfoarce.local filterlog[32783]: 4,,,1000000103,vtnet0,match,block,in,4,0x0,,47,53055,0,DF,17,udp,60,137.184.113.194,10.255.255.1,35567,53,40
Jul  6 05:28:40 fw.rodolfoarce.local filterlog[32783]: 4,,,1000000103,vtnet0,match,block,in,4,0x0,,47,53359,0,DF,17,udp,71,137.184.113.194,10.255.255.1,35567,53,51
Jul  6 05:28:41 fw.rodolfoarce.local dhclient[10762]: No DHCPOFFERS received.
Jul  6 05:28:41 fw.rodolfoarce.local dhclient[10762]: No working leases in persistent database - sleeping.
Jul  6 01:28:41 fw.rodolfoarce.local dhclient[46145]: FAIL
Jul  6 05:28:43 fw.rodolfoarce.local filterlog[32783]: 4,,,1000000103,vtnet0,match,block,in,4,0x0,,47,53717,0,DF,17,udp,71,137.184.113.194,10.255.255.1,35567,53,51
Jul  6 05:28:43 fw.rodolfoarce.local filterlog[32783]: 4,,,1000000103,vtnet0,match,block,in,4,0x0,,47,53753,0,DF,17,udp,60,137.184.113.194,10.255.255.1,35567,53,40
Jul  6 05:28:43 fw.rodolfoarce.local filterlog[32783]: 4,,,1000000103,vtnet0,match,block,in,4,0x0,,47,53825,0,DF,17,udp,71,137.184.113.194,10.255.255.1,35567,53,51
Jul  6 05:28:44 fw.rodolfoarce.local filterlog[32783]: 4,,,1000000103,vtnet0,match,block,in,4,0x0,,47,53881,0,DF,17,udp,60,137.184.113.194,10.255.255.1,35567,53,40
Jul  6 05:28:45 fw.rodolfoarce.local filterlog[32783]: 4,,,1000000103,vtnet0,match,block,in,4,0x0,,47,53989,0,DF,17,udp,71,137.184.113.194,10.255.255.1,35567,53,51
Jul  6 05:28:46 fw.rodolfoarce.local filterlog[32783]: 4,,,1000000103,vtnet0,match,block,in,4,0x0,,47,54147,0,DF,17,udp,60,137.184.113.194,10.255.255.1,35567,53,40
Jul  6 05:28:48 fw.rodolfoarce.local filterlog[32783]: 4,,,1000000103,vtnet0,match,block,in,4,0x0,,47,54320,0,DF,17,udp,71,137.184.113.194,10.255.255.1,35567,53,51
Jul  6 05:28:50 fw.rodolfoarce.local filterlog[32783]: 4,,,1000000103,vtnet0,match,block,in,4,0x0,,47,54572,0,DF,17,udp,60,137.184.113.194,10.255.255.1,35567,53,40
Jul  6 05:28:52 fw.rodolfoarce.local filterlog[32783]: 4,,,1000000103,vtnet0,match,block,in,4,0x0,,47,54824,0,DF,17,udp,71,137.184.113.194,10.255.255.1,35567,53,51
Jul  6 05:28:54 fw.rodolfoarce.local filterlog[32783]: 4,,,1000000103,vtnet0,match,block,in,4,0x0,,47,55122,0,DF,17,udp,60,137.184.113.194,10.255.255.1,35567,53,40
Jul  6 05:28:56 fw.rodolfoarce.local dhclient[10762]: DHCPDISCOVER on vtnet0 to 255.255.255.255 port 67 interval 2
Jul  6 05:28:57 fw.rodolfoarce.local filterlog[32783]: 4,,,1000000103,vtnet0,match,block,in,4,0x0,,47,55416,0,DF,17,udp,71,137.184.113.194,10.255.255.1,35567,53,51
Jul  6 05:28:58 fw.rodolfoarce.local dhclient[10762]: DHCPDISCOVER on vtnet0 to 255.255.255.255 port 67 interval 2
Jul  6 05:29:00 fw.rodolfoarce.local /usr/sbin/cron[62571]: (root) CMD (/usr/sbin/newsyslog)
Jul  6 05:29:00 fw.rodolfoarce.local filterlog[32783]: 4,,,1000000103,vtnet0,match,block,in,4,0x0,,47,55773,0,DF,17,udp,71,137.184.113.194,10.255.255.1,35567,53,51
Jul  6 05:29:00 fw.rodolfoarce.local filterlog[32783]: 4,,,1000000103,vtnet0,match,block,in,4,0x0,,47,55790,0,DF,17,udp,60,137.184.113.194,10.255.255.1,35567,53,40
Jul  6 05:29:00 fw.rodolfoarce.local filterlog[32783]: 4,,,1000000103,vtnet0,match,block,in,4,0x0,,47,55841,0,DF,17,udp,71,137.184.113.194,10.255.255.1,35567,53,51
Jul  6 05:29:00 fw.rodolfoarce.local dhclient[10762]: DHCPDISCOVER on vtnet0 to 255.255.255.255 port 67 interval 2
Jul  6 05:29:01 fw.rodolfoarce.local filterlog[32783]: 4,,,1000000103,vtnet0,match,block,in,4,0x0,,47,55976,0,DF,17,udp,60,137.184.113.194,10.255.255.1,35567,53,40
Jul  6 05:29:02 fw.rodolfoarce.local dhclient[10762]: DHCPDISCOVER on vtnet0 to 255.255.255.255 port 67 interval 3
Jul  6 05:29:02 fw.rodolfoarce.local filterlog[32783]: 4,,,1000000103,vtnet0,match,block,in,4,0x0,,47,56131,0,DF,17,udp,71,137.184.113.194,10.255.255.1,35567,53,51
Jul  6 05:29:03 fw.rodolfoarce.local filterlog[32783]: 4,,,1000000103,vtnet0,match,block,in,4,0x0,,47,56219,0,DF,17,udp,60,137.184.113.194,10.255.255.1,35567,53,40
Jul  6 05:29:05 fw.rodolfoarce.local dhclient[10762]: DHCPDISCOVER on vtnet0 to 255.255.255.255 port 67 interval 5
Jul  6 05:29:05 fw.rodolfoarce.local filterlog[32783]: 4,,,1000000103,vtnet0,match,block,in,4,0x0,,47,56304,0,DF,17,udp,71,137.184.113.194,10.255.255.1,35567,53,51
Jul  6 05:29:06 fw.rodolfoarce.local filterlog[32783]: 4,,,1000000103,vtnet0,match,block,in,4,0x0,,47,56558,0,DF,17,udp,60,137.184.113.194,10.255.255.1,35567,53,40
Jul  6 05:29:08 fw.rodolfoarce.local filterlog[32783]: 4,,,1000000103,vtnet0,match,block,in,4,0x0,,47,56882,0,DF,17,udp,71,137.184.113.194,10.255.255.1,35567,53,51
Jul  6 05:29:10 fw.rodolfoarce.local dhclient[10762]: DHCPDISCOVER on vtnet0 to 255.255.255.255 port 67 interval 5
Jul  6 05:29:11 fw.rodolfoarce.local filterlog[32783]: 4,,,1000000103,vtnet0,match,block,in,4,0x0,,47,57176,0,DF,17,udp,60,137.184.113.194,10.255.255.1,35567,53,40
Jul  6 05:29:13 fw.rodolfoarce.local filterlog[32783]: 4,,,1000000103,vtnet0,match,block,in,4,0x0,,47,57522,0,DF,17,udp,71,137.184.113.194,10.255.255.1,35567,53,51
Jul  6 05:29:15 fw.rodolfoarce.local dhclient[10762]: DHCPDISCOVER on vtnet0 to 255.255.255.255 port 67 interval 7
Jul  6 05:29:16 fw.rodolfoarce.local filterlog[32783]: 4,,,1000000103,vtnet0,match,block,in,4,0x0,,47,58004,0,DF,17,udp,71,137.184.113.194,10.255.255.1,35567,53,51
Jul  6 05:29:16 fw.rodolfoarce.local filterlog[32783]: 4,,,1000000103,vtnet0,match,block,in,4,0x0,,47,58066,0,DF,17,udp,60,137.184.113.194,10.255.255.1,35567,53,40
Jul  6 05:29:16 fw.rodolfoarce.local filterlog[32783]: 4,,,1000000103,vtnet0,match,block,in,4,0x0,,47,58122,0,DF,17,udp,71,137.184.113.194,10.255.255.1,35567,53,51
Jul  6 05:29:17 fw.rodolfoarce.local filterlog[32783]: 4,,,1000000103,vtnet0,match,block,in,4,0x0,,47,58244,0,DF,17,udp,60,137.184.113.194,10.255.255.1,35567,53,40
Jul  6 05:29:18 fw.rodolfoarce.local filterlog[32783]: 4,,,1000000103,vtnet0,match,block,in,4,0x0,,47,58266,0,DF,17,udp,71,137.184.113.194,10.255.255.1,35567,53,51
Jul  6 05:29:20 fw.rodolfoarce.local filterlog[32783]: 4,,,1000000103,vtnet0,match,block,in,4,0x0,,47,58414,0,DF,17,udp,60,137.184.113.194,10.255.255.1,35567,53,40
Jul  6 05:29:22 fw.rodolfoarce.local filterlog[32783]: 4,,,1000000103,vtnet0,match,block,in,4,0x0,,47,58605,0,DF,17,udp,71,137.184.113.194,10.255.255.1,35567,53,51
Jul  6 05:29:22 fw.rodolfoarce.local dhclient[10762]: DHCPDISCOVER on vtnet0 to 255.255.255.255 port 67 interval 18
Jul  6 05:29:23 fw.rodolfoarce.local filterlog[32783]: 4,,,1000000103,vtnet0,match,block,in,4,0x0,,47,58725,0,DF,17,udp,60,137.184.113.194,10.255.255.1,35567,53,40
Jul  6 05:29:25 fw.rodolfoarce.local filterlog[32783]: 4,,,1000000103,vtnet0,match,block,in,4,0x0,,47,59011,0,DF,17,udp,71,137.184.113.194,10.255.255.1,35567,53,51
Jul  6 05:29:27 fw.rodolfoarce.local filterlog[32783]: 4,,,1000000103,vtnet0,match,block,in,4,0x0,,47,59190,0,DF,17,udp,60,137.184.113.194,10.255.255.1,35567,53,40
Jul  6 05:29:30 fw.rodolfoarce.local filterlog[32783]: 4,,,1000000103,vtnet0,match,block,in,4,0x0,,47,59536,0,DF,17,udp,71,137.184.113.194,10.255.255.1,35567,53,51
Jul  6 05:29:41 fw.rodolfoarce.local dhclient[10762]: DHCPDISCOVER on vtnet0 to 255.255.255.255 port 67 interval 9
Jul  6 05:29:50 fw.rodolfoarce.local dhclient[10762]: DHCPDISCOVER on vtnet0 to 255.255.255.255 port 67 interval 7
Jul  6 05:29:56 fw.rodolfoarce.local dhcp6c[28115]: Sending Solicit
Jul  6 05:29:57 fw.rodolfoarce.local dhclient[10762]: No DHCPOFFERS received.
Jul  6 05:29:57 fw.rodolfoarce.local dhclient[10762]: No working leases in persistent database - sleeping.
Jul  6 01:29:57 fw.rodolfoarce.local dhclient[81088]: FAIL
Jul  6 05:30:00 fw.rodolfoarce.local /usr/sbin/cron[81779]: (root) CMD (/usr/sbin/newsyslog)
Jul  6 05:30:00 fw.rodolfoarce.local /usr/sbin/cron[81619]: (root) CMD (/usr/libexec/atrun)
Jul  6 05:30:12 fw.rodolfoarce.local dhclient[10762]: DHCPDISCOVER on vtnet0 to 255.255.255.255 port 67 interval 1
Jul  6 05:30:13 fw.rodolfoarce.local dhclient[10762]: DHCPDISCOVER on vtnet0 to 255.255.255.255 port 67 interval 2
Jul  6 05:30:15 fw.rodolfoarce.local dhclient[10762]: DHCPDISCOVER on vtnet0 to 255.255.255.255 port 67 interval 2
Jul  6 05:30:17 fw.rodolfoarce.local dhclient[10762]: DHCPDISCOVER on vtnet0 to 255.255.255.255 port 67 interval 5
Jul  6 05:30:22 fw.rodolfoarce.local dhclient[10762]: DHCPDISCOVER on vtnet0 to 255.255.255.255 port 67 interval 12
Jul  6 05:30:34 fw.rodolfoarce.local dhclient[10762]: DHCPDISCOVER on vtnet0 to 255.255.255.255 port 67 interval 13
Jul  6 05:30:47 fw.rodolfoarce.local dhclient[10762]: DHCPDISCOVER on vtnet0 to 255.255.255.255 port 67 interval 10
Jul  6 05:30:57 fw.rodolfoarce.local dhclient[10762]: DHCPDISCOVER on vtnet0 to 255.255.255.255 port 67 interval 12
Jul  6 05:31:00 fw.rodolfoarce.local /usr/sbin/cron[99839]: (root) CMD (/usr/sbin/newsyslog)
Jul  6 05:31:00 fw.rodolfoarce.local /usr/sbin/cron[99603]: (root) CMD (/usr/bin/nice -n20 adjkerntz -a)
Jul  6 05:31:09 fw.rodolfoarce.local dhclient[10762]: DHCPDISCOVER on vtnet0 to 255.255.255.255 port 67 interval 4
Jul  6 05:31:13 fw.rodolfoarce.local dhclient[10762]: No DHCPOFFERS received.
Jul  6 05:31:13 fw.rodolfoarce.local dhclient[10762]: No working leases in persistent database - sleeping.
Jul  6 01:31:13 fw.rodolfoarce.local dhclient[690]: FAIL
Jul  6 05:31:28 fw.rodolfoarce.local dhclient[10762]: DHCPDISCOVER on vtnet0 to 255.255.255.255 port 67 interval 2
Jul  6 05:31:31 fw.rodolfoarce.local dhclient[10762]: DHCPDISCOVER on vtnet0 to 255.255.255.255 port 67 interval 5
Jul  6 05:31:36 fw.rodolfoarce.local dhclient[10762]: DHCPDISCOVER on vtnet0 to 255.255.255.255 port 67 interval 12
Jul  6 05:31:48 fw.rodolfoarce.local dhclient[10762]: DHCPDISCOVER on vtnet0 to 255.255.255.255 port 67 interval 19
Jul  6 05:31:53 fw.rodolfoarce.local dhcp6c[28115]: Sending Solicit
Jul  6 05:32:00 fw.rodolfoarce.local /usr/sbin/cron[18316]: (root) CMD (/usr/sbin/newsyslog)
Jul  6 05:32:07 fw.rodolfoarce.local dhclient[10762]: DHCPDISCOVER on vtnet0 to 255.255.255.255 port 67 interval 18
Jul  6 05:32:25 fw.rodolfoarce.local dhclient[10762]: DHCPDISCOVER on vtnet0 to 255.255.255.255 port 67 interval 4
Jul  6 05:32:29 fw.rodolfoarce.local dhclient[10762]: No DHCPOFFERS received.
Jul  6 05:32:29 fw.rodolfoarce.local dhclient[10762]: No working leases in persistent database - sleeping.
Jul  6 01:32:29 fw.rodolfoarce.local dhclient[18997]: FAIL
Jul  6 05:32:37 fw.rodolfoarce.local filterlog[32783]: 4,,,1000000103,vtnet0,match,block,in,4,0x48,,40,28742,0,DF,6,tcp,60,47.236.242.71,10.255.255.1,52214,22,0,S,718526537,,29200,,mss;sackOK;TS;nop;wscale
Jul  6 05:32:38 fw.rodolfoarce.local filterlog[32783]: 4,,,1000000103,vtnet0,match,block,in,4,0x48,,40,28743,0,DF,6,tcp,60,47.236.242.71,10.255.255.1,52214,22,0,S,718526537,,29200,,mss;sackOK;TS;nop;wscale
Jul  6 05:32:40 fw.rodolfoarce.local filterlog[32783]: 4,,,1000000103,vtnet0,match,block,in,4,0x48,,40,28744,0,DF,6,tcp,60,47.236.242.71,10.255.255.1,52214,22,0,S,718526537,,29200,,mss;sackOK;TS;nop;wscale
Jul  6 05:32:43 fw.rodolfoarce.local filterlog[32783]: 4,,,1000000103,vtnet0,match,block,in,4,0x48,,40,28745,0,DF,6,tcp,60,47.236.242.71,10.255.255.1,52214,22,0,S,718526537,,29200,,mss;sackOK;TS;nop;wscale
Jul  6 05:32:44 fw.rodolfoarce.local dhclient[10762]: DHCPDISCOVER on vtnet0 to 255.255.255.255 port 67 interval 1
Jul  6 05:32:45 fw.rodolfoarce.local dhclient[10762]: DHCPDISCOVER on vtnet0 to 255.255.255.255 port 67 interval 1
Jul  6 05:32:46 fw.rodolfoarce.local dhclient[10762]: DHCPDISCOVER on vtnet0 to 255.255.255.255 port 67 interval 2
Jul  6 05:32:48 fw.rodolfoarce.local dhclient[10762]: DHCPDISCOVER on vtnet0 to 255.255.255.255 port 67 interval 5
Jul  6 05:32:53 fw.rodolfoarce.local dhclient[10762]: DHCPDISCOVER on vtnet0 to 255.255.255.255 port 67 interval 7
Jul  6 05:33:00 fw.rodolfoarce.local /usr/sbin/cron[36559]: (root) CMD (/usr/sbin/newsyslog)
Jul  6 05:33:00 fw.rodolfoarce.local dhclient[10762]: DHCPDISCOVER on vtnet0 to 255.255.255.255 port 67 interval 7
Jul  6 05:33:07 fw.rodolfoarce.local dhclient[10762]: DHCPDISCOVER on vtnet0 to 255.255.255.255 port 67 interval 13
Jul  6 05:33:20 fw.rodolfoarce.local dhclient[10762]: DHCPDISCOVER on vtnet0 to 255.255.255.255 port 67 interval 12
Jul  6 05:33:33 fw.rodolfoarce.local dhclient[10762]: DHCPDISCOVER on vtnet0 to 255.255.255.255 port 67 interval 12
Jul  6 05:33:44 fw.rodolfoarce.local dhcp6c[28115]: Sending Solicit
Jul  6 05:33:45 fw.rodolfoarce.local dhclient[10762]: No DHCPOFFERS received.
Jul  6 05:33:45 fw.rodolfoarce.local dhclient[10762]: No working leases in persistent database - sleeping.
Jul  6 01:33:45 fw.rodolfoarce.local dhclient[37318]: FAIL
Jul  6 05:34:00 fw.rodolfoarce.local /usr/sbin/cron[55543]: (root) CMD (/usr/sbin/newsyslog)
Jul  6 05:34:00 fw.rodolfoarce.local dhclient[10762]: DHCPDISCOVER on vtnet0 to 255.255.255.255 port 67 interval 1
Jul  6 05:34:02 fw.rodolfoarce.local dhclient[10762]: message repeated 2 times: [ DHCPDISCOVER on vtnet0 to 255.255.255.255 port 67 interval 1]
Jul  6 05:34:03 fw.rodolfoarce.local dhclient[10762]: DHCPDISCOVER on vtnet0 to 255.255.255.255 port 67 interval 2
Jul  6 05:34:05 fw.rodolfoarce.local dhclient[10762]: DHCPDISCOVER on vtnet0 to 255.255.255.255 port 67 interval 5
Jul  6 05:34:10 fw.rodolfoarce.local dhclient[10762]: DHCPDISCOVER on vtnet0 to 255.255.255.255 port 67 interval 11
Jul  6 05:34:21 fw.rodolfoarce.local dhclient[10762]: DHCPDISCOVER on vtnet0 to 255.255.255.255 port 67 interval 15
Jul  6 05:34:36 fw.rodolfoarce.local dhclient[10762]: DHCPDISCOVER on vtnet0 to 255.255.255.255 port 67 interval 15
Jul  6 05:34:51 fw.rodolfoarce.local dhclient[10762]: DHCPDISCOVER on vtnet0 to 255.255.255.255 port 67 interval 10
Jul  6 05:35:00 fw.rodolfoarce.local /usr/sbin/cron[73167]: (root) CMD (/usr/sbin/newsyslog)
Jul  6 05:35:00 fw.rodolfoarce.local /usr/sbin/cron[73464]: (root) CMD (/usr/libexec/atrun)
Jul  6 05:35:01 fw.rodolfoarce.local dhclient[10762]: No DHCPOFFERS received.
Jul  6 05:35:01 fw.rodolfoarce.local dhclient[10762]: No working leases in persistent database - sleeping.
Jul  6 01:35:01 fw.rodolfoarce.local dhclient[74289]: FAIL
