Jul  8 10:48:56 fw.rodolfoarce.local dhclient[10762]: No working leases in persistent database - sleeping.
Jul  8 06:48:56 fw.rodolfoarce.local dhclient[59411]: FAIL
Jul  8 10:49:00 fw.rodolfoarce.local /usr/sbin/cron[59661]: (root) CMD (/usr/sbin/newsyslog)
Jul  8 10:49:11 fw.rodolfoarce.local dhclient[10762]: DHCPDISCOVER on vtnet0 to 255.255.255.255 port 67 interval 1
Jul  8 10:49:14 fw.rodolfoarce.local dhclient[10762]: message repeated 3 times: [ DHCPDISCOVER on vtnet0 to 255.255.255.255 port 67 interval 1]
Jul  8 10:49:15 fw.rodolfoarce.local dhclient[10762]: DHCPDISCOVER on vtnet0 to 255.255.255.255 port 67 interval 2
Jul  8 10:49:17 fw.rodolfoarce.local dhclient[10762]: DHCPDISCOVER on vtnet0 to 255.255.255.255 port 67 interval 2
Jul  8 10:49:19 fw.rodolfoarce.local dhclient[10762]: DHCPDISCOVER on vtnet0 to 255.255.255.255 port 67 interval 3
Jul  8 10:49:25 fw.rodolfoarce.local dhclient[10762]: message repeated 2 times: [ DHCPDISCOVER on vtnet0 to 255.255.255.255 port 67 interval 3]
Jul  8 10:49:28 fw.rodolfoarce.local dhclient[10762]: DHCPDISCOVER on vtnet0 to 255.255.255.255 port 67 interval 7
Jul  8 10:49:35 fw.rodolfoarce.local dhclient[10762]: DHCPDISCOVER on vtnet0 to 255.255.255.255 port 67 interval 15
Jul  8 10:49:50 fw.rodolfoarce.local dhclient[10762]: DHCPDISCOVER on vtnet0 to 255.255.255.255 port 67 interval 18
Jul  8 10:49:54 fw.rodolfoarce.local dhcp6c[28115]: Sending Solicit
Jul  8 10:50:00 fw.rodolfoarce.local /usr/sbin/cron[79975]: (root) CMD (/usr/libexec/atrun)
Jul  8 10:50:00 fw.rodolfoarce.local /usr/sbin/cron[79927]: (root) CMD (/usr/sbin/newsyslog)
Jul  8 10:50:09 fw.rodolfoarce.local dhclient[10762]: DHCPDISCOVER on vtnet0 to 255.255.255.255 port 67 interval 3
Jul  8 10:50:12 fw.rodolfoarce.local dhclient[10762]: No DHCPOFFERS received.
Jul  8 10:50:12 fw.rodolfoarce.local dhclient[10762]: No working leases in persistent database - sleeping.
Jul  8 06:50:12 fw.rodolfoarce.local dhclient[81171]: FAIL
Jul  8 10:50:27 fw.rodolfoarce.local dhclient[10762]: DHCPDISCOVER on vtnet0 to 255.255.255.255 port 67 interval 1
Jul  8 10:50:32 fw.rodolfoarce.local dhclient[10762]: message repeated 5 times: [ DHCPDISCOVER on vtnet0 to 255.255.255.255 port 67 interval 1]
Jul  8 10:50:33 fw.rodolfoarce.local dhclient[10762]: DHCPDISCOVER on vtnet0 to 255.255.255.255 port 67 interval 2
Jul  8 10:50:35 fw.rodolfoarce.local dhclient[10762]: DHCPDISCOVER on vtnet0 to 255.255.255.255 port 67 interval 5
Jul  8 10:50:40 fw.rodolfoarce.local dhclient[10762]: DHCPDISCOVER on vtnet0 to 255.255.255.255 port 67 interval 12
Jul  8 10:50:52 fw.rodolfoarce.local dhclient[10762]: DHCPDISCOVER on vtnet0 to 255.255.255.255 port 67 interval 7
Jul  8 10:50:59 fw.rodolfoarce.local dhclient[10762]: DHCPDISCOVER on vtnet0 to 255.255.255.255 port 67 interval 7
Jul  8 10:51:00 fw.rodolfoarce.local /usr/sbin/cron[97320]: (root) CMD (/usr/sbin/newsyslog)
Jul  8 10:51:06 fw.rodolfoarce.local dhclient[10762]: DHCPDISCOVER on vtnet0 to 255.255.255.255 port 67 interval 10
Jul  8 10:51:17 fw.rodolfoarce.local dhclient[10762]: DHCPDISCOVER on vtnet0 to 255.255.255.255 port 67 interval 11
Jul  8 10:51:28 fw.rodolfoarce.local dhclient[10762]: No DHCPOFFERS received.
Jul  8 10:51:28 fw.rodolfoarce.local dhclient[10762]: No working leases in persistent database - sleeping.
Jul  8 06:51:28 fw.rodolfoarce.local dhclient[15658]: FAIL
Jul  8 10:51:43 fw.rodolfoarce.local dhclient[10762]: DHCPDISCOVER on vtnet0 to 255.255.255.255 port 67 interval 2
Jul  8 10:51:45 fw.rodolfoarce.local dhclient[10762]: DHCPDISCOVER on vtnet0 to 255.255.255.255 port 67 interval 4
Jul  8 10:51:49 fw.rodolfoarce.local dhclient[10762]: DHCPDISCOVER on vtnet0 to 255.255.255.255 port 67 interval 11
Jul  8 10:51:59 fw.rodolfoarce.local dhcp6c[28115]: Sending Solicit
Jul  8 10:52:00 fw.rodolfoarce.local /usr/sbin/cron[15958]: (root) CMD (/usr/sbin/newsyslog)
Jul  8 10:52:00 fw.rodolfoarce.local dhclient[10762]: DHCPDISCOVER on vtnet0 to 255.255.255.255 port 67 interval 15
Jul  8 10:52:15 fw.rodolfoarce.local dhclient[10762]: DHCPDISCOVER on vtnet0 to 255.255.255.255 port 67 interval 12
Jul  8 10:52:27 fw.rodolfoarce.local dhclient[10762]: DHCPDISCOVER on vtnet0 to 255.255.255.255 port 67 interval 14
Jul  8 10:52:41 fw.rodolfoarce.local dhclient[10762]: DHCPDISCOVER on vtnet0 to 255.255.255.255 port 67 interval 3
Jul  8 10:52:45 fw.rodolfoarce.local dhclient[10762]: No DHCPOFFERS received.
Jul  8 10:52:45 fw.rodolfoarce.local dhclient[10762]: No working leases in persistent database - sleeping.
Jul  8 06:52:45 fw.rodolfoarce.local dhclient[35775]: FAIL
Jul  8 10:53:00 fw.rodolfoarce.local /usr/sbin/cron[36183]: (root) CMD (/usr/sbin/newsyslog)
Jul  8 10:53:00 fw.rodolfoarce.local dhclient[10762]: DHCPDISCOVER on vtnet0 to 255.255.255.255 port 67 interval 1
Jul  8 10:53:01 fw.rodolfoarce.local dhclient[10762]: DHCPDISCOVER on vtnet0 to 255.255.255.255 port 67 interval 2
Jul  8 10:53:03 fw.rodolfoarce.local dhclient[10762]: DHCPDISCOVER on vtnet0 to 255.255.255.255 port 67 interval 2
Jul  8 10:53:05 fw.rodolfoarce.local dhclient[10762]: DHCPDISCOVER on vtnet0 to 255.255.255.255 port 67 interval 4
Jul  8 10:53:09 fw.rodolfoarce.local dhclient[10762]: DHCPDISCOVER on vtnet0 to 255.255.255.255 port 67 interval 9
Jul  8 10:53:18 fw.rodolfoarce.local dhclient[10762]: DHCPDISCOVER on vtnet0 to 255.255.255.255 port 67 interval 8
Jul  8 10:53:26 fw.rodolfoarce.local dhclient[10762]: DHCPDISCOVER on vtnet0 to 255.255.255.255 port 67 interval 11
Jul  8 10:53:37 fw.rodolfoarce.local dhclient[10762]: DHCPDISCOVER on vtnet0 to 255.255.255.255 port 67 interval 14
Jul  8 10:53:52 fw.rodolfoarce.local dhclient[10762]: DHCPDISCOVER on vtnet0 to 255.255.255.255 port 67 interval 9
Jul  8 10:54:00 fw.rodolfoarce.local /usr/sbin/cron[54342]: (root) CMD (/usr/sbin/newsyslog)
Jul  8 10:54:01 fw.rodolfoarce.local dhclient[10762]: No DHCPOFFERS received.
Jul  8 10:54:01 fw.rodolfoarce.local dhclient[10762]: No working leases in persistent database - sleeping.
Jul  8 06:54:01 fw.rodolfoarce.local dhclient[54961]: FAIL
Jul  8 10:54:06 fw.rodolfoarce.local dhcp6c[28115]: Sending Solicit
Jul  8 10:54:16 fw.rodolfoarce.local dhclient[10762]: DHCPDISCOVER on vtnet0 to 255.255.255.255 port 67 interval 1
Jul  8 10:54:17 fw.rodolfoarce.local dhclient[10762]: DHCPDISCOVER on vtnet0 to 255.255.255.255 port 67 interval 2
Jul  8 10:54:19 fw.rodolfoarce.local dhclient[10762]: DHCPDISCOVER on vtnet0 to 255.255.255.255 port 67 interval 3
Jul  8 10:54:22 fw.rodolfoarce.local dhclient[10762]: DHCPDISCOVER on vtnet0 to 255.255.255.255 port 67 interval 7
Jul  8 10:54:29 fw.rodolfoarce.local dhclient[10762]: DHCPDISCOVER on vtnet0 to 255.255.255.255 port 67 interval 12
Jul  8 10:54:41 fw.rodolfoarce.local dhclient[10762]: DHCPDISCOVER on vtnet0 to 255.255.255.255 port 67 interval 14
Jul  8 10:54:55 fw.rodolfoarce.local dhclient[10762]: DHCPDISCOVER on vtnet0 to 255.255.255.255 port 67 interval 21
Jul  8 10:55:00 fw.rodolfoarce.local /usr/sbin/cron[73751]: (root) CMD (/usr/libexec/atrun)
Jul  8 10:55:00 fw.rodolfoarce.local /usr/sbin/cron[73569]: (root) CMD (/usr/sbin/newsyslog)
Jul  8 10:55:16 fw.rodolfoarce.local dhclient[10762]: DHCPDISCOVER on vtnet0 to 255.255.255.255 port 67 interval 1
Jul  8 10:55:17 fw.rodolfoarce.local dhclient[10762]: No DHCPOFFERS received.
Jul  8 10:55:17 fw.rodolfoarce.local dhclient[10762]: No working leases in persistent database - sleeping.
Jul  8 06:55:17 fw.rodolfoarce.local dhclient[74853]: FAIL
Jul  8 10:55:32 fw.rodolfoarce.local dhclient[10762]: DHCPDISCOVER on vtnet0 to 255.255.255.255 port 67 interval 2
Jul  8 10:55:34 fw.rodolfoarce.local dhclient[10762]: DHCPDISCOVER on vtnet0 to 255.255.255.255 port 67 interval 4
Jul  8 10:55:38 fw.rodolfoarce.local dhclient[10762]: DHCPDISCOVER on vtnet0 to 255.255.255.255 port 67 interval 9
Jul  8 10:55:48 fw.rodolfoarce.local dhclient[10762]: DHCPDISCOVER on vtnet0 to 255.255.255.255 port 67 interval 14
Jul  8 10:56:00 fw.rodolfoarce.local /usr/sbin/cron[92451]: (root) CMD (/usr/sbin/newsyslog)
Jul  8 10:56:01 fw.rodolfoarce.local dhcp6c[28115]: Sending Solicit
Jul  8 10:56:02 fw.rodolfoarce.local dhclient[10762]: DHCPDISCOVER on vtnet0 to 255.255.255.255 port 67 interval 13
Jul  8 10:56:15 fw.rodolfoarce.local dhclient[10762]: DHCPDISCOVER on vtnet0 to 255.255.255.255 port 67 interval 8
Jul  8 10:56:23 fw.rodolfoarce.local dhclient[10762]: DHCPDISCOVER on vtnet0 to 255.255.255.255 port 67 interval 10
Jul  8 10:56:33 fw.rodolfoarce.local dhclient[10762]: No DHCPOFFERS received.
Jul  8 10:56:33 fw.rodolfoarce.local dhclient[10762]: No working leases in persistent database - sleeping.
Jul  8 06:56:33 fw.rodolfoarce.local dhclient[11788]: FAIL
Jul  8 10:56:48 fw.rodolfoarce.local dhclient[10762]: DHCPDISCOVER on vtnet0 to 255.255.255.255 port 67 interval 1
Jul  8 10:56:49 fw.rodolfoarce.local dhclient[10762]: DHCPDISCOVER on vtnet0 to 255.255.255.255 port 67 interval 2
Jul  8 10:56:51 fw.rodolfoarce.local dhclient[10762]: DHCPDISCOVER on vtnet0 to 255.255.255.255 port 67 interval 4
Jul  8 10:56:55 fw.rodolfoarce.local dhclient[10762]: DHCPDISCOVER on vtnet0 to 255.255.255.255 port 67 interval 8
Jul  8 10:57:00 fw.rodolfoarce.local /usr/sbin/cron[11959]: (root) CMD (/usr/sbin/newsyslog)
Jul  8 10:57:03 fw.rodolfoarce.local dhclient[10762]: DHCPDISCOVER on vtnet0 to 255.255.255.255 port 67 interval 13
Jul  8 10:57:16 fw.rodolfoarce.local dhclient[10762]: DHCPDISCOVER on vtnet0 to 255.255.255.255 port 67 interval 16
Jul  8 10:57:32 fw.rodolfoarce.local dhclient[10762]: DHCPDISCOVER on vtnet0 to 255.255.255.255 port 67 interval 7
Jul  8 10:57:39 fw.rodolfoarce.local dhclient[10762]: DHCPDISCOVER on vtnet0 to 255.255.255.255 port 67 interval 10
Jul  8 10:57:49 fw.rodolfoarce.local dhclient[10762]: No DHCPOFFERS received.
Jul  8 10:57:49 fw.rodolfoarce.local dhclient[10762]: No working leases in persistent database - sleeping.
Jul  8 06:57:49 fw.rodolfoarce.local dhclient[31556]: FAIL
Jul  8 10:58:00 fw.rodolfoarce.local /usr/sbin/cron[32101]: (root) CMD (/usr/sbin/newsyslog)
Jul  8 10:58:04 fw.rodolfoarce.local dhclient[10762]: DHCPDISCOVER on vtnet0 to 255.255.255.255 port 67 interval 1
Jul  8 10:58:05 fw.rodolfoarce.local dhclient[10762]: DHCPDISCOVER on vtnet0 to 255.255.255.255 port 67 interval 1
Jul  8 10:58:06 fw.rodolfoarce.local dhcp6c[28115]: Sending Solicit
Jul  8 10:58:06 fw.rodolfoarce.local dhclient[10762]: DHCPDISCOVER on vtnet0 to 255.255.255.255 port 67 interval 1
Jul  8 10:58:08 fw.rodolfoarce.local dhclient[10762]: DHCPDISCOVER on vtnet0 to 255.255.255.255 port 67 interval 2
Jul  8 10:58:10 fw.rodolfoarce.local dhclient[10762]: DHCPDISCOVER on vtnet0 to 255.255.255.255 port 67 interval 4
Jul  8 10:58:14 fw.rodolfoarce.local dhclient[10762]: DHCPDISCOVER on vtnet0 to 255.255.255.255 port 67 interval 5
Jul  8 10:58:19 fw.rodolfoarce.local dhclient[10762]: DHCPDISCOVER on vtnet0 to 255.255.255.255 port 67 interval 8
Jul  8 10:58:27 fw.rodolfoarce.local dhclient[10762]: DHCPDISCOVER on vtnet0 to 255.255.255.255 port 67 interval 20
Jul  8 10:58:47 fw.rodolfoarce.local dhclient[10762]: DHCPDISCOVER on vtnet0 to 255.255.255.255 port 67 interval 18
Jul  8 10:59:00 fw.rodolfoarce.local /usr/sbin/cron[51254]: (root) CMD (/usr/sbin/newsyslog)
Jul  8 10:59:05 fw.rodolfoarce.local dhclient[10762]: No DHCPOFFERS received.
Jul  8 10:59:05 fw.rodolfoarce.local dhclient[10762]: No working leases in persistent database - sleeping.
Jul  8 06:59:05 fw.rodolfoarce.local dhclient[52365]: FAIL
Jul  8 10:59:09 fw.rodolfoarce.local filterlog[32783]: 4,,,1000000103,vtnet0,match,block,in,4,0x0,,47,53509,0,DF,17,udp,60,147.182.205.156,10.255.255.1,40388,53,40
Jul  8 10:59:10 fw.rodolfoarce.local filterlog[32783]: 4,,,1000000103,vtnet0,match,block,in,4,0x0,,47,53621,0,DF,17,udp,71,147.182.205.156,10.255.255.1,40388,53,51
Jul  8 10:59:10 fw.rodolfoarce.local filterlog[32783]: 4,,,1000000103,vtnet0,match,block,in,4,0x0,,47,53698,0,DF,17,udp,60,147.182.205.156,10.255.255.1,40388,53,40
Jul  8 10:59:11 fw.rodolfoarce.local filterlog[32783]: 4,,,1000000103,vtnet0,match,block,in,4,0x0,,47,53866,0,DF,17,udp,71,147.182.205.156,10.255.255.1,40388,53,51
Jul  8 10:59:13 fw.rodolfoarce.local filterlog[32783]: 4,,,1000000103,vtnet0,match,block,in,4,0x0,,47,54029,0,DF,17,udp,60,147.182.205.156,10.255.255.1,40388,53,40
Jul  8 10:59:15 fw.rodolfoarce.local filterlog[32783]: 4,,,1000000103,vtnet0,match,block,in,4,0x0,,47,54185,0,DF,17,udp,71,147.182.205.156,10.255.255.1,40388,53,51
Jul  8 10:59:16 fw.rodolfoarce.local filterlog[32783]: 4,,,1000000103,vtnet0,match,block,in,4,0x0,,47,54188,0,DF,17,udp,60,147.182.205.156,10.255.255.1,40388,53,40
Jul  8 10:59:18 fw.rodolfoarce.local filterlog[32783]: 4,,,1000000103,vtnet0,match,block,in,4,0x0,,47,54263,0,DF,17,udp,71,147.182.205.156,10.255.255.1,40388,53,51
Jul  8 10:59:20 fw.rodolfoarce.local dhclient[10762]: DHCPDISCOVER on vtnet0 to 255.255.255.255 port 67 interval 2
Jul  8 10:59:21 fw.rodolfoarce.local filterlog[32783]: 4,,,1000000103,vtnet0,match,block,in,4,0x0,,47,54304,0,DF,17,udp,60,147.182.205.156,10.255.255.1,40388,53,40
Jul  8 10:59:22 fw.rodolfoarce.local dhclient[10762]: DHCPDISCOVER on vtnet0 to 255.255.255.255 port 67 interval 5
Jul  8 10:59:23 fw.rodolfoarce.local filterlog[32783]: 4,,,1000000103,vtnet0,match,block,in,4,0x0,,47,54637,0,DF,17,udp,71,147.182.205.156,10.255.255.1,40388,53,51
Jul  8 10:59:26 fw.rodolfoarce.local filterlog[32783]: 4,,,1000000103,vtnet0,match,block,in,4,0x0,,47,55089,0,DF,17,udp,71,147.182.205.156,10.255.255.1,40388,53,51
Jul  8 10:59:26 fw.rodolfoarce.local filterlog[32783]: 4,,,1000000103,vtnet0,match,block,in,4,0x0,,47,55147,0,DF,17,udp,60,147.182.205.156,10.255.255.1,40388,53,40
Jul  8 10:59:27 fw.rodolfoarce.local filterlog[32783]: 4,,,1000000103,vtnet0,match,block,in,4,0x0,,47,55156,0,DF,17,udp,71,147.182.205.156,10.255.255.1,40388,53,51
Jul  8 10:59:27 fw.rodolfoarce.local filterlog[32783]: 4,,,1000000103,vtnet0,match,block,in,4,0x0,,47,55243,0,DF,17,udp,60,147.182.205.156,10.255.255.1,40388,53,40
Jul  8 10:59:27 fw.rodolfoarce.local dhclient[10762]: DHCPDISCOVER on vtnet0 to 255.255.255.255 port 67 interval 7
Jul  8 10:59:28 fw.rodolfoarce.local filterlog[32783]: 4,,,1000000103,vtnet0,match,block,in,4,0x0,,47,55333,0,DF,17,udp,71,147.182.205.156,10.255.255.1,40388,53,51
Jul  8 10:59:30 fw.rodolfoarce.local filterlog[32783]: 4,,,1000000103,vtnet0,match,block,in,4,0x0,,47,55341,0,DF,17,udp,60,147.182.205.156,10.255.255.1,40388,53,40
Jul  8 10:59:31 fw.rodolfoarce.local filterlog[32783]: 4,,,1000000103,vtnet0,match,block,in,4,0x0,,47,55617,0,DF,17,udp,71,147.182.205.156,10.255.255.1,40388,53,51
Jul  8 10:59:33 fw.rodolfoarce.local filterlog[32783]: 4,,,1000000103,vtnet0,match,block,in,4,0x0,,47,55926,0,DF,17,udp,60,147.182.205.156,10.255.255.1,40388,53,40
Jul  8 10:59:35 fw.rodolfoarce.local dhclient[10762]: DHCPDISCOVER on vtnet0 to 255.255.255.255 port 67 interval 11
Jul  8 10:59:35 fw.rodolfoarce.local filterlog[32783]: 4,,,1000000103,vtnet0,match,block,in,4,0x0,,47,56074,0,DF,17,udp,71,147.182.205.156,10.255.255.1,40388,53,51
Jul  8 10:59:38 fw.rodolfoarce.local filterlog[32783]: 4,,,1000000103,vtnet0,match,block,in,4,0x0,,47,56275,0,DF,17,udp,60,147.182.205.156,10.255.255.1,40388,53,40
Jul  8 10:59:40 fw.rodolfoarce.local filterlog[32783]: 4,,,1000000103,vtnet0,match,block,in,4,0x0,,47,56786,0,DF,17,udp,71,147.182.205.156,10.255.255.1,40388,53,51
Jul  8 10:59:43 fw.rodolfoarce.local filterlog[32783]: 4,,,1000000103,vtnet0,match,block,in,4,0x0,,47,57152,0,DF,17,udp,71,147.182.205.156,10.255.255.1,40388,53,51
Jul  8 10:59:43 fw.rodolfoarce.local filterlog[32783]: 4,,,1000000103,vtnet0,match,block,in,4,0x0,,47,57203,0,DF,17,udp,60,147.182.205.156,10.255.255.1,40388,53,40
Jul  8 10:59:44 fw.rodolfoarce.local filterlog[32783]: 4,,,1000000103,vtnet0,match,block,in,4,0x0,,47,57273,0,DF,17,udp,71,147.182.205.156,10.255.255.1,40388,53,51
Jul  8 10:59:44 fw.rodolfoarce.local filterlog[32783]: 4,,,1000000103,vtnet0,match,block,in,4,0x0,,47,57443,0,DF,17,udp,60,147.182.205.156,10.255.255.1,40388,53,40
Jul  8 10:59:45 fw.rodolfoarce.local filterlog[32783]: 4,,,1000000103,vtnet0,match,block,in,4,0x0,,47,57565,0,DF,17,udp,71,147.182.205.156,10.255.255.1,40388,53,51
Jul  8 10:59:46 fw.rodolfoarce.local dhclient[10762]: DHCPDISCOVER on vtnet0 to 255.255.255.255 port 67 interval 20
Jul  8 10:59:47 fw.rodolfoarce.local filterlog[32783]: 4,,,1000000103,vtnet0,match,block,in,4,0x0,,47,57680,0,DF,17,udp,60,147.182.205.156,10.255.255.1,40388,53,40
Jul  8 10:59:48 fw.rodolfoarce.local filterlog[32783]: 4,,,1000000103,vtnet0,match,block,in,4,0x0,,47,57818,0,DF,17,udp,71,147.182.205.156,10.255.255.1,40388,53,51
Jul  8 10:59:50 fw.rodolfoarce.local filterlog[32783]: 4,,,1000000103,vtnet0,match,block,in,4,0x0,,47,58113,0,DF,17,udp,60,147.182.205.156,10.255.255.1,40388,53,40
Jul  8 10:59:52 fw.rodolfoarce.local filterlog[32783]: 4,,,1000000103,vtnet0,match,block,in,4,0x0,,47,58319,0,DF,17,udp,71,147.182.205.156,10.255.255.1,40388,53,51
Jul  8 10:59:54 fw.rodolfoarce.local filterlog[32783]: 4,,,1000000103,vtnet0,match,block,in,4,0x0,,47,58680,0,DF,17,udp,60,147.182.205.156,10.255.255.1,40388,53,40
Jul  8 10:59:56 fw.rodolfoarce.local dhcp6c[28115]: Sending Solicit
Jul  8 10:59:56 fw.rodolfoarce.local filterlog[32783]: 4,,,1000000103,vtnet0,match,block,in,4,0x0,,47,59282,0,DF,17,udp,71,147.182.205.156,10.255.255.1,40388,53,51
Jul  8 11:00:00 fw.rodolfoarce.local /usr/sbin/cron[69294]: (root) CMD (/usr/bin/nice -n20 /usr/local/sbin/expiretable -v -t 3600 virusprot)
Jul  8 11:00:00 fw.rodolfoarce.local /usr/sbin/cron[69404]: (root) CMD (/usr/sbin/newsyslog)
Jul  8 11:00:00 fw.rodolfoarce.local /usr/sbin/cron[69666]: (root) CMD (/usr/libexec/atrun)
Jul  8 11:00:06 fw.rodolfoarce.local dhclient[10762]: DHCPDISCOVER on vtnet0 to 255.255.255.255 port 67 interval 9
Jul  8 11:00:15 fw.rodolfoarce.local dhclient[10762]: DHCPDISCOVER on vtnet0 to 255.255.255.255 port 67 interval 6
Jul  8 11:00:21 fw.rodolfoarce.local dhclient[10762]: No DHCPOFFERS received.
Jul  8 11:00:21 fw.rodolfoarce.local dhclient[10762]: No working leases in persistent database - sleeping.
Jul  8 07:00:21 fw.rodolfoarce.local dhclient[70493]: FAIL
Jul  8 11:00:36 fw.rodolfoarce.local dhclient[10762]: DHCPDISCOVER on vtnet0 to 255.255.255.255 port 67 interval 1
Jul  8 11:00:37 fw.rodolfoarce.local dhclient[10762]: DHCPDISCOVER on vtnet0 to 255.255.255.255 port 67 interval 2
Jul  8 11:00:39 fw.rodolfoarce.local dhclient[10762]: DHCPDISCOVER on vtnet0 to 255.255.255.255 port 67 interval 5
Jul  8 11:00:44 fw.rodolfoarce.local dhclient[10762]: DHCPDISCOVER on vtnet0 to 255.255.255.255 port 67 interval 5
Jul  8 11:00:49 fw.rodolfoarce.local dhclient[10762]: DHCPDISCOVER on vtnet0 to 255.255.255.255 port 67 interval 9
Jul  8 11:00:59 fw.rodolfoarce.local dhclient[10762]: DHCPDISCOVER on vtnet0 to 255.255.255.255 port 67 interval 14
Jul  8 11:01:00 fw.rodolfoarce.local /usr/sbin/cron[88428]: (root) CMD (/usr/sbin/newsyslog)
Jul  8 11:01:13 fw.rodolfoarce.local dhclient[10762]: DHCPDISCOVER on vtnet0 to 255.255.255.255 port 67 interval 8
Jul  8 11:01:21 fw.rodolfoarce.local dhclient[10762]: DHCPDISCOVER on vtnet0 to 255.255.255.255 port 67 interval 13
Jul  8 11:01:34 fw.rodolfoarce.local dhclient[10762]: DHCPDISCOVER on vtnet0 to 255.255.255.255 port 67 interval 3
Jul  8 11:01:37 fw.rodolfoarce.local dhclient[10762]: No DHCPOFFERS received.
Jul  8 11:01:37 fw.rodolfoarce.local dhclient[10762]: No working leases in persistent database - sleeping.
Jul  8 07:01:37 fw.rodolfoarce.local dhclient[6975]: FAIL
Jul  8 11:01:52 fw.rodolfoarce.local dhclient[10762]: DHCPDISCOVER on vtnet0 to 255.255.255.255 port 67 interval 2
Jul  8 11:01:54 fw.rodolfoarce.local dhclient[10762]: DHCPDISCOVER on vtnet0 to 255.255.255.255 port 67 interval 5
Jul  8 11:01:59 fw.rodolfoarce.local dhclient[10762]: DHCPDISCOVER on vtnet0 to 255.255.255.255 port 67 interval 11
Jul  8 11:02:00 fw.rodolfoarce.local /usr/sbin/cron[7370]: (root) CMD (/usr/sbin/newsyslog)
Jul  8 11:02:04 fw.rodolfoarce.local dhcp6c[28115]: Sending Solicit
Jul  8 11:02:10 fw.rodolfoarce.local dhclient[10762]: DHCPDISCOVER on vtnet0 to 255.255.255.255 port 67 interval 14
Jul  8 11:02:24 fw.rodolfoarce.local dhclient[10762]: DHCPDISCOVER on vtnet0 to 255.255.255.255 port 67 interval 9
Jul  8 11:02:33 fw.rodolfoarce.local dhclient[10762]: DHCPDISCOVER on vtnet0 to 255.255.255.255 port 67 interval 11
Jul  8 11:02:45 fw.rodolfoarce.local dhclient[10762]: DHCPDISCOVER on vtnet0 to 255.255.255.255 port 67 interval 8
Jul  8 11:02:53 fw.rodolfoarce.local dhclient[10762]: No DHCPOFFERS received.
Jul  8 11:02:53 fw.rodolfoarce.local dhclient[10762]: No working leases in persistent database - sleeping.
Jul  8 07:02:53 fw.rodolfoarce.local dhclient[27905]: FAIL
Jul  8 11:03:00 fw.rodolfoarce.local /usr/sbin/cron[27994]: (root) CMD (/usr/sbin/newsyslog)
Jul  8 11:03:08 fw.rodolfoarce.local dhclient[10762]: DHCPDISCOVER on vtnet0 to 255.255.255.255 port 67 interval 1
Jul  8 11:03:09 fw.rodolfoarce.local dhclient[10762]: DHCPDISCOVER on vtnet0 to 255.255.255.255 port 67 interval 1
Jul  8 11:03:10 fw.rodolfoarce.local dhclient[10762]: DHCPDISCOVER on vtnet0 to 255.255.255.255 port 67 interval 2
Jul  8 11:03:12 fw.rodolfoarce.local dhclient[10762]: DHCPDISCOVER on vtnet0 to 255.255.255.255 port 67 interval 3
Jul  8 11:03:15 fw.rodolfoarce.local dhclient[10762]: DHCPDISCOVER on vtnet0 to 255.255.255.255 port 67 interval 6
Jul  8 11:03:21 fw.rodolfoarce.local dhclient[10762]: DHCPDISCOVER on vtnet0 to 255.255.255.255 port 67 interval 9
Jul  8 11:03:30 fw.rodolfoarce.local dhclient[10762]: DHCPDISCOVER on vtnet0 to 255.255.255.255 port 67 interval 9
Jul  8 11:03:39 fw.rodolfoarce.local dhclient[10762]: DHCPDISCOVER on vtnet0 to 255.255.255.255 port 67 interval 11
Jul  8 11:03:50 fw.rodolfoarce.local dhclient[10762]: DHCPDISCOVER on vtnet0 to 255.255.255.255 port 67 interval 11
Jul  8 11:03:55 fw.rodolfoarce.local dhcp6c[28115]: Sending Solicit
Jul  8 11:04:00 fw.rodolfoarce.local /usr/sbin/cron[48235]: (root) CMD (/usr/sbin/newsyslog)
Jul  8 11:04:01 fw.rodolfoarce.local dhclient[10762]: DHCPDISCOVER on vtnet0 to 255.255.255.255 port 67 interval 8
Jul  8 11:04:09 fw.rodolfoarce.local dhclient[10762]: No DHCPOFFERS received.
Jul  8 11:04:09 fw.rodolfoarce.local dhclient[10762]: No working leases in persistent database - sleeping.
Jul  8 07:04:09 fw.rodolfoarce.local dhclient[49039]: FAIL
Jul  8 11:04:24 fw.rodolfoarce.local dhclient[10762]: DHCPDISCOVER on vtnet0 to 255.255.255.255 port 67 interval 1
Jul  8 11:04:25 fw.rodolfoarce.local dhclient[10762]: DHCPDISCOVER on vtnet0 to 255.255.255.255 port 67 interval 2
Jul  8 11:04:27 fw.rodolfoarce.local dhclient[10762]: DHCPDISCOVER on vtnet0 to 255.255.255.255 port 67 interval 2
Jul  8 11:04:30 fw.rodolfoarce.local dhclient[10762]: DHCPDISCOVER on vtnet0 to 255.255.255.255 port 67 interval 5
Jul  8 11:04:35 fw.rodolfoarce.local dhclient[10762]: DHCPDISCOVER on vtnet0 to 255.255.255.255 port 67 interval 11
Jul  8 11:04:46 fw.rodolfoarce.local dhclient[10762]: DHCPDISCOVER on vtnet0 to 255.255.255.255 port 67 interval 9
Jul  8 11:04:55 fw.rodolfoarce.local dhclient[10762]: DHCPDISCOVER on vtnet0 to 255.255.255.255 port 67 interval 15
Jul  8 11:05:00 fw.rodolfoarce.local /usr/sbin/cron[67078]: (root) CMD (/usr/sbin/newsyslog)
Jul  8 11:05:00 fw.rodolfoarce.local /usr/sbin/cron[67139]: (root) CMD (/usr/libexec/atrun)
Jul  8 11:05:10 fw.rodolfoarce.local dhclient[10762]: DHCPDISCOVER on vtnet0 to 255.255.255.255 port 67 interval 13
Jul  8 11:05:23 fw.rodolfoarce.local dhclient[10762]: DHCPDISCOVER on vtnet0 to 255.255.255.255 port 67 interval 2
Jul  8 11:05:25 fw.rodolfoarce.local dhclient[10762]: No DHCPOFFERS received.
Jul  8 11:05:25 fw.rodolfoarce.local dhclient[10762]: No working leases in persistent database - sleeping.
Jul  8 07:05:25 fw.rodolfoarce.local dhclient[68011]: FAIL
Jul  8 11:05:40 fw.rodolfoarce.local dhclient[10762]: DHCPDISCOVER on vtnet0 to 255.255.255.255 port 67 interval 2
Jul  8 11:05:42 fw.rodolfoarce.local dhclient[10762]: DHCPDISCOVER on vtnet0 to 255.255.255.255 port 67 interval 4
Jul  8 11:05:46 fw.rodolfoarce.local dhclient[10762]: DHCPDISCOVER on vtnet0 to 255.255.255.255 port 67 interval 7
Jul  8 11:05:54 fw.rodolfoarce.local dhclient[10762]: DHCPDISCOVER on vtnet0 to 255.255.255.255 port 67 interval 7
Jul  8 11:06:00 fw.rodolfoarce.local /usr/sbin/cron[86942]: (root) CMD (/usr/sbin/newsyslog)
Jul  8 11:06:01 fw.rodolfoarce.local dhclient[10762]: DHCPDISCOVER on vtnet0 to 255.255.255.255 port 67 interval 12
Jul  8 11:06:04 fw.rodolfoarce.local dhcp6c[28115]: Sending Solicit
Jul  8 11:06:13 fw.rodolfoarce.local dhclient[10762]: DHCPDISCOVER on vtnet0 to 255.255.255.255 port 67 interval 10
Jul  8 11:06:23 fw.rodolfoarce.local dhclient[10762]: DHCPDISCOVER on vtnet0 to 255.255.255.255 port 67 interval 11
Jul  8 11:06:34 fw.rodolfoarce.local dhclient[10762]: DHCPDISCOVER on vtnet0 to 255.255.255.255 port 67 interval 7
Jul  8 11:06:41 fw.rodolfoarce.local dhclient[10762]: No DHCPOFFERS received.
Jul  8 11:06:41 fw.rodolfoarce.local dhclient[10762]: No working leases in persistent database - sleeping.
Jul  8 07:06:41 fw.rodolfoarce.local dhclient[5163]: FAIL
Jul  8 11:06:56 fw.rodolfoarce.local dhclient[10762]: DHCPDISCOVER on vtnet0 to 255.255.255.255 port 67 interval 2
Jul  8 11:06:58 fw.rodolfoarce.local dhclient[10762]: DHCPDISCOVER on vtnet0 to 255.255.255.255 port 67 interval 4
Jul  8 11:07:00 fw.rodolfoarce.local /usr/sbin/cron[5655]: (root) CMD (/usr/sbin/newsyslog)
Jul  8 11:07:02 fw.rodolfoarce.local dhclient[10762]: DHCPDISCOVER on vtnet0 to 255.255.255.255 port 67 interval 9
Jul  8 11:07:11 fw.rodolfoarce.local dhclient[10762]: DHCPDISCOVER on vtnet0 to 255.255.255.255 port 67 interval 14
Jul  8 11:07:25 fw.rodolfoarce.local dhclient[10762]: DHCPDISCOVER on vtnet0 to 255.255.255.255 port 67 interval 18
Jul  8 11:07:43 fw.rodolfoarce.local dhclient[10762]: DHCPDISCOVER on vtnet0 to 255.255.255.255 port 67 interval 14
Jul  8 11:07:57 fw.rodolfoarce.local dhclient[10762]: No DHCPOFFERS received.
Jul  8 11:07:57 fw.rodolfoarce.local dhclient[10762]: No working leases in persistent database - sleeping.
Jul  8 07:07:57 fw.rodolfoarce.local dhclient[26467]: FAIL
Jul  8 11:08:00 fw.rodolfoarce.local /usr/sbin/cron[26859]: (root) CMD (/usr/sbin/newsyslog)
Jul  8 11:08:12 fw.rodolfoarce.local dhclient[10762]: DHCPDISCOVER on vtnet0 to 255.255.255.255 port 67 interval 2
Jul  8 11:08:14 fw.rodolfoarce.local dhclient[10762]: DHCPDISCOVER on vtnet0 to 255.255.255.255 port 67 interval 2
Jul  8 11:08:15 fw.rodolfoarce.local dhcp6c[28115]: Sending Solicit
Jul  8 11:08:16 fw.rodolfoarce.local dhclient[10762]: DHCPDISCOVER on vtnet0 to 255.255.255.255 port 67 interval 2
Jul  8 11:08:18 fw.rodolfoarce.local dhclient[10762]: DHCPDISCOVER on vtnet0 to 255.255.255.255 port 67 interval 2
Jul  8 11:08:21 fw.rodolfoarce.local dhclient[10762]: DHCPDISCOVER on vtnet0 to 255.255.255.255 port 67 interval 4
Jul  8 11:08:25 fw.rodolfoarce.local dhclient[10762]: DHCPDISCOVER on vtnet0 to 255.255.255.255 port 67 interval 9
Jul  8 11:08:34 fw.rodolfoarce.local dhclient[10762]: DHCPDISCOVER on vtnet0 to 255.255.255.255 port 67 interval 14
Jul  8 11:08:48 fw.rodolfoarce.local dhclient[10762]: DHCPDISCOVER on vtnet0 to 255.255.255.255 port 67 interval 12
Jul  8 11:09:00 fw.rodolfoarce.local /usr/sbin/cron[46887]: (root) CMD (/usr/sbin/newsyslog)
Jul  8 11:09:00 fw.rodolfoarce.local dhclient[10762]: DHCPDISCOVER on vtnet0 to 255.255.255.255 port 67 interval 12
Jul  8 11:09:12 fw.rodolfoarce.local dhclient[10762]: DHCPDISCOVER on vtnet0 to 255.255.255.255 port 67 interval 1
Jul  8 11:09:13 fw.rodolfoarce.local dhclient[10762]: No DHCPOFFERS received.
Jul  8 11:09:13 fw.rodolfoarce.local dhclient[10762]: No working leases in persistent database - sleeping.
Jul  8 07:09:13 fw.rodolfoarce.local dhclient[48175]: FAIL
Jul  8 11:09:28 fw.rodolfoarce.local dhclient[10762]: DHCPDISCOVER on vtnet0 to 255.255.255.255 port 67 interval 2
Jul  8 11:09:30 fw.rodolfoarce.local dhclient[10762]: DHCPDISCOVER on vtnet0 to 255.255.255.255 port 67 interval 3
Jul  8 11:09:39 fw.rodolfoarce.local dhclient[10762]: message repeated 3 times: [ DHCPDISCOVER on vtnet0 to 255.255.255.255 port 67 interval 3]
Jul  8 11:09:42 fw.rodolfoarce.local dhclient[10762]: DHCPDISCOVER on vtnet0 to 255.255.255.255 port 67 interval 8
Jul  8 11:09:48 fw.rodolfoarce.local filterlog[32783]: 4,,,1000000103,vtnet0,match,block,in,4,0x48,,236,54321,0,none,6,tcp,40,8.213.41.202,10.255.255.1,18694,22,0,S,3227724914,,65535,,
Jul  8 11:09:50 fw.rodolfoarce.local dhclient[10762]: DHCPDISCOVER on vtnet0 to 255.255.255.255 port 67 interval 19
Jul  8 11:10:00 fw.rodolfoarce.local /usr/sbin/cron[66865]: (root) CMD (/usr/sbin/newsyslog)
Jul  8 11:10:00 fw.rodolfoarce.local /usr/sbin/cron[66866]: (root) CMD (/usr/libexec/atrun)
Jul  8 11:10:10 fw.rodolfoarce.local dhclient[10762]: DHCPDISCOVER on vtnet0 to 255.255.255.255 port 67 interval 10
Jul  8 11:10:11 fw.rodolfoarce.local dhcp6c[28115]: Sending Solicit
Jul  8 11:10:20 fw.rodolfoarce.local dhclient[10762]: DHCPDISCOVER on vtnet0 to 255.255.255.255 port 67 interval 9
Jul  8 11:10:29 fw.rodolfoarce.local dhclient[10762]: No DHCPOFFERS received.
Jul  8 11:10:29 fw.rodolfoarce.local dhclient[10762]: No working leases in persistent database - sleeping.
Jul  8 07:10:29 fw.rodolfoarce.local dhclient[67711]: FAIL
Jul  8 11:10:44 fw.rodolfoarce.local dhclient[10762]: DHCPDISCOVER on vtnet0 to 255.255.255.255 port 67 interval 2
Jul  8 11:10:46 fw.rodolfoarce.local dhclient[10762]: DHCPDISCOVER on vtnet0 to 255.255.255.255 port 67 interval 3
Jul  8 11:10:52 fw.rodolfoarce.local dhclient[10762]: message repeated 2 times: [ DHCPDISCOVER on vtnet0 to 255.255.255.255 port 67 interval 3]
Jul  8 11:10:55 fw.rodolfoarce.local dhclient[10762]: DHCPDISCOVER on vtnet0 to 255.255.255.255 port 67 interval 8
Jul  8 11:11:00 fw.rodolfoarce.local /usr/sbin/cron[85058]: (root) CMD (/usr/sbin/newsyslog)
Jul  8 11:11:03 fw.rodolfoarce.local dhclient[10762]: DHCPDISCOVER on vtnet0 to 255.255.255.255 port 67 interval 17
Jul  8 11:11:21 fw.rodolfoarce.local dhclient[10762]: DHCPDISCOVER on vtnet0 to 255.255.255.255 port 67 interval 8
Jul  8 11:11:29 fw.rodolfoarce.local dhclient[10762]: DHCPDISCOVER on vtnet0 to 255.255.255.255 port 67 interval 12
Jul  8 11:11:41 fw.rodolfoarce.local dhclient[10762]: DHCPDISCOVER on vtnet0 to 255.255.255.255 port 67 interval 4
Jul  8 11:11:45 fw.rodolfoarce.local dhclient[10762]: No DHCPOFFERS received.
Jul  8 11:11:45 fw.rodolfoarce.local dhclient[10762]: No working leases in persistent database - sleeping.
Jul  8 07:11:45 fw.rodolfoarce.local dhclient[2472]: FAIL
Jul  8 11:12:00 fw.rodolfoarce.local /usr/sbin/cron[2818]: (root) CMD (/usr/sbin/newsyslog)
Jul  8 11:12:00 fw.rodolfoarce.local dhclient[10762]: DHCPDISCOVER on vtnet0 to 255.255.255.255 port 67 interval 1
Jul  8 11:12:01 fw.rodolfoarce.local dhclient[10762]: DHCPDISCOVER on vtnet0 to 255.255.255.255 port 67 interval 2
Jul  8 11:12:03 fw.rodolfoarce.local dhclient[10762]: DHCPDISCOVER on vtnet0 to 255.255.255.255 port 67 interval 2
Jul  8 11:12:05 fw.rodolfoarce.local dhclient[10762]: DHCPDISCOVER on vtnet0 to 255.255.255.255 port 67 interval 4
Jul  8 11:12:06 fw.rodolfoarce.local dhcp6c[28115]: Sending Solicit
Jul  8 11:12:09 fw.rodolfoarce.local dhclient[10762]: DHCPDISCOVER on vtnet0 to 255.255.255.255 port 67 interval 6
Jul  8 11:12:15 fw.rodolfoarce.local dhclient[10762]: DHCPDISCOVER on vtnet0 to 255.255.255.255 port 67 interval 8
Jul  8 11:12:23 fw.rodolfoarce.local dhclient[10762]: DHCPDISCOVER on vtnet0 to 255.255.255.255 port 67 interval 19
Jul  8 11:12:43 fw.rodolfoarce.local dhclient[10762]: DHCPDISCOVER on vtnet0 to 255.255.255.255 port 67 interval 8
Jul  8 11:12:51 fw.rodolfoarce.local dhclient[10762]: DHCPDISCOVER on vtnet0 to 255.255.255.255 port 67 interval 10
Jul  8 11:13:00 fw.rodolfoarce.local /usr/sbin/cron[20680]: (root) CMD (/usr/sbin/newsyslog)
Jul  8 11:13:01 fw.rodolfoarce.local dhclient[10762]: No DHCPOFFERS received.
Jul  8 11:13:01 fw.rodolfoarce.local dhclient[10762]: No working leases in persistent database - sleeping.
Jul  8 07:13:01 fw.rodolfoarce.local dhclient[21791]: FAIL
Jul  8 11:13:16 fw.rodolfoarce.local dhclient[10762]: DHCPDISCOVER on vtnet0 to 255.255.255.255 port 67 interval 2
Jul  8 11:13:18 fw.rodolfoarce.local dhclient[10762]: DHCPDISCOVER on vtnet0 to 255.255.255.255 port 67 interval 3
Jul  8 11:13:21 fw.rodolfoarce.local dhclient[10762]: DHCPDISCOVER on vtnet0 to 255.255.255.255 port 67 interval 6
Jul  8 11:13:27 fw.rodolfoarce.local dhclient[10762]: DHCPDISCOVER on vtnet0 to 255.255.255.255 port 67 interval 11
Jul  8 11:13:38 fw.rodolfoarce.local dhclient[10762]: DHCPDISCOVER on vtnet0 to 255.255.255.255 port 67 interval 13
Jul  8 11:13:51 fw.rodolfoarce.local dhclient[10762]: DHCPDISCOVER on vtnet0 to 255.255.255.255 port 67 interval 13
Jul  8 11:14:00 fw.rodolfoarce.local /usr/sbin/cron[40076]: (root) CMD (/usr/sbin/newsyslog)
Jul  8 11:14:04 fw.rodolfoarce.local dhclient[10762]: DHCPDISCOVER on vtnet0 to 255.255.255.255 port 67 interval 13
Jul  8 11:14:17 fw.rodolfoarce.local dhcp6c[28115]: Sending Solicit
Jul  8 11:14:17 fw.rodolfoarce.local dhclient[10762]: No DHCPOFFERS received.
Jul  8 11:14:17 fw.rodolfoarce.local dhclient[10762]: No working leases in persistent database - sleeping.
Jul  8 07:14:17 fw.rodolfoarce.local dhclient[40635]: FAIL
Jul  8 11:14:32 fw.rodolfoarce.local dhclient[10762]: DHCPDISCOVER on vtnet0 to 255.255.255.255 port 67 interval 1
Jul  8 11:14:34 fw.rodolfoarce.local dhclient[10762]: message repeated 2 times: [ DHCPDISCOVER on vtnet0 to 255.255.255.255 port 67 interval 1]
Jul  8 11:14:35 fw.rodolfoarce.local dhclient[10762]: DHCPDISCOVER on vtnet0 to 255.255.255.255 port 67 interval 2
Jul  8 11:14:37 fw.rodolfoarce.local dhclient[10762]: DHCPDISCOVER on vtnet0 to 255.255.255.255 port 67 interval 5
Jul  8 11:14:42 fw.rodolfoarce.local dhclient[10762]: DHCPDISCOVER on vtnet0 to 255.255.255.255 port 67 interval 11
Jul  8 11:14:48 fw.rodolfoarce.local filterlog[32783]: 4,,,1000000103,vtnet0,match,block,in,4,0x0,,241,57529,0,none,6,tcp,40,79.110.62.149,10.255.255.1,50150,22,0,S,1737213029,,1024,,
Jul  8 11:14:54 fw.rodolfoarce.local dhclient[10762]: DHCPDISCOVER on vtnet0 to 255.255.255.255 port 67 interval 16
Jul  8 11:14:58 fw.rodolfoarce.local filterlog[32783]: 4,,,1000000103,vtnet1,match,block,in,4,0x0,,64,4742,0,DF,6,tcp,76,10.1.1.3,172.67.157.37,55654,443,24,PA,1284900505:1284900529,284600037,249,,nop;nop;TS
Jul  8 11:14:58 fw.rodolfoarce.local filterlog[32783]: 4,,,1000000103,vtnet1,match,block,in,4,0x0,,64,4743,0,DF,6,tcp,52,10.1.1.3,172.67.157.37,55654,443,0,FA,1284900529,284600037,249,,nop;nop;TS
Jul  8 11:14:58 fw.rodolfoarce.local filterlog[32783]: 4,,,1000000103,vtnet1,match,block,in,4,0x0,,64,4744,0,DF,6,tcp,52,10.1.1.3,172.67.157.37,55654,443,0,FA,1284900529,284600037,249,,nop;nop;TS
Jul  8 11:14:58 fw.rodolfoarce.local filterlog[32783]: 4,,,1000000103,vtnet1,match,block,in,4,0x0,,64,4745,0,DF,6,tcp,76,10.1.1.3,172.67.157.37,55654,443,24,FPA,1284900505:1284900529,284600037,249,,nop;nop;TS
Jul  8 11:14:58 fw.rodolfoarce.local filterlog[32783]: 4,,,1000000103,vtnet1,match,block,in,4,0x0,,64,4746,0,DF,6,tcp,76,10.1.1.3,172.67.157.37,55654,443,24,FPA,1284900505:1284900529,284600037,249,,nop;nop;TS
Jul  8 11:14:59 fw.rodolfoarce.local filterlog[32783]: 4,,,1000000103,vtnet1,match,block,in,4,0x0,,64,4747,0,DF,6,tcp,76,10.1.1.3,172.67.157.37,55654,443,24,FPA,1284900505:1284900529,284600037,249,,nop;nop;TS
Jul  8 11:15:00 fw.rodolfoarce.local /usr/sbin/cron[59118]: (root) CMD (/usr/libexec/atrun)
Jul  8 11:15:00 fw.rodolfoarce.local /usr/sbin/cron[58792]: (root) CMD (/usr/sbin/newsyslog)
Jul  8 11:15:01 fw.rodolfoarce.local filterlog[32783]: 4,,,1000000103,vtnet1,match,block,in,4,0x0,,64,4748,0,DF,6,tcp,76,10.1.1.3,172.67.157.37,55654,443,24,FPA,1284900505:1284900529,284600037,249,,nop;nop;TS
Jul  8 11:15:04 fw.rodolfoarce.local filterlog[32783]: 4,,,1000000103,vtnet1,match,block,in,4,0x0,,64,4749,0,DF,6,tcp,76,10.1.1.3,172.67.157.37,55654,443,24,FPA,1284900505:1284900529,284600037,249,,nop;nop;TS
Jul  8 11:15:10 fw.rodolfoarce.local dhclient[10762]: DHCPDISCOVER on vtnet0 to 255.255.255.255 port 67 interval 12
Jul  8 11:15:11 fw.rodolfoarce.local filterlog[32783]: 4,,,1000000103,vtnet0,match,block,in,4,0x0,,45,55448,0,DF,17,udp,99,192.87.173.56,10.255.255.1,45351,53,79
Jul  8 11:15:11 fw.rodolfoarce.local filterlog[32783]: 4,,,1000000103,vtnet1,match,block,in,4,0x0,,64,4750,0,DF,6,tcp,76,10.1.1.3,172.67.157.37,55654,443,24,FPA,1284900505:1284900529,284600037,249,,nop;nop;TS
Jul  8 11:15:22 fw.rodolfoarce.local dhclient[10762]: DHCPDISCOVER on vtnet0 to 255.255.255.255 port 67 interval 11
Jul  8 11:15:25 fw.rodolfoarce.local filterlog[32783]: 4,,,1000000103,vtnet1,match,block,in,4,0x0,,64,4751,0,DF,6,tcp,76,10.1.1.3,172.67.157.37,55654,443,24,FPA,1284900505:1284900529,284600037,249,,nop;nop;TS
Jul  8 11:15:28 fw.rodolfoarce.local filterlog[32783]: 4,,,1000000103,vtnet0,match,block,in,4,0x0,,236,11987,0,none,17,udp,59,51.159.103.10,10.255.255.1,61000,53,39
Jul  8 11:15:33 fw.rodolfoarce.local dhclient[10762]: No DHCPOFFERS received.
Jul  8 11:15:33 fw.rodolfoarce.local dhclient[10762]: No working leases in persistent database - sleeping.
Jul  8 07:15:33 fw.rodolfoarce.local dhclient[60193]: FAIL
Jul  8 11:15:48 fw.rodolfoarce.local dhclient[10762]: DHCPDISCOVER on vtnet0 to 255.255.255.255 port 67 interval 1
Jul  8 11:15:49 fw.rodolfoarce.local dhclient[10762]: DHCPDISCOVER on vtnet0 to 255.255.255.255 port 67 interval 2
Jul  8 11:15:51 fw.rodolfoarce.local dhclient[10762]: DHCPDISCOVER on vtnet0 to 255.255.255.255 port 67 interval 4
Jul  8 11:15:52 fw.rodolfoarce.local filterlog[32783]: 4,,,1000000103,vtnet1,match,block,in,4,0x0,,64,4752,0,DF,6,tcp,76,10.1.1.3,172.67.157.37,55654,443,24,FPA,1284900505:1284900529,284600037,249,,nop;nop;TS
Jul  8 11:15:55 fw.rodolfoarce.local dhclient[10762]: DHCPDISCOVER on vtnet0 to 255.255.255.255 port 67 interval 7
Jul  8 11:16:00 fw.rodolfoarce.local /usr/sbin/cron[76994]: (root) CMD (/usr/sbin/newsyslog)
Jul  8 11:16:02 fw.rodolfoarce.local dhclient[10762]: DHCPDISCOVER on vtnet0 to 255.255.255.255 port 67 interval 15
Jul  8 11:16:17 fw.rodolfoarce.local dhclient[10762]: DHCPDISCOVER on vtnet0 to 255.255.255.255 port 67 interval 7
Jul  8 11:16:24 fw.rodolfoarce.local dhclient[10762]: DHCPDISCOVER on vtnet0 to 255.255.255.255 port 67 interval 12
Jul  8 11:16:27 fw.rodolfoarce.local dhcp6c[28115]: Sending Solicit
Jul  8 11:16:36 fw.rodolfoarce.local dhclient[10762]: DHCPDISCOVER on vtnet0 to 255.255.255.255 port 67 interval 13
Jul  8 11:16:47 fw.rodolfoarce.local filterlog[32783]: 4,,,1000000103,vtnet0,match,block,in,4,0x0,,46,49669,0,DF,17,udp,60,130.207.129.204,10.255.255.1,53302,53,40
Jul  8 11:16:49 fw.rodolfoarce.local dhclient[10762]: No DHCPOFFERS received.
Jul  8 11:16:49 fw.rodolfoarce.local dhclient[10762]: No working leases in persistent database - sleeping.
Jul  8 07:16:49 fw.rodolfoarce.local dhclient[96071]: FAIL
Jul  8 11:16:51 fw.rodolfoarce.local filterlog[32783]: 4,,,1000000103,vtnet0,match,block,in,4,0x0,,46,50245,0,DF,17,udp,60,130.207.129.204,10.255.255.1,60591,53,40
Jul  8 11:16:55 fw.rodolfoarce.local filterlog[32783]: 4,,,1000000103,vtnet0,match,block,in,4,0x0,,46,50875,0,DF,17,udp,60,130.207.129.204,10.255.255.1,44464,53,40
Jul  8 11:16:58 fw.rodolfoarce.local filterlog[32783]: 4,,,1000000103,vtnet0,match,block,in,4,0x0,,46,51421,0,DF,17,udp,60,130.207.129.204,10.255.255.1,45652,53,40
Jul  8 11:17:00 fw.rodolfoarce.local /usr/sbin/cron[96439]: (root) CMD (/usr/sbin/newsyslog)
Jul  8 11:17:02 fw.rodolfoarce.local filterlog[32783]: 4,,,1000000103,vtnet0,match,block,in,4,0x0,,46,51984,0,DF,17,udp,60,130.207.129.204,10.255.255.1,39832,53,40
Jul  8 11:17:04 fw.rodolfoarce.local dhclient[10762]: DHCPDISCOVER on vtnet0 to 255.255.255.255 port 67 interval 2
Jul  8 11:17:07 fw.rodolfoarce.local dhclient[10762]: DHCPDISCOVER on vtnet0 to 255.255.255.255 port 67 interval 5
Jul  8 11:17:07 fw.rodolfoarce.local filterlog[32783]: 4,,,1000000103,vtnet0,match,block,in,4,0x0,,46,52523,0,DF,17,udp,60,130.207.129.204,10.255.255.1,41935,53,40
Jul  8 11:17:11 fw.rodolfoarce.local filterlog[32783]: 4,,,1000000103,vtnet0,match,block,in,4,0x0,,46,52997,0,DF,17,udp,60,130.207.129.204,10.255.255.1,54418,53,40
Jul  8 11:17:12 fw.rodolfoarce.local dhclient[10762]: DHCPDISCOVER on vtnet0 to 255.255.255.255 port 67 interval 5
Jul  8 11:17:15 fw.rodolfoarce.local filterlog[32783]: 4,,,1000000103,vtnet0,match,block,in,4,0x0,,46,53567,0,DF,17,udp,60,130.207.129.204,10.255.255.1,56088,53,40
Jul  8 11:17:17 fw.rodolfoarce.local dhclient[10762]: DHCPDISCOVER on vtnet0 to 255.255.255.255 port 67 interval 9
Jul  8 11:17:19 fw.rodolfoarce.local filterlog[32783]: 4,,,1000000103,vtnet0,match,block,in,4,0x0,,46,54146,0,DF,17,udp,60,130.207.129.204,10.255.255.1,56736,53,40
Jul  8 11:17:22 fw.rodolfoarce.local filterlog[32783]: 4,,,1000000103,vtnet0,match,block,in,4,0x0,,46,54616,0,DF,17,udp,60,130.207.129.204,10.255.255.1,55724,53,40
Jul  8 11:17:26 fw.rodolfoarce.local dhclient[10762]: DHCPDISCOVER on vtnet0 to 255.255.255.255 port 67 interval 19
Jul  8 11:17:26 fw.rodolfoarce.local filterlog[32783]: 4,,,1000000103,vtnet0,match,block,in,4,0x0,,46,55060,0,DF,17,udp,60,130.207.129.204,10.255.255.1,55484,53,40
Jul  8 11:17:31 fw.rodolfoarce.local filterlog[32783]: 4,,,1000000103,vtnet0,match,block,in,4,0x0,,46,55591,0,DF,17,udp,60,130.207.129.204,10.255.255.1,55659,53,40
Jul  8 11:17:35 fw.rodolfoarce.local filterlog[32783]: 4,,,1000000103,vtnet0,match,block,in,4,0x0,,46,56104,0,DF,17,udp,60,130.207.129.204,10.255.255.1,42297,53,40
Jul  8 11:17:39 fw.rodolfoarce.local filterlog[32783]: 4,,,1000000103,vtnet0,match,block,in,4,0x0,,46,56584,0,DF,17,udp,60,130.207.129.204,10.255.255.1,59160,53,40
Jul  8 11:17:43 fw.rodolfoarce.local filterlog[32783]: 4,,,1000000103,vtnet0,match,block,in,4,0x0,,46,57105,0,DF,17,udp,60,130.207.129.204,10.255.255.1,53339,53,40
Jul  8 11:17:45 fw.rodolfoarce.local dhclient[10762]: DHCPDISCOVER on vtnet0 to 255.255.255.255 port 67 interval 14
Jul  8 11:17:47 fw.rodolfoarce.local filterlog[32783]: 4,,,1000000103,vtnet0,match,block,in,4,0x0,,46,57684,0,DF,17,udp,60,130.207.129.204,10.255.255.1,47928,53,40
Jul  8 11:17:51 fw.rodolfoarce.local filterlog[32783]: 4,,,1000000103,vtnet0,match,block,in,4,0x0,,46,58298,0,DF,17,udp,60,130.207.129.204,10.255.255.1,35978,53,40
Jul  8 11:17:54 fw.rodolfoarce.local filterlog[32783]: 4,,,1000000103,vtnet0,match,block,in,4,0x0,,46,58813,0,DF,17,udp,60,130.207.129.204,10.255.255.1,58150,53,40
Jul  8 11:17:58 fw.rodolfoarce.local filterlog[32783]: 4,,,1000000103,vtnet0,match,block,in,4,0x0,,46,59344,0,DF,17,udp,60,130.207.129.204,10.255.255.1,51229,53,40
Jul  8 11:17:59 fw.rodolfoarce.local dhclient[10762]: DHCPDISCOVER on vtnet0 to 255.255.255.255 port 67 interval 6
Jul  8 11:18:00 fw.rodolfoarce.local /usr/sbin/cron[13440]: (root) CMD (/usr/sbin/newsyslog)
Jul  8 11:18:02 fw.rodolfoarce.local filterlog[32783]: 4,,,1000000103,vtnet0,match,block,in,4,0x0,,46,59878,0,DF,17,udp,60,130.207.129.204,10.255.255.1,44218,53,40
Jul  8 11:18:05 fw.rodolfoarce.local dhclient[10762]: No DHCPOFFERS received.
Jul  8 11:18:05 fw.rodolfoarce.local dhclient[10762]: No working leases in persistent database - sleeping.
Jul  8 07:18:05 fw.rodolfoarce.local dhclient[14095]: FAIL
Jul  8 11:18:20 fw.rodolfoarce.local dhclient[10762]: DHCPDISCOVER on vtnet0 to 255.255.255.255 port 67 interval 2
Jul  8 11:18:22 fw.rodolfoarce.local dhclient[10762]: DHCPDISCOVER on vtnet0 to 255.255.255.255 port 67 interval 4
Jul  8 11:18:26 fw.rodolfoarce.local dhclient[10762]: DHCPDISCOVER on vtnet0 to 255.255.255.255 port 67 interval 4
Jul  8 11:18:28 fw.rodolfoarce.local dhcp6c[28115]: Sending Solicit
Jul  8 11:18:31 fw.rodolfoarce.local dhclient[10762]: DHCPDISCOVER on vtnet0 to 255.255.255.255 port 67 interval 10
Jul  8 11:18:41 fw.rodolfoarce.local dhclient[10762]: DHCPDISCOVER on vtnet0 to 255.255.255.255 port 67 interval 19
Jul  8 11:19:00 fw.rodolfoarce.local dhclient[10762]: DHCPDISCOVER on vtnet0 to 255.255.255.255 port 67 interval 9
Jul  8 11:19:00 fw.rodolfoarce.local /usr/sbin/cron[33530]: (root) CMD (/usr/sbin/newsyslog)
Jul  8 11:19:09 fw.rodolfoarce.local dhclient[10762]: DHCPDISCOVER on vtnet0 to 255.255.255.255 port 67 interval 12
Jul  8 11:19:21 fw.rodolfoarce.local dhclient[10762]: No DHCPOFFERS received.
Jul  8 11:19:21 fw.rodolfoarce.local dhclient[10762]: No working leases in persistent database - sleeping.
Jul  8 07:19:21 fw.rodolfoarce.local dhclient[34553]: FAIL
Jul  8 11:19:36 fw.rodolfoarce.local dhclient[10762]: DHCPDISCOVER on vtnet0 to 255.255.255.255 port 67 interval 1
Jul  8 11:19:37 fw.rodolfoarce.local dhclient[10762]: DHCPDISCOVER on vtnet0 to 255.255.255.255 port 67 interval 2
Jul  8 11:19:39 fw.rodolfoarce.local dhclient[10762]: DHCPDISCOVER on vtnet0 to 255.255.255.255 port 67 interval 4
Jul  8 11:19:43 fw.rodolfoarce.local dhclient[10762]: DHCPDISCOVER on vtnet0 to 255.255.255.255 port 67 interval 9
Jul  8 11:19:52 fw.rodolfoarce.local dhclient[10762]: DHCPDISCOVER on vtnet0 to 255.255.255.255 port 67 interval 15
Jul  8 11:20:00 fw.rodolfoarce.local /usr/sbin/cron[53304]: (root) CMD (/usr/libexec/atrun)
Jul  8 11:20:00 fw.rodolfoarce.local /usr/sbin/cron[52971]: (root) CMD (/usr/sbin/newsyslog)
Jul  8 11:20:07 fw.rodolfoarce.local dhclient[10762]: DHCPDISCOVER on vtnet0 to 255.255.255.255 port 67 interval 10
Jul  8 11:20:17 fw.rodolfoarce.local dhclient[10762]: DHCPDISCOVER on vtnet0 to 255.255.255.255 port 67 interval 7
Jul  8 11:20:24 fw.rodolfoarce.local dhclient[10762]: DHCPDISCOVER on vtnet0 to 255.255.255.255 port 67 interval 13
Jul  8 11:20:37 fw.rodolfoarce.local dhcp6c[28115]: Sending Solicit
Jul  8 11:20:37 fw.rodolfoarce.local dhclient[10762]: No DHCPOFFERS received.
Jul  8 11:20:37 fw.rodolfoarce.local dhclient[10762]: No working leases in persistent database - sleeping.
Jul  8 07:20:37 fw.rodolfoarce.local dhclient[54136]: FAIL
Jul  8 11:20:52 fw.rodolfoarce.local dhclient[10762]: DHCPDISCOVER on vtnet0 to 255.255.255.255 port 67 interval 1
Jul  8 11:20:53 fw.rodolfoarce.local dhclient[10762]: DHCPDISCOVER on vtnet0 to 255.255.255.255 port 67 interval 2
Jul  8 11:20:57 fw.rodolfoarce.local dhclient[10762]: message repeated 2 times: [ DHCPDISCOVER on vtnet0 to 255.255.255.255 port 67 interval 2]
Jul  8 11:21:00 fw.rodolfoarce.local /usr/sbin/cron[72881]: (root) CMD (/usr/sbin/newsyslog)
Jul  8 11:21:00 fw.rodolfoarce.local dhclient[10762]: DHCPDISCOVER on vtnet0 to 255.255.255.255 port 67 interval 5
Jul  8 11:21:05 fw.rodolfoarce.local dhclient[10762]: DHCPDISCOVER on vtnet0 to 255.255.255.255 port 67 interval 11
Jul  8 11:21:16 fw.rodolfoarce.local dhclient[10762]: DHCPDISCOVER on vtnet0 to 255.255.255.255 port 67 interval 16
Jul  8 11:21:32 fw.rodolfoarce.local dhclient[10762]: DHCPDISCOVER on vtnet0 to 255.255.255.255 port 67 interval 8
Jul  8 11:21:40 fw.rodolfoarce.local dhclient[10762]: DHCPDISCOVER on vtnet0 to 255.255.255.255 port 67 interval 13
Jul  8 11:21:53 fw.rodolfoarce.local dhclient[10762]: No DHCPOFFERS received.
Jul  8 11:21:53 fw.rodolfoarce.local dhclient[10762]: No working leases in persistent database - sleeping.
Jul  8 07:21:53 fw.rodolfoarce.local dhclient[84548]: FAIL
Jul  8 11:22:00 fw.rodolfoarce.local /usr/sbin/cron[92054]: (root) CMD (/usr/sbin/newsyslog)
Jul  8 07:22:00 fw.rodolfoarce.local syslogd: restart
Jul  8 07:22:00 fw.rodolfoarce.local sshguard[39972]: Exiting on signal.
Jul  8 07:22:00 fw.rodolfoarce.local sshguard[93224]: Now monitoring attacks.
Jul  8 11:22:08 fw.rodolfoarce.local dhclient[10762]: DHCPDISCOVER on vtnet0 to 255.255.255.255 port 67 interval 2
Jul  8 11:22:10 fw.rodolfoarce.local dhclient[10762]: DHCPDISCOVER on vtnet0 to 255.255.255.255 port 67 interval 5
Jul  8 11:22:15 fw.rodolfoarce.local dhclient[10762]: DHCPDISCOVER on vtnet0 to 255.255.255.255 port 67 interval 12
Jul  8 11:22:27 fw.rodolfoarce.local dhclient[10762]: DHCPDISCOVER on vtnet0 to 255.255.255.255 port 67 interval 20
Jul  8 11:22:41 fw.rodolfoarce.local dhcp6c[28115]: Sending Solicit
Jul  8 11:22:47 fw.rodolfoarce.local dhclient[10762]: DHCPDISCOVER on vtnet0 to 255.255.255.255 port 67 interval 8
Jul  8 11:22:56 fw.rodolfoarce.local dhclient[10762]: DHCPDISCOVER on vtnet0 to 255.255.255.255 port 67 interval 12
Jul  8 11:23:00 fw.rodolfoarce.local /usr/sbin/cron[11311]: (root) CMD (/usr/sbin/newsyslog)
Jul  8 11:23:08 fw.rodolfoarce.local dhclient[10762]: DHCPDISCOVER on vtnet0 to 255.255.255.255 port 67 interval 1
Jul  8 11:23:09 fw.rodolfoarce.local dhclient[10762]: No DHCPOFFERS received.
Jul  8 11:23:09 fw.rodolfoarce.local dhclient[10762]: No working leases in persistent database - sleeping.
Jul  8 07:23:09 fw.rodolfoarce.local dhclient[12118]: FAIL
Jul  8 11:23:24 fw.rodolfoarce.local dhclient[10762]: DHCPDISCOVER on vtnet0 to 255.255.255.255 port 67 interval 1
Jul  8 11:23:25 fw.rodolfoarce.local dhclient[10762]: DHCPDISCOVER on vtnet0 to 255.255.255.255 port 67 interval 2
Jul  8 11:23:27 fw.rodolfoarce.local dhclient[10762]: DHCPDISCOVER on vtnet0 to 255.255.255.255 port 67 interval 4
Jul  8 11:23:31 fw.rodolfoarce.local dhclient[10762]: DHCPDISCOVER on vtnet0 to 255.255.255.255 port 67 interval 9
Jul  8 11:23:40 fw.rodolfoarce.local dhclient[10762]: DHCPDISCOVER on vtnet0 to 255.255.255.255 port 67 interval 20
Jul  8 11:24:00 fw.rodolfoarce.local /usr/sbin/cron[32167]: (root) CMD (/usr/sbin/newsyslog)
Jul  8 11:24:00 fw.rodolfoarce.local dhclient[10762]: DHCPDISCOVER on vtnet0 to 255.255.255.255 port 67 interval 21
Jul  8 11:24:21 fw.rodolfoarce.local dhclient[10762]: DHCPDISCOVER on vtnet0 to 255.255.255.255 port 67 interval 4
Jul  8 11:24:25 fw.rodolfoarce.local dhclient[10762]: No DHCPOFFERS received.
Jul  8 11:24:25 fw.rodolfoarce.local dhclient[10762]: No working leases in persistent database - sleeping.
