Jul  6 17:58:05 fw.rodolfoarce.local dhclient[10762]: DHCPDISCOVER on vtnet0 to 255.255.255.255 port 67 interval 7
Jul  6 17:58:12 fw.rodolfoarce.local dhclient[10762]: DHCPDISCOVER on vtnet0 to 255.255.255.255 port 67 interval 11
Jul  6 17:58:23 fw.rodolfoarce.local dhclient[10762]: DHCPDISCOVER on vtnet0 to 255.255.255.255 port 67 interval 12
Jul  6 17:58:26 fw.rodolfoarce.local dhcp6c[28115]: Sending Solicit
Jul  6 17:58:35 fw.rodolfoarce.local dhclient[10762]: DHCPDISCOVER on vtnet0 to 255.255.255.255 port 67 interval 9
Jul  6 17:58:44 fw.rodolfoarce.local dhclient[10762]: DHCPDISCOVER on vtnet0 to 255.255.255.255 port 67 interval 12
Jul  6 17:58:56 fw.rodolfoarce.local dhclient[10762]: DHCPDISCOVER on vtnet0 to 255.255.255.255 port 67 interval 4
Jul  6 17:59:00 fw.rodolfoarce.local /usr/sbin/cron[71751]: (root) CMD (/usr/sbin/newsyslog)
Jul  6 17:59:00 fw.rodolfoarce.local dhclient[10762]: No DHCPOFFERS received.
Jul  6 17:59:00 fw.rodolfoarce.local dhclient[10762]: No working leases in persistent database - sleeping.
Jul  6 13:59:00 fw.rodolfoarce.local dhclient[72257]: FAIL
Jul  6 17:59:15 fw.rodolfoarce.local dhclient[10762]: DHCPDISCOVER on vtnet0 to 255.255.255.255 port 67 interval 2
Jul  6 17:59:17 fw.rodolfoarce.local dhclient[10762]: DHCPDISCOVER on vtnet0 to 255.255.255.255 port 67 interval 5
Jul  6 17:59:23 fw.rodolfoarce.local dhclient[10762]: DHCPDISCOVER on vtnet0 to 255.255.255.255 port 67 interval 13
Jul  6 17:59:36 fw.rodolfoarce.local dhclient[10762]: DHCPDISCOVER on vtnet0 to 255.255.255.255 port 67 interval 7
Jul  6 17:59:43 fw.rodolfoarce.local dhclient[10762]: DHCPDISCOVER on vtnet0 to 255.255.255.255 port 67 interval 15
Jul  6 17:59:58 fw.rodolfoarce.local dhclient[10762]: DHCPDISCOVER on vtnet0 to 255.255.255.255 port 67 interval 9
Jul  6 18:00:00 fw.rodolfoarce.local /usr/sbin/cron[93115]: (root) CMD (/usr/sbin/newsyslog)
Jul  6 18:00:00 fw.rodolfoarce.local /usr/sbin/cron[92915]: (root) CMD (/usr/bin/nice -n20 /usr/local/sbin/expiretable -v -t 3600 virusprot)
Jul  6 18:00:07 fw.rodolfoarce.local dhclient[10762]: DHCPDISCOVER on vtnet0 to 255.255.255.255 port 67 interval 9
Jul  6 18:00:16 fw.rodolfoarce.local dhclient[10762]: No DHCPOFFERS received.
Jul  6 18:00:16 fw.rodolfoarce.local dhclient[10762]: No working leases in persistent database - sleeping.
Jul  6 14:00:16 fw.rodolfoarce.local dhclient[94563]: FAIL
Jul  6 18:00:21 fw.rodolfoarce.local dhcp6c[28115]: Sending Solicit
Jul  6 18:00:31 fw.rodolfoarce.local dhclient[10762]: DHCPDISCOVER on vtnet0 to 255.255.255.255 port 67 interval 1
Jul  6 18:00:33 fw.rodolfoarce.local dhclient[10762]: message repeated 2 times: [ DHCPDISCOVER on vtnet0 to 255.255.255.255 port 67 interval 1]
Jul  6 18:00:34 fw.rodolfoarce.local dhclient[10762]: DHCPDISCOVER on vtnet0 to 255.255.255.255 port 67 interval 2
Jul  6 18:00:36 fw.rodolfoarce.local dhclient[10762]: DHCPDISCOVER on vtnet0 to 255.255.255.255 port 67 interval 5
Jul  6 18:00:41 fw.rodolfoarce.local dhclient[10762]: DHCPDISCOVER on vtnet0 to 255.255.255.255 port 67 interval 10
Jul  6 18:00:51 fw.rodolfoarce.local dhclient[10762]: DHCPDISCOVER on vtnet0 to 255.255.255.255 port 67 interval 10
Jul  6 18:01:00 fw.rodolfoarce.local /usr/sbin/cron[13661]: (root) CMD (/usr/sbin/newsyslog)
Jul  6 18:01:01 fw.rodolfoarce.local dhclient[10762]: DHCPDISCOVER on vtnet0 to 255.255.255.255 port 67 interval 11
Jul  6 18:01:12 fw.rodolfoarce.local dhclient[10762]: DHCPDISCOVER on vtnet0 to 255.255.255.255 port 67 interval 14
Jul  6 18:01:26 fw.rodolfoarce.local dhclient[10762]: DHCPDISCOVER on vtnet0 to 255.255.255.255 port 67 interval 6
Jul  6 18:01:32 fw.rodolfoarce.local dhclient[10762]: No DHCPOFFERS received.
Jul  6 18:01:32 fw.rodolfoarce.local dhclient[10762]: No working leases in persistent database - sleeping.
Jul  6 14:01:32 fw.rodolfoarce.local dhclient[14593]: FAIL
Jul  6 18:01:48 fw.rodolfoarce.local dhclient[10762]: DHCPDISCOVER on vtnet0 to 255.255.255.255 port 67 interval 2
Jul  6 18:01:50 fw.rodolfoarce.local dhclient[10762]: DHCPDISCOVER on vtnet0 to 255.255.255.255 port 67 interval 4
Jul  6 18:01:54 fw.rodolfoarce.local dhclient[10762]: DHCPDISCOVER on vtnet0 to 255.255.255.255 port 67 interval 8
Jul  6 18:02:00 fw.rodolfoarce.local /usr/sbin/cron[33921]: (root) CMD (/usr/sbin/newsyslog)
Jul  6 18:02:02 fw.rodolfoarce.local dhclient[10762]: DHCPDISCOVER on vtnet0 to 255.255.255.255 port 67 interval 12
Jul  6 18:02:13 fw.rodolfoarce.local filterlog[32783]: 4,,,1000000103,vtnet0,match,block,in,4,0x48,,41,54775,0,DF,6,tcp,60,8.210.84.64,10.255.255.1,35466,22,0,S,3417814202,,29200,,mss;sackOK;TS;nop;wscale
Jul  6 18:02:14 fw.rodolfoarce.local dhclient[10762]: DHCPDISCOVER on vtnet0 to 255.255.255.255 port 67 interval 12
Jul  6 18:02:14 fw.rodolfoarce.local filterlog[32783]: 4,,,1000000103,vtnet0,match,block,in,4,0x48,,41,54776,0,DF,6,tcp,60,8.210.84.64,10.255.255.1,35466,22,0,S,3417814202,,29200,,mss;sackOK;TS;nop;wscale
Jul  6 18:02:16 fw.rodolfoarce.local filterlog[32783]: 4,,,1000000103,vtnet0,match,block,in,4,0x48,,41,54777,0,DF,6,tcp,60,8.210.84.64,10.255.255.1,35466,22,0,S,3417814202,,29200,,mss;sackOK;TS;nop;wscale
Jul  6 18:02:19 fw.rodolfoarce.local dhcp6c[28115]: Sending Solicit
Jul  6 18:02:20 fw.rodolfoarce.local filterlog[32783]: 4,,,1000000103,vtnet0,match,block,in,4,0x48,,41,54778,0,DF,6,tcp,60,8.210.84.64,10.255.255.1,35466,22,0,S,3417814202,,29200,,mss;sackOK;TS;nop;wscale
Jul  6 18:02:26 fw.rodolfoarce.local dhclient[10762]: DHCPDISCOVER on vtnet0 to 255.255.255.255 port 67 interval 18
Jul  6 18:02:44 fw.rodolfoarce.local dhclient[10762]: DHCPDISCOVER on vtnet0 to 255.255.255.255 port 67 interval 5
Jul  6 18:02:49 fw.rodolfoarce.local dhclient[10762]: No DHCPOFFERS received.
Jul  6 18:02:49 fw.rodolfoarce.local dhclient[10762]: No working leases in persistent database - sleeping.
Jul  6 14:02:49 fw.rodolfoarce.local dhclient[35260]: FAIL
Jul  6 18:03:00 fw.rodolfoarce.local /usr/sbin/cron[54675]: (root) CMD (/usr/sbin/newsyslog)
Jul  6 18:03:04 fw.rodolfoarce.local dhclient[10762]: DHCPDISCOVER on vtnet0 to 255.255.255.255 port 67 interval 2
Jul  6 18:03:06 fw.rodolfoarce.local dhclient[10762]: DHCPDISCOVER on vtnet0 to 255.255.255.255 port 67 interval 5
Jul  6 18:03:11 fw.rodolfoarce.local dhclient[10762]: DHCPDISCOVER on vtnet0 to 255.255.255.255 port 67 interval 5
Jul  6 18:03:16 fw.rodolfoarce.local dhclient[10762]: DHCPDISCOVER on vtnet0 to 255.255.255.255 port 67 interval 9
Jul  6 18:03:26 fw.rodolfoarce.local dhclient[10762]: DHCPDISCOVER on vtnet0 to 255.255.255.255 port 67 interval 21
Jul  6 18:03:47 fw.rodolfoarce.local dhclient[10762]: DHCPDISCOVER on vtnet0 to 255.255.255.255 port 67 interval 17
Jul  6 18:04:00 fw.rodolfoarce.local /usr/sbin/cron[72697]: (root) CMD (/usr/sbin/newsyslog)
Jul  6 18:04:04 fw.rodolfoarce.local dhclient[10762]: DHCPDISCOVER on vtnet0 to 255.255.255.255 port 67 interval 1
Jul  6 18:04:05 fw.rodolfoarce.local dhclient[10762]: No DHCPOFFERS received.
Jul  6 18:04:05 fw.rodolfoarce.local dhclient[10762]: No working leases in persistent database - sleeping.
Jul  6 14:04:05 fw.rodolfoarce.local dhclient[73476]: FAIL
Jul  6 18:04:18 fw.rodolfoarce.local filterlog[32783]: 4,,,1000000103,vtnet0,match,block,in,4,0x0,,240,20961,0,none,17,udp,78,35.175.103.6,10.255.255.1,49636,53,58
Jul  6 18:04:20 fw.rodolfoarce.local dhclient[10762]: DHCPDISCOVER on vtnet0 to 255.255.255.255 port 67 interval 1
Jul  6 18:04:20 fw.rodolfoarce.local filterlog[32783]: 4,,,1000000103,vtnet0,match,block,in,4,0x0,,240,21183,0,none,17,udp,78,35.175.103.6,10.255.255.1,30301,53,58
Jul  6 18:04:21 fw.rodolfoarce.local dhclient[10762]: DHCPDISCOVER on vtnet0 to 255.255.255.255 port 67 interval 1
Jul  6 18:04:22 fw.rodolfoarce.local dhclient[10762]: DHCPDISCOVER on vtnet0 to 255.255.255.255 port 67 interval 1
Jul  6 18:04:22 fw.rodolfoarce.local filterlog[32783]: 4,,,1000000103,vtnet0,match,block,in,4,0x0,,238,21406,0,none,17,udp,78,35.175.103.6,10.255.255.1,46934,53,58
Jul  6 18:04:23 fw.rodolfoarce.local dhclient[10762]: DHCPDISCOVER on vtnet0 to 255.255.255.255 port 67 interval 1
Jul  6 18:04:24 fw.rodolfoarce.local dhclient[10762]: DHCPDISCOVER on vtnet0 to 255.255.255.255 port 67 interval 2
Jul  6 18:04:26 fw.rodolfoarce.local dhclient[10762]: DHCPDISCOVER on vtnet0 to 255.255.255.255 port 67 interval 3
Jul  6 18:04:27 fw.rodolfoarce.local filterlog[32783]: 4,,,1000000103,vtnet0,match,block,in,4,0x0,,240,21471,0,none,17,udp,78,35.175.103.6,10.255.255.1,22218,53,58
Jul  6 18:04:29 fw.rodolfoarce.local dhcp6c[28115]: Sending Solicit
Jul  6 18:04:29 fw.rodolfoarce.local dhclient[10762]: DHCPDISCOVER on vtnet0 to 255.255.255.255 port 67 interval 6
Jul  6 18:04:32 fw.rodolfoarce.local filterlog[32783]: 4,,,1000000103,vtnet0,match,block,in,4,0x0,,240,21489,0,none,17,udp,78,35.175.103.6,10.255.255.1,38735,53,58
Jul  6 18:04:35 fw.rodolfoarce.local dhclient[10762]: DHCPDISCOVER on vtnet0 to 255.255.255.255 port 67 interval 7
Jul  6 18:04:42 fw.rodolfoarce.local filterlog[32783]: 4,,,1000000103,vtnet0,match,block,in,4,0x0,,240,21864,0,none,17,udp,78,35.175.103.6,10.255.255.1,35644,53,58
Jul  6 18:04:42 fw.rodolfoarce.local dhclient[10762]: DHCPDISCOVER on vtnet0 to 255.255.255.255 port 67 interval 14
Jul  6 18:04:45 fw.rodolfoarce.local filterlog[32783]: 4,,,1000000103,vtnet0,match,block,in,4,0x0,,240,2204,0,none,17,udp,78,54.91.137.200,10.255.255.1,42063,53,58
Jul  6 18:04:47 fw.rodolfoarce.local filterlog[32783]: 4,,,1000000103,vtnet0,match,block,in,4,0x0,,240,2430,0,none,17,udp,78,54.91.137.200,10.255.255.1,30444,53,58
Jul  6 18:04:50 fw.rodolfoarce.local filterlog[32783]: 4,,,1000000103,vtnet0,match,block,in,4,0x0,,240,2505,0,none,17,udp,78,54.91.137.200,10.255.255.1,34215,53,58
Jul  6 18:04:54 fw.rodolfoarce.local filterlog[32783]: 4,,,1000000103,vtnet0,match,block,in,4,0x0,,240,2913,0,none,17,udp,78,54.91.137.200,10.255.255.1,20937,53,58
Jul  6 18:04:56 fw.rodolfoarce.local dhclient[10762]: DHCPDISCOVER on vtnet0 to 255.255.255.255 port 67 interval 10
Jul  6 18:04:59 fw.rodolfoarce.local filterlog[32783]: 4,,,1000000103,vtnet0,match,block,in,4,0x0,,240,3364,0,none,17,udp,78,54.91.137.200,10.255.255.1,64636,53,58
Jul  6 18:05:00 fw.rodolfoarce.local /usr/sbin/cron[93112]: (root) CMD (/usr/libexec/atrun)
Jul  6 18:05:00 fw.rodolfoarce.local /usr/sbin/cron[93030]: (root) CMD (/usr/sbin/newsyslog)
Jul  6 18:05:06 fw.rodolfoarce.local dhclient[10762]: DHCPDISCOVER on vtnet0 to 255.255.255.255 port 67 interval 13
Jul  6 18:05:09 fw.rodolfoarce.local filterlog[32783]: 4,,,1000000103,vtnet0,match,block,in,4,0x0,,240,4259,0,none,17,udp,78,54.91.137.200,10.255.255.1,54937,53,58
Jul  6 18:05:13 fw.rodolfoarce.local filterlog[32783]: 4,,,1000000103,vtnet0,match,block,in,4,0x0,,240,34609,0,none,17,udp,78,3.81.119.153,10.255.255.1,39020,53,58
Jul  6 18:05:15 fw.rodolfoarce.local filterlog[32783]: 4,,,1000000103,vtnet0,match,block,in,4,0x0,,240,34622,0,none,17,udp,78,3.81.119.153,10.255.255.1,46621,53,58
Jul  6 18:05:17 fw.rodolfoarce.local filterlog[32783]: 4,,,1000000103,vtnet0,match,block,in,4,0x0,,240,34681,0,none,17,udp,78,3.81.119.153,10.255.255.1,21759,53,58
Jul  6 18:05:19 fw.rodolfoarce.local dhclient[10762]: DHCPDISCOVER on vtnet0 to 255.255.255.255 port 67 interval 2
Jul  6 18:05:22 fw.rodolfoarce.local dhclient[10762]: No DHCPOFFERS received.
Jul  6 18:05:22 fw.rodolfoarce.local dhclient[10762]: No working leases in persistent database - sleeping.
Jul  6 14:05:22 fw.rodolfoarce.local dhclient[93801]: FAIL
Jul  6 18:05:22 fw.rodolfoarce.local filterlog[32783]: 4,,,1000000103,vtnet0,match,block,in,4,0x0,,240,34784,0,none,17,udp,78,3.81.119.153,10.255.255.1,51993,53,58
Jul  6 18:05:26 fw.rodolfoarce.local filterlog[32783]: 4,,,1000000103,vtnet0,match,block,in,4,0x0,,240,35144,0,none,17,udp,78,3.81.119.153,10.255.255.1,63706,53,58
Jul  6 18:05:36 fw.rodolfoarce.local filterlog[32783]: 4,,,1000000103,vtnet0,match,block,in,4,0x0,,240,35800,0,none,17,udp,78,3.81.119.153,10.255.255.1,59244,53,58
Jul  6 18:05:37 fw.rodolfoarce.local dhclient[10762]: DHCPDISCOVER on vtnet0 to 255.255.255.255 port 67 interval 1
Jul  6 18:05:38 fw.rodolfoarce.local dhclient[10762]: DHCPDISCOVER on vtnet0 to 255.255.255.255 port 67 interval 2
Jul  6 18:05:40 fw.rodolfoarce.local dhclient[10762]: DHCPDISCOVER on vtnet0 to 255.255.255.255 port 67 interval 2
Jul  6 18:05:41 fw.rodolfoarce.local filterlog[32783]: 4,,,1000000103,vtnet0,match,block,in,4,0x0,,240,26081,0,none,17,udp,78,35.175.103.6,10.255.255.1,14098,53,58
Jul  6 18:05:42 fw.rodolfoarce.local dhclient[10762]: DHCPDISCOVER on vtnet0 to 255.255.255.255 port 67 interval 5
Jul  6 18:05:47 fw.rodolfoarce.local dhclient[10762]: DHCPDISCOVER on vtnet0 to 255.255.255.255 port 67 interval 10
Jul  6 18:05:57 fw.rodolfoarce.local dhclient[10762]: DHCPDISCOVER on vtnet0 to 255.255.255.255 port 67 interval 21
Jul  6 18:06:00 fw.rodolfoarce.local /usr/sbin/cron[12579]: (root) CMD (/usr/sbin/newsyslog)
Jul  6 18:06:18 fw.rodolfoarce.local dhclient[10762]: DHCPDISCOVER on vtnet0 to 255.255.255.255 port 67 interval 17
Jul  6 18:06:19 fw.rodolfoarce.local filterlog[32783]: 4,,,1000000103,vtnet0,match,block,in,4,0x0,,240,9181,0,none,17,udp,78,54.91.137.200,10.255.255.1,54510,53,58
Jul  6 18:06:34 fw.rodolfoarce.local dhcp6c[28115]: Sending Solicit
Jul  6 18:06:35 fw.rodolfoarce.local dhclient[10762]: DHCPDISCOVER on vtnet0 to 255.255.255.255 port 67 interval 3
Jul  6 18:06:38 fw.rodolfoarce.local dhclient[10762]: No DHCPOFFERS received.
Jul  6 18:06:38 fw.rodolfoarce.local dhclient[10762]: No working leases in persistent database - sleeping.
Jul  6 14:06:38 fw.rodolfoarce.local dhclient[13221]: FAIL
Jul  6 18:06:53 fw.rodolfoarce.local dhclient[10762]: DHCPDISCOVER on vtnet0 to 255.255.255.255 port 67 interval 2
Jul  6 18:06:55 fw.rodolfoarce.local dhclient[10762]: DHCPDISCOVER on vtnet0 to 255.255.255.255 port 67 interval 5
Jul  6 18:06:58 fw.rodolfoarce.local filterlog[32783]: 4,,,1000000103,vtnet0,match,block,in,4,0x0,,240,39798,0,none,17,udp,78,3.81.119.153,10.255.255.1,7935,53,58
Jul  6 18:07:00 fw.rodolfoarce.local /usr/sbin/cron[27608]: (root) CMD (/usr/sbin/newsyslog)
Jul  6 18:07:00 fw.rodolfoarce.local dhclient[10762]: DHCPDISCOVER on vtnet0 to 255.255.255.255 port 67 interval 12
Jul  6 18:07:12 fw.rodolfoarce.local dhclient[10762]: DHCPDISCOVER on vtnet0 to 255.255.255.255 port 67 interval 9
Jul  6 18:07:21 fw.rodolfoarce.local dhclient[10762]: DHCPDISCOVER on vtnet0 to 255.255.255.255 port 67 interval 15
Jul  6 18:07:37 fw.rodolfoarce.local dhclient[10762]: DHCPDISCOVER on vtnet0 to 255.255.255.255 port 67 interval 12
Jul  6 18:07:49 fw.rodolfoarce.local dhclient[10762]: DHCPDISCOVER on vtnet0 to 255.255.255.255 port 67 interval 5
Jul  6 18:07:54 fw.rodolfoarce.local dhclient[10762]: No DHCPOFFERS received.
Jul  6 18:07:54 fw.rodolfoarce.local dhclient[10762]: No working leases in persistent database - sleeping.
Jul  6 14:07:54 fw.rodolfoarce.local dhclient[33285]: FAIL
Jul  6 18:08:00 fw.rodolfoarce.local /usr/sbin/cron[33488]: (root) CMD (/usr/sbin/newsyslog)
Jul  6 18:08:09 fw.rodolfoarce.local dhclient[10762]: DHCPDISCOVER on vtnet0 to 255.255.255.255 port 67 interval 1
Jul  6 18:08:09 fw.rodolfoarce.local filterlog[32783]: 4,,,1000000103,vtnet0,match,block,in,4,0x0,,239,54339,0,none,6,tcp,40,79.124.62.134,10.255.255.1,45035,22,0,S,1896280223,,1024,,
Jul  6 18:08:10 fw.rodolfoarce.local dhclient[10762]: DHCPDISCOVER on vtnet0 to 255.255.255.255 port 67 interval 1
Jul  6 18:08:11 fw.rodolfoarce.local dhclient[10762]: DHCPDISCOVER on vtnet0 to 255.255.255.255 port 67 interval 1
Jul  6 18:08:12 fw.rodolfoarce.local dhclient[10762]: DHCPDISCOVER on vtnet0 to 255.255.255.255 port 67 interval 2
Jul  6 18:08:14 fw.rodolfoarce.local dhclient[10762]: DHCPDISCOVER on vtnet0 to 255.255.255.255 port 67 interval 4
Jul  6 18:08:18 fw.rodolfoarce.local dhclient[10762]: DHCPDISCOVER on vtnet0 to 255.255.255.255 port 67 interval 10
Jul  6 18:08:28 fw.rodolfoarce.local dhclient[10762]: DHCPDISCOVER on vtnet0 to 255.255.255.255 port 67 interval 10
Jul  6 18:08:30 fw.rodolfoarce.local dhcp6c[28115]: Sending Solicit
Jul  6 18:08:38 fw.rodolfoarce.local dhclient[10762]: DHCPDISCOVER on vtnet0 to 255.255.255.255 port 67 interval 8
Jul  6 18:08:46 fw.rodolfoarce.local dhclient[10762]: DHCPDISCOVER on vtnet0 to 255.255.255.255 port 67 interval 8
Jul  6 18:08:54 fw.rodolfoarce.local dhclient[10762]: DHCPDISCOVER on vtnet0 to 255.255.255.255 port 67 interval 16
Jul  6 18:09:00 fw.rodolfoarce.local /usr/sbin/cron[54551]: (root) CMD (/usr/sbin/newsyslog)
Jul  6 18:09:01 fw.rodolfoarce.local filterlog[32783]: 4,,,1000000103,vtnet0,match,block,in,4,0x88,,52,43541,0,DF,17,udp,83,172.70.37.178,10.255.255.1,38385,53,63
Jul  6 18:09:01 fw.rodolfoarce.local filterlog[32783]: 4,,,1000000103,vtnet0,match,block,in,4,0x88,,52,43542,0,DF,17,udp,83,172.70.37.178,10.255.255.1,38385,53,63
Jul  6 18:09:02 fw.rodolfoarce.local filterlog[32783]: 4,,,1000000103,vtnet0,match,block,in,4,0x88,,52,41587,0,DF,17,udp,83,172.70.37.178,10.255.255.1,59918,53,63
Jul  6 18:09:03 fw.rodolfoarce.local filterlog[32783]: 4,,,1000000103,vtnet0,match,block,in,4,0x88,,52,41588,0,DF,17,udp,83,172.70.37.178,10.255.255.1,59918,53,63
Jul  6 18:09:03 fw.rodolfoarce.local filterlog[32783]: 4,,,1000000103,vtnet0,match,block,in,4,0x0,,102,64267,0,none,17,udp,94,173.194.103.169,10.255.255.1,33531,53,74
Jul  6 18:09:04 fw.rodolfoarce.local filterlog[32783]: 4,,,1000000103,vtnet0,match,block,in,4,0x0,,102,46513,0,none,17,udp,83,173.194.103.166,10.255.255.1,42030,53,63
Jul  6 18:09:04 fw.rodolfoarce.local filterlog[32783]: 4,,,1000000103,vtnet0,match,block,in,4,0x28,,47,15436,0,none,17,udp,95,5.161.188.138,10.255.255.1,60381,53,75
Jul  6 18:09:05 fw.rodolfoarce.local filterlog[32783]: 4,,,1000000103,vtnet0,match,block,in,4,0x28,,47,46566,0,none,17,udp,95,5.161.188.138,10.255.255.1,11204,53,75
Jul  6 18:09:06 fw.rodolfoarce.local filterlog[32783]: 4,,,1000000103,vtnet0,match,block,in,4,0x28,,47,41766,0,none,17,udp,95,5.161.188.138,10.255.255.1,18040,53,75
Jul  6 18:09:07 fw.rodolfoarce.local filterlog[32783]: 4,,,1000000103,vtnet0,match,block,in,4,0x28,,47,18572,0,none,17,udp,95,5.161.188.138,10.255.255.1,49979,53,75
Jul  6 18:09:08 fw.rodolfoarce.local filterlog[32783]: 4,,,1000000103,vtnet0,match,block,in,4,0x28,,47,50950,0,none,17,udp,95,5.161.188.138,10.255.255.1,48094,53,75
Jul  6 18:09:08 fw.rodolfoarce.local filterlog[32783]: 4,,,1000000103,vtnet0,match,block,in,4,0x28,,47,59918,0,none,17,udp,95,5.161.188.138,10.255.255.1,53789,53,75
Jul  6 18:09:09 fw.rodolfoarce.local filterlog[32783]: 4,,,1000000103,vtnet0,match,block,in,4,0x28,,47,59214,0,none,17,udp,95,5.161.188.138,10.255.255.1,21671,53,75
Jul  6 18:09:10 fw.rodolfoarce.local dhclient[10762]: No DHCPOFFERS received.
Jul  6 18:09:10 fw.rodolfoarce.local dhclient[10762]: No working leases in persistent database - sleeping.
Jul  6 14:09:10 fw.rodolfoarce.local dhclient[74304]: FAIL
Jul  6 18:09:16 fw.rodolfoarce.local filterlog[32783]: 4,,,1000000103,vtnet0,match,block,in,4,0x88,,52,9335,0,DF,17,udp,83,172.71.189.53,10.255.255.1,16523,53,63
Jul  6 18:09:16 fw.rodolfoarce.local filterlog[32783]: 4,,,1000000103,vtnet0,match,block,in,4,0x88,,52,9336,0,DF,17,udp,83,172.71.189.53,10.255.255.1,16523,53,63
Jul  6 18:09:17 fw.rodolfoarce.local filterlog[32783]: 4,,,1000000103,vtnet0,match,block,in,4,0x0,,105,62448,0,none,17,udp,94,172.253.196.30,10.255.255.1,50673,53,74
Jul  6 18:09:17 fw.rodolfoarce.local filterlog[32783]: 4,,,1000000103,vtnet0,match,block,in,4,0x28,,47,9609,0,none,17,udp,95,5.161.188.138,10.255.255.1,29695,53,75
Jul  6 18:09:17 fw.rodolfoarce.local filterlog[32783]: 4,,,1000000103,vtnet0,match,block,in,4,0x88,,52,33411,0,DF,17,udp,83,172.71.189.53,10.255.255.1,52197,53,63
Jul  6 18:09:17 fw.rodolfoarce.local filterlog[32783]: 4,,,1000000103,vtnet0,match,block,in,4,0x88,,52,33412,0,DF,17,udp,83,172.71.189.53,10.255.255.1,52197,53,63
Jul  6 18:09:18 fw.rodolfoarce.local filterlog[32783]: 4,,,1000000103,vtnet0,match,block,in,4,0x0,,102,53634,0,none,17,udp,83,74.125.113.155,10.255.255.1,38191,53,63
Jul  6 18:09:18 fw.rodolfoarce.local filterlog[32783]: 4,,,1000000103,vtnet0,match,block,in,4,0x28,,47,27747,0,none,17,udp,95,5.161.188.138,10.255.255.1,62928,53,75
Jul  6 18:09:19 fw.rodolfoarce.local filterlog[32783]: 4,,,1000000103,vtnet0,match,block,in,4,0x28,,47,28938,0,none,17,udp,95,5.161.188.138,10.255.255.1,49347,53,75
Jul  6 18:09:25 fw.rodolfoarce.local dhclient[10762]: DHCPDISCOVER on vtnet0 to 255.255.255.255 port 67 interval 1
Jul  6 18:09:26 fw.rodolfoarce.local dhclient[10762]: DHCPDISCOVER on vtnet0 to 255.255.255.255 port 67 interval 1
Jul  6 18:09:27 fw.rodolfoarce.local dhclient[10762]: DHCPDISCOVER on vtnet0 to 255.255.255.255 port 67 interval 2
Jul  6 18:09:29 fw.rodolfoarce.local dhclient[10762]: DHCPDISCOVER on vtnet0 to 255.255.255.255 port 67 interval 3
Jul  6 18:09:33 fw.rodolfoarce.local dhclient[10762]: DHCPDISCOVER on vtnet0 to 255.255.255.255 port 67 interval 3
Jul  6 18:09:36 fw.rodolfoarce.local dhclient[10762]: DHCPDISCOVER on vtnet0 to 255.255.255.255 port 67 interval 5
Jul  6 18:09:41 fw.rodolfoarce.local dhclient[10762]: DHCPDISCOVER on vtnet0 to 255.255.255.255 port 67 interval 6
Jul  6 18:09:47 fw.rodolfoarce.local dhclient[10762]: DHCPDISCOVER on vtnet0 to 255.255.255.255 port 67 interval 21
Jul  6 18:10:00 fw.rodolfoarce.local /usr/sbin/cron[74843]: (root) CMD (/usr/libexec/atrun)
Jul  6 18:10:00 fw.rodolfoarce.local /usr/sbin/cron[74771]: (root) CMD (/usr/sbin/newsyslog)
Jul  6 18:10:08 fw.rodolfoarce.local dhclient[10762]: DHCPDISCOVER on vtnet0 to 255.255.255.255 port 67 interval 7
Jul  6 18:10:15 fw.rodolfoarce.local dhclient[10762]: DHCPDISCOVER on vtnet0 to 255.255.255.255 port 67 interval 11
Jul  6 18:10:26 fw.rodolfoarce.local dhclient[10762]: No DHCPOFFERS received.
Jul  6 18:10:26 fw.rodolfoarce.local dhclient[10762]: No working leases in persistent database - sleeping.
Jul  6 14:10:26 fw.rodolfoarce.local dhclient[93042]: FAIL
Jul  6 18:10:41 fw.rodolfoarce.local dhclient[10762]: DHCPDISCOVER on vtnet0 to 255.255.255.255 port 67 interval 1
Jul  6 18:10:41 fw.rodolfoarce.local dhcp6c[28115]: Sending Solicit
Jul  6 18:10:42 fw.rodolfoarce.local dhclient[10762]: DHCPDISCOVER on vtnet0 to 255.255.255.255 port 67 interval 2
Jul  6 18:10:44 fw.rodolfoarce.local dhclient[10762]: DHCPDISCOVER on vtnet0 to 255.255.255.255 port 67 interval 5
Jul  6 18:10:49 fw.rodolfoarce.local dhclient[10762]: DHCPDISCOVER on vtnet0 to 255.255.255.255 port 67 interval 11
Jul  6 18:11:00 fw.rodolfoarce.local /usr/sbin/cron[93128]: (root) CMD (/usr/sbin/newsyslog)
Jul  6 18:11:00 fw.rodolfoarce.local dhclient[10762]: DHCPDISCOVER on vtnet0 to 255.255.255.255 port 67 interval 12
Jul  6 18:11:12 fw.rodolfoarce.local dhclient[10762]: DHCPDISCOVER on vtnet0 to 255.255.255.255 port 67 interval 10
Jul  6 18:11:22 fw.rodolfoarce.local dhclient[10762]: DHCPDISCOVER on vtnet0 to 255.255.255.255 port 67 interval 16
Jul  6 18:11:38 fw.rodolfoarce.local dhclient[10762]: DHCPDISCOVER on vtnet0 to 255.255.255.255 port 67 interval 4
Jul  6 18:11:43 fw.rodolfoarce.local dhclient[10762]: No DHCPOFFERS received.
Jul  6 18:11:43 fw.rodolfoarce.local dhclient[10762]: No working leases in persistent database - sleeping.
Jul  6 14:11:43 fw.rodolfoarce.local dhclient[12099]: FAIL
Jul  6 18:11:58 fw.rodolfoarce.local dhclient[10762]: DHCPDISCOVER on vtnet0 to 255.255.255.255 port 67 interval 2
Jul  6 18:12:00 fw.rodolfoarce.local /usr/sbin/cron[13096]: (root) CMD (/usr/sbin/newsyslog)
Jul  6 18:12:00 fw.rodolfoarce.local dhclient[10762]: DHCPDISCOVER on vtnet0 to 255.255.255.255 port 67 interval 5
Jul  6 18:12:05 fw.rodolfoarce.local dhclient[10762]: DHCPDISCOVER on vtnet0 to 255.255.255.255 port 67 interval 8
Jul  6 18:12:13 fw.rodolfoarce.local dhclient[10762]: DHCPDISCOVER on vtnet0 to 255.255.255.255 port 67 interval 9
Jul  6 18:12:22 fw.rodolfoarce.local dhclient[10762]: DHCPDISCOVER on vtnet0 to 255.255.255.255 port 67 interval 11
Jul  6 18:12:33 fw.rodolfoarce.local dhclient[10762]: DHCPDISCOVER on vtnet0 to 255.255.255.255 port 67 interval 13
Jul  6 18:12:39 fw.rodolfoarce.local filterlog[32783]: 4,,,1000000103,vtnet0,match,block,in,4,0x0,,240,54321,0,none,17,udp,71,95.214.53.134,10.255.255.1,10370,53,51
Jul  6 18:12:46 fw.rodolfoarce.local dhclient[10762]: DHCPDISCOVER on vtnet0 to 255.255.255.255 port 67 interval 13
Jul  6 18:12:49 fw.rodolfoarce.local dhcp6c[28115]: Sending Solicit
Jul  6 18:12:59 fw.rodolfoarce.local dhclient[10762]: No DHCPOFFERS received.
Jul  6 18:12:59 fw.rodolfoarce.local dhclient[10762]: No working leases in persistent database - sleeping.
Jul  6 14:12:59 fw.rodolfoarce.local dhclient[32242]: FAIL
Jul  6 18:13:00 fw.rodolfoarce.local /usr/sbin/cron[32559]: (root) CMD (/usr/sbin/newsyslog)
Jul  6 18:13:14 fw.rodolfoarce.local dhclient[10762]: DHCPDISCOVER on vtnet0 to 255.255.255.255 port 67 interval 1
Jul  6 18:13:17 fw.rodolfoarce.local dhclient[10762]: message repeated 2 times: [ DHCPDISCOVER on vtnet0 to 255.255.255.255 port 67 interval 1]
Jul  6 18:13:18 fw.rodolfoarce.local dhclient[10762]: DHCPDISCOVER on vtnet0 to 255.255.255.255 port 67 interval 2
Jul  6 18:13:20 fw.rodolfoarce.local dhclient[10762]: DHCPDISCOVER on vtnet0 to 255.255.255.255 port 67 interval 4
Jul  6 18:13:24 fw.rodolfoarce.local dhclient[10762]: DHCPDISCOVER on vtnet0 to 255.255.255.255 port 67 interval 6
Jul  6 18:13:30 fw.rodolfoarce.local dhclient[10762]: DHCPDISCOVER on vtnet0 to 255.255.255.255 port 67 interval 12
Jul  6 18:13:42 fw.rodolfoarce.local dhclient[10762]: DHCPDISCOVER on vtnet0 to 255.255.255.255 port 67 interval 14
Jul  6 18:13:56 fw.rodolfoarce.local dhclient[10762]: DHCPDISCOVER on vtnet0 to 255.255.255.255 port 67 interval 7
Jul  6 18:14:00 fw.rodolfoarce.local /usr/sbin/cron[52442]: (root) CMD (/usr/sbin/newsyslog)
Jul  6 18:14:03 fw.rodolfoarce.local dhclient[10762]: DHCPDISCOVER on vtnet0 to 255.255.255.255 port 67 interval 12
Jul  6 18:14:15 fw.rodolfoarce.local dhclient[10762]: No DHCPOFFERS received.
Jul  6 18:14:15 fw.rodolfoarce.local dhclient[10762]: No working leases in persistent database - sleeping.
Jul  6 14:14:15 fw.rodolfoarce.local dhclient[70331]: FAIL
Jul  6 18:14:30 fw.rodolfoarce.local dhclient[10762]: DHCPDISCOVER on vtnet0 to 255.255.255.255 port 67 interval 2
Jul  6 18:14:32 fw.rodolfoarce.local dhclient[10762]: DHCPDISCOVER on vtnet0 to 255.255.255.255 port 67 interval 2
Jul  6 18:14:34 fw.rodolfoarce.local dhclient[10762]: DHCPDISCOVER on vtnet0 to 255.255.255.255 port 67 interval 5
Jul  6 18:14:39 fw.rodolfoarce.local dhclient[10762]: DHCPDISCOVER on vtnet0 to 255.255.255.255 port 67 interval 6
Jul  6 18:14:45 fw.rodolfoarce.local dhclient[10762]: DHCPDISCOVER on vtnet0 to 255.255.255.255 port 67 interval 7
Jul  6 18:14:49 fw.rodolfoarce.local filterlog[32783]: 4,,,1000000103,vtnet1,match,block,in,4,0x0,,64,12760,0,DF,6,tcp,76,10.1.1.3,104.21.40.220,46992,443,24,PA,3342652670:3342652694,3979661202,249,,nop;nop;TS
Jul  6 18:14:49 fw.rodolfoarce.local filterlog[32783]: 4,,,1000000103,vtnet1,match,block,in,4,0x0,,64,12761,0,DF,6,tcp,52,10.1.1.3,104.21.40.220,46992,443,0,FA,3342652694,3979661202,249,,nop;nop;TS
Jul  6 18:14:49 fw.rodolfoarce.local filterlog[32783]: 4,,,1000000103,vtnet1,match,block,in,4,0x0,,64,12762,0,DF,6,tcp,52,10.1.1.3,104.21.40.220,46992,443,0,FA,3342652694,3979661202,249,,nop;nop;TS
Jul  6 18:14:49 fw.rodolfoarce.local filterlog[32783]: 4,,,1000000103,vtnet1,match,block,in,4,0x0,,64,12763,0,DF,6,tcp,76,10.1.1.3,104.21.40.220,46992,443,24,FPA,3342652670:3342652694,3979661202,249,,nop;nop;TS
Jul  6 18:14:50 fw.rodolfoarce.local filterlog[32783]: 4,,,1000000103,vtnet1,match,block,in,4,0x0,,64,12764,0,DF,6,tcp,76,10.1.1.3,104.21.40.220,46992,443,24,FPA,3342652670:3342652694,3979661202,249,,nop;nop;TS
Jul  6 18:14:50 fw.rodolfoarce.local dhcp6c[28115]: Sending Solicit
Jul  6 18:14:51 fw.rodolfoarce.local filterlog[32783]: 4,,,1000000103,vtnet1,match,block,in,4,0x0,,64,12765,0,DF,6,tcp,76,10.1.1.3,104.21.40.220,46992,443,24,FPA,3342652670:3342652694,3979661202,249,,nop;nop;TS
Jul  6 18:14:52 fw.rodolfoarce.local filterlog[32783]: 4,,,1000000103,vtnet1,match,block,in,4,0x0,,64,12766,0,DF,6,tcp,76,10.1.1.3,104.21.40.220,46992,443,24,FPA,3342652670:3342652694,3979661202,249,,nop;nop;TS
Jul  6 18:14:53 fw.rodolfoarce.local dhclient[10762]: DHCPDISCOVER on vtnet0 to 255.255.255.255 port 67 interval 7
Jul  6 18:14:56 fw.rodolfoarce.local filterlog[32783]: 4,,,1000000103,vtnet1,match,block,in,4,0x0,,64,12767,0,DF,6,tcp,76,10.1.1.3,104.21.40.220,46992,443,24,FPA,3342652670:3342652694,3979661202,249,,nop;nop;TS
Jul  6 18:15:00 fw.rodolfoarce.local /usr/sbin/cron[71190]: (root) CMD (/usr/sbin/newsyslog)
Jul  6 18:15:00 fw.rodolfoarce.local /usr/sbin/cron[71445]: (root) CMD (/usr/libexec/atrun)
Jul  6 18:15:00 fw.rodolfoarce.local dhclient[10762]: DHCPDISCOVER on vtnet0 to 255.255.255.255 port 67 interval 10
Jul  6 18:15:02 fw.rodolfoarce.local filterlog[32783]: 4,,,1000000103,vtnet1,match,block,in,4,0x0,,64,12768,0,DF,6,tcp,76,10.1.1.3,104.21.40.220,46992,443,24,FPA,3342652670:3342652694,3979661202,249,,nop;nop;TS
Jul  6 18:15:10 fw.rodolfoarce.local dhclient[10762]: DHCPDISCOVER on vtnet0 to 255.255.255.255 port 67 interval 12
Jul  6 18:15:17 fw.rodolfoarce.local filterlog[32783]: 4,,,1000000103,vtnet1,match,block,in,4,0x0,,64,12769,0,DF,6,tcp,76,10.1.1.3,104.21.40.220,46992,443,24,FPA,3342652670:3342652694,3979661202,249,,nop;nop;TS
Jul  6 18:15:22 fw.rodolfoarce.local dhclient[10762]: DHCPDISCOVER on vtnet0 to 255.255.255.255 port 67 interval 9
Jul  6 18:15:31 fw.rodolfoarce.local dhclient[10762]: No DHCPOFFERS received.
Jul  6 18:15:31 fw.rodolfoarce.local dhclient[10762]: No working leases in persistent database - sleeping.
Jul  6 14:15:31 fw.rodolfoarce.local dhclient[90266]: FAIL
Jul  6 18:15:44 fw.rodolfoarce.local filterlog[32783]: 4,,,1000000103,vtnet1,match,block,in,4,0x0,,64,12770,0,DF,6,tcp,76,10.1.1.3,104.21.40.220,46992,443,24,FPA,3342652670:3342652694,3979661202,249,,nop;nop;TS
Jul  6 18:15:47 fw.rodolfoarce.local dhclient[10762]: DHCPDISCOVER on vtnet0 to 255.255.255.255 port 67 interval 1
Jul  6 18:15:51 fw.rodolfoarce.local dhclient[10762]: message repeated 4 times: [ DHCPDISCOVER on vtnet0 to 255.255.255.255 port 67 interval 1]
Jul  6 18:15:52 fw.rodolfoarce.local dhclient[10762]: DHCPDISCOVER on vtnet0 to 255.255.255.255 port 67 interval 2
Jul  6 18:15:54 fw.rodolfoarce.local dhclient[10762]: DHCPDISCOVER on vtnet0 to 255.255.255.255 port 67 interval 4
Jul  6 18:15:58 fw.rodolfoarce.local dhclient[10762]: DHCPDISCOVER on vtnet0 to 255.255.255.255 port 67 interval 10
Jul  6 18:16:00 fw.rodolfoarce.local /usr/sbin/cron[90661]: (root) CMD (/usr/sbin/newsyslog)
Jul  6 18:16:08 fw.rodolfoarce.local dhclient[10762]: DHCPDISCOVER on vtnet0 to 255.255.255.255 port 67 interval 13
Jul  6 18:16:21 fw.rodolfoarce.local dhclient[10762]: DHCPDISCOVER on vtnet0 to 255.255.255.255 port 67 interval 10
Jul  6 18:16:31 fw.rodolfoarce.local dhclient[10762]: DHCPDISCOVER on vtnet0 to 255.255.255.255 port 67 interval 17
Jul  6 18:16:48 fw.rodolfoarce.local dhclient[10762]: No DHCPOFFERS received.
Jul  6 18:16:48 fw.rodolfoarce.local dhclient[10762]: No working leases in persistent database - sleeping.
Jul  6 14:16:48 fw.rodolfoarce.local dhclient[8520]: FAIL
Jul  6 18:16:59 fw.rodolfoarce.local dhcp6c[28115]: Sending Solicit
Jul  6 18:17:00 fw.rodolfoarce.local /usr/sbin/cron[9779]: (root) CMD (/usr/sbin/newsyslog)
Jul  6 18:17:03 fw.rodolfoarce.local dhclient[10762]: DHCPDISCOVER on vtnet0 to 255.255.255.255 port 67 interval 1
Jul  6 18:17:04 fw.rodolfoarce.local dhclient[10762]: DHCPDISCOVER on vtnet0 to 255.255.255.255 port 67 interval 1
Jul  6 18:17:05 fw.rodolfoarce.local dhclient[10762]: DHCPDISCOVER on vtnet0 to 255.255.255.255 port 67 interval 2
Jul  6 18:17:07 fw.rodolfoarce.local dhclient[10762]: DHCPDISCOVER on vtnet0 to 255.255.255.255 port 67 interval 2
Jul  6 18:17:09 fw.rodolfoarce.local dhclient[10762]: DHCPDISCOVER on vtnet0 to 255.255.255.255 port 67 interval 4
Jul  6 18:17:14 fw.rodolfoarce.local dhclient[10762]: DHCPDISCOVER on vtnet0 to 255.255.255.255 port 67 interval 9
Jul  6 18:17:23 fw.rodolfoarce.local dhclient[10762]: DHCPDISCOVER on vtnet0 to 255.255.255.255 port 67 interval 10
Jul  6 18:17:33 fw.rodolfoarce.local dhclient[10762]: DHCPDISCOVER on vtnet0 to 255.255.255.255 port 67 interval 10
Jul  6 18:17:43 fw.rodolfoarce.local dhclient[10762]: DHCPDISCOVER on vtnet0 to 255.255.255.255 port 67 interval 9
Jul  6 18:17:52 fw.rodolfoarce.local dhclient[10762]: DHCPDISCOVER on vtnet0 to 255.255.255.255 port 67 interval 12
Jul  6 18:18:00 fw.rodolfoarce.local /usr/sbin/cron[27664]: (root) CMD (/usr/sbin/newsyslog)
Jul  6 18:18:04 fw.rodolfoarce.local dhclient[10762]: No DHCPOFFERS received.
Jul  6 18:18:04 fw.rodolfoarce.local dhclient[10762]: No working leases in persistent database - sleeping.
Jul  6 14:18:04 fw.rodolfoarce.local dhclient[28921]: FAIL
Jul  6 18:18:19 fw.rodolfoarce.local dhclient[10762]: DHCPDISCOVER on vtnet0 to 255.255.255.255 port 67 interval 2
Jul  6 18:18:21 fw.rodolfoarce.local dhclient[10762]: DHCPDISCOVER on vtnet0 to 255.255.255.255 port 67 interval 2
Jul  6 18:18:23 fw.rodolfoarce.local dhclient[10762]: DHCPDISCOVER on vtnet0 to 255.255.255.255 port 67 interval 4
Jul  6 18:18:28 fw.rodolfoarce.local dhclient[10762]: DHCPDISCOVER on vtnet0 to 255.255.255.255 port 67 interval 10
Jul  6 18:18:38 fw.rodolfoarce.local dhclient[10762]: DHCPDISCOVER on vtnet0 to 255.255.255.255 port 67 interval 21
Jul  6 18:18:56 fw.rodolfoarce.local dhcp6c[28115]: Sending Solicit
Jul  6 18:18:59 fw.rodolfoarce.local dhclient[10762]: DHCPDISCOVER on vtnet0 to 255.255.255.255 port 67 interval 8
Jul  6 18:19:00 fw.rodolfoarce.local /usr/sbin/cron[46601]: (root) CMD (/usr/sbin/newsyslog)
Jul  6 18:19:07 fw.rodolfoarce.local dhclient[10762]: DHCPDISCOVER on vtnet0 to 255.255.255.255 port 67 interval 13
Jul  6 18:19:20 fw.rodolfoarce.local dhclient[10762]: No DHCPOFFERS received.
Jul  6 18:19:20 fw.rodolfoarce.local dhclient[10762]: No working leases in persistent database - sleeping.
Jul  6 14:19:20 fw.rodolfoarce.local dhclient[65431]: FAIL
Jul  6 18:19:35 fw.rodolfoarce.local dhclient[10762]: DHCPDISCOVER on vtnet0 to 255.255.255.255 port 67 interval 2
Jul  6 18:19:37 fw.rodolfoarce.local dhclient[10762]: DHCPDISCOVER on vtnet0 to 255.255.255.255 port 67 interval 3
Jul  6 18:19:40 fw.rodolfoarce.local dhclient[10762]: DHCPDISCOVER on vtnet0 to 255.255.255.255 port 67 interval 5
Jul  6 18:19:45 fw.rodolfoarce.local dhclient[10762]: DHCPDISCOVER on vtnet0 to 255.255.255.255 port 67 interval 8
Jul  6 18:19:53 fw.rodolfoarce.local dhclient[10762]: DHCPDISCOVER on vtnet0 to 255.255.255.255 port 67 interval 9
Jul  6 18:20:00 fw.rodolfoarce.local /usr/sbin/cron[66099]: (root) CMD (/usr/libexec/atrun)
Jul  6 18:20:00 fw.rodolfoarce.local /usr/sbin/cron[65930]: (root) CMD (/usr/sbin/newsyslog)
Jul  6 18:20:02 fw.rodolfoarce.local dhclient[10762]: DHCPDISCOVER on vtnet0 to 255.255.255.255 port 67 interval 15
Jul  6 18:20:18 fw.rodolfoarce.local dhclient[10762]: DHCPDISCOVER on vtnet0 to 255.255.255.255 port 67 interval 10
Jul  6 18:20:28 fw.rodolfoarce.local dhclient[10762]: DHCPDISCOVER on vtnet0 to 255.255.255.255 port 67 interval 8
Jul  6 18:20:36 fw.rodolfoarce.local dhclient[10762]: No DHCPOFFERS received.
Jul  6 18:20:36 fw.rodolfoarce.local dhclient[10762]: No working leases in persistent database - sleeping.
Jul  6 14:20:36 fw.rodolfoarce.local dhclient[85081]: FAIL
Jul  6 18:20:51 fw.rodolfoarce.local dhclient[10762]: DHCPDISCOVER on vtnet0 to 255.255.255.255 port 67 interval 2
Jul  6 18:20:53 fw.rodolfoarce.local dhclient[10762]: DHCPDISCOVER on vtnet0 to 255.255.255.255 port 67 interval 4
Jul  6 18:20:57 fw.rodolfoarce.local dhclient[10762]: DHCPDISCOVER on vtnet0 to 255.255.255.255 port 67 interval 8
Jul  6 18:20:59 fw.rodolfoarce.local dhcp6c[28115]: Sending Solicit
Jul  6 18:21:00 fw.rodolfoarce.local /usr/sbin/cron[85516]: (root) CMD (/usr/sbin/newsyslog)
Jul  6 18:21:05 fw.rodolfoarce.local dhclient[10762]: DHCPDISCOVER on vtnet0 to 255.255.255.255 port 67 interval 11
Jul  6 18:21:16 fw.rodolfoarce.local dhclient[10762]: DHCPDISCOVER on vtnet0 to 255.255.255.255 port 67 interval 18
Jul  6 18:21:34 fw.rodolfoarce.local dhclient[10762]: DHCPDISCOVER on vtnet0 to 255.255.255.255 port 67 interval 16
Jul  6 18:21:50 fw.rodolfoarce.local dhclient[10762]: DHCPDISCOVER on vtnet0 to 255.255.255.255 port 67 interval 2
Jul  6 18:21:52 fw.rodolfoarce.local dhclient[10762]: No DHCPOFFERS received.
Jul  6 18:21:52 fw.rodolfoarce.local dhclient[10762]: No working leases in persistent database - sleeping.
Jul  6 14:21:52 fw.rodolfoarce.local dhclient[4222]: FAIL
Jul  6 18:22:00 fw.rodolfoarce.local /usr/sbin/cron[4656]: (root) CMD (/usr/sbin/newsyslog)
Jul  6 18:22:07 fw.rodolfoarce.local dhclient[10762]: DHCPDISCOVER on vtnet0 to 255.255.255.255 port 67 interval 2
Jul  6 18:22:09 fw.rodolfoarce.local dhclient[10762]: DHCPDISCOVER on vtnet0 to 255.255.255.255 port 67 interval 2
Jul  6 18:22:12 fw.rodolfoarce.local dhclient[10762]: DHCPDISCOVER on vtnet0 to 255.255.255.255 port 67 interval 4
Jul  6 18:22:16 fw.rodolfoarce.local dhclient[10762]: DHCPDISCOVER on vtnet0 to 255.255.255.255 port 67 interval 4
Jul  6 18:22:20 fw.rodolfoarce.local dhclient[10762]: DHCPDISCOVER on vtnet0 to 255.255.255.255 port 67 interval 9
Jul  6 18:22:29 fw.rodolfoarce.local dhclient[10762]: DHCPDISCOVER on vtnet0 to 255.255.255.255 port 67 interval 10
Jul  6 18:22:39 fw.rodolfoarce.local dhclient[10762]: DHCPDISCOVER on vtnet0 to 255.255.255.255 port 67 interval 9
Jul  6 18:22:48 fw.rodolfoarce.local dhclient[10762]: DHCPDISCOVER on vtnet0 to 255.255.255.255 port 67 interval 16
Jul  6 18:22:57 fw.rodolfoarce.local dhcp6c[28115]: Sending Solicit
Jul  6 18:23:00 fw.rodolfoarce.local /usr/sbin/cron[22256]: (root) CMD (/usr/sbin/newsyslog)
Jul  6 18:23:04 fw.rodolfoarce.local dhclient[10762]: DHCPDISCOVER on vtnet0 to 255.255.255.255 port 67 interval 4
Jul  6 18:23:08 fw.rodolfoarce.local dhclient[10762]: No DHCPOFFERS received.
Jul  6 18:23:08 fw.rodolfoarce.local dhclient[10762]: No working leases in persistent database - sleeping.
Jul  6 14:23:08 fw.rodolfoarce.local dhclient[22956]: FAIL
Jul  6 18:23:23 fw.rodolfoarce.local dhclient[10762]: DHCPDISCOVER on vtnet0 to 255.255.255.255 port 67 interval 2
Jul  6 18:23:25 fw.rodolfoarce.local dhclient[10762]: DHCPDISCOVER on vtnet0 to 255.255.255.255 port 67 interval 2
Jul  6 18:23:27 fw.rodolfoarce.local dhclient[10762]: DHCPDISCOVER on vtnet0 to 255.255.255.255 port 67 interval 3
Jul  6 18:23:30 fw.rodolfoarce.local dhclient[10762]: DHCPDISCOVER on vtnet0 to 255.255.255.255 port 67 interval 4
Jul  6 18:23:34 fw.rodolfoarce.local dhclient[10762]: DHCPDISCOVER on vtnet0 to 255.255.255.255 port 67 interval 5
Jul  6 18:23:39 fw.rodolfoarce.local dhclient[10762]: DHCPDISCOVER on vtnet0 to 255.255.255.255 port 67 interval 7
Jul  6 18:23:46 fw.rodolfoarce.local dhclient[10762]: DHCPDISCOVER on vtnet0 to 255.255.255.255 port 67 interval 15
Jul  6 18:24:00 fw.rodolfoarce.local /usr/sbin/cron[42160]: (root) CMD (/usr/sbin/newsyslog)
Jul  6 18:24:01 fw.rodolfoarce.local dhclient[10762]: DHCPDISCOVER on vtnet0 to 255.255.255.255 port 67 interval 12
Jul  6 18:24:14 fw.rodolfoarce.local dhclient[10762]: DHCPDISCOVER on vtnet0 to 255.255.255.255 port 67 interval 7
Jul  6 18:24:21 fw.rodolfoarce.local dhclient[10762]: DHCPDISCOVER on vtnet0 to 255.255.255.255 port 67 interval 3
Jul  6 18:24:24 fw.rodolfoarce.local dhclient[10762]: No DHCPOFFERS received.
Jul  6 18:24:24 fw.rodolfoarce.local dhclient[10762]: No working leases in persistent database - sleeping.
Jul  6 14:24:24 fw.rodolfoarce.local dhclient[60798]: FAIL
Jul  6 18:24:39 fw.rodolfoarce.local dhclient[10762]: DHCPDISCOVER on vtnet0 to 255.255.255.255 port 67 interval 2
Jul  6 18:24:41 fw.rodolfoarce.local dhclient[10762]: DHCPDISCOVER on vtnet0 to 255.255.255.255 port 67 interval 3
Jul  6 18:24:44 fw.rodolfoarce.local dhclient[10762]: DHCPDISCOVER on vtnet0 to 255.255.255.255 port 67 interval 6
Jul  6 18:24:50 fw.rodolfoarce.local dhclient[10762]: DHCPDISCOVER on vtnet0 to 255.255.255.255 port 67 interval 10
Jul  6 18:24:54 fw.rodolfoarce.local dhcp6c[28115]: Sending Solicit
Jul  6 18:25:00 fw.rodolfoarce.local /usr/sbin/cron[61325]: (root) CMD (/usr/libexec/atrun)
Jul  6 18:25:00 fw.rodolfoarce.local /usr/sbin/cron[61063]: (root) CMD (/usr/sbin/newsyslog)
Jul  6 18:25:00 fw.rodolfoarce.local dhclient[10762]: DHCPDISCOVER on vtnet0 to 255.255.255.255 port 67 interval 7
Jul  6 18:25:07 fw.rodolfoarce.local dhclient[10762]: DHCPDISCOVER on vtnet0 to 255.255.255.255 port 67 interval 15
Jul  6 18:25:22 fw.rodolfoarce.local dhclient[10762]: DHCPDISCOVER on vtnet0 to 255.255.255.255 port 67 interval 16
Jul  6 18:25:38 fw.rodolfoarce.local dhclient[10762]: DHCPDISCOVER on vtnet0 to 255.255.255.255 port 67 interval 2
Jul  6 18:25:40 fw.rodolfoarce.local dhclient[10762]: No DHCPOFFERS received.
Jul  6 18:25:40 fw.rodolfoarce.local dhclient[10762]: No working leases in persistent database - sleeping.
Jul  6 14:25:40 fw.rodolfoarce.local dhclient[80330]: FAIL
Jul  6 18:25:55 fw.rodolfoarce.local dhclient[10762]: DHCPDISCOVER on vtnet0 to 255.255.255.255 port 67 interval 2
Jul  6 18:25:58 fw.rodolfoarce.local dhclient[10762]: DHCPDISCOVER on vtnet0 to 255.255.255.255 port 67 interval 3
Jul  6 18:26:00 fw.rodolfoarce.local /usr/sbin/cron[80535]: (root) CMD (/usr/sbin/newsyslog)
Jul  6 18:26:01 fw.rodolfoarce.local dhclient[10762]: DHCPDISCOVER on vtnet0 to 255.255.255.255 port 67 interval 6
Jul  6 18:26:07 fw.rodolfoarce.local dhclient[10762]: DHCPDISCOVER on vtnet0 to 255.255.255.255 port 67 interval 7
Jul  6 18:26:14 fw.rodolfoarce.local dhclient[10762]: DHCPDISCOVER on vtnet0 to 255.255.255.255 port 67 interval 15
Jul  6 18:26:29 fw.rodolfoarce.local dhclient[10762]: DHCPDISCOVER on vtnet0 to 255.255.255.255 port 67 interval 20
Jul  6 18:26:49 fw.rodolfoarce.local dhclient[10762]: DHCPDISCOVER on vtnet0 to 255.255.255.255 port 67 interval 7
Jul  6 18:26:50 fw.rodolfoarce.local dhcp6c[28115]: Sending Solicit
Jul  6 18:26:56 fw.rodolfoarce.local dhclient[10762]: No DHCPOFFERS received.
Jul  6 18:26:56 fw.rodolfoarce.local dhclient[10762]: No working leases in persistent database - sleeping.
Jul  6 14:26:56 fw.rodolfoarce.local dhclient[98973]: FAIL
Jul  6 18:27:00 fw.rodolfoarce.local /usr/sbin/cron[99494]: (root) CMD (/usr/sbin/newsyslog)
Jul  6 18:27:11 fw.rodolfoarce.local dhclient[10762]: DHCPDISCOVER on vtnet0 to 255.255.255.255 port 67 interval 1
Jul  6 18:27:13 fw.rodolfoarce.local dhclient[10762]: message repeated 2 times: [ DHCPDISCOVER on vtnet0 to 255.255.255.255 port 67 interval 1]
Jul  6 18:27:14 fw.rodolfoarce.local dhclient[10762]: DHCPDISCOVER on vtnet0 to 255.255.255.255 port 67 interval 2
Jul  6 18:27:16 fw.rodolfoarce.local dhclient[10762]: DHCPDISCOVER on vtnet0 to 255.255.255.255 port 67 interval 3
Jul  6 18:27:19 fw.rodolfoarce.local dhclient[10762]: DHCPDISCOVER on vtnet0 to 255.255.255.255 port 67 interval 4
Jul  6 18:27:23 fw.rodolfoarce.local dhclient[10762]: DHCPDISCOVER on vtnet0 to 255.255.255.255 port 67 interval 11
Jul  6 18:27:34 fw.rodolfoarce.local dhclient[10762]: DHCPDISCOVER on vtnet0 to 255.255.255.255 port 67 interval 9
Jul  6 18:27:43 fw.rodolfoarce.local dhclient[10762]: DHCPDISCOVER on vtnet0 to 255.255.255.255 port 67 interval 8
Jul  6 18:27:52 fw.rodolfoarce.local dhclient[10762]: DHCPDISCOVER on vtnet0 to 255.255.255.255 port 67 interval 9
Jul  6 18:28:00 fw.rodolfoarce.local /usr/sbin/cron[19166]: (root) CMD (/usr/sbin/newsyslog)
Jul  6 18:28:01 fw.rodolfoarce.local dhclient[10762]: DHCPDISCOVER on vtnet0 to 255.255.255.255 port 67 interval 11
Jul  6 18:28:12 fw.rodolfoarce.local dhclient[10762]: No DHCPOFFERS received.
Jul  6 18:28:12 fw.rodolfoarce.local dhclient[10762]: No working leases in persistent database - sleeping.
Jul  6 14:28:12 fw.rodolfoarce.local dhclient[20147]: FAIL
Jul  6 18:28:27 fw.rodolfoarce.local dhclient[10762]: DHCPDISCOVER on vtnet0 to 255.255.255.255 port 67 interval 1
Jul  6 18:28:28 fw.rodolfoarce.local dhclient[10762]: DHCPDISCOVER on vtnet0 to 255.255.255.255 port 67 interval 2
Jul  6 18:28:30 fw.rodolfoarce.local dhclient[10762]: DHCPDISCOVER on vtnet0 to 255.255.255.255 port 67 interval 2
Jul  6 18:28:32 fw.rodolfoarce.local dhclient[10762]: DHCPDISCOVER on vtnet0 to 255.255.255.255 port 67 interval 5
Jul  6 18:28:37 fw.rodolfoarce.local dhclient[10762]: DHCPDISCOVER on vtnet0 to 255.255.255.255 port 67 interval 12
Jul  6 18:28:49 fw.rodolfoarce.local dhclient[10762]: DHCPDISCOVER on vtnet0 to 255.255.255.255 port 67 interval 9
Jul  6 18:28:54 fw.rodolfoarce.local dhcp6c[28115]: Sending Solicit
Jul  6 18:28:58 fw.rodolfoarce.local dhclient[10762]: DHCPDISCOVER on vtnet0 to 255.255.255.255 port 67 interval 9
Jul  6 18:29:00 fw.rodolfoarce.local /usr/sbin/cron[39345]: (root) CMD (/usr/sbin/newsyslog)
Jul  6 18:29:07 fw.rodolfoarce.local dhclient[10762]: DHCPDISCOVER on vtnet0 to 255.255.255.255 port 67 interval 13
Jul  6 18:29:20 fw.rodolfoarce.local dhclient[10762]: DHCPDISCOVER on vtnet0 to 255.255.255.255 port 67 interval 8
Jul  6 18:29:28 fw.rodolfoarce.local dhclient[10762]: No DHCPOFFERS received.
Jul  6 18:29:28 fw.rodolfoarce.local dhclient[10762]: No working leases in persistent database - sleeping.
Jul  6 14:29:28 fw.rodolfoarce.local dhclient[53922]: FAIL
Jul  6 18:29:43 fw.rodolfoarce.local dhclient[10762]: DHCPDISCOVER on vtnet0 to 255.255.255.255 port 67 interval 1
Jul  6 18:29:44 fw.rodolfoarce.local dhclient[10762]: DHCPDISCOVER on vtnet0 to 255.255.255.255 port 67 interval 1
Jul  6 18:29:45 fw.rodolfoarce.local dhclient[10762]: DHCPDISCOVER on vtnet0 to 255.255.255.255 port 67 interval 2
Jul  6 18:29:47 fw.rodolfoarce.local dhclient[10762]: DHCPDISCOVER on vtnet0 to 255.255.255.255 port 67 interval 2
Jul  6 18:29:49 fw.rodolfoarce.local dhclient[10762]: DHCPDISCOVER on vtnet0 to 255.255.255.255 port 67 interval 3
Jul  6 18:29:53 fw.rodolfoarce.local dhclient[10762]: DHCPDISCOVER on vtnet0 to 255.255.255.255 port 67 interval 8
Jul  6 18:29:54 fw.rodolfoarce.local filterlog[32783]: 4,,,1000000103,vtnet0,match,block,in,4,0x28,,236,54321,0,none,17,udp,60,71.6.134.230,10.255.255.1,55935,53,40
Jul  6 18:30:00 fw.rodolfoarce.local /usr/sbin/cron[59255]: (root) CMD (/usr/sbin/newsyslog)
Jul  6 18:30:00 fw.rodolfoarce.local /usr/sbin/cron[59433]: (root) CMD (/usr/libexec/atrun)
Jul  6 18:30:01 fw.rodolfoarce.local dhclient[10762]: DHCPDISCOVER on vtnet0 to 255.255.255.255 port 67 interval 11
Jul  6 18:30:12 fw.rodolfoarce.local dhclient[10762]: DHCPDISCOVER on vtnet0 to 255.255.255.255 port 67 interval 15
Jul  6 18:30:27 fw.rodolfoarce.local dhclient[10762]: DHCPDISCOVER on vtnet0 to 255.255.255.255 port 67 interval 17
Jul  6 18:30:44 fw.rodolfoarce.local dhclient[10762]: No DHCPOFFERS received.
Jul  6 18:30:44 fw.rodolfoarce.local dhclient[10762]: No working leases in persistent database - sleeping.
Jul  6 14:30:44 fw.rodolfoarce.local dhclient[78007]: FAIL
Jul  6 18:30:57 fw.rodolfoarce.local dhcp6c[28115]: Sending Solicit
Jul  6 18:30:59 fw.rodolfoarce.local dhclient[10762]: DHCPDISCOVER on vtnet0 to 255.255.255.255 port 67 interval 2
Jul  6 18:31:00 fw.rodolfoarce.local /usr/sbin/cron[78465]: (root) CMD (/usr/sbin/newsyslog)
Jul  6 18:31:01 fw.rodolfoarce.local dhclient[10762]: DHCPDISCOVER on vtnet0 to 255.255.255.255 port 67 interval 4
Jul  6 18:31:05 fw.rodolfoarce.local dhclient[10762]: DHCPDISCOVER on vtnet0 to 255.255.255.255 port 67 interval 7
Jul  6 18:31:12 fw.rodolfoarce.local dhclient[10762]: DHCPDISCOVER on vtnet0 to 255.255.255.255 port 67 interval 9
Jul  6 18:31:21 fw.rodolfoarce.local dhclient[10762]: DHCPDISCOVER on vtnet0 to 255.255.255.255 port 67 interval 21
Jul  6 18:31:42 fw.rodolfoarce.local dhclient[10762]: DHCPDISCOVER on vtnet0 to 255.255.255.255 port 67 interval 8
Jul  6 18:31:50 fw.rodolfoarce.local dhclient[10762]: DHCPDISCOVER on vtnet0 to 255.255.255.255 port 67 interval 10
Jul  6 18:32:00 fw.rodolfoarce.local /usr/sbin/cron[98059]: (root) CMD (/usr/sbin/newsyslog)
Jul  6 18:32:00 fw.rodolfoarce.local dhclient[10762]: No DHCPOFFERS received.
Jul  6 18:32:00 fw.rodolfoarce.local dhclient[10762]: No working leases in persistent database - sleeping.
Jul  6 14:32:00 fw.rodolfoarce.local dhclient[99114]: FAIL
Jul  6 18:32:15 fw.rodolfoarce.local dhclient[10762]: DHCPDISCOVER on vtnet0 to 255.255.255.255 port 67 interval 2
Jul  6 18:32:17 fw.rodolfoarce.local dhclient[10762]: DHCPDISCOVER on vtnet0 to 255.255.255.255 port 67 interval 3
Jul  6 18:32:21 fw.rodolfoarce.local dhclient[10762]: DHCPDISCOVER on vtnet0 to 255.255.255.255 port 67 interval 4
Jul  6 18:32:25 fw.rodolfoarce.local dhclient[10762]: DHCPDISCOVER on vtnet0 to 255.255.255.255 port 67 interval 10
Jul  6 18:32:35 fw.rodolfoarce.local dhclient[10762]: DHCPDISCOVER on vtnet0 to 255.255.255.255 port 67 interval 12
Jul  6 18:32:47 fw.rodolfoarce.local dhclient[10762]: DHCPDISCOVER on vtnet0 to 255.255.255.255 port 67 interval 15
Jul  6 18:32:56 fw.rodolfoarce.local dhcp6c[28115]: Sending Solicit
Jul  6 18:33:00 fw.rodolfoarce.local /usr/sbin/cron[16289]: (root) CMD (/usr/sbin/newsyslog)
Jul  6 18:33:02 fw.rodolfoarce.local dhclient[10762]: DHCPDISCOVER on vtnet0 to 255.255.255.255 port 67 interval 14
Jul  6 18:33:06 fw.rodolfoarce.local filterlog[32783]: 4,,,1000000103,vtnet0,match,block,in,4,0x28,,49,34877,0,none,17,udp,71,85.208.96.193,10.255.255.1,48229,53,51
Jul  6 18:33:06 fw.rodolfoarce.local filterlog[32783]: 4,,,1000000103,vtnet0,match,block,in,4,0x28,,49,292,0,none,17,udp,71,85.208.96.193,10.255.255.1,51020,53,51
Jul  6 18:33:07 fw.rodolfoarce.local filterlog[32783]: 4,,,1000000103,vtnet0,match,block,in,4,0x28,,49,60895,0,none,17,udp,71,85.208.96.193,10.255.255.1,63492,53,51
Jul  6 18:33:08 fw.rodolfoarce.local filterlog[32783]: 4,,,1000000103,vtnet0,match,block,in,4,0x28,,49,38422,0,none,17,udp,71,85.208.96.193,10.255.255.1,10176,53,51
