Jul 10 16:38:57 fw.rodolfoarce.local dhclient[10762]: No working leases in persistent database - sleeping.
Jul 10 12:38:57 fw.rodolfoarce.local dhclient[40689]: FAIL
Jul 10 16:39:00 fw.rodolfoarce.local /usr/sbin/cron[41190]: (root) CMD (/usr/sbin/newsyslog)
Jul 10 16:39:12 fw.rodolfoarce.local dhclient[10762]: DHCPDISCOVER on vtnet0 to 255.255.255.255 port 67 interval 2
Jul 10 16:39:14 fw.rodolfoarce.local dhclient[10762]: DHCPDISCOVER on vtnet0 to 255.255.255.255 port 67 interval 5
Jul 10 16:39:19 fw.rodolfoarce.local dhclient[10762]: DHCPDISCOVER on vtnet0 to 255.255.255.255 port 67 interval 7
Jul 10 16:39:26 fw.rodolfoarce.local filterlog[32783]: 4,,,1000000103,vtnet0,match,block,in,4,0x0,,17,49251,0,none,17,udp,88,178.215.236.84,10.255.255.1,61378,53,32
Jul 10 16:39:26 fw.rodolfoarce.local dhclient[10762]: DHCPDISCOVER on vtnet0 to 255.255.255.255 port 67 interval 13
Jul 10 16:39:39 fw.rodolfoarce.local dhclient[10762]: DHCPDISCOVER on vtnet0 to 255.255.255.255 port 67 interval 11
Jul 10 16:39:51 fw.rodolfoarce.local dhclient[10762]: DHCPDISCOVER on vtnet0 to 255.255.255.255 port 67 interval 7
Jul 10 16:39:58 fw.rodolfoarce.local dhclient[10762]: DHCPDISCOVER on vtnet0 to 255.255.255.255 port 67 interval 9
Jul 10 16:40:00 fw.rodolfoarce.local /usr/sbin/cron[60639]: (root) CMD (/usr/libexec/atrun)
Jul 10 16:40:00 fw.rodolfoarce.local /usr/sbin/cron[60552]: (root) CMD (/usr/sbin/newsyslog)
Jul 10 16:40:07 fw.rodolfoarce.local dhclient[10762]: DHCPDISCOVER on vtnet0 to 255.255.255.255 port 67 interval 6
Jul 10 16:40:13 fw.rodolfoarce.local dhclient[10762]: No DHCPOFFERS received.
Jul 10 16:40:13 fw.rodolfoarce.local dhclient[10762]: No working leases in persistent database - sleeping.
Jul 10 12:40:13 fw.rodolfoarce.local dhclient[61566]: FAIL
Jul 10 16:40:26 fw.rodolfoarce.local dhcp6c[28115]: Sending Solicit
Jul 10 16:40:28 fw.rodolfoarce.local filterlog[32783]: 4,,,1000000103,vtnet0,match,block,in,4,0x0,,16,49251,0,none,17,udp,88,178.215.236.84,10.255.255.1,61378,53,31
Jul 10 16:40:28 fw.rodolfoarce.local dhclient[10762]: DHCPDISCOVER on vtnet0 to 255.255.255.255 port 67 interval 2
Jul 10 16:40:30 fw.rodolfoarce.local dhclient[10762]: DHCPDISCOVER on vtnet0 to 255.255.255.255 port 67 interval 2
Jul 10 16:40:32 fw.rodolfoarce.local dhclient[10762]: DHCPDISCOVER on vtnet0 to 255.255.255.255 port 67 interval 3
Jul 10 16:40:35 fw.rodolfoarce.local dhclient[10762]: DHCPDISCOVER on vtnet0 to 255.255.255.255 port 67 interval 6
Jul 10 16:40:41 fw.rodolfoarce.local dhclient[10762]: DHCPDISCOVER on vtnet0 to 255.255.255.255 port 67 interval 11
Jul 10 16:40:52 fw.rodolfoarce.local dhclient[10762]: DHCPDISCOVER on vtnet0 to 255.255.255.255 port 67 interval 20
Jul 10 16:41:00 fw.rodolfoarce.local /usr/sbin/cron[79077]: (root) CMD (/usr/sbin/newsyslog)
Jul 10 16:41:12 fw.rodolfoarce.local dhclient[10762]: DHCPDISCOVER on vtnet0 to 255.255.255.255 port 67 interval 15
Jul 10 16:41:27 fw.rodolfoarce.local dhclient[10762]: DHCPDISCOVER on vtnet0 to 255.255.255.255 port 67 interval 2
Jul 10 16:41:29 fw.rodolfoarce.local filterlog[32783]: 4,,,1000000103,vtnet0,match,block,in,4,0x0,,15,49251,0,none,17,udp,88,178.215.236.84,10.255.255.1,61378,53,30
Jul 10 16:41:29 fw.rodolfoarce.local dhclient[10762]: No DHCPOFFERS received.
Jul 10 16:41:29 fw.rodolfoarce.local dhclient[10762]: No working leases in persistent database - sleeping.
Jul 10 12:41:29 fw.rodolfoarce.local dhclient[98806]: FAIL
Jul 10 16:41:44 fw.rodolfoarce.local dhclient[10762]: DHCPDISCOVER on vtnet0 to 255.255.255.255 port 67 interval 1
Jul 10 16:41:45 fw.rodolfoarce.local dhclient[10762]: DHCPDISCOVER on vtnet0 to 255.255.255.255 port 67 interval 2
Jul 10 16:41:47 fw.rodolfoarce.local dhclient[10762]: DHCPDISCOVER on vtnet0 to 255.255.255.255 port 67 interval 5
Jul 10 16:41:52 fw.rodolfoarce.local dhclient[10762]: DHCPDISCOVER on vtnet0 to 255.255.255.255 port 67 interval 9
Jul 10 16:42:00 fw.rodolfoarce.local /usr/sbin/cron[99399]: (root) CMD (/usr/sbin/newsyslog)
Jul 10 16:42:01 fw.rodolfoarce.local dhclient[10762]: DHCPDISCOVER on vtnet0 to 255.255.255.255 port 67 interval 14
Jul 10 16:42:15 fw.rodolfoarce.local dhclient[10762]: DHCPDISCOVER on vtnet0 to 255.255.255.255 port 67 interval 19
Jul 10 16:42:32 fw.rodolfoarce.local filterlog[32783]: 4,,,1000000103,vtnet0,match,block,in,4,0x0,,14,49251,0,none,17,udp,88,178.215.236.84,10.255.255.1,61378,53,29
Jul 10 16:42:34 fw.rodolfoarce.local dhcp6c[28115]: Sending Solicit
Jul 10 16:42:35 fw.rodolfoarce.local dhclient[10762]: DHCPDISCOVER on vtnet0 to 255.255.255.255 port 67 interval 10
Jul 10 16:42:45 fw.rodolfoarce.local dhclient[10762]: No DHCPOFFERS received.
Jul 10 16:42:45 fw.rodolfoarce.local dhclient[10762]: No working leases in persistent database - sleeping.
Jul 10 12:42:45 fw.rodolfoarce.local dhclient[19479]: FAIL
Jul 10 16:43:00 fw.rodolfoarce.local dhclient[10762]: DHCPDISCOVER on vtnet0 to 255.255.255.255 port 67 interval 1
Jul 10 16:43:00 fw.rodolfoarce.local /usr/sbin/cron[19644]: (root) CMD (/usr/sbin/newsyslog)
Jul 10 16:43:01 fw.rodolfoarce.local dhclient[10762]: DHCPDISCOVER on vtnet0 to 255.255.255.255 port 67 interval 1
Jul 10 16:43:02 fw.rodolfoarce.local dhclient[10762]: DHCPDISCOVER on vtnet0 to 255.255.255.255 port 67 interval 2
Jul 10 16:43:04 fw.rodolfoarce.local dhclient[10762]: DHCPDISCOVER on vtnet0 to 255.255.255.255 port 67 interval 3
Jul 10 16:43:07 fw.rodolfoarce.local dhclient[10762]: DHCPDISCOVER on vtnet0 to 255.255.255.255 port 67 interval 5
Jul 10 16:43:12 fw.rodolfoarce.local dhclient[10762]: DHCPDISCOVER on vtnet0 to 255.255.255.255 port 67 interval 6
Jul 10 16:43:18 fw.rodolfoarce.local dhclient[10762]: DHCPDISCOVER on vtnet0 to 255.255.255.255 port 67 interval 6
Jul 10 16:43:24 fw.rodolfoarce.local dhclient[10762]: DHCPDISCOVER on vtnet0 to 255.255.255.255 port 67 interval 16
Jul 10 16:43:36 fw.rodolfoarce.local filterlog[32783]: 4,,,1000000103,vtnet0,match,block,in,4,0x0,,13,49251,0,none,17,udp,88,178.215.236.84,10.255.255.1,61378,53,28
Jul 10 16:43:40 fw.rodolfoarce.local dhclient[10762]: DHCPDISCOVER on vtnet0 to 255.255.255.255 port 67 interval 19
Jul 10 16:43:59 fw.rodolfoarce.local dhclient[10762]: DHCPDISCOVER on vtnet0 to 255.255.255.255 port 67 interval 2
Jul 10 16:44:00 fw.rodolfoarce.local /usr/sbin/cron[38639]: (root) CMD (/usr/sbin/newsyslog)
Jul 10 16:44:01 fw.rodolfoarce.local dhclient[10762]: No DHCPOFFERS received.
Jul 10 16:44:01 fw.rodolfoarce.local dhclient[10762]: No working leases in persistent database - sleeping.
Jul 10 12:44:01 fw.rodolfoarce.local dhclient[39744]: FAIL
Jul 10 16:44:16 fw.rodolfoarce.local dhclient[10762]: DHCPDISCOVER on vtnet0 to 255.255.255.255 port 67 interval 1
Jul 10 16:44:17 fw.rodolfoarce.local dhclient[10762]: DHCPDISCOVER on vtnet0 to 255.255.255.255 port 67 interval 2
Jul 10 16:44:19 fw.rodolfoarce.local dhclient[10762]: DHCPDISCOVER on vtnet0 to 255.255.255.255 port 67 interval 3
Jul 10 16:44:23 fw.rodolfoarce.local dhclient[10762]: DHCPDISCOVER on vtnet0 to 255.255.255.255 port 67 interval 7
Jul 10 16:44:30 fw.rodolfoarce.local dhclient[10762]: DHCPDISCOVER on vtnet0 to 255.255.255.255 port 67 interval 14
Jul 10 16:44:40 fw.rodolfoarce.local filterlog[32783]: 4,,,1000000103,vtnet0,match,block,in,4,0x0,,12,49251,0,none,17,udp,88,178.215.236.84,10.255.255.1,61378,53,27
Jul 10 16:44:44 fw.rodolfoarce.local dhclient[10762]: DHCPDISCOVER on vtnet0 to 255.255.255.255 port 67 interval 10
Jul 10 16:44:46 fw.rodolfoarce.local dhcp6c[28115]: Sending Solicit
Jul 10 16:44:54 fw.rodolfoarce.local dhclient[10762]: DHCPDISCOVER on vtnet0 to 255.255.255.255 port 67 interval 13
Jul 10 16:45:00 fw.rodolfoarce.local /usr/sbin/cron[59998]: (root) CMD (/usr/libexec/atrun)
Jul 10 16:45:00 fw.rodolfoarce.local /usr/sbin/cron[59847]: (root) CMD (/usr/sbin/newsyslog)
Jul 10 16:45:07 fw.rodolfoarce.local dhclient[10762]: DHCPDISCOVER on vtnet0 to 255.255.255.255 port 67 interval 9
Jul 10 16:45:10 fw.rodolfoarce.local filterlog[32783]: 4,,,1000000103,vtnet0,match,block,in,4,0x0,,102,7814,0,none,17,udp,82,172.253.192.93,10.255.255.1,40235,53,62
Jul 10 16:45:11 fw.rodolfoarce.local filterlog[32783]: 4,,,1000000103,vtnet0,match,block,in,4,0x0,,102,54655,0,none,17,udp,71,172.217.35.253,10.255.255.1,51406,53,51
Jul 10 16:45:11 fw.rodolfoarce.local filterlog[32783]: 4,,,1000000103,vtnet0,match,block,in,4,0x88,,52,19433,0,DF,17,udp,71,172.70.173.233,10.255.255.1,13920,53,51
Jul 10 16:45:11 fw.rodolfoarce.local filterlog[32783]: 4,,,1000000103,vtnet0,match,block,in,4,0x88,,52,19434,0,DF,17,udp,71,172.70.173.233,10.255.255.1,13920,53,51
Jul 10 16:45:12 fw.rodolfoarce.local filterlog[32783]: 4,,,1000000103,vtnet0,match,block,in,4,0x28,,47,62924,0,none,17,udp,83,5.161.188.138,10.255.255.1,24215,53,63
Jul 10 16:45:12 fw.rodolfoarce.local filterlog[32783]: 4,,,1000000103,vtnet0,match,block,in,4,0x88,,52,53593,0,DF,17,udp,71,172.70.173.233,10.255.255.1,32174,53,51
Jul 10 16:45:13 fw.rodolfoarce.local filterlog[32783]: 4,,,1000000103,vtnet0,match,block,in,4,0x88,,52,53594,0,DF,17,udp,71,172.70.173.233,10.255.255.1,32174,53,51
Jul 10 16:45:13 fw.rodolfoarce.local filterlog[32783]: 4,,,1000000103,vtnet0,match,block,in,4,0x28,,47,27171,0,none,17,udp,83,5.161.188.138,10.255.255.1,48985,53,63
Jul 10 16:45:14 fw.rodolfoarce.local filterlog[32783]: 4,,,1000000103,vtnet0,match,block,in,4,0x28,,47,20534,0,none,17,udp,83,5.161.188.138,10.255.255.1,56233,53,63
Jul 10 16:45:15 fw.rodolfoarce.local filterlog[32783]: 4,,,1000000103,vtnet0,match,block,in,4,0x28,,47,46247,0,none,17,udp,83,5.161.188.138,10.255.255.1,38660,53,63
Jul 10 16:45:15 fw.rodolfoarce.local filterlog[32783]: 4,,,1000000103,vtnet0,match,block,in,4,0x28,,47,36994,0,none,17,udp,83,5.161.188.138,10.255.255.1,62625,53,63
Jul 10 16:45:16 fw.rodolfoarce.local dhclient[10762]: DHCPDISCOVER on vtnet0 to 255.255.255.255 port 67 interval 1
Jul 10 16:45:16 fw.rodolfoarce.local filterlog[32783]: 4,,,1000000103,vtnet0,match,block,in,4,0x28,,47,2935,0,none,17,udp,83,5.161.188.138,10.255.255.1,39636,53,63
Jul 10 16:45:17 fw.rodolfoarce.local dhclient[10762]: No DHCPOFFERS received.
Jul 10 16:45:17 fw.rodolfoarce.local dhclient[10762]: No working leases in persistent database - sleeping.
Jul 10 12:45:17 fw.rodolfoarce.local dhclient[61191]: FAIL
Jul 10 16:45:17 fw.rodolfoarce.local filterlog[32783]: 4,,,1000000103,vtnet0,match,block,in,4,0x28,,47,28182,0,none,17,udp,83,5.161.188.138,10.255.255.1,61721,53,63
Jul 10 16:45:18 fw.rodolfoarce.local filterlog[32783]: 4,,,1000000103,vtnet0,match,block,in,4,0x28,,47,3907,0,none,17,udp,83,5.161.188.138,10.255.255.1,26640,53,63
Jul 10 16:45:31 fw.rodolfoarce.local filterlog[32783]: 4,,,1000000103,vtnet0,match,block,in,4,0x0,,101,7958,0,none,17,udp,82,192.178.36.29,10.255.255.1,44156,53,62
Jul 10 16:45:32 fw.rodolfoarce.local dhclient[10762]: DHCPDISCOVER on vtnet0 to 255.255.255.255 port 67 interval 2
Jul 10 16:45:33 fw.rodolfoarce.local filterlog[32783]: 4,,,1000000103,vtnet0,match,block,in,4,0x0,,101,1169,0,none,17,udp,71,192.178.66.86,10.255.255.1,42847,53,51
Jul 10 16:45:34 fw.rodolfoarce.local filterlog[32783]: 4,,,1000000103,vtnet0,match,block,in,4,0x88,,52,28525,0,DF,17,udp,71,172.70.37.27,10.255.255.1,50970,53,51
Jul 10 16:45:34 fw.rodolfoarce.local filterlog[32783]: 4,,,1000000103,vtnet0,match,block,in,4,0x88,,52,28526,0,DF,17,udp,71,172.70.37.27,10.255.255.1,50970,53,51
Jul 10 16:45:34 fw.rodolfoarce.local filterlog[32783]: 4,,,1000000103,vtnet0,match,block,in,4,0x28,,47,32006,0,none,17,udp,83,5.161.188.138,10.255.255.1,54651,53,63
Jul 10 16:45:34 fw.rodolfoarce.local dhclient[10762]: DHCPDISCOVER on vtnet0 to 255.255.255.255 port 67 interval 4
Jul 10 16:45:35 fw.rodolfoarce.local filterlog[32783]: 4,,,1000000103,vtnet0,match,block,in,4,0x28,,47,46295,0,none,17,udp,83,5.161.188.138,10.255.255.1,21749,53,63
Jul 10 16:45:36 fw.rodolfoarce.local filterlog[32783]: 4,,,1000000103,vtnet0,match,block,in,4,0x28,,47,56665,0,none,17,udp,83,5.161.188.138,10.255.255.1,17676,53,63
Jul 10 16:45:37 fw.rodolfoarce.local filterlog[32783]: 4,,,1000000103,vtnet0,match,block,in,4,0x28,,47,3936,0,none,17,udp,83,5.161.188.138,10.255.255.1,38367,53,63
Jul 10 16:45:37 fw.rodolfoarce.local filterlog[32783]: 4,,,1000000103,vtnet0,match,block,in,4,0x28,,47,10605,0,none,17,udp,83,5.161.188.138,10.255.255.1,30805,53,63
Jul 10 16:45:38 fw.rodolfoarce.local filterlog[32783]: 4,,,1000000103,vtnet0,match,block,in,4,0x28,,47,10990,0,none,17,udp,83,5.161.188.138,10.255.255.1,18027,53,63
Jul 10 16:45:38 fw.rodolfoarce.local dhclient[10762]: DHCPDISCOVER on vtnet0 to 255.255.255.255 port 67 interval 10
Jul 10 16:45:39 fw.rodolfoarce.local filterlog[32783]: 4,,,1000000103,vtnet0,match,block,in,4,0x28,,47,6799,0,none,17,udp,83,5.161.188.138,10.255.255.1,47849,53,63
Jul 10 16:45:40 fw.rodolfoarce.local filterlog[32783]: 4,,,1000000103,vtnet0,match,block,in,4,0x28,,47,34417,0,none,17,udp,83,5.161.188.138,10.255.255.1,61412,53,63
Jul 10 16:45:42 fw.rodolfoarce.local filterlog[32783]: 4,,,1000000103,vtnet1,match,block,in,4,0x0,,64,48709,0,DF,6,tcp,76,10.1.1.3,172.67.157.37,46494,443,24,PA,657651766:657651790,3244562867,249,,nop;nop;TS
Jul 10 16:45:42 fw.rodolfoarce.local filterlog[32783]: 4,,,1000000103,vtnet1,match,block,in,4,0x0,,64,48710,0,DF,6,tcp,52,10.1.1.3,172.67.157.37,46494,443,0,FA,657651790,3244562867,249,,nop;nop;TS
Jul 10 16:45:42 fw.rodolfoarce.local filterlog[32783]: 4,,,1000000103,vtnet1,match,block,in,4,0x0,,64,48711,0,DF,6,tcp,52,10.1.1.3,172.67.157.37,46494,443,0,FA,657651790,3244562867,249,,nop;nop;TS
Jul 10 16:45:42 fw.rodolfoarce.local filterlog[32783]: 4,,,1000000103,vtnet0,match,block,in,4,0x28,,47,57914,0,none,17,udp,83,5.161.188.138,10.255.255.1,35158,53,63
Jul 10 16:45:42 fw.rodolfoarce.local filterlog[32783]: 4,,,1000000103,vtnet1,match,block,in,4,0x0,,64,48712,0,DF,6,tcp,76,10.1.1.3,172.67.157.37,46494,443,24,FPA,657651766:657651790,3244562867,249,,nop;nop;TS
Jul 10 16:45:42 fw.rodolfoarce.local filterlog[32783]: 4,,,1000000103,vtnet1,match,block,in,4,0x0,,64,48713,0,DF,6,tcp,76,10.1.1.3,172.67.157.37,46494,443,24,FPA,657651766:657651790,3244562867,249,,nop;nop;TS
Jul 10 16:45:43 fw.rodolfoarce.local filterlog[32783]: 4,,,1000000103,vtnet0,match,block,in,4,0x0,,11,49251,0,none,17,udp,88,178.215.236.84,10.255.255.1,61378,53,26
Jul 10 16:45:43 fw.rodolfoarce.local filterlog[32783]: 4,,,1000000103,vtnet1,match,block,in,4,0x0,,64,48714,0,DF,6,tcp,76,10.1.1.3,172.67.157.37,46494,443,24,FPA,657651766:657651790,3244562867,249,,nop;nop;TS
Jul 10 16:45:45 fw.rodolfoarce.local filterlog[32783]: 4,,,1000000103,vtnet1,match,block,in,4,0x0,,64,48715,0,DF,6,tcp,76,10.1.1.3,172.67.157.37,46494,443,24,FPA,657651766:657651790,3244562867,249,,nop;nop;TS
Jul 10 16:45:48 fw.rodolfoarce.local filterlog[32783]: 4,,,1000000103,vtnet1,match,block,in,4,0x0,,64,48716,0,DF,6,tcp,76,10.1.1.3,172.67.157.37,46494,443,24,FPA,657651766:657651790,3244562867,249,,nop;nop;TS
Jul 10 16:45:48 fw.rodolfoarce.local dhclient[10762]: DHCPDISCOVER on vtnet0 to 255.255.255.255 port 67 interval 17
Jul 10 16:45:55 fw.rodolfoarce.local filterlog[32783]: 4,,,1000000103,vtnet1,match,block,in,4,0x0,,64,48717,0,DF,6,tcp,76,10.1.1.3,172.67.157.37,46494,443,24,FPA,657651766:657651790,3244562867,249,,nop;nop;TS
Jul 10 16:46:00 fw.rodolfoarce.local /usr/sbin/cron[79193]: (root) CMD (/usr/sbin/newsyslog)
Jul 10 16:46:05 fw.rodolfoarce.local dhclient[10762]: DHCPDISCOVER on vtnet0 to 255.255.255.255 port 67 interval 21
Jul 10 16:46:08 fw.rodolfoarce.local filterlog[32783]: 4,,,1000000103,vtnet1,match,block,in,4,0x0,,64,48718,0,DF,6,tcp,76,10.1.1.3,172.67.157.37,46494,443,24,FPA,657651766:657651790,3244562867,249,,nop;nop;TS
Jul 10 16:46:26 fw.rodolfoarce.local dhclient[10762]: DHCPDISCOVER on vtnet0 to 255.255.255.255 port 67 interval 7
Jul 10 16:46:34 fw.rodolfoarce.local dhclient[10762]: No DHCPOFFERS received.
Jul 10 16:46:34 fw.rodolfoarce.local dhclient[10762]: No working leases in persistent database - sleeping.
Jul 10 12:46:34 fw.rodolfoarce.local dhclient[99333]: FAIL
Jul 10 16:46:36 fw.rodolfoarce.local filterlog[32783]: 4,,,1000000103,vtnet1,match,block,in,4,0x0,,64,48719,0,DF,6,tcp,76,10.1.1.3,172.67.157.37,46494,443,24,FPA,657651766:657651790,3244562867,249,,nop;nop;TS
Jul 10 16:46:47 fw.rodolfoarce.local filterlog[32783]: 4,,,1000000103,vtnet0,match,block,in,4,0x0,,10,49251,0,none,17,udp,88,178.215.236.84,10.255.255.1,61378,53,25
Jul 10 16:46:49 fw.rodolfoarce.local dhclient[10762]: DHCPDISCOVER on vtnet0 to 255.255.255.255 port 67 interval 2
Jul 10 16:46:51 fw.rodolfoarce.local dhclient[10762]: DHCPDISCOVER on vtnet0 to 255.255.255.255 port 67 interval 5
Jul 10 16:46:55 fw.rodolfoarce.local dhcp6c[28115]: Sending Solicit
Jul 10 16:46:56 fw.rodolfoarce.local dhclient[10762]: DHCPDISCOVER on vtnet0 to 255.255.255.255 port 67 interval 10
Jul 10 16:47:00 fw.rodolfoarce.local /usr/sbin/cron[99761]: (root) CMD (/usr/sbin/newsyslog)
Jul 10 16:47:06 fw.rodolfoarce.local dhclient[10762]: DHCPDISCOVER on vtnet0 to 255.255.255.255 port 67 interval 11
Jul 10 16:47:17 fw.rodolfoarce.local dhclient[10762]: DHCPDISCOVER on vtnet0 to 255.255.255.255 port 67 interval 12
Jul 10 16:47:29 fw.rodolfoarce.local dhclient[10762]: DHCPDISCOVER on vtnet0 to 255.255.255.255 port 67 interval 18
Jul 10 16:47:47 fw.rodolfoarce.local dhclient[10762]: DHCPDISCOVER on vtnet0 to 255.255.255.255 port 67 interval 3
Jul 10 16:47:50 fw.rodolfoarce.local dhclient[10762]: No DHCPOFFERS received.
Jul 10 16:47:50 fw.rodolfoarce.local dhclient[10762]: No working leases in persistent database - sleeping.
Jul 10 12:47:50 fw.rodolfoarce.local dhclient[19820]: FAIL
Jul 10 16:47:52 fw.rodolfoarce.local filterlog[32783]: 4,,,1000000103,vtnet0,match,block,in,4,0x0,,9,49251,0,none,17,udp,88,178.215.236.84,10.255.255.1,61378,53,24
Jul 10 16:48:00 fw.rodolfoarce.local /usr/sbin/cron[20090]: (root) CMD (/usr/sbin/newsyslog)
Jul 10 16:48:05 fw.rodolfoarce.local dhclient[10762]: DHCPDISCOVER on vtnet0 to 255.255.255.255 port 67 interval 1
Jul 10 16:48:06 fw.rodolfoarce.local dhclient[10762]: DHCPDISCOVER on vtnet0 to 255.255.255.255 port 67 interval 1
Jul 10 16:48:07 fw.rodolfoarce.local dhclient[10762]: DHCPDISCOVER on vtnet0 to 255.255.255.255 port 67 interval 2
Jul 10 16:48:09 fw.rodolfoarce.local dhclient[10762]: DHCPDISCOVER on vtnet0 to 255.255.255.255 port 67 interval 2
Jul 10 16:48:11 fw.rodolfoarce.local dhclient[10762]: DHCPDISCOVER on vtnet0 to 255.255.255.255 port 67 interval 5
Jul 10 16:48:16 fw.rodolfoarce.local dhclient[10762]: DHCPDISCOVER on vtnet0 to 255.255.255.255 port 67 interval 11
Jul 10 16:48:28 fw.rodolfoarce.local dhclient[10762]: DHCPDISCOVER on vtnet0 to 255.255.255.255 port 67 interval 11
Jul 10 16:48:39 fw.rodolfoarce.local dhclient[10762]: DHCPDISCOVER on vtnet0 to 255.255.255.255 port 67 interval 17
Jul 10 16:48:56 fw.rodolfoarce.local dhclient[10762]: DHCPDISCOVER on vtnet0 to 255.255.255.255 port 67 interval 10
Jul 10 16:48:57 fw.rodolfoarce.local filterlog[32783]: 4,,,1000000103,vtnet0,match,block,in,4,0x0,,8,49251,0,none,17,udp,88,178.215.236.84,10.255.255.1,61378,53,23
Jul 10 16:49:00 fw.rodolfoarce.local /usr/sbin/cron[38553]: (root) CMD (/usr/sbin/newsyslog)
Jul 10 16:49:02 fw.rodolfoarce.local dhcp6c[28115]: Sending Solicit
Jul 10 16:49:06 fw.rodolfoarce.local dhclient[10762]: No DHCPOFFERS received.
Jul 10 16:49:06 fw.rodolfoarce.local dhclient[10762]: No working leases in persistent database - sleeping.
Jul 10 12:49:06 fw.rodolfoarce.local dhclient[39782]: FAIL
Jul 10 16:49:21 fw.rodolfoarce.local dhclient[10762]: DHCPDISCOVER on vtnet0 to 255.255.255.255 port 67 interval 1
Jul 10 16:49:26 fw.rodolfoarce.local dhclient[10762]: message repeated 5 times: [ DHCPDISCOVER on vtnet0 to 255.255.255.255 port 67 interval 1]
Jul 10 16:49:27 fw.rodolfoarce.local dhclient[10762]: DHCPDISCOVER on vtnet0 to 255.255.255.255 port 67 interval 2
Jul 10 16:49:29 fw.rodolfoarce.local dhclient[10762]: DHCPDISCOVER on vtnet0 to 255.255.255.255 port 67 interval 3
Jul 10 16:49:32 fw.rodolfoarce.local dhclient[10762]: DHCPDISCOVER on vtnet0 to 255.255.255.255 port 67 interval 7
Jul 10 16:49:39 fw.rodolfoarce.local dhclient[10762]: DHCPDISCOVER on vtnet0 to 255.255.255.255 port 67 interval 12
Jul 10 16:49:51 fw.rodolfoarce.local dhclient[10762]: DHCPDISCOVER on vtnet0 to 255.255.255.255 port 67 interval 21
Jul 10 16:50:00 fw.rodolfoarce.local /usr/sbin/cron[57197]: (root) CMD (/usr/sbin/newsyslog)
Jul 10 16:50:00 fw.rodolfoarce.local /usr/sbin/cron[57213]: (root) CMD (/usr/libexec/atrun)
Jul 10 16:50:00 fw.rodolfoarce.local filterlog[32783]: 4,,,1000000103,vtnet0,match,block,in,4,0x0,,7,49251,0,none,17,udp,88,178.215.236.84,10.255.255.1,61378,53,22
Jul 10 16:50:12 fw.rodolfoarce.local dhclient[10762]: DHCPDISCOVER on vtnet0 to 255.255.255.255 port 67 interval 10
Jul 10 16:50:22 fw.rodolfoarce.local dhclient[10762]: No DHCPOFFERS received.
Jul 10 16:50:22 fw.rodolfoarce.local dhclient[10762]: No working leases in persistent database - sleeping.
Jul 10 12:50:22 fw.rodolfoarce.local dhclient[58072]: FAIL
Jul 10 16:50:38 fw.rodolfoarce.local dhclient[10762]: DHCPDISCOVER on vtnet0 to 255.255.255.255 port 67 interval 2
Jul 10 16:50:40 fw.rodolfoarce.local dhclient[10762]: DHCPDISCOVER on vtnet0 to 255.255.255.255 port 67 interval 4
Jul 10 16:50:44 fw.rodolfoarce.local dhclient[10762]: DHCPDISCOVER on vtnet0 to 255.255.255.255 port 67 interval 5
Jul 10 16:50:49 fw.rodolfoarce.local dhclient[10762]: DHCPDISCOVER on vtnet0 to 255.255.255.255 port 67 interval 6
Jul 10 16:50:54 fw.rodolfoarce.local dhcp6c[28115]: Sending Solicit
Jul 10 16:50:55 fw.rodolfoarce.local dhclient[10762]: DHCPDISCOVER on vtnet0 to 255.255.255.255 port 67 interval 9
Jul 10 16:51:00 fw.rodolfoarce.local /usr/sbin/cron[76879]: (root) CMD (/usr/sbin/newsyslog)
Jul 10 16:51:04 fw.rodolfoarce.local dhclient[10762]: DHCPDISCOVER on vtnet0 to 255.255.255.255 port 67 interval 9
Jul 10 16:51:06 fw.rodolfoarce.local filterlog[32783]: 4,,,1000000103,vtnet0,match,block,in,4,0x0,,6,49251,0,none,17,udp,88,178.215.236.84,10.255.255.1,61378,53,21
Jul 10 16:51:13 fw.rodolfoarce.local dhclient[10762]: DHCPDISCOVER on vtnet0 to 255.255.255.255 port 67 interval 15
Jul 10 16:51:28 fw.rodolfoarce.local dhclient[10762]: DHCPDISCOVER on vtnet0 to 255.255.255.255 port 67 interval 11
Jul 10 16:51:39 fw.rodolfoarce.local dhclient[10762]: No DHCPOFFERS received.
Jul 10 16:51:39 fw.rodolfoarce.local dhclient[10762]: No working leases in persistent database - sleeping.
Jul 10 12:51:39 fw.rodolfoarce.local dhclient[96994]: FAIL
Jul 10 16:51:54 fw.rodolfoarce.local dhclient[10762]: DHCPDISCOVER on vtnet0 to 255.255.255.255 port 67 interval 2
Jul 10 16:51:56 fw.rodolfoarce.local dhclient[10762]: DHCPDISCOVER on vtnet0 to 255.255.255.255 port 67 interval 2
Jul 10 16:51:58 fw.rodolfoarce.local dhclient[10762]: DHCPDISCOVER on vtnet0 to 255.255.255.255 port 67 interval 4
Jul 10 16:52:00 fw.rodolfoarce.local /usr/sbin/cron[97326]: (root) CMD (/usr/sbin/newsyslog)
Jul 10 16:52:02 fw.rodolfoarce.local dhclient[10762]: DHCPDISCOVER on vtnet0 to 255.255.255.255 port 67 interval 10
Jul 10 16:52:10 fw.rodolfoarce.local filterlog[32783]: 4,,,1000000103,vtnet0,match,block,in,4,0x0,,5,49251,0,none,17,udp,88,178.215.236.84,10.255.255.1,61378,53,20
Jul 10 16:52:12 fw.rodolfoarce.local dhclient[10762]: DHCPDISCOVER on vtnet0 to 255.255.255.255 port 67 interval 19
Jul 10 16:52:31 fw.rodolfoarce.local dhclient[10762]: DHCPDISCOVER on vtnet0 to 255.255.255.255 port 67 interval 11
Jul 10 16:52:43 fw.rodolfoarce.local dhclient[10762]: DHCPDISCOVER on vtnet0 to 255.255.255.255 port 67 interval 11
Jul 10 16:52:54 fw.rodolfoarce.local dhclient[10762]: DHCPDISCOVER on vtnet0 to 255.255.255.255 port 67 interval 1
Jul 10 16:52:55 fw.rodolfoarce.local dhclient[10762]: No DHCPOFFERS received.
Jul 10 16:52:55 fw.rodolfoarce.local dhclient[10762]: No working leases in persistent database - sleeping.
Jul 10 12:52:55 fw.rodolfoarce.local dhclient[16983]: FAIL
Jul 10 16:52:56 fw.rodolfoarce.local dhcp6c[28115]: Sending Solicit
Jul 10 16:53:00 fw.rodolfoarce.local /usr/sbin/cron[17418]: (root) CMD (/usr/sbin/newsyslog)
Jul 10 16:53:10 fw.rodolfoarce.local dhclient[10762]: DHCPDISCOVER on vtnet0 to 255.255.255.255 port 67 interval 2
Jul 10 16:53:12 fw.rodolfoarce.local dhclient[10762]: DHCPDISCOVER on vtnet0 to 255.255.255.255 port 67 interval 2
Jul 10 16:53:13 fw.rodolfoarce.local filterlog[32783]: 4,,,1000000103,vtnet0,match,block,in,4,0x0,,4,49251,0,none,17,udp,88,178.215.236.84,10.255.255.1,61378,53,19
Jul 10 16:53:14 fw.rodolfoarce.local dhclient[10762]: DHCPDISCOVER on vtnet0 to 255.255.255.255 port 67 interval 3
Jul 10 16:53:17 fw.rodolfoarce.local dhclient[10762]: DHCPDISCOVER on vtnet0 to 255.255.255.255 port 67 interval 7
Jul 10 16:53:24 fw.rodolfoarce.local dhclient[10762]: DHCPDISCOVER on vtnet0 to 255.255.255.255 port 67 interval 10
Jul 10 16:53:34 fw.rodolfoarce.local dhclient[10762]: DHCPDISCOVER on vtnet0 to 255.255.255.255 port 67 interval 17
Jul 10 16:53:51 fw.rodolfoarce.local dhclient[10762]: DHCPDISCOVER on vtnet0 to 255.255.255.255 port 67 interval 8
Jul 10 16:53:59 fw.rodolfoarce.local dhclient[10762]: DHCPDISCOVER on vtnet0 to 255.255.255.255 port 67 interval 9
Jul 10 16:54:00 fw.rodolfoarce.local /usr/sbin/cron[34619]: (root) CMD (/usr/sbin/newsyslog)
Jul 10 16:54:07 fw.rodolfoarce.local filterlog[32783]: 4,,,1000000103,vtnet0,match,block,in,4,0x0,,239,12340,0,none,6,tcp,40,79.124.62.134,10.255.255.1,53982,22,0,S,2323125480,,1024,,
Jul 10 16:54:08 fw.rodolfoarce.local dhclient[10762]: DHCPDISCOVER on vtnet0 to 255.255.255.255 port 67 interval 3
Jul 10 16:54:11 fw.rodolfoarce.local dhclient[10762]: No DHCPOFFERS received.
Jul 10 16:54:11 fw.rodolfoarce.local dhclient[10762]: No working leases in persistent database - sleeping.
Jul 10 12:54:11 fw.rodolfoarce.local dhclient[35407]: FAIL
Jul 10 16:54:18 fw.rodolfoarce.local filterlog[32783]: 4,,,1000000103,vtnet0,match,block,in,4,0x0,,3,49251,0,none,17,udp,88,178.215.236.84,10.255.255.1,61378,53,18
Jul 10 16:54:26 fw.rodolfoarce.local dhclient[10762]: DHCPDISCOVER on vtnet0 to 255.255.255.255 port 67 interval 2
Jul 10 16:54:28 fw.rodolfoarce.local dhclient[10762]: DHCPDISCOVER on vtnet0 to 255.255.255.255 port 67 interval 4
Jul 10 16:54:32 fw.rodolfoarce.local dhclient[10762]: DHCPDISCOVER on vtnet0 to 255.255.255.255 port 67 interval 10
Jul 10 16:54:43 fw.rodolfoarce.local dhclient[10762]: DHCPDISCOVER on vtnet0 to 255.255.255.255 port 67 interval 17
Jul 10 16:55:00 fw.rodolfoarce.local dhclient[10762]: DHCPDISCOVER on vtnet0 to 255.255.255.255 port 67 interval 19
Jul 10 16:55:00 fw.rodolfoarce.local /usr/sbin/cron[51391]: (root) CMD (/usr/sbin/newsyslog)
Jul 10 16:55:00 fw.rodolfoarce.local /usr/sbin/cron[51666]: (root) CMD (/usr/libexec/atrun)
Jul 10 16:55:04 fw.rodolfoarce.local dhcp6c[28115]: Sending Solicit
Jul 10 16:55:19 fw.rodolfoarce.local dhclient[10762]: DHCPDISCOVER on vtnet0 to 255.255.255.255 port 67 interval 8
Jul 10 16:55:24 fw.rodolfoarce.local filterlog[32783]: 4,,,1000000103,vtnet0,match,block,in,4,0x0,,2,49251,0,none,17,udp,88,178.215.236.84,10.255.255.1,61378,53,17
Jul 10 16:55:27 fw.rodolfoarce.local dhclient[10762]: No DHCPOFFERS received.
Jul 10 16:55:27 fw.rodolfoarce.local dhclient[10762]: No working leases in persistent database - sleeping.
Jul 10 12:55:27 fw.rodolfoarce.local dhclient[52262]: FAIL
Jul 10 16:55:42 fw.rodolfoarce.local dhclient[10762]: DHCPDISCOVER on vtnet0 to 255.255.255.255 port 67 interval 2
Jul 10 16:55:44 fw.rodolfoarce.local dhclient[10762]: DHCPDISCOVER on vtnet0 to 255.255.255.255 port 67 interval 4
Jul 10 16:55:48 fw.rodolfoarce.local dhclient[10762]: DHCPDISCOVER on vtnet0 to 255.255.255.255 port 67 interval 10
Jul 10 16:55:58 fw.rodolfoarce.local dhclient[10762]: DHCPDISCOVER on vtnet0 to 255.255.255.255 port 67 interval 20
Jul 10 16:56:00 fw.rodolfoarce.local /usr/sbin/cron[70339]: (root) CMD (/usr/sbin/newsyslog)
Jul 10 16:56:18 fw.rodolfoarce.local dhclient[10762]: DHCPDISCOVER on vtnet0 to 255.255.255.255 port 67 interval 10
Jul 10 16:56:28 fw.rodolfoarce.local dhclient[10762]: DHCPDISCOVER on vtnet0 to 255.255.255.255 port 67 interval 12
Jul 10 16:56:30 fw.rodolfoarce.local filterlog[32783]: 4,,,1000000103,vtnet0,match,block,in,4,0x0,,1,49251,0,none,17,udp,88,178.215.236.84,10.255.255.1,61378,53,16
Jul 10 16:56:40 fw.rodolfoarce.local dhclient[10762]: DHCPDISCOVER on vtnet0 to 255.255.255.255 port 67 interval 3
Jul 10 16:56:43 fw.rodolfoarce.local dhclient[10762]: No DHCPOFFERS received.
Jul 10 16:56:43 fw.rodolfoarce.local dhclient[10762]: No working leases in persistent database - sleeping.
Jul 10 12:56:43 fw.rodolfoarce.local dhclient[89328]: FAIL
Jul 10 16:56:56 fw.rodolfoarce.local dhcp6c[28115]: Sending Solicit
Jul 10 16:56:58 fw.rodolfoarce.local dhclient[10762]: DHCPDISCOVER on vtnet0 to 255.255.255.255 port 67 interval 2
Jul 10 16:57:00 fw.rodolfoarce.local /usr/sbin/cron[89796]: (root) CMD (/usr/sbin/newsyslog)
Jul 10 16:57:00 fw.rodolfoarce.local dhclient[10762]: DHCPDISCOVER on vtnet0 to 255.255.255.255 port 67 interval 5
Jul 10 16:57:05 fw.rodolfoarce.local dhclient[10762]: DHCPDISCOVER on vtnet0 to 255.255.255.255 port 67 interval 14
Jul 10 16:57:20 fw.rodolfoarce.local dhclient[10762]: DHCPDISCOVER on vtnet0 to 255.255.255.255 port 67 interval 13
Jul 10 16:57:33 fw.rodolfoarce.local dhclient[10762]: DHCPDISCOVER on vtnet0 to 255.255.255.255 port 67 interval 14
Jul 10 16:57:47 fw.rodolfoarce.local dhclient[10762]: DHCPDISCOVER on vtnet0 to 255.255.255.255 port 67 interval 11
Jul 10 16:57:58 fw.rodolfoarce.local dhclient[10762]: DHCPDISCOVER on vtnet0 to 255.255.255.255 port 67 interval 1
Jul 10 16:57:59 fw.rodolfoarce.local dhclient[10762]: No DHCPOFFERS received.
Jul 10 16:57:59 fw.rodolfoarce.local dhclient[10762]: No working leases in persistent database - sleeping.
Jul 10 12:57:59 fw.rodolfoarce.local dhclient[8222]: FAIL
Jul 10 16:58:00 fw.rodolfoarce.local /usr/sbin/cron[8670]: (root) CMD (/usr/sbin/newsyslog)
Jul 10 16:58:14 fw.rodolfoarce.local dhclient[10762]: DHCPDISCOVER on vtnet0 to 255.255.255.255 port 67 interval 2
Jul 10 16:58:16 fw.rodolfoarce.local dhclient[10762]: DHCPDISCOVER on vtnet0 to 255.255.255.255 port 67 interval 5
Jul 10 16:58:21 fw.rodolfoarce.local dhclient[10762]: DHCPDISCOVER on vtnet0 to 255.255.255.255 port 67 interval 5
Jul 10 16:58:26 fw.rodolfoarce.local dhclient[10762]: DHCPDISCOVER on vtnet0 to 255.255.255.255 port 67 interval 11
Jul 10 16:58:37 fw.rodolfoarce.local dhclient[10762]: DHCPDISCOVER on vtnet0 to 255.255.255.255 port 67 interval 9
Jul 10 16:58:46 fw.rodolfoarce.local dhclient[10762]: DHCPDISCOVER on vtnet0 to 255.255.255.255 port 67 interval 11
Jul 10 16:58:58 fw.rodolfoarce.local dhclient[10762]: DHCPDISCOVER on vtnet0 to 255.255.255.255 port 67 interval 13
Jul 10 16:59:00 fw.rodolfoarce.local dhcp6c[28115]: Sending Solicit
Jul 10 16:59:00 fw.rodolfoarce.local /usr/sbin/cron[26553]: (root) CMD (/usr/sbin/newsyslog)
Jul 10 16:59:11 fw.rodolfoarce.local dhclient[10762]: DHCPDISCOVER on vtnet0 to 255.255.255.255 port 67 interval 4
Jul 10 16:59:15 fw.rodolfoarce.local dhclient[10762]: No DHCPOFFERS received.
Jul 10 16:59:15 fw.rodolfoarce.local dhclient[10762]: No working leases in persistent database - sleeping.
Jul 10 12:59:15 fw.rodolfoarce.local dhclient[26986]: FAIL
Jul 10 16:59:30 fw.rodolfoarce.local dhclient[10762]: DHCPDISCOVER on vtnet0 to 255.255.255.255 port 67 interval 2
Jul 10 16:59:32 fw.rodolfoarce.local dhclient[10762]: DHCPDISCOVER on vtnet0 to 255.255.255.255 port 67 interval 3
Jul 10 16:59:35 fw.rodolfoarce.local dhclient[10762]: DHCPDISCOVER on vtnet0 to 255.255.255.255 port 67 interval 4
Jul 10 16:59:39 fw.rodolfoarce.local dhclient[10762]: DHCPDISCOVER on vtnet0 to 255.255.255.255 port 67 interval 9
Jul 10 16:59:48 fw.rodolfoarce.local dhclient[10762]: DHCPDISCOVER on vtnet0 to 255.255.255.255 port 67 interval 15
Jul 10 16:59:58 fw.rodolfoarce.local filterlog[32783]: 4,,,1000000103,vtnet0,match,block,in,4,0x0,,51,20024,0,none,17,udp,65,208.69.33.91,10.255.255.1,62677,53,45
Jul 10 16:59:58 fw.rodolfoarce.local filterlog[32783]: 4,,,1000000103,vtnet0,match,block,in,4,0x0,,51,27992,0,none,17,udp,65,208.69.33.91,10.255.255.1,11699,53,45
Jul 10 16:59:58 fw.rodolfoarce.local filterlog[32783]: 4,,,1000000103,vtnet0,match,block,in,4,0x0,,51,42231,0,none,17,udp,65,208.69.33.91,10.255.255.1,62186,53,45
Jul 10 16:59:59 fw.rodolfoarce.local filterlog[32783]: 4,,,1000000103,vtnet0,match,block,in,4,0x0,,51,58355,0,none,17,udp,65,208.69.33.91,10.255.255.1,32026,53,45
Jul 10 17:00:00 fw.rodolfoarce.local /usr/sbin/cron[43997]: (root) CMD (/usr/sbin/newsyslog)
Jul 10 17:00:00 fw.rodolfoarce.local /usr/sbin/cron[44108]: (root) CMD (/usr/libexec/atrun)
Jul 10 17:00:00 fw.rodolfoarce.local /usr/sbin/cron[43812]: (root) CMD (/usr/bin/nice -n20 /usr/local/sbin/expiretable -v -t 3600 virusprot)
Jul 10 17:00:00 fw.rodolfoarce.local filterlog[32783]: 4,,,1000000103,vtnet0,match,block,in,4,0x0,,51,53952,0,none,17,udp,65,208.69.33.91,10.255.255.1,56657,53,45
Jul 10 17:00:01 fw.rodolfoarce.local filterlog[32783]: 4,,,1000000103,vtnet0,match,block,in,4,0x0,,51,9883,0,none,17,udp,65,208.69.33.91,10.255.255.1,36136,53,45
Jul 10 17:00:02 fw.rodolfoarce.local filterlog[32783]: 4,,,1000000103,vtnet0,match,block,in,4,0x0,,51,52268,0,none,17,udp,65,208.69.33.91,10.255.255.1,58513,53,45
Jul 10 17:00:03 fw.rodolfoarce.local dhclient[10762]: DHCPDISCOVER on vtnet0 to 255.255.255.255 port 67 interval 10
Jul 10 17:00:03 fw.rodolfoarce.local filterlog[32783]: 4,,,1000000103,vtnet0,match,block,in,4,0x0,,51,50211,0,none,17,udp,65,208.69.33.91,10.255.255.1,52811,53,45
Jul 10 17:00:13 fw.rodolfoarce.local dhclient[10762]: DHCPDISCOVER on vtnet0 to 255.255.255.255 port 67 interval 10
Jul 10 17:00:23 fw.rodolfoarce.local dhclient[10762]: DHCPDISCOVER on vtnet0 to 255.255.255.255 port 67 interval 8
Jul 10 17:00:32 fw.rodolfoarce.local dhclient[10762]: No DHCPOFFERS received.
Jul 10 17:00:32 fw.rodolfoarce.local dhclient[10762]: No working leases in persistent database - sleeping.
Jul 10 13:00:32 fw.rodolfoarce.local dhclient[45248]: FAIL
Jul 10 17:00:47 fw.rodolfoarce.local dhclient[10762]: DHCPDISCOVER on vtnet0 to 255.255.255.255 port 67 interval 2
Jul 10 17:00:48 fw.rodolfoarce.local dhcp6c[28115]: Sending Solicit
Jul 10 17:00:49 fw.rodolfoarce.local dhclient[10762]: DHCPDISCOVER on vtnet0 to 255.255.255.255 port 67 interval 4
Jul 10 17:00:53 fw.rodolfoarce.local dhclient[10762]: DHCPDISCOVER on vtnet0 to 255.255.255.255 port 67 interval 4
Jul 10 17:00:57 fw.rodolfoarce.local dhclient[10762]: DHCPDISCOVER on vtnet0 to 255.255.255.255 port 67 interval 6
Jul 10 17:01:00 fw.rodolfoarce.local /usr/sbin/cron[65209]: (root) CMD (/usr/sbin/newsyslog)
Jul 10 17:01:03 fw.rodolfoarce.local dhclient[10762]: DHCPDISCOVER on vtnet0 to 255.255.255.255 port 67 interval 7
Jul 10 17:01:10 fw.rodolfoarce.local dhclient[10762]: DHCPDISCOVER on vtnet0 to 255.255.255.255 port 67 interval 14
Jul 10 17:01:24 fw.rodolfoarce.local dhclient[10762]: DHCPDISCOVER on vtnet0 to 255.255.255.255 port 67 interval 14
Jul 10 17:01:38 fw.rodolfoarce.local dhclient[10762]: DHCPDISCOVER on vtnet0 to 255.255.255.255 port 67 interval 10
Jul 10 17:01:48 fw.rodolfoarce.local dhclient[10762]: No DHCPOFFERS received.
Jul 10 17:01:48 fw.rodolfoarce.local dhclient[10762]: No working leases in persistent database - sleeping.
Jul 10 13:01:48 fw.rodolfoarce.local dhclient[83955]: FAIL
Jul 10 17:02:00 fw.rodolfoarce.local /usr/sbin/cron[84308]: (root) CMD (/usr/sbin/newsyslog)
Jul 10 17:02:03 fw.rodolfoarce.local dhclient[10762]: DHCPDISCOVER on vtnet0 to 255.255.255.255 port 67 interval 2
Jul 10 17:02:05 fw.rodolfoarce.local dhclient[10762]: DHCPDISCOVER on vtnet0 to 255.255.255.255 port 67 interval 4
Jul 10 17:02:09 fw.rodolfoarce.local dhclient[10762]: DHCPDISCOVER on vtnet0 to 255.255.255.255 port 67 interval 7
Jul 10 17:02:16 fw.rodolfoarce.local dhclient[10762]: DHCPDISCOVER on vtnet0 to 255.255.255.255 port 67 interval 21
Jul 10 17:02:37 fw.rodolfoarce.local dhclient[10762]: DHCPDISCOVER on vtnet0 to 255.255.255.255 port 67 interval 18
Jul 10 17:02:54 fw.rodolfoarce.local dhcp6c[28115]: Sending Solicit
Jul 10 17:02:55 fw.rodolfoarce.local dhclient[10762]: DHCPDISCOVER on vtnet0 to 255.255.255.255 port 67 interval 9
Jul 10 17:03:00 fw.rodolfoarce.local /usr/sbin/cron[710]: (root) CMD (/usr/sbin/newsyslog)
Jul 10 17:03:05 fw.rodolfoarce.local dhclient[10762]: No DHCPOFFERS received.
Jul 10 17:03:05 fw.rodolfoarce.local dhclient[10762]: No working leases in persistent database - sleeping.
Jul 10 13:03:05 fw.rodolfoarce.local dhclient[1249]: FAIL
Jul 10 17:03:19 fw.rodolfoarce.local filterlog[32783]: 4,,,1000000103,vtnet0,match,block,in,4,0x0,,241,27129,0,none,6,tcp,40,79.110.62.149,10.255.255.1,45069,22,0,S,1596345637,,1024,,
Jul 10 17:03:20 fw.rodolfoarce.local dhclient[10762]: DHCPDISCOVER on vtnet0 to 255.255.255.255 port 67 interval 1
Jul 10 17:03:24 fw.rodolfoarce.local dhclient[10762]: message repeated 4 times: [ DHCPDISCOVER on vtnet0 to 255.255.255.255 port 67 interval 1]
Jul 10 17:03:25 fw.rodolfoarce.local dhclient[10762]: DHCPDISCOVER on vtnet0 to 255.255.255.255 port 67 interval 2
Jul 10 17:03:27 fw.rodolfoarce.local dhclient[10762]: DHCPDISCOVER on vtnet0 to 255.255.255.255 port 67 interval 3
Jul 10 17:03:30 fw.rodolfoarce.local dhclient[10762]: DHCPDISCOVER on vtnet0 to 255.255.255.255 port 67 interval 5
Jul 10 17:03:35 fw.rodolfoarce.local dhclient[10762]: DHCPDISCOVER on vtnet0 to 255.255.255.255 port 67 interval 13
Jul 10 17:03:49 fw.rodolfoarce.local dhclient[10762]: DHCPDISCOVER on vtnet0 to 255.255.255.255 port 67 interval 18
Jul 10 17:04:00 fw.rodolfoarce.local /usr/sbin/cron[19061]: (root) CMD (/usr/sbin/newsyslog)
Jul 10 17:04:07 fw.rodolfoarce.local dhclient[10762]: DHCPDISCOVER on vtnet0 to 255.255.255.255 port 67 interval 14
Jul 10 17:04:21 fw.rodolfoarce.local dhclient[10762]: No DHCPOFFERS received.
Jul 10 17:04:21 fw.rodolfoarce.local dhclient[10762]: No working leases in persistent database - sleeping.
Jul 10 13:04:21 fw.rodolfoarce.local dhclient[20214]: FAIL
Jul 10 17:04:36 fw.rodolfoarce.local dhclient[10762]: DHCPDISCOVER on vtnet0 to 255.255.255.255 port 67 interval 1
Jul 10 17:04:37 fw.rodolfoarce.local dhclient[10762]: DHCPDISCOVER on vtnet0 to 255.255.255.255 port 67 interval 2
Jul 10 17:04:39 fw.rodolfoarce.local dhclient[10762]: DHCPDISCOVER on vtnet0 to 255.255.255.255 port 67 interval 3
Jul 10 17:04:42 fw.rodolfoarce.local dhclient[10762]: DHCPDISCOVER on vtnet0 to 255.255.255.255 port 67 interval 4
Jul 10 17:04:43 fw.rodolfoarce.local dhcp6c[28115]: Sending Solicit
Jul 10 17:04:46 fw.rodolfoarce.local dhclient[10762]: DHCPDISCOVER on vtnet0 to 255.255.255.255 port 67 interval 8
Jul 10 17:04:54 fw.rodolfoarce.local dhclient[10762]: DHCPDISCOVER on vtnet0 to 255.255.255.255 port 67 interval 10
Jul 10 17:05:00 fw.rodolfoarce.local /usr/sbin/cron[40125]: (root) CMD (/usr/libexec/atrun)
Jul 10 17:05:00 fw.rodolfoarce.local /usr/sbin/cron[40214]: (root) CMD (/usr/sbin/newsyslog)
Jul 10 17:05:04 fw.rodolfoarce.local dhclient[10762]: DHCPDISCOVER on vtnet0 to 255.255.255.255 port 67 interval 17
Jul 10 17:05:21 fw.rodolfoarce.local dhclient[10762]: DHCPDISCOVER on vtnet0 to 255.255.255.255 port 67 interval 14
Jul 10 17:05:35 fw.rodolfoarce.local dhclient[10762]: DHCPDISCOVER on vtnet0 to 255.255.255.255 port 67 interval 2
Jul 10 17:05:37 fw.rodolfoarce.local dhclient[10762]: No DHCPOFFERS received.
Jul 10 17:05:37 fw.rodolfoarce.local dhclient[10762]: No working leases in persistent database - sleeping.
Jul 10 13:05:37 fw.rodolfoarce.local dhclient[41119]: FAIL
Jul 10 17:05:52 fw.rodolfoarce.local dhclient[10762]: DHCPDISCOVER on vtnet0 to 255.255.255.255 port 67 interval 1
Jul 10 17:05:53 fw.rodolfoarce.local dhclient[10762]: DHCPDISCOVER on vtnet0 to 255.255.255.255 port 67 interval 2
Jul 10 17:05:55 fw.rodolfoarce.local dhclient[10762]: DHCPDISCOVER on vtnet0 to 255.255.255.255 port 67 interval 4
Jul 10 17:05:59 fw.rodolfoarce.local dhclient[10762]: DHCPDISCOVER on vtnet0 to 255.255.255.255 port 67 interval 10
Jul 10 17:06:00 fw.rodolfoarce.local /usr/sbin/cron[58531]: (root) CMD (/usr/sbin/newsyslog)
Jul 10 17:06:09 fw.rodolfoarce.local dhclient[10762]: DHCPDISCOVER on vtnet0 to 255.255.255.255 port 67 interval 17
Jul 10 17:06:26 fw.rodolfoarce.local dhclient[10762]: DHCPDISCOVER on vtnet0 to 255.255.255.255 port 67 interval 7
Jul 10 17:06:34 fw.rodolfoarce.local dhclient[10762]: DHCPDISCOVER on vtnet0 to 255.255.255.255 port 67 interval 10
Jul 10 17:06:44 fw.rodolfoarce.local dhcp6c[28115]: Sending Solicit
Jul 10 17:06:44 fw.rodolfoarce.local dhclient[10762]: DHCPDISCOVER on vtnet0 to 255.255.255.255 port 67 interval 9
Jul 10 17:06:53 fw.rodolfoarce.local dhclient[10762]: No DHCPOFFERS received.
Jul 10 17:06:53 fw.rodolfoarce.local dhclient[10762]: No working leases in persistent database - sleeping.
Jul 10 13:06:53 fw.rodolfoarce.local dhclient[77590]: FAIL
Jul 10 17:07:00 fw.rodolfoarce.local /usr/sbin/cron[78079]: (root) CMD (/usr/sbin/newsyslog)
Jul 10 17:07:08 fw.rodolfoarce.local dhclient[10762]: DHCPDISCOVER on vtnet0 to 255.255.255.255 port 67 interval 1
Jul 10 17:07:09 fw.rodolfoarce.local dhclient[10762]: DHCPDISCOVER on vtnet0 to 255.255.255.255 port 67 interval 2
Jul 10 17:07:11 fw.rodolfoarce.local dhclient[10762]: DHCPDISCOVER on vtnet0 to 255.255.255.255 port 67 interval 4
Jul 10 17:07:15 fw.rodolfoarce.local dhclient[10762]: DHCPDISCOVER on vtnet0 to 255.255.255.255 port 67 interval 9
Jul 10 17:07:24 fw.rodolfoarce.local dhclient[10762]: DHCPDISCOVER on vtnet0 to 255.255.255.255 port 67 interval 15
Jul 10 17:07:39 fw.rodolfoarce.local dhclient[10762]: DHCPDISCOVER on vtnet0 to 255.255.255.255 port 67 interval 12
Jul 10 17:07:51 fw.rodolfoarce.local dhclient[10762]: DHCPDISCOVER on vtnet0 to 255.255.255.255 port 67 interval 14
Jul 10 17:08:00 fw.rodolfoarce.local /usr/sbin/cron[96824]: (root) CMD (/usr/sbin/newsyslog)
Jul 10 17:08:05 fw.rodolfoarce.local dhclient[10762]: DHCPDISCOVER on vtnet0 to 255.255.255.255 port 67 interval 4
Jul 10 17:08:09 fw.rodolfoarce.local dhclient[10762]: No DHCPOFFERS received.
Jul 10 17:08:09 fw.rodolfoarce.local dhclient[10762]: No working leases in persistent database - sleeping.
Jul 10 13:08:09 fw.rodolfoarce.local dhclient[97679]: FAIL
Jul 10 17:08:24 fw.rodolfoarce.local dhclient[10762]: DHCPDISCOVER on vtnet0 to 255.255.255.255 port 67 interval 2
Jul 10 17:08:26 fw.rodolfoarce.local dhclient[10762]: DHCPDISCOVER on vtnet0 to 255.255.255.255 port 67 interval 3
Jul 10 17:08:29 fw.rodolfoarce.local dhclient[10762]: DHCPDISCOVER on vtnet0 to 255.255.255.255 port 67 interval 8
Jul 10 17:08:37 fw.rodolfoarce.local dhclient[10762]: DHCPDISCOVER on vtnet0 to 255.255.255.255 port 67 interval 12
Jul 10 17:08:42 fw.rodolfoarce.local dhcp6c[28115]: Sending Solicit
Jul 10 17:08:50 fw.rodolfoarce.local dhclient[10762]: DHCPDISCOVER on vtnet0 to 255.255.255.255 port 67 interval 18
Jul 10 17:09:00 fw.rodolfoarce.local /usr/sbin/cron[16034]: (root) CMD (/usr/sbin/newsyslog)
Jul 10 17:09:08 fw.rodolfoarce.local dhclient[10762]: DHCPDISCOVER on vtnet0 to 255.255.255.255 port 67 interval 17
Jul 10 17:09:25 fw.rodolfoarce.local dhclient[10762]: No DHCPOFFERS received.
Jul 10 17:09:25 fw.rodolfoarce.local dhclient[10762]: No working leases in persistent database - sleeping.
Jul 10 13:09:25 fw.rodolfoarce.local dhclient[17700]: FAIL
Jul 10 17:09:40 fw.rodolfoarce.local filterlog[32783]: 4,,,1000000103,vtnet0,match,block,in,4,0xa0,,41,51877,0,DF,6,tcp,60,8.138.118.168,10.255.255.1,57412,22,0,S,4119155883,,29200,,mss;sackOK;TS;nop;wscale
Jul 10 17:09:40 fw.rodolfoarce.local dhclient[10762]: DHCPDISCOVER on vtnet0 to 255.255.255.255 port 67 interval 2
Jul 10 17:09:42 fw.rodolfoarce.local dhclient[10762]: DHCPDISCOVER on vtnet0 to 255.255.255.255 port 67 interval 3
Jul 10 17:09:45 fw.rodolfoarce.local dhclient[10762]: DHCPDISCOVER on vtnet0 to 255.255.255.255 port 67 interval 5
Jul 10 17:09:50 fw.rodolfoarce.local dhclient[10762]: DHCPDISCOVER on vtnet0 to 255.255.255.255 port 67 interval 9
Jul 10 17:09:59 fw.rodolfoarce.local dhclient[10762]: DHCPDISCOVER on vtnet0 to 255.255.255.255 port 67 interval 11
Jul 10 17:10:00 fw.rodolfoarce.local /usr/sbin/cron[37458]: (root) CMD (/usr/sbin/newsyslog)
Jul 10 17:10:10 fw.rodolfoarce.local dhclient[10762]: DHCPDISCOVER on vtnet0 to 255.255.255.255 port 67 interval 11
Jul 10 17:10:17 fw.rodolfoarce.local filterlog[32783]: 4,,,1000000103,vtnet0,match,block,in,4,0x0,,52,3903,0,none,17,udp,71,8.0.38.140,10.255.255.1,34289,53,51
Jul 10 17:10:17 fw.rodolfoarce.local filterlog[32783]: 4,,,1000000103,vtnet0,match,block,in,4,0x0,,52,10660,0,none,17,udp,71,8.0.38.141,10.255.255.1,60260,53,51
Jul 10 17:10:18 fw.rodolfoarce.local filterlog[32783]: 4,,,1000000103,vtnet0,match,block,in,4,0x0,,52,2035,0,none,17,udp,71,8.0.38.130,10.255.255.1,58797,53,51
Jul 10 17:10:18 fw.rodolfoarce.local filterlog[32783]: 4,,,1000000103,vtnet0,match,block,in,4,0x0,,52,12221,0,none,17,udp,71,8.0.38.134,10.255.255.1,28157,53,51
Jul 10 17:10:19 fw.rodolfoarce.local filterlog[32783]: 4,,,1000000103,vtnet0,match,block,in,4,0x0,,52,34115,0,none,17,udp,71,8.0.38.138,10.255.255.1,19680,53,51
Jul 10 17:10:19 fw.rodolfoarce.local filterlog[32783]: 4,,,1000000103,vtnet0,match,block,in,4,0x0,,52,50764,0,none,17,udp,71,8.0.38.134,10.255.255.1,33572,53,51
Jul 10 17:10:21 fw.rodolfoarce.local dhclient[10762]: DHCPDISCOVER on vtnet0 to 255.255.255.255 port 67 interval 13
Jul 10 17:10:34 fw.rodolfoarce.local dhclient[10762]: DHCPDISCOVER on vtnet0 to 255.255.255.255 port 67 interval 7
Jul 10 17:10:41 fw.rodolfoarce.local dhclient[10762]: No DHCPOFFERS received.
Jul 10 17:10:41 fw.rodolfoarce.local dhclient[10762]: No working leases in persistent database - sleeping.
Jul 10 13:10:41 fw.rodolfoarce.local dhclient[38841]: FAIL
Jul 10 17:10:43 fw.rodolfoarce.local dhcp6c[28115]: Sending Solicit
Jul 10 17:10:56 fw.rodolfoarce.local dhclient[10762]: DHCPDISCOVER on vtnet0 to 255.255.255.255 port 67 interval 1
Jul 10 17:10:57 fw.rodolfoarce.local dhclient[10762]: DHCPDISCOVER on vtnet0 to 255.255.255.255 port 67 interval 2
Jul 10 17:10:59 fw.rodolfoarce.local dhclient[10762]: DHCPDISCOVER on vtnet0 to 255.255.255.255 port 67 interval 4
Jul 10 17:11:00 fw.rodolfoarce.local /usr/sbin/cron[58009]: (root) CMD (/usr/sbin/newsyslog)
Jul 10 17:11:04 fw.rodolfoarce.local dhclient[10762]: DHCPDISCOVER on vtnet0 to 255.255.255.255 port 67 interval 5
Jul 10 17:11:09 fw.rodolfoarce.local dhclient[10762]: DHCPDISCOVER on vtnet0 to 255.255.255.255 port 67 interval 5
Jul 10 17:11:14 fw.rodolfoarce.local dhclient[10762]: DHCPDISCOVER on vtnet0 to 255.255.255.255 port 67 interval 10
Jul 10 17:11:24 fw.rodolfoarce.local dhclient[10762]: DHCPDISCOVER on vtnet0 to 255.255.255.255 port 67 interval 14
Jul 10 17:11:38 fw.rodolfoarce.local dhclient[10762]: DHCPDISCOVER on vtnet0 to 255.255.255.255 port 67 interval 13
Jul 10 17:11:51 fw.rodolfoarce.local dhclient[10762]: DHCPDISCOVER on vtnet0 to 255.255.255.255 port 67 interval 6
Jul 10 17:11:57 fw.rodolfoarce.local dhclient[10762]: No DHCPOFFERS received.
Jul 10 17:11:57 fw.rodolfoarce.local dhclient[10762]: No working leases in persistent database - sleeping.
Jul 10 13:11:57 fw.rodolfoarce.local dhclient[69495]: FAIL
Jul 10 17:12:00 fw.rodolfoarce.local /usr/sbin/cron[76670]: (root) CMD (/usr/sbin/newsyslog)
Jul 10 17:12:12 fw.rodolfoarce.local dhclient[10762]: DHCPDISCOVER on vtnet0 to 255.255.255.255 port 67 interval 1
Jul 10 17:12:13 fw.rodolfoarce.local dhclient[10762]: DHCPDISCOVER on vtnet0 to 255.255.255.255 port 67 interval 2
Jul 10 17:12:17 fw.rodolfoarce.local dhclient[10762]: message repeated 2 times: [ DHCPDISCOVER on vtnet0 to 255.255.255.255 port 67 interval 2]
Jul 10 17:12:19 fw.rodolfoarce.local dhclient[10762]: DHCPDISCOVER on vtnet0 to 255.255.255.255 port 67 interval 3
Jul 10 17:12:22 fw.rodolfoarce.local dhclient[10762]: DHCPDISCOVER on vtnet0 to 255.255.255.255 port 67 interval 8
Jul 10 17:12:30 fw.rodolfoarce.local dhclient[10762]: DHCPDISCOVER on vtnet0 to 255.255.255.255 port 67 interval 19
Jul 10 17:12:47 fw.rodolfoarce.local dhcp6c[28115]: Sending Solicit
Jul 10 17:12:49 fw.rodolfoarce.local dhclient[10762]: DHCPDISCOVER on vtnet0 to 255.255.255.255 port 67 interval 18
Jul 10 17:13:00 fw.rodolfoarce.local /usr/sbin/cron[95029]: (root) CMD (/usr/sbin/newsyslog)
Jul 10 17:13:08 fw.rodolfoarce.local dhclient[10762]: DHCPDISCOVER on vtnet0 to 255.255.255.255 port 67 interval 5
Jul 10 17:13:13 fw.rodolfoarce.local dhclient[10762]: No DHCPOFFERS received.
Jul 10 17:13:13 fw.rodolfoarce.local dhclient[10762]: No working leases in persistent database - sleeping.
Jul 10 13:13:13 fw.rodolfoarce.local dhclient[95984]: FAIL
Jul 10 17:13:28 fw.rodolfoarce.local dhclient[10762]: DHCPDISCOVER on vtnet0 to 255.255.255.255 port 67 interval 1
Jul 10 17:13:29 fw.rodolfoarce.local dhclient[10762]: DHCPDISCOVER on vtnet0 to 255.255.255.255 port 67 interval 2
Jul 10 17:13:31 fw.rodolfoarce.local dhclient[10762]: DHCPDISCOVER on vtnet0 to 255.255.255.255 port 67 interval 5
Jul 10 17:13:36 fw.rodolfoarce.local dhclient[10762]: DHCPDISCOVER on vtnet0 to 255.255.255.255 port 67 interval 5
Jul 10 17:13:41 fw.rodolfoarce.local dhclient[10762]: DHCPDISCOVER on vtnet0 to 255.255.255.255 port 67 interval 10
Jul 10 17:13:51 fw.rodolfoarce.local dhclient[10762]: DHCPDISCOVER on vtnet0 to 255.255.255.255 port 67 interval 14
Jul 10 17:14:00 fw.rodolfoarce.local /usr/sbin/cron[6989]: (root) CMD (/usr/sbin/newsyslog)
Jul 10 17:14:05 fw.rodolfoarce.local dhclient[10762]: DHCPDISCOVER on vtnet0 to 255.255.255.255 port 67 interval 14
Jul 10 17:14:19 fw.rodolfoarce.local dhclient[10762]: DHCPDISCOVER on vtnet0 to 255.255.255.255 port 67 interval 10
Jul 10 17:14:29 fw.rodolfoarce.local dhclient[10762]: No DHCPOFFERS received.
Jul 10 17:14:29 fw.rodolfoarce.local dhclient[10762]: No working leases in persistent database - sleeping.
Jul 10 13:14:29 fw.rodolfoarce.local dhclient[16159]: FAIL
