Jun 30 02:48:27 fw.rodolfoarce.local dhclient[10762]: DHCPDISCOVER on vtnet0 to 255.255.255.255 port 67 interval 1
Jun 30 02:48:31 fw.rodolfoarce.local dhclient[10762]: message repeated 4 times: [ DHCPDISCOVER on vtnet0 to 255.255.255.255 port 67 interval 1]
Jun 30 02:48:32 fw.rodolfoarce.local dhclient[10762]: DHCPDISCOVER on vtnet0 to 255.255.255.255 port 67 interval 2
Jun 30 02:48:35 fw.rodolfoarce.local dhclient[10762]: DHCPDISCOVER on vtnet0 to 255.255.255.255 port 67 interval 5
Jun 30 02:48:40 fw.rodolfoarce.local dhclient[10762]: DHCPDISCOVER on vtnet0 to 255.255.255.255 port 67 interval 12
Jun 30 02:48:52 fw.rodolfoarce.local dhclient[10762]: DHCPDISCOVER on vtnet0 to 255.255.255.255 port 67 interval 21
Jun 30 02:49:00 fw.rodolfoarce.local /usr/sbin/cron[60650]: (root) CMD (/usr/sbin/newsyslog)
Jun 30 02:49:02 fw.rodolfoarce.local dhcp6c[28115]: Sending Solicit
Jun 30 02:49:13 fw.rodolfoarce.local dhclient[10762]: DHCPDISCOVER on vtnet0 to 255.255.255.255 port 67 interval 15
Jun 30 02:49:28 fw.rodolfoarce.local dhclient[10762]: No DHCPOFFERS received.
Jun 30 02:49:28 fw.rodolfoarce.local dhclient[10762]: No working leases in persistent database - sleeping.
Jun 29 22:49:28 fw.rodolfoarce.local dhclient[61592]: FAIL
Jun 30 02:49:43 fw.rodolfoarce.local dhclient[10762]: DHCPDISCOVER on vtnet0 to 255.255.255.255 port 67 interval 2
Jun 30 02:49:45 fw.rodolfoarce.local dhclient[10762]: DHCPDISCOVER on vtnet0 to 255.255.255.255 port 67 interval 2
Jun 30 02:49:47 fw.rodolfoarce.local dhclient[10762]: DHCPDISCOVER on vtnet0 to 255.255.255.255 port 67 interval 4
Jun 30 02:49:51 fw.rodolfoarce.local dhclient[10762]: DHCPDISCOVER on vtnet0 to 255.255.255.255 port 67 interval 6
Jun 30 02:49:57 fw.rodolfoarce.local dhclient[10762]: DHCPDISCOVER on vtnet0 to 255.255.255.255 port 67 interval 12
Jun 30 02:50:00 fw.rodolfoarce.local /usr/sbin/cron[81098]: (root) CMD (/usr/sbin/newsyslog)
Jun 30 02:50:00 fw.rodolfoarce.local /usr/sbin/cron[81170]: (root) CMD (/usr/libexec/atrun)
Jun 30 02:50:09 fw.rodolfoarce.local dhclient[10762]: DHCPDISCOVER on vtnet0 to 255.255.255.255 port 67 interval 21
Jun 30 02:50:30 fw.rodolfoarce.local dhclient[10762]: DHCPDISCOVER on vtnet0 to 255.255.255.255 port 67 interval 13
Jun 30 02:50:43 fw.rodolfoarce.local dhclient[10762]: DHCPDISCOVER on vtnet0 to 255.255.255.255 port 67 interval 1
Jun 30 02:50:44 fw.rodolfoarce.local dhclient[10762]: No DHCPOFFERS received.
Jun 30 02:50:44 fw.rodolfoarce.local dhclient[10762]: No working leases in persistent database - sleeping.
Jun 29 22:50:44 fw.rodolfoarce.local dhclient[81746]: FAIL
Jun 30 02:50:51 fw.rodolfoarce.local dhcp6c[28115]: Sending Solicit
Jun 30 02:50:59 fw.rodolfoarce.local dhclient[10762]: DHCPDISCOVER on vtnet0 to 255.255.255.255 port 67 interval 2
Jun 30 02:51:00 fw.rodolfoarce.local /usr/sbin/cron[459]: (root) CMD (/usr/sbin/newsyslog)
Jun 30 02:51:01 fw.rodolfoarce.local dhclient[10762]: DHCPDISCOVER on vtnet0 to 255.255.255.255 port 67 interval 2
Jun 30 02:51:04 fw.rodolfoarce.local dhclient[10762]: DHCPDISCOVER on vtnet0 to 255.255.255.255 port 67 interval 4
Jun 30 02:51:08 fw.rodolfoarce.local dhclient[10762]: DHCPDISCOVER on vtnet0 to 255.255.255.255 port 67 interval 6
Jun 30 02:51:14 fw.rodolfoarce.local dhclient[10762]: DHCPDISCOVER on vtnet0 to 255.255.255.255 port 67 interval 6
Jun 30 02:51:20 fw.rodolfoarce.local dhclient[10762]: DHCPDISCOVER on vtnet0 to 255.255.255.255 port 67 interval 12
Jun 30 02:51:32 fw.rodolfoarce.local dhclient[10762]: DHCPDISCOVER on vtnet0 to 255.255.255.255 port 67 interval 9
Jun 30 02:51:41 fw.rodolfoarce.local dhclient[10762]: DHCPDISCOVER on vtnet0 to 255.255.255.255 port 67 interval 12
Jun 30 02:51:54 fw.rodolfoarce.local dhclient[10762]: DHCPDISCOVER on vtnet0 to 255.255.255.255 port 67 interval 6
Jun 30 02:52:00 fw.rodolfoarce.local /usr/sbin/cron[19357]: (root) CMD (/usr/sbin/newsyslog)
Jun 30 02:52:00 fw.rodolfoarce.local dhclient[10762]: No DHCPOFFERS received.
Jun 30 02:52:00 fw.rodolfoarce.local dhclient[10762]: No working leases in persistent database - sleeping.
Jun 29 22:52:00 fw.rodolfoarce.local dhclient[20029]: FAIL
Jun 30 02:52:15 fw.rodolfoarce.local dhclient[10762]: DHCPDISCOVER on vtnet0 to 255.255.255.255 port 67 interval 1
Jun 30 02:52:16 fw.rodolfoarce.local dhclient[10762]: DHCPDISCOVER on vtnet0 to 255.255.255.255 port 67 interval 1
Jun 30 02:52:17 fw.rodolfoarce.local dhclient[10762]: DHCPDISCOVER on vtnet0 to 255.255.255.255 port 67 interval 2
Jun 30 02:52:19 fw.rodolfoarce.local dhclient[10762]: DHCPDISCOVER on vtnet0 to 255.255.255.255 port 67 interval 4
Jun 30 02:52:23 fw.rodolfoarce.local dhclient[10762]: DHCPDISCOVER on vtnet0 to 255.255.255.255 port 67 interval 4
Jun 30 02:52:27 fw.rodolfoarce.local dhclient[10762]: DHCPDISCOVER on vtnet0 to 255.255.255.255 port 67 interval 6
Jun 30 02:52:33 fw.rodolfoarce.local dhclient[10762]: DHCPDISCOVER on vtnet0 to 255.255.255.255 port 67 interval 10
Jun 30 02:52:43 fw.rodolfoarce.local dhclient[10762]: DHCPDISCOVER on vtnet0 to 255.255.255.255 port 67 interval 18
Jun 30 02:52:50 fw.rodolfoarce.local dhcp6c[28115]: Sending Solicit
Jun 30 02:53:00 fw.rodolfoarce.local /usr/sbin/cron[38113]: (root) CMD (/usr/sbin/newsyslog)
Jun 30 02:53:01 fw.rodolfoarce.local dhclient[10762]: DHCPDISCOVER on vtnet0 to 255.255.255.255 port 67 interval 10
Jun 30 02:53:11 fw.rodolfoarce.local dhclient[10762]: DHCPDISCOVER on vtnet0 to 255.255.255.255 port 67 interval 5
Jun 30 02:53:16 fw.rodolfoarce.local dhclient[10762]: No DHCPOFFERS received.
Jun 30 02:53:16 fw.rodolfoarce.local dhclient[10762]: No working leases in persistent database - sleeping.
Jun 29 22:53:16 fw.rodolfoarce.local dhclient[39084]: FAIL
Jun 30 02:53:31 fw.rodolfoarce.local dhclient[10762]: DHCPDISCOVER on vtnet0 to 255.255.255.255 port 67 interval 1
Jun 30 02:53:32 fw.rodolfoarce.local dhclient[10762]: DHCPDISCOVER on vtnet0 to 255.255.255.255 port 67 interval 2
Jun 30 02:53:35 fw.rodolfoarce.local dhclient[10762]: DHCPDISCOVER on vtnet0 to 255.255.255.255 port 67 interval 4
Jun 30 02:53:39 fw.rodolfoarce.local dhclient[10762]: DHCPDISCOVER on vtnet0 to 255.255.255.255 port 67 interval 8
Jun 30 02:53:47 fw.rodolfoarce.local dhclient[10762]: DHCPDISCOVER on vtnet0 to 255.255.255.255 port 67 interval 15
Jun 30 02:54:00 fw.rodolfoarce.local /usr/sbin/cron[58129]: (root) CMD (/usr/sbin/newsyslog)
Jun 30 02:54:02 fw.rodolfoarce.local dhclient[10762]: DHCPDISCOVER on vtnet0 to 255.255.255.255 port 67 interval 19
Jun 30 02:54:21 fw.rodolfoarce.local dhclient[10762]: DHCPDISCOVER on vtnet0 to 255.255.255.255 port 67 interval 11
Jun 30 02:54:32 fw.rodolfoarce.local dhclient[10762]: No DHCPOFFERS received.
Jun 30 02:54:32 fw.rodolfoarce.local dhclient[10762]: No working leases in persistent database - sleeping.
Jun 29 22:54:32 fw.rodolfoarce.local dhclient[58746]: FAIL
Jun 30 02:54:38 fw.rodolfoarce.local dhcp6c[28115]: Sending Solicit
Jun 30 02:54:47 fw.rodolfoarce.local dhclient[10762]: DHCPDISCOVER on vtnet0 to 255.255.255.255 port 67 interval 1
Jun 30 02:54:49 fw.rodolfoarce.local dhclient[10762]: message repeated 2 times: [ DHCPDISCOVER on vtnet0 to 255.255.255.255 port 67 interval 1]
Jun 30 02:54:50 fw.rodolfoarce.local dhclient[10762]: DHCPDISCOVER on vtnet0 to 255.255.255.255 port 67 interval 2
Jun 30 02:54:52 fw.rodolfoarce.local dhclient[10762]: DHCPDISCOVER on vtnet0 to 255.255.255.255 port 67 interval 3
Jun 30 02:54:55 fw.rodolfoarce.local dhclient[10762]: DHCPDISCOVER on vtnet0 to 255.255.255.255 port 67 interval 6
Jun 30 02:55:00 fw.rodolfoarce.local /usr/sbin/cron[76709]: (root) CMD (/usr/sbin/newsyslog)
Jun 30 02:55:00 fw.rodolfoarce.local /usr/sbin/cron[76816]: (root) CMD (/usr/libexec/atrun)
Jun 30 02:55:01 fw.rodolfoarce.local dhclient[10762]: DHCPDISCOVER on vtnet0 to 255.255.255.255 port 67 interval 11
Jun 30 02:55:12 fw.rodolfoarce.local dhclient[10762]: DHCPDISCOVER on vtnet0 to 255.255.255.255 port 67 interval 20
Jun 30 02:55:32 fw.rodolfoarce.local dhclient[10762]: DHCPDISCOVER on vtnet0 to 255.255.255.255 port 67 interval 15
Jun 30 02:55:47 fw.rodolfoarce.local dhclient[10762]: DHCPDISCOVER on vtnet0 to 255.255.255.255 port 67 interval 1
Jun 30 02:55:48 fw.rodolfoarce.local dhclient[10762]: No DHCPOFFERS received.
Jun 30 02:55:48 fw.rodolfoarce.local dhclient[10762]: No working leases in persistent database - sleeping.
Jun 29 22:55:48 fw.rodolfoarce.local dhclient[77962]: FAIL
Jun 30 02:56:00 fw.rodolfoarce.local /usr/sbin/cron[96006]: (root) CMD (/usr/sbin/newsyslog)
Jun 30 02:56:03 fw.rodolfoarce.local dhclient[10762]: DHCPDISCOVER on vtnet0 to 255.255.255.255 port 67 interval 1
Jun 30 02:56:05 fw.rodolfoarce.local dhclient[10762]: message repeated 2 times: [ DHCPDISCOVER on vtnet0 to 255.255.255.255 port 67 interval 1]
Jun 30 02:56:06 fw.rodolfoarce.local dhclient[10762]: DHCPDISCOVER on vtnet0 to 255.255.255.255 port 67 interval 2
Jun 30 02:56:09 fw.rodolfoarce.local dhclient[10762]: DHCPDISCOVER on vtnet0 to 255.255.255.255 port 67 interval 5
Jun 30 02:56:14 fw.rodolfoarce.local dhclient[10762]: DHCPDISCOVER on vtnet0 to 255.255.255.255 port 67 interval 5
Jun 30 02:56:19 fw.rodolfoarce.local dhclient[10762]: DHCPDISCOVER on vtnet0 to 255.255.255.255 port 67 interval 12
Jun 30 02:56:31 fw.rodolfoarce.local dhclient[10762]: DHCPDISCOVER on vtnet0 to 255.255.255.255 port 67 interval 14
Jun 30 02:56:39 fw.rodolfoarce.local dhcp6c[28115]: Sending Solicit
Jun 30 02:56:45 fw.rodolfoarce.local dhclient[10762]: DHCPDISCOVER on vtnet0 to 255.255.255.255 port 67 interval 14
Jun 30 02:56:59 fw.rodolfoarce.local dhclient[10762]: DHCPDISCOVER on vtnet0 to 255.255.255.255 port 67 interval 5
Jun 30 02:57:00 fw.rodolfoarce.local /usr/sbin/cron[14073]: (root) CMD (/usr/sbin/newsyslog)
Jun 30 02:57:04 fw.rodolfoarce.local dhclient[10762]: No DHCPOFFERS received.
Jun 30 02:57:04 fw.rodolfoarce.local dhclient[10762]: No working leases in persistent database - sleeping.
Jun 29 22:57:04 fw.rodolfoarce.local dhclient[15089]: FAIL
Jun 30 02:57:19 fw.rodolfoarce.local dhclient[10762]: DHCPDISCOVER on vtnet0 to 255.255.255.255 port 67 interval 2
Jun 30 02:57:21 fw.rodolfoarce.local dhclient[10762]: DHCPDISCOVER on vtnet0 to 255.255.255.255 port 67 interval 3
Jun 30 02:57:24 fw.rodolfoarce.local dhclient[10762]: DHCPDISCOVER on vtnet0 to 255.255.255.255 port 67 interval 5
Jun 30 02:57:29 fw.rodolfoarce.local dhclient[10762]: DHCPDISCOVER on vtnet0 to 255.255.255.255 port 67 interval 10
Jun 30 02:57:39 fw.rodolfoarce.local dhclient[10762]: DHCPDISCOVER on vtnet0 to 255.255.255.255 port 67 interval 12
Jun 30 02:57:51 fw.rodolfoarce.local dhclient[10762]: DHCPDISCOVER on vtnet0 to 255.255.255.255 port 67 interval 12
Jun 30 02:58:00 fw.rodolfoarce.local /usr/sbin/cron[34217]: (root) CMD (/usr/sbin/newsyslog)
Jun 30 02:58:03 fw.rodolfoarce.local dhclient[10762]: DHCPDISCOVER on vtnet0 to 255.255.255.255 port 67 interval 9
Jun 30 02:58:12 fw.rodolfoarce.local dhclient[10762]: DHCPDISCOVER on vtnet0 to 255.255.255.255 port 67 interval 8
Jun 30 02:58:21 fw.rodolfoarce.local dhclient[10762]: No DHCPOFFERS received.
Jun 30 02:58:21 fw.rodolfoarce.local dhclient[10762]: No working leases in persistent database - sleeping.
Jun 29 22:58:21 fw.rodolfoarce.local dhclient[35099]: FAIL
Jun 30 02:58:36 fw.rodolfoarce.local dhclient[10762]: DHCPDISCOVER on vtnet0 to 255.255.255.255 port 67 interval 1
Jun 30 02:58:37 fw.rodolfoarce.local dhclient[10762]: DHCPDISCOVER on vtnet0 to 255.255.255.255 port 67 interval 2
Jun 30 02:58:39 fw.rodolfoarce.local dhclient[10762]: DHCPDISCOVER on vtnet0 to 255.255.255.255 port 67 interval 5
Jun 30 02:58:44 fw.rodolfoarce.local dhcp6c[28115]: Sending Solicit
Jun 30 02:58:44 fw.rodolfoarce.local dhclient[10762]: DHCPDISCOVER on vtnet0 to 255.255.255.255 port 67 interval 9
Jun 30 02:58:53 fw.rodolfoarce.local dhclient[10762]: DHCPDISCOVER on vtnet0 to 255.255.255.255 port 67 interval 16
Jun 30 02:59:00 fw.rodolfoarce.local /usr/sbin/cron[54420]: (root) CMD (/usr/sbin/newsyslog)
Jun 30 02:59:09 fw.rodolfoarce.local dhclient[10762]: DHCPDISCOVER on vtnet0 to 255.255.255.255 port 67 interval 17
Jun 30 02:59:26 fw.rodolfoarce.local dhclient[10762]: DHCPDISCOVER on vtnet0 to 255.255.255.255 port 67 interval 11
Jun 30 02:59:37 fw.rodolfoarce.local dhclient[10762]: No DHCPOFFERS received.
Jun 30 02:59:37 fw.rodolfoarce.local dhclient[10762]: No working leases in persistent database - sleeping.
Jun 29 22:59:37 fw.rodolfoarce.local dhclient[54767]: FAIL
Jun 30 02:59:53 fw.rodolfoarce.local dhclient[10762]: DHCPDISCOVER on vtnet0 to 255.255.255.255 port 67 interval 2
Jun 30 02:59:55 fw.rodolfoarce.local dhclient[10762]: DHCPDISCOVER on vtnet0 to 255.255.255.255 port 67 interval 4
Jun 30 02:59:59 fw.rodolfoarce.local dhclient[10762]: DHCPDISCOVER on vtnet0 to 255.255.255.255 port 67 interval 9
Jun 30 03:00:00 fw.rodolfoarce.local /usr/sbin/cron[67516]: (root) CMD (/usr/bin/nice -n20 /usr/local/sbin/expiretable -v -t 3600 virusprot)
Jun 30 03:00:00 fw.rodolfoarce.local /usr/sbin/cron[68138]: (root) CMD (/usr/libexec/atrun)
Jun 30 03:00:00 fw.rodolfoarce.local /usr/sbin/cron[67824]: (root) CMD (/usr/sbin/newsyslog)
Jun 30 03:00:08 fw.rodolfoarce.local dhclient[10762]: DHCPDISCOVER on vtnet0 to 255.255.255.255 port 67 interval 10
Jun 30 03:00:18 fw.rodolfoarce.local dhclient[10762]: DHCPDISCOVER on vtnet0 to 255.255.255.255 port 67 interval 12
Jun 30 03:00:30 fw.rodolfoarce.local dhclient[10762]: DHCPDISCOVER on vtnet0 to 255.255.255.255 port 67 interval 7
Jun 30 03:00:37 fw.rodolfoarce.local dhclient[10762]: DHCPDISCOVER on vtnet0 to 255.255.255.255 port 67 interval 17
Jun 30 03:00:41 fw.rodolfoarce.local dhcp6c[28115]: Sending Solicit
Jun 30 03:00:48 fw.rodolfoarce.local filterlog[32783]: 4,,,1000000103,vtnet0,match,block,in,4,0x0,,240,38688,0,none,17,udp,79,54.172.56.198,10.255.255.1,25702,53,59
Jun 30 03:00:50 fw.rodolfoarce.local filterlog[32783]: 4,,,1000000103,vtnet0,match,block,in,4,0x0,,240,38829,0,none,17,udp,79,54.172.56.198,10.255.255.1,61118,53,59
Jun 30 03:00:53 fw.rodolfoarce.local filterlog[32783]: 4,,,1000000103,vtnet0,match,block,in,4,0x0,,240,39039,0,none,17,udp,79,54.172.56.198,10.255.255.1,37030,53,59
Jun 30 03:00:54 fw.rodolfoarce.local dhclient[10762]: No DHCPOFFERS received.
Jun 30 03:00:54 fw.rodolfoarce.local dhclient[10762]: No working leases in persistent database - sleeping.
Jun 29 23:00:54 fw.rodolfoarce.local dhclient[76393]: FAIL
Jun 30 03:00:57 fw.rodolfoarce.local filterlog[32783]: 4,,,1000000103,vtnet0,match,block,in,4,0x0,,240,39149,0,none,17,udp,79,54.172.56.198,10.255.255.1,36038,53,59
Jun 30 03:01:00 fw.rodolfoarce.local /usr/sbin/cron[77292]: (root) CMD (/usr/bin/nice -n20 adjkerntz -a)
Jun 30 03:01:00 fw.rodolfoarce.local /usr/sbin/cron[77637]: (root) CMD (/etc/rc.periodic daily)
Jun 30 03:01:00 fw.rodolfoarce.local /usr/sbin/cron[77682]: (root) CMD (/usr/sbin/newsyslog)
Jun 30 03:01:02 fw.rodolfoarce.local filterlog[32783]: 4,,,1000000103,vtnet0,match,block,in,4,0x0,,240,39327,0,none,17,udp,79,54.172.56.198,10.255.255.1,34273,53,59
Jun 30 03:01:06 fw.rodolfoarce.local filterlog[32783]: 4,,,1000000103,vtnet1,match,block,in,4,0x0,,63,55584,0,DF,6,tcp,76,10.1.1.4,104.21.40.220,58066,443,24,PA,4286091485:4286091509,1359344365,501,,nop;nop;TS
Jun 30 03:01:06 fw.rodolfoarce.local filterlog[32783]: 4,,,1000000103,vtnet1,match,block,in,4,0x0,,63,55585,0,DF,6,tcp,52,10.1.1.4,104.21.40.220,58066,443,0,FA,4286091509,1359344365,501,,nop;nop;TS
Jun 30 03:01:06 fw.rodolfoarce.local filterlog[32783]: 4,,,1000000103,vtnet1,match,block,in,4,0x0,,63,55586,0,DF,6,tcp,52,10.1.1.4,104.21.40.220,58066,443,0,FA,4286091509,1359344365,501,,nop;nop;TS
Jun 30 03:01:06 fw.rodolfoarce.local filterlog[32783]: 4,,,1000000103,vtnet1,match,block,in,4,0x0,,63,55587,0,DF,6,tcp,76,10.1.1.4,104.21.40.220,58066,443,24,FPA,4286091485:4286091509,1359344365,501,,nop;nop;TS
Jun 30 03:01:07 fw.rodolfoarce.local filterlog[32783]: 4,,,1000000103,vtnet1,match,block,in,4,0x0,,63,55588,0,DF,6,tcp,76,10.1.1.4,104.21.40.220,58066,443,24,FPA,4286091485:4286091509,1359344365,501,,nop;nop;TS
Jun 30 03:01:08 fw.rodolfoarce.local filterlog[32783]: 4,,,1000000103,vtnet1,match,block,in,4,0x0,,63,55589,0,DF,6,tcp,76,10.1.1.4,104.21.40.220,58066,443,24,FPA,4286091485:4286091509,1359344365,501,,nop;nop;TS
Jun 30 03:01:09 fw.rodolfoarce.local dhclient[10762]: DHCPDISCOVER on vtnet0 to 255.255.255.255 port 67 interval 1
Jun 30 03:01:09 fw.rodolfoarce.local filterlog[32783]: 4,,,1000000103,vtnet1,match,block,in,4,0x0,,63,55590,0,DF,6,tcp,76,10.1.1.4,104.21.40.220,58066,443,24,FPA,4286091485:4286091509,1359344365,501,,nop;nop;TS
Jun 30 03:01:10 fw.rodolfoarce.local dhclient[10762]: DHCPDISCOVER on vtnet0 to 255.255.255.255 port 67 interval 1
Jun 30 03:01:11 fw.rodolfoarce.local dhclient[10762]: DHCPDISCOVER on vtnet0 to 255.255.255.255 port 67 interval 1
Jun 30 03:01:11 fw.rodolfoarce.local filterlog[32783]: 4,,,1000000103,vtnet0,match,block,in,4,0x0,,240,39649,0,none,17,udp,79,54.172.56.198,10.255.255.1,44587,53,59
Jun 30 03:01:12 fw.rodolfoarce.local dhclient[10762]: DHCPDISCOVER on vtnet0 to 255.255.255.255 port 67 interval 1
Jun 30 03:01:13 fw.rodolfoarce.local dhclient[10762]: DHCPDISCOVER on vtnet0 to 255.255.255.255 port 67 interval 1
Jun 30 03:01:13 fw.rodolfoarce.local filterlog[32783]: 4,,,1000000103,vtnet1,match,block,in,4,0x0,,63,55591,0,DF,6,tcp,76,10.1.1.4,104.21.40.220,58066,443,24,FPA,4286091485:4286091509,1359344365,501,,nop;nop;TS
Jun 30 03:01:14 fw.rodolfoarce.local dhclient[10762]: DHCPDISCOVER on vtnet0 to 255.255.255.255 port 67 interval 2
Jun 30 03:01:15 fw.rodolfoarce.local filterlog[32783]: 4,,,1000000103,vtnet0,match,block,in,4,0x0,,240,15111,0,none,17,udp,79,3.95.1.188,10.255.255.1,44652,53,59
Jun 30 03:01:16 fw.rodolfoarce.local dhclient[10762]: DHCPDISCOVER on vtnet0 to 255.255.255.255 port 67 interval 5
Jun 30 03:01:18 fw.rodolfoarce.local filterlog[32783]: 4,,,1000000103,vtnet0,match,block,in,4,0x0,,240,15173,0,none,17,udp,79,3.95.1.188,10.255.255.1,48140,53,59
Jun 30 03:01:21 fw.rodolfoarce.local filterlog[32783]: 4,,,1000000103,vtnet1,match,block,in,4,0x0,,63,55592,0,DF,6,tcp,76,10.1.1.4,104.21.40.220,58066,443,24,FPA,4286091485:4286091509,1359344365,501,,nop;nop;TS
Jun 30 03:01:21 fw.rodolfoarce.local filterlog[32783]: 4,,,1000000103,vtnet0,match,block,in,4,0x0,,240,15203,0,none,17,udp,79,3.95.1.188,10.255.255.1,53876,53,59
Jun 30 03:01:21 fw.rodolfoarce.local dhclient[10762]: DHCPDISCOVER on vtnet0 to 255.255.255.255 port 67 interval 13
Jun 30 03:01:25 fw.rodolfoarce.local filterlog[32783]: 4,,,1000000103,vtnet0,match,block,in,4,0x0,,240,15644,0,none,17,udp,79,3.95.1.188,10.255.255.1,41506,53,59
Jun 30 03:01:30 fw.rodolfoarce.local filterlog[32783]: 4,,,1000000103,vtnet0,match,block,in,4,0x0,,240,15976,0,none,17,udp,79,3.95.1.188,10.255.255.1,27784,53,59
Jun 30 03:01:34 fw.rodolfoarce.local filterlog[32783]: 4,,,1000000103,vtnet1,match,block,in,4,0x0,,63,55593,0,DF,6,tcp,76,10.1.1.4,104.21.40.220,58066,443,24,FPA,4286091485:4286091509,1359344365,501,,nop;nop;TS
Jun 30 03:01:34 fw.rodolfoarce.local dhclient[10762]: DHCPDISCOVER on vtnet0 to 255.255.255.255 port 67 interval 15
Jun 30 03:01:39 fw.rodolfoarce.local filterlog[32783]: 4,,,1000000103,vtnet0,match,block,in,4,0x0,,240,16059,0,none,17,udp,79,3.95.1.188,10.255.255.1,42977,53,59
Jun 30 03:01:43 fw.rodolfoarce.local filterlog[32783]: 4,,,1000000103,vtnet0,match,block,in,4,0x0,,240,25827,0,none,17,udp,79,3.90.51.214,10.255.255.1,44397,53,59
Jun 30 03:01:45 fw.rodolfoarce.local filterlog[32783]: 4,,,1000000103,vtnet0,match,block,in,4,0x0,,237,25871,0,none,17,udp,79,3.90.51.214,10.255.255.1,48697,53,59
Jun 30 03:01:47 fw.rodolfoarce.local filterlog[32783]: 4,,,1000000103,vtnet0,match,block,in,4,0x0,,237,25990,0,none,17,udp,79,3.90.51.214,10.255.255.1,60712,53,59
Jun 30 03:01:49 fw.rodolfoarce.local dhclient[10762]: DHCPDISCOVER on vtnet0 to 255.255.255.255 port 67 interval 10
Jun 30 03:01:52 fw.rodolfoarce.local filterlog[32783]: 4,,,1000000103,vtnet0,match,block,in,4,0x0,,240,26298,0,none,17,udp,79,3.90.51.214,10.255.255.1,47596,53,59
Jun 30 03:01:57 fw.rodolfoarce.local filterlog[32783]: 4,,,1000000103,vtnet0,match,block,in,4,0x0,,240,26465,0,none,17,udp,79,3.90.51.214,10.255.255.1,44247,53,59
Jun 30 03:01:59 fw.rodolfoarce.local dhclient[10762]: DHCPDISCOVER on vtnet0 to 255.255.255.255 port 67 interval 11
Jun 30 03:02:00 fw.rodolfoarce.local /usr/sbin/cron[96083]: (root) CMD (/usr/sbin/newsyslog)
Jun 30 03:02:01 fw.rodolfoarce.local filterlog[32783]: 4,,,1000000103,vtnet1,match,block,in,4,0x0,,63,55594,0,DF,6,tcp,76,10.1.1.4,104.21.40.220,58066,443,24,FPA,4286091485:4286091509,1359344365,501,,nop;nop;TS
Jun 30 03:02:07 fw.rodolfoarce.local filterlog[32783]: 4,,,1000000103,vtnet0,match,block,in,4,0x0,,240,26494,0,none,17,udp,79,3.90.51.214,10.255.255.1,60177,53,59
Jun 30 03:02:10 fw.rodolfoarce.local dhclient[10762]: No DHCPOFFERS received.
Jun 30 03:02:10 fw.rodolfoarce.local dhclient[10762]: No working leases in persistent database - sleeping.
Jun 29 23:02:10 fw.rodolfoarce.local dhclient[14191]: FAIL
Jun 30 03:02:12 fw.rodolfoarce.local filterlog[32783]: 4,,,1000000103,vtnet0,match,block,in,4,0x0,,240,41480,0,none,17,udp,79,54.172.56.198,10.255.255.1,24435,53,59
Jun 30 03:02:25 fw.rodolfoarce.local dhclient[10762]: DHCPDISCOVER on vtnet0 to 255.255.255.255 port 67 interval 1
Jun 30 03:02:26 fw.rodolfoarce.local dhclient[10762]: DHCPDISCOVER on vtnet0 to 255.255.255.255 port 67 interval 2
Jun 30 03:02:29 fw.rodolfoarce.local dhclient[10762]: DHCPDISCOVER on vtnet0 to 255.255.255.255 port 67 interval 3
Jun 30 03:02:32 fw.rodolfoarce.local dhclient[10762]: DHCPDISCOVER on vtnet0 to 255.255.255.255 port 67 interval 6
Jun 30 03:02:38 fw.rodolfoarce.local dhclient[10762]: DHCPDISCOVER on vtnet0 to 255.255.255.255 port 67 interval 12
Jun 30 03:02:50 fw.rodolfoarce.local dhclient[10762]: DHCPDISCOVER on vtnet0 to 255.255.255.255 port 67 interval 11
Jun 30 03:02:50 fw.rodolfoarce.local filterlog[32783]: 4,,,1000000103,vtnet0,match,block,in,4,0x0,,240,20169,0,none,17,udp,79,3.95.1.188,10.255.255.1,63393,53,59
Jun 30 03:02:51 fw.rodolfoarce.local dhcp6c[28115]: Sending Solicit
Jun 30 03:03:00 fw.rodolfoarce.local /usr/sbin/cron[14628]: (root) CMD (/usr/sbin/newsyslog)
Jun 30 03:03:01 fw.rodolfoarce.local dhclient[10762]: DHCPDISCOVER on vtnet0 to 255.255.255.255 port 67 interval 17
Jun 30 03:03:18 fw.rodolfoarce.local dhclient[10762]: DHCPDISCOVER on vtnet0 to 255.255.255.255 port 67 interval 8
Jun 30 03:03:26 fw.rodolfoarce.local dhclient[10762]: No DHCPOFFERS received.
Jun 30 03:03:26 fw.rodolfoarce.local dhclient[10762]: No working leases in persistent database - sleeping.
Jun 29 23:03:26 fw.rodolfoarce.local dhclient[31496]: FAIL
Jun 30 03:03:28 fw.rodolfoarce.local filterlog[32783]: 4,,,1000000103,vtnet0,match,block,in,4,0x0,,237,28995,0,none,17,udp,79,3.90.51.214,10.255.255.1,52358,53,59
Jun 30 03:03:41 fw.rodolfoarce.local dhclient[10762]: DHCPDISCOVER on vtnet0 to 255.255.255.255 port 67 interval 2
Jun 30 03:03:43 fw.rodolfoarce.local dhclient[10762]: DHCPDISCOVER on vtnet0 to 255.255.255.255 port 67 interval 3
Jun 30 03:03:46 fw.rodolfoarce.local dhclient[10762]: DHCPDISCOVER on vtnet0 to 255.255.255.255 port 67 interval 4
Jun 30 03:03:50 fw.rodolfoarce.local dhclient[10762]: DHCPDISCOVER on vtnet0 to 255.255.255.255 port 67 interval 10
Jun 30 03:04:00 fw.rodolfoarce.local /usr/sbin/cron[32012]: (root) CMD (/usr/sbin/newsyslog)
Jun 30 03:04:00 fw.rodolfoarce.local dhclient[10762]: DHCPDISCOVER on vtnet0 to 255.255.255.255 port 67 interval 20
Jun 30 03:04:20 fw.rodolfoarce.local dhclient[10762]: DHCPDISCOVER on vtnet0 to 255.255.255.255 port 67 interval 18
Jun 30 03:04:38 fw.rodolfoarce.local dhclient[10762]: DHCPDISCOVER on vtnet0 to 255.255.255.255 port 67 interval 4
Jun 30 03:04:43 fw.rodolfoarce.local dhclient[10762]: No DHCPOFFERS received.
Jun 30 03:04:43 fw.rodolfoarce.local dhclient[10762]: No working leases in persistent database - sleeping.
Jun 29 23:04:43 fw.rodolfoarce.local dhclient[49745]: FAIL
Jun 30 03:04:46 fw.rodolfoarce.local dhcp6c[28115]: Sending Solicit
Jun 30 03:04:58 fw.rodolfoarce.local dhclient[10762]: DHCPDISCOVER on vtnet0 to 255.255.255.255 port 67 interval 2
Jun 30 03:05:00 fw.rodolfoarce.local dhclient[10762]: DHCPDISCOVER on vtnet0 to 255.255.255.255 port 67 interval 4
Jun 30 03:05:00 fw.rodolfoarce.local /usr/sbin/cron[50172]: (root) CMD (/usr/sbin/newsyslog)
Jun 30 03:05:00 fw.rodolfoarce.local /usr/sbin/cron[50191]: (root) CMD (/usr/libexec/atrun)
Jun 30 03:05:04 fw.rodolfoarce.local dhclient[10762]: DHCPDISCOVER on vtnet0 to 255.255.255.255 port 67 interval 5
Jun 30 03:05:09 fw.rodolfoarce.local dhclient[10762]: DHCPDISCOVER on vtnet0 to 255.255.255.255 port 67 interval 10
Jun 30 03:05:19 fw.rodolfoarce.local dhclient[10762]: DHCPDISCOVER on vtnet0 to 255.255.255.255 port 67 interval 15
Jun 30 03:05:34 fw.rodolfoarce.local dhclient[10762]: DHCPDISCOVER on vtnet0 to 255.255.255.255 port 67 interval 12
Jun 30 03:05:46 fw.rodolfoarce.local dhclient[10762]: DHCPDISCOVER on vtnet0 to 255.255.255.255 port 67 interval 12
Jun 30 03:05:58 fw.rodolfoarce.local dhclient[10762]: DHCPDISCOVER on vtnet0 to 255.255.255.255 port 67 interval 1
Jun 30 03:05:59 fw.rodolfoarce.local dhclient[10762]: No DHCPOFFERS received.
Jun 30 03:05:59 fw.rodolfoarce.local dhclient[10762]: No working leases in persistent database - sleeping.
Jun 29 23:05:59 fw.rodolfoarce.local dhclient[69365]: FAIL
Jun 30 03:06:00 fw.rodolfoarce.local /usr/sbin/cron[69677]: (root) CMD (/usr/sbin/newsyslog)
Jun 30 03:06:14 fw.rodolfoarce.local dhclient[10762]: DHCPDISCOVER on vtnet0 to 255.255.255.255 port 67 interval 2
Jun 30 03:06:18 fw.rodolfoarce.local dhclient[10762]: message repeated 2 times: [ DHCPDISCOVER on vtnet0 to 255.255.255.255 port 67 interval 2]
Jun 30 03:06:20 fw.rodolfoarce.local dhclient[10762]: DHCPDISCOVER on vtnet0 to 255.255.255.255 port 67 interval 4
Jun 30 03:06:21 fw.rodolfoarce.local filterlog[32783]: 4,,,1000000103,vtnet0,match,block,in,4,0x0,,102,699,0,none,17,udp,75,74.125.72.24,10.255.255.1,39543,53,55
Jun 30 03:06:21 fw.rodolfoarce.local filterlog[32783]: 4,,,1000000103,vtnet0,match,block,in,4,0x0,,102,8547,0,none,17,udp,86,74.125.76.27,10.255.255.1,35170,53,66
Jun 30 03:06:21 fw.rodolfoarce.local filterlog[32783]: 4,,,1000000103,vtnet0,match,block,in,4,0x0,,105,43982,0,none,17,udp,86,172.253.196.91,10.255.255.1,65135,53,66
Jun 30 03:06:21 fw.rodolfoarce.local filterlog[32783]: 4,,,1000000103,vtnet0,match,block,in,4,0x0,,102,61785,0,none,17,udp,86,74.125.76.25,10.255.255.1,40310,53,66
Jun 30 03:06:22 fw.rodolfoarce.local filterlog[32783]: 4,,,1000000103,vtnet0,match,block,in,4,0x0,,102,49809,0,none,17,udp,75,74.125.76.29,10.255.255.1,63479,53,55
Jun 30 03:06:22 fw.rodolfoarce.local filterlog[32783]: 4,,,1000000103,vtnet0,match,block,in,4,0x0,,102,28706,0,none,17,udp,75,74.125.76.30,10.255.255.1,41782,53,55
Jun 30 03:06:22 fw.rodolfoarce.local filterlog[32783]: 4,,,1000000103,vtnet0,match,block,in,4,0x0,,102,60189,0,none,17,udp,75,74.125.76.21,10.255.255.1,56342,53,55
Jun 30 03:06:22 fw.rodolfoarce.local filterlog[32783]: 4,,,1000000103,vtnet0,match,block,in,4,0x0,,102,51673,0,none,17,udp,75,74.125.72.21,10.255.255.1,53173,53,55
Jun 30 03:06:23 fw.rodolfoarce.local filterlog[32783]: 4,,,1000000103,vtnet0,match,block,in,4,0x0,,102,28800,0,none,17,udp,86,74.125.76.30,10.255.255.1,55703,53,66
Jun 30 03:06:23 fw.rodolfoarce.local filterlog[32783]: 4,,,1000000103,vtnet0,match,block,in,4,0x0,,102,2460,0,none,17,udp,86,74.125.72.24,10.255.255.1,64342,53,66
Jun 30 03:06:24 fw.rodolfoarce.local filterlog[32783]: 4,,,1000000103,vtnet0,match,block,in,4,0x0,,102,40024,0,none,17,udp,75,74.125.72.30,10.255.255.1,63718,53,55
Jun 30 03:06:24 fw.rodolfoarce.local filterlog[32783]: 4,,,1000000103,vtnet0,match,block,in,4,0x0,,102,61493,0,none,17,udp,75,74.125.76.19,10.255.255.1,38241,53,55
Jun 30 03:06:24 fw.rodolfoarce.local dhclient[10762]: DHCPDISCOVER on vtnet0 to 255.255.255.255 port 67 interval 10
Jun 30 03:06:30 fw.rodolfoarce.local filterlog[32783]: 4,,,1000000103,vtnet0,match,block,in,4,0x0,,53,60377,0,none,17,udp,86,74.125.187.18,10.255.255.1,56399,53,66
Jun 30 03:06:30 fw.rodolfoarce.local filterlog[32783]: 4,,,1000000103,vtnet0,match,block,in,4,0x0,,53,21249,0,none,17,udp,75,74.125.80.19,10.255.255.1,51621,53,55
Jun 30 03:06:30 fw.rodolfoarce.local filterlog[32783]: 4,,,1000000103,vtnet0,match,block,in,4,0x0,,53,46876,0,none,17,udp,86,74.125.187.28,10.255.255.1,37881,53,66
Jun 30 03:06:30 fw.rodolfoarce.local filterlog[32783]: 4,,,1000000103,vtnet0,match,block,in,4,0x0,,53,6147,0,none,17,udp,86,74.125.80.27,10.255.255.1,55301,53,66
Jun 30 03:06:30 fw.rodolfoarce.local filterlog[32783]: 4,,,1000000103,vtnet0,match,block,in,4,0x0,,53,19939,0,none,17,udp,86,172.217.46.243,10.255.255.1,37144,53,66
Jun 30 03:06:31 fw.rodolfoarce.local filterlog[32783]: 4,,,1000000103,vtnet0,match,block,in,4,0x0,,53,430,0,none,17,udp,75,74.125.80.93,10.255.255.1,58743,53,55
Jun 30 03:06:31 fw.rodolfoarce.local filterlog[32783]: 4,,,1000000103,vtnet0,match,block,in,4,0x0,,53,6438,0,none,17,udp,75,172.217.46.83,10.255.255.1,35753,53,55
Jun 30 03:06:31 fw.rodolfoarce.local filterlog[32783]: 4,,,1000000103,vtnet0,match,block,in,4,0x0,,53,59318,0,none,17,udp,75,74.125.187.22,10.255.255.1,63987,53,55
Jun 30 03:06:31 fw.rodolfoarce.local filterlog[32783]: 4,,,1000000103,vtnet0,match,block,in,4,0x0,,53,61714,0,none,17,udp,75,74.125.80.20,10.255.255.1,34251,53,55
Jun 30 03:06:31 fw.rodolfoarce.local filterlog[32783]: 4,,,1000000103,vtnet0,match,block,in,4,0x0,,53,47921,0,none,17,udp,75,74.125.80.147,10.255.255.1,57830,53,55
Jun 30 03:06:32 fw.rodolfoarce.local filterlog[32783]: 4,,,1000000103,vtnet0,match,block,in,4,0x0,,53,57221,0,none,17,udp,86,74.125.80.81,10.255.255.1,37296,53,66
Jun 30 03:06:33 fw.rodolfoarce.local filterlog[32783]: 4,,,1000000103,vtnet0,match,block,in,4,0x0,,53,44818,0,none,17,udp,75,74.125.80.94,10.255.255.1,35729,53,55
Jun 30 03:06:34 fw.rodolfoarce.local dhclient[10762]: DHCPDISCOVER on vtnet0 to 255.255.255.255 port 67 interval 10
Jun 30 03:06:44 fw.rodolfoarce.local dhclient[10762]: DHCPDISCOVER on vtnet0 to 255.255.255.255 port 67 interval 13
Jun 30 03:06:57 fw.rodolfoarce.local dhclient[10762]: DHCPDISCOVER on vtnet0 to 255.255.255.255 port 67 interval 14
Jun 30 03:06:57 fw.rodolfoarce.local dhcp6c[28115]: Sending Solicit
Jun 30 03:07:00 fw.rodolfoarce.local /usr/sbin/cron[88518]: (root) CMD (/usr/sbin/newsyslog)
Jun 30 03:07:12 fw.rodolfoarce.local dhclient[10762]: DHCPDISCOVER on vtnet0 to 255.255.255.255 port 67 interval 3
Jun 30 03:07:15 fw.rodolfoarce.local dhclient[10762]: No DHCPOFFERS received.
Jun 30 03:07:15 fw.rodolfoarce.local dhclient[10762]: No working leases in persistent database - sleeping.
Jun 29 23:07:15 fw.rodolfoarce.local dhclient[6061]: FAIL
Jun 30 03:07:30 fw.rodolfoarce.local dhclient[10762]: DHCPDISCOVER on vtnet0 to 255.255.255.255 port 67 interval 1
Jun 30 03:07:31 fw.rodolfoarce.local dhclient[10762]: DHCPDISCOVER on vtnet0 to 255.255.255.255 port 67 interval 1
Jun 30 03:07:32 fw.rodolfoarce.local dhclient[10762]: DHCPDISCOVER on vtnet0 to 255.255.255.255 port 67 interval 2
Jun 30 03:07:34 fw.rodolfoarce.local dhclient[10762]: DHCPDISCOVER on vtnet0 to 255.255.255.255 port 67 interval 3
Jun 30 03:07:37 fw.rodolfoarce.local dhclient[10762]: DHCPDISCOVER on vtnet0 to 255.255.255.255 port 67 interval 7
Jun 30 03:07:44 fw.rodolfoarce.local dhclient[10762]: DHCPDISCOVER on vtnet0 to 255.255.255.255 port 67 interval 7
Jun 30 03:07:51 fw.rodolfoarce.local dhclient[10762]: DHCPDISCOVER on vtnet0 to 255.255.255.255 port 67 interval 9
Jun 30 03:08:00 fw.rodolfoarce.local /usr/sbin/cron[6309]: (root) CMD (/usr/sbin/newsyslog)
Jun 30 03:08:00 fw.rodolfoarce.local dhclient[10762]: DHCPDISCOVER on vtnet0 to 255.255.255.255 port 67 interval 10
Jun 30 03:08:10 fw.rodolfoarce.local dhclient[10762]: DHCPDISCOVER on vtnet0 to 255.255.255.255 port 67 interval 21
Jun 30 03:08:19 fw.rodolfoarce.local filterlog[32783]: 4,,,1000000103,vtnet1,match,block,in,4,0x0,,64,40026,0,DF,6,tcp,76,10.1.1.3,104.21.40.220,37154,443,24,PA,564924573:564924597,2135925081,249,,nop;nop;TS
Jun 30 03:08:19 fw.rodolfoarce.local filterlog[32783]: 4,,,1000000103,vtnet1,match,block,in,4,0x0,,64,40027,0,DF,6,tcp,52,10.1.1.3,104.21.40.220,37154,443,0,FA,564924597,2135925081,249,,nop;nop;TS
Jun 30 03:08:19 fw.rodolfoarce.local filterlog[32783]: 4,,,1000000103,vtnet1,match,block,in,4,0x0,,64,40028,0,DF,6,tcp,52,10.1.1.3,104.21.40.220,37154,443,0,FA,564924597,2135925081,249,,nop;nop;TS
Jun 30 03:08:20 fw.rodolfoarce.local filterlog[32783]: 4,,,1000000103,vtnet1,match,block,in,4,0x0,,64,40029,0,DF,6,tcp,76,10.1.1.3,104.21.40.220,37154,443,24,FPA,564924573:564924597,2135925081,249,,nop;nop;TS
Jun 30 03:08:20 fw.rodolfoarce.local filterlog[32783]: 4,,,1000000103,vtnet1,match,block,in,4,0x0,,64,40030,0,DF,6,tcp,76,10.1.1.3,104.21.40.220,37154,443,24,FPA,564924573:564924597,2135925081,249,,nop;nop;TS
Jun 30 03:08:21 fw.rodolfoarce.local filterlog[32783]: 4,,,1000000103,vtnet1,match,block,in,4,0x0,,64,40031,0,DF,6,tcp,76,10.1.1.3,104.21.40.220,37154,443,24,FPA,564924573:564924597,2135925081,249,,nop;nop;TS
Jun 30 03:08:23 fw.rodolfoarce.local filterlog[32783]: 4,,,1000000103,vtnet1,match,block,in,4,0x0,,64,40032,0,DF,6,tcp,76,10.1.1.3,104.21.40.220,37154,443,24,FPA,564924573:564924597,2135925081,249,,nop;nop;TS
Jun 30 03:08:26 fw.rodolfoarce.local filterlog[32783]: 4,,,1000000103,vtnet1,match,block,in,4,0x0,,64,40033,0,DF,6,tcp,76,10.1.1.3,104.21.40.220,37154,443,24,FPA,564924573:564924597,2135925081,249,,nop;nop;TS
Jun 30 03:08:31 fw.rodolfoarce.local dhclient[10762]: No DHCPOFFERS received.
Jun 30 03:08:31 fw.rodolfoarce.local dhclient[10762]: No working leases in persistent database - sleeping.
Jun 29 23:08:31 fw.rodolfoarce.local dhclient[25430]: FAIL
Jun 30 03:08:33 fw.rodolfoarce.local filterlog[32783]: 4,,,1000000103,vtnet1,match,block,in,4,0x0,,64,40034,0,DF,6,tcp,76,10.1.1.3,104.21.40.220,37154,443,24,FPA,564924573:564924597,2135925081,249,,nop;nop;TS
Jun 30 03:08:46 fw.rodolfoarce.local dhclient[10762]: DHCPDISCOVER on vtnet0 to 255.255.255.255 port 67 interval 1
Jun 30 03:08:47 fw.rodolfoarce.local filterlog[32783]: 4,,,1000000103,vtnet1,match,block,in,4,0x0,,64,40035,0,DF,6,tcp,76,10.1.1.3,104.21.40.220,37154,443,24,FPA,564924573:564924597,2135925081,249,,nop;nop;TS
Jun 30 03:08:47 fw.rodolfoarce.local dhclient[10762]: DHCPDISCOVER on vtnet0 to 255.255.255.255 port 67 interval 1
Jun 30 03:08:48 fw.rodolfoarce.local dhclient[10762]: DHCPDISCOVER on vtnet0 to 255.255.255.255 port 67 interval 1
Jun 30 03:08:49 fw.rodolfoarce.local dhclient[10762]: DHCPDISCOVER on vtnet0 to 255.255.255.255 port 67 interval 2
Jun 30 03:08:52 fw.rodolfoarce.local dhclient[10762]: DHCPDISCOVER on vtnet0 to 255.255.255.255 port 67 interval 5
Jun 30 03:08:57 fw.rodolfoarce.local dhclient[10762]: DHCPDISCOVER on vtnet0 to 255.255.255.255 port 67 interval 11
Jun 30 03:09:00 fw.rodolfoarce.local /usr/sbin/cron[26270]: (root) CMD (/usr/sbin/newsyslog)
Jun 30 03:09:07 fw.rodolfoarce.local dhcp6c[28115]: Sending Solicit
Jun 30 03:09:08 fw.rodolfoarce.local dhclient[10762]: DHCPDISCOVER on vtnet0 to 255.255.255.255 port 67 interval 12
Jun 30 03:09:14 fw.rodolfoarce.local filterlog[32783]: 4,,,1000000103,vtnet1,match,block,in,4,0x0,,64,40036,0,DF,6,tcp,76,10.1.1.3,104.21.40.220,37154,443,24,FPA,564924573:564924597,2135925081,249,,nop;nop;TS
Jun 30 03:09:20 fw.rodolfoarce.local dhclient[10762]: DHCPDISCOVER on vtnet0 to 255.255.255.255 port 67 interval 8
Jun 30 03:09:28 fw.rodolfoarce.local dhclient[10762]: DHCPDISCOVER on vtnet0 to 255.255.255.255 port 67 interval 11
Jun 30 03:09:39 fw.rodolfoarce.local filterlog[32783]: 4,,,1000000103,vtnet0,match,block,in,4,0x0,,236,4561,0,none,6,tcp,60,172.232.206.216,10.255.255.1,37091,53,0,S,722240010,,65535,,mss;sackOK;TS;nop;wscale
Jun 30 03:09:39 fw.rodolfoarce.local dhclient[10762]: DHCPDISCOVER on vtnet0 to 255.255.255.255 port 67 interval 7
Jun 30 03:09:46 fw.rodolfoarce.local dhclient[10762]: DHCPDISCOVER on vtnet0 to 255.255.255.255 port 67 interval 1
Jun 30 03:09:47 fw.rodolfoarce.local dhclient[10762]: No DHCPOFFERS received.
Jun 30 03:09:47 fw.rodolfoarce.local dhclient[10762]: No working leases in persistent database - sleeping.
Jun 29 23:09:47 fw.rodolfoarce.local dhclient[45707]: FAIL
Jun 30 03:10:00 fw.rodolfoarce.local /usr/sbin/cron[46254]: (root) CMD (/usr/sbin/newsyslog)
Jun 30 03:10:00 fw.rodolfoarce.local /usr/sbin/cron[46425]: (root) CMD (/usr/libexec/atrun)
Jun 30 03:10:02 fw.rodolfoarce.local dhclient[10762]: DHCPDISCOVER on vtnet0 to 255.255.255.255 port 67 interval 2
Jun 30 03:10:04 fw.rodolfoarce.local dhclient[10762]: DHCPDISCOVER on vtnet0 to 255.255.255.255 port 67 interval 3
Jun 30 03:10:07 fw.rodolfoarce.local dhclient[10762]: DHCPDISCOVER on vtnet0 to 255.255.255.255 port 67 interval 6
Jun 30 03:10:13 fw.rodolfoarce.local dhclient[10762]: DHCPDISCOVER on vtnet0 to 255.255.255.255 port 67 interval 7
Jun 30 03:10:19 fw.rodolfoarce.local filterlog[32783]: 4,,,1000000103,vtnet0,match,block,in,4,0x0,,236,63422,0,none,6,tcp,60,172.232.206.231,10.255.255.1,44433,53,0,S,3416806765,,65535,,mss;sackOK;TS;nop;wscale
Jun 30 03:10:20 fw.rodolfoarce.local dhclient[10762]: DHCPDISCOVER on vtnet0 to 255.255.255.255 port 67 interval 16
Jun 30 03:10:37 fw.rodolfoarce.local dhclient[10762]: DHCPDISCOVER on vtnet0 to 255.255.255.255 port 67 interval 15
Jun 30 03:10:52 fw.rodolfoarce.local dhclient[10762]: DHCPDISCOVER on vtnet0 to 255.255.255.255 port 67 interval 11
Jun 30 03:11:00 fw.rodolfoarce.local /usr/sbin/cron[64331]: (root) CMD (/usr/sbin/newsyslog)
Jun 30 03:11:03 fw.rodolfoarce.local dhclient[10762]: No DHCPOFFERS received.
Jun 30 03:11:03 fw.rodolfoarce.local dhclient[10762]: No working leases in persistent database - sleeping.
Jun 29 23:11:03 fw.rodolfoarce.local dhclient[65420]: FAIL
Jun 30 03:11:10 fw.rodolfoarce.local dhcp6c[28115]: Sending Solicit
Jun 30 03:11:18 fw.rodolfoarce.local dhclient[10762]: DHCPDISCOVER on vtnet0 to 255.255.255.255 port 67 interval 1
Jun 30 03:11:19 fw.rodolfoarce.local dhclient[10762]: DHCPDISCOVER on vtnet0 to 255.255.255.255 port 67 interval 2
Jun 30 03:11:21 fw.rodolfoarce.local dhclient[10762]: DHCPDISCOVER on vtnet0 to 255.255.255.255 port 67 interval 5
Jun 30 03:11:26 fw.rodolfoarce.local dhclient[10762]: DHCPDISCOVER on vtnet0 to 255.255.255.255 port 67 interval 6
Jun 30 03:11:32 fw.rodolfoarce.local dhclient[10762]: DHCPDISCOVER on vtnet0 to 255.255.255.255 port 67 interval 15
Jun 30 03:11:47 fw.rodolfoarce.local dhclient[10762]: DHCPDISCOVER on vtnet0 to 255.255.255.255 port 67 interval 11
Jun 30 03:11:59 fw.rodolfoarce.local dhclient[10762]: DHCPDISCOVER on vtnet0 to 255.255.255.255 port 67 interval 7
Jun 30 03:12:00 fw.rodolfoarce.local /usr/sbin/cron[84829]: (root) CMD (/usr/sbin/newsyslog)
Jun 30 03:12:06 fw.rodolfoarce.local dhclient[10762]: DHCPDISCOVER on vtnet0 to 255.255.255.255 port 67 interval 11
Jun 30 03:12:17 fw.rodolfoarce.local dhclient[10762]: DHCPDISCOVER on vtnet0 to 255.255.255.255 port 67 interval 2
Jun 30 03:12:19 fw.rodolfoarce.local dhclient[10762]: No DHCPOFFERS received.
Jun 30 03:12:19 fw.rodolfoarce.local dhclient[10762]: No working leases in persistent database - sleeping.
Jun 29 23:12:19 fw.rodolfoarce.local dhclient[3927]: FAIL
Jun 30 03:12:34 fw.rodolfoarce.local dhclient[10762]: DHCPDISCOVER on vtnet0 to 255.255.255.255 port 67 interval 1
Jun 30 03:12:35 fw.rodolfoarce.local dhclient[10762]: DHCPDISCOVER on vtnet0 to 255.255.255.255 port 67 interval 2
Jun 30 03:12:37 fw.rodolfoarce.local dhclient[10762]: DHCPDISCOVER on vtnet0 to 255.255.255.255 port 67 interval 4
Jun 30 03:12:41 fw.rodolfoarce.local dhclient[10762]: DHCPDISCOVER on vtnet0 to 255.255.255.255 port 67 interval 10
Jun 30 03:12:51 fw.rodolfoarce.local dhclient[10762]: DHCPDISCOVER on vtnet0 to 255.255.255.255 port 67 interval 8
Jun 30 03:12:59 fw.rodolfoarce.local dhclient[10762]: DHCPDISCOVER on vtnet0 to 255.255.255.255 port 67 interval 10
Jun 30 03:13:00 fw.rodolfoarce.local /usr/sbin/cron[4450]: (root) CMD (/usr/sbin/newsyslog)
Jun 30 03:13:09 fw.rodolfoarce.local dhclient[10762]: DHCPDISCOVER on vtnet0 to 255.255.255.255 port 67 interval 13
Jun 30 03:13:14 fw.rodolfoarce.local dhcp6c[28115]: Sending Solicit
Jun 30 03:13:22 fw.rodolfoarce.local dhclient[10762]: DHCPDISCOVER on vtnet0 to 255.255.255.255 port 67 interval 7
Jun 30 03:13:29 fw.rodolfoarce.local dhclient[10762]: DHCPDISCOVER on vtnet0 to 255.255.255.255 port 67 interval 6
Jun 30 03:13:35 fw.rodolfoarce.local dhclient[10762]: No DHCPOFFERS received.
Jun 30 03:13:35 fw.rodolfoarce.local dhclient[10762]: No working leases in persistent database - sleeping.
Jun 29 23:13:35 fw.rodolfoarce.local dhclient[23583]: FAIL
Jun 30 03:13:50 fw.rodolfoarce.local dhclient[10762]: DHCPDISCOVER on vtnet0 to 255.255.255.255 port 67 interval 1
Jun 30 03:13:51 fw.rodolfoarce.local dhclient[10762]: DHCPDISCOVER on vtnet0 to 255.255.255.255 port 67 interval 2
Jun 30 03:13:53 fw.rodolfoarce.local dhclient[10762]: DHCPDISCOVER on vtnet0 to 255.255.255.255 port 67 interval 3
Jun 30 03:14:00 fw.rodolfoarce.local dhclient[10762]: message repeated 2 times: [ DHCPDISCOVER on vtnet0 to 255.255.255.255 port 67 interval 3]
Jun 30 03:14:00 fw.rodolfoarce.local /usr/sbin/cron[23939]: (root) CMD (/usr/sbin/newsyslog)
Jun 30 03:14:03 fw.rodolfoarce.local dhclient[10762]: DHCPDISCOVER on vtnet0 to 255.255.255.255 port 67 interval 3
Jun 30 03:14:06 fw.rodolfoarce.local dhclient[10762]: DHCPDISCOVER on vtnet0 to 255.255.255.255 port 67 interval 6
Jun 30 03:14:12 fw.rodolfoarce.local dhclient[10762]: DHCPDISCOVER on vtnet0 to 255.255.255.255 port 67 interval 19
Jun 30 03:14:13 fw.rodolfoarce.local filterlog[32783]: 4,,,1000000103,vtnet0,match,block,in,4,0x0,,239,21186,0,none,6,tcp,40,176.111.174.30,10.255.255.1,49147,22,0,S,693728798,,1024,,
Jun 30 03:14:31 fw.rodolfoarce.local dhclient[10762]: DHCPDISCOVER on vtnet0 to 255.255.255.255 port 67 interval 8
Jun 30 03:14:39 fw.rodolfoarce.local dhclient[10762]: DHCPDISCOVER on vtnet0 to 255.255.255.255 port 67 interval 12
Jun 30 03:14:51 fw.rodolfoarce.local dhclient[10762]: No DHCPOFFERS received.
Jun 30 03:14:51 fw.rodolfoarce.local dhclient[10762]: No working leases in persistent database - sleeping.
Jun 29 23:14:51 fw.rodolfoarce.local dhclient[43890]: FAIL
Jun 30 03:15:00 fw.rodolfoarce.local /usr/sbin/cron[44025]: (root) CMD (/usr/sbin/newsyslog)
Jun 30 03:15:00 fw.rodolfoarce.local /usr/sbin/cron[44193]: (root) CMD (/usr/libexec/atrun)
Jun 30 03:15:06 fw.rodolfoarce.local dhclient[10762]: DHCPDISCOVER on vtnet0 to 255.255.255.255 port 67 interval 1
Jun 30 03:15:07 fw.rodolfoarce.local dhclient[10762]: DHCPDISCOVER on vtnet0 to 255.255.255.255 port 67 interval 1
Jun 30 03:15:08 fw.rodolfoarce.local dhclient[10762]: DHCPDISCOVER on vtnet0 to 255.255.255.255 port 67 interval 2
Jun 30 03:15:11 fw.rodolfoarce.local dhclient[10762]: DHCPDISCOVER on vtnet0 to 255.255.255.255 port 67 interval 3
Jun 30 03:15:14 fw.rodolfoarce.local dhclient[10762]: DHCPDISCOVER on vtnet0 to 255.255.255.255 port 67 interval 7
Jun 30 03:15:19 fw.rodolfoarce.local dhcp6c[28115]: Sending Solicit
Jun 30 03:15:21 fw.rodolfoarce.local dhclient[10762]: DHCPDISCOVER on vtnet0 to 255.255.255.255 port 67 interval 10
Jun 30 03:15:31 fw.rodolfoarce.local dhclient[10762]: DHCPDISCOVER on vtnet0 to 255.255.255.255 port 67 interval 19
Jun 30 03:15:50 fw.rodolfoarce.local dhclient[10762]: DHCPDISCOVER on vtnet0 to 255.255.255.255 port 67 interval 12
Jun 30 03:16:00 fw.rodolfoarce.local /usr/sbin/cron[62179]: (root) CMD (/usr/sbin/newsyslog)
Jun 30 03:16:02 fw.rodolfoarce.local dhclient[10762]: DHCPDISCOVER on vtnet0 to 255.255.255.255 port 67 interval 5
Jun 30 03:16:07 fw.rodolfoarce.local dhclient[10762]: No DHCPOFFERS received.
Jun 30 03:16:07 fw.rodolfoarce.local dhclient[10762]: No working leases in persistent database - sleeping.
Jun 29 23:16:07 fw.rodolfoarce.local dhclient[63573]: FAIL
Jun 30 03:16:22 fw.rodolfoarce.local dhclient[10762]: DHCPDISCOVER on vtnet0 to 255.255.255.255 port 67 interval 2
Jun 30 03:16:24 fw.rodolfoarce.local dhclient[10762]: DHCPDISCOVER on vtnet0 to 255.255.255.255 port 67 interval 5
Jun 30 03:16:29 fw.rodolfoarce.local dhclient[10762]: DHCPDISCOVER on vtnet0 to 255.255.255.255 port 67 interval 12
Jun 30 03:16:41 fw.rodolfoarce.local dhclient[10762]: DHCPDISCOVER on vtnet0 to 255.255.255.255 port 67 interval 20
Jun 30 03:17:00 fw.rodolfoarce.local /usr/sbin/cron[82671]: (root) CMD (/usr/sbin/newsyslog)
Jun 30 03:17:02 fw.rodolfoarce.local dhclient[10762]: DHCPDISCOVER on vtnet0 to 255.255.255.255 port 67 interval 15
Jun 30 03:17:12 fw.rodolfoarce.local dhcp6c[28115]: Sending Solicit
Jun 30 03:17:17 fw.rodolfoarce.local dhclient[10762]: DHCPDISCOVER on vtnet0 to 255.255.255.255 port 67 interval 6
Jun 30 03:17:23 fw.rodolfoarce.local dhclient[10762]: No DHCPOFFERS received.
Jun 30 03:17:23 fw.rodolfoarce.local dhclient[10762]: No working leases in persistent database - sleeping.
Jun 29 23:17:23 fw.rodolfoarce.local dhclient[94099]: FAIL
Jun 30 03:17:38 fw.rodolfoarce.local dhclient[10762]: DHCPDISCOVER on vtnet0 to 255.255.255.255 port 67 interval 2
Jun 30 03:17:40 fw.rodolfoarce.local dhclient[10762]: DHCPDISCOVER on vtnet0 to 255.255.255.255 port 67 interval 2
Jun 30 03:17:42 fw.rodolfoarce.local dhclient[10762]: DHCPDISCOVER on vtnet0 to 255.255.255.255 port 67 interval 5
Jun 30 03:17:47 fw.rodolfoarce.local dhclient[10762]: DHCPDISCOVER on vtnet0 to 255.255.255.255 port 67 interval 9
Jun 30 03:17:56 fw.rodolfoarce.local dhclient[10762]: DHCPDISCOVER on vtnet0 to 255.255.255.255 port 67 interval 16
Jun 30 03:18:00 fw.rodolfoarce.local /usr/sbin/cron[1525]: (root) CMD (/usr/sbin/newsyslog)
Jun 30 03:18:12 fw.rodolfoarce.local dhclient[10762]: DHCPDISCOVER on vtnet0 to 255.255.255.255 port 67 interval 13
Jun 30 03:18:25 fw.rodolfoarce.local dhclient[10762]: DHCPDISCOVER on vtnet0 to 255.255.255.255 port 67 interval 8
Jun 30 03:18:34 fw.rodolfoarce.local dhclient[10762]: DHCPDISCOVER on vtnet0 to 255.255.255.255 port 67 interval 5
Jun 30 03:18:39 fw.rodolfoarce.local dhclient[10762]: No DHCPOFFERS received.
Jun 30 03:18:39 fw.rodolfoarce.local dhclient[10762]: No working leases in persistent database - sleeping.
Jun 29 23:18:39 fw.rodolfoarce.local dhclient[21626]: FAIL
Jun 30 03:18:54 fw.rodolfoarce.local dhclient[10762]: DHCPDISCOVER on vtnet0 to 255.255.255.255 port 67 interval 2
Jun 30 03:18:56 fw.rodolfoarce.local dhclient[10762]: DHCPDISCOVER on vtnet0 to 255.255.255.255 port 67 interval 4
Jun 30 03:19:00 fw.rodolfoarce.local /usr/sbin/cron[21943]: (root) CMD (/usr/sbin/newsyslog)
Jun 30 03:19:00 fw.rodolfoarce.local dhclient[10762]: DHCPDISCOVER on vtnet0 to 255.255.255.255 port 67 interval 7
Jun 30 03:19:07 fw.rodolfoarce.local dhclient[10762]: DHCPDISCOVER on vtnet0 to 255.255.255.255 port 67 interval 17
Jun 30 03:19:09 fw.rodolfoarce.local dhcp6c[28115]: Sending Solicit
Jun 30 03:19:24 fw.rodolfoarce.local dhclient[10762]: DHCPDISCOVER on vtnet0 to 255.255.255.255 port 67 interval 8
Jun 30 03:19:32 fw.rodolfoarce.local dhclient[10762]: DHCPDISCOVER on vtnet0 to 255.255.255.255 port 67 interval 20
Jun 30 03:19:52 fw.rodolfoarce.local dhclient[10762]: DHCPDISCOVER on vtnet0 to 255.255.255.255 port 67 interval 3
Jun 30 03:19:55 fw.rodolfoarce.local dhclient[10762]: No DHCPOFFERS received.
Jun 30 03:19:55 fw.rodolfoarce.local dhclient[10762]: No working leases in persistent database - sleeping.
Jun 29 23:19:55 fw.rodolfoarce.local dhclient[42261]: FAIL
Jun 30 03:20:00 fw.rodolfoarce.local /usr/sbin/cron[43061]: (root) CMD (/usr/sbin/newsyslog)
Jun 30 03:20:00 fw.rodolfoarce.local /usr/sbin/cron[43389]: (root) CMD (/usr/libexec/atrun)
Jun 30 03:20:11 fw.rodolfoarce.local dhclient[10762]: DHCPDISCOVER on vtnet0 to 255.255.255.255 port 67 interval 1
Jun 30 03:20:12 fw.rodolfoarce.local dhclient[10762]: DHCPDISCOVER on vtnet0 to 255.255.255.255 port 67 interval 2
Jun 30 03:20:14 fw.rodolfoarce.local dhclient[10762]: DHCPDISCOVER on vtnet0 to 255.255.255.255 port 67 interval 4
Jun 30 03:20:18 fw.rodolfoarce.local dhclient[10762]: DHCPDISCOVER on vtnet0 to 255.255.255.255 port 67 interval 10
Jun 30 03:20:28 fw.rodolfoarce.local dhclient[10762]: DHCPDISCOVER on vtnet0 to 255.255.255.255 port 67 interval 11
Jun 30 03:20:39 fw.rodolfoarce.local dhclient[10762]: DHCPDISCOVER on vtnet0 to 255.255.255.255 port 67 interval 9
Jun 30 03:20:48 fw.rodolfoarce.local dhclient[10762]: DHCPDISCOVER on vtnet0 to 255.255.255.255 port 67 interval 13
Jun 30 03:21:00 fw.rodolfoarce.local /usr/sbin/cron[62009]: (root) CMD (/usr/sbin/newsyslog)
Jun 30 03:21:01 fw.rodolfoarce.local dhclient[10762]: DHCPDISCOVER on vtnet0 to 255.255.255.255 port 67 interval 11
Jun 30 03:21:11 fw.rodolfoarce.local dhcp6c[28115]: Sending Solicit
Jun 30 03:21:12 fw.rodolfoarce.local dhclient[10762]: No DHCPOFFERS received.
Jun 30 03:21:12 fw.rodolfoarce.local dhclient[10762]: No working leases in persistent database - sleeping.
Jun 29 23:21:12 fw.rodolfoarce.local dhclient[62944]: FAIL
Jun 30 03:21:27 fw.rodolfoarce.local dhclient[10762]: DHCPDISCOVER on vtnet0 to 255.255.255.255 port 67 interval 2
Jun 30 03:21:29 fw.rodolfoarce.local dhclient[10762]: DHCPDISCOVER on vtnet0 to 255.255.255.255 port 67 interval 4
Jun 30 03:21:34 fw.rodolfoarce.local dhclient[10762]: DHCPDISCOVER on vtnet0 to 255.255.255.255 port 67 interval 7
Jun 30 03:21:41 fw.rodolfoarce.local dhclient[10762]: DHCPDISCOVER on vtnet0 to 255.255.255.255 port 67 interval 14
Jun 30 03:21:55 fw.rodolfoarce.local dhclient[10762]: DHCPDISCOVER on vtnet0 to 255.255.255.255 port 67 interval 17
Jun 30 03:22:00 fw.rodolfoarce.local /usr/sbin/cron[79596]: (root) CMD (/usr/sbin/newsyslog)
Jun 30 03:22:12 fw.rodolfoarce.local dhclient[10762]: DHCPDISCOVER on vtnet0 to 255.255.255.255 port 67 interval 9
Jun 30 03:22:21 fw.rodolfoarce.local dhclient[10762]: DHCPDISCOVER on vtnet0 to 255.255.255.255 port 67 interval 7
Jun 30 03:22:28 fw.rodolfoarce.local dhclient[10762]: No DHCPOFFERS received.
