Jul  6 05:35:16 fw.rodolfoarce.local dhclient[10762]: DHCPDISCOVER on vtnet0 to 255.255.255.255 port 67 interval 2
Jul  6 05:35:18 fw.rodolfoarce.local dhclient[10762]: DHCPDISCOVER on vtnet0 to 255.255.255.255 port 67 interval 3
Jul  6 05:35:21 fw.rodolfoarce.local dhclient[10762]: DHCPDISCOVER on vtnet0 to 255.255.255.255 port 67 interval 7
Jul  6 05:35:28 fw.rodolfoarce.local dhclient[10762]: DHCPDISCOVER on vtnet0 to 255.255.255.255 port 67 interval 7
Jul  6 05:35:35 fw.rodolfoarce.local dhclient[10762]: DHCPDISCOVER on vtnet0 to 255.255.255.255 port 67 interval 18
Jul  6 05:35:43 fw.rodolfoarce.local dhcp6c[28115]: Sending Solicit
Jul  6 05:35:53 fw.rodolfoarce.local dhclient[10762]: DHCPDISCOVER on vtnet0 to 255.255.255.255 port 67 interval 18
Jul  6 05:36:00 fw.rodolfoarce.local /usr/sbin/cron[92553]: (root) CMD (/usr/sbin/newsyslog)
Jul  6 05:36:11 fw.rodolfoarce.local dhclient[10762]: DHCPDISCOVER on vtnet0 to 255.255.255.255 port 67 interval 6
Jul  6 05:36:18 fw.rodolfoarce.local dhclient[10762]: No DHCPOFFERS received.
Jul  6 05:36:18 fw.rodolfoarce.local dhclient[10762]: No working leases in persistent database - sleeping.
Jul  6 01:36:18 fw.rodolfoarce.local dhclient[94154]: FAIL
Jul  6 05:36:33 fw.rodolfoarce.local dhclient[10762]: DHCPDISCOVER on vtnet0 to 255.255.255.255 port 67 interval 1
Jul  6 05:36:34 fw.rodolfoarce.local dhclient[10762]: DHCPDISCOVER on vtnet0 to 255.255.255.255 port 67 interval 2
Jul  6 05:36:36 fw.rodolfoarce.local dhclient[10762]: DHCPDISCOVER on vtnet0 to 255.255.255.255 port 67 interval 3
Jul  6 05:36:39 fw.rodolfoarce.local dhclient[10762]: DHCPDISCOVER on vtnet0 to 255.255.255.255 port 67 interval 7
Jul  6 05:36:46 fw.rodolfoarce.local dhclient[10762]: DHCPDISCOVER on vtnet0 to 255.255.255.255 port 67 interval 11
Jul  6 05:36:57 fw.rodolfoarce.local dhclient[10762]: DHCPDISCOVER on vtnet0 to 255.255.255.255 port 67 interval 11
Jul  6 05:37:00 fw.rodolfoarce.local /usr/sbin/cron[12585]: (root) CMD (/usr/sbin/newsyslog)
Jul  6 05:37:08 fw.rodolfoarce.local dhclient[10762]: DHCPDISCOVER on vtnet0 to 255.255.255.255 port 67 interval 15
Jul  6 05:37:23 fw.rodolfoarce.local dhclient[10762]: DHCPDISCOVER on vtnet0 to 255.255.255.255 port 67 interval 11
Jul  6 05:37:34 fw.rodolfoarce.local dhclient[10762]: No DHCPOFFERS received.
Jul  6 05:37:34 fw.rodolfoarce.local dhclient[10762]: No working leases in persistent database - sleeping.
Jul  6 01:37:34 fw.rodolfoarce.local dhclient[13382]: FAIL
Jul  6 05:37:39 fw.rodolfoarce.local dhcp6c[28115]: Sending Solicit
Jul  6 05:37:49 fw.rodolfoarce.local dhclient[10762]: DHCPDISCOVER on vtnet0 to 255.255.255.255 port 67 interval 2
Jul  6 05:37:51 fw.rodolfoarce.local dhclient[10762]: DHCPDISCOVER on vtnet0 to 255.255.255.255 port 67 interval 4
Jul  6 05:37:55 fw.rodolfoarce.local dhclient[10762]: DHCPDISCOVER on vtnet0 to 255.255.255.255 port 67 interval 6
Jul  6 05:38:00 fw.rodolfoarce.local /usr/sbin/cron[30946]: (root) CMD (/usr/sbin/newsyslog)
Jul  6 05:38:01 fw.rodolfoarce.local dhclient[10762]: DHCPDISCOVER on vtnet0 to 255.255.255.255 port 67 interval 12
Jul  6 05:38:13 fw.rodolfoarce.local dhclient[10762]: DHCPDISCOVER on vtnet0 to 255.255.255.255 port 67 interval 18
Jul  6 05:38:31 fw.rodolfoarce.local dhclient[10762]: DHCPDISCOVER on vtnet0 to 255.255.255.255 port 67 interval 19
Jul  6 05:38:50 fw.rodolfoarce.local dhclient[10762]: No DHCPOFFERS received.
Jul  6 05:38:50 fw.rodolfoarce.local dhclient[10762]: No working leases in persistent database - sleeping.
Jul  6 01:38:50 fw.rodolfoarce.local dhclient[32185]: FAIL
Jul  6 05:39:00 fw.rodolfoarce.local /usr/sbin/cron[43068]: (root) CMD (/usr/sbin/newsyslog)
Jul  6 05:39:05 fw.rodolfoarce.local dhclient[10762]: DHCPDISCOVER on vtnet0 to 255.255.255.255 port 67 interval 2
Jul  6 05:39:07 fw.rodolfoarce.local dhclient[10762]: DHCPDISCOVER on vtnet0 to 255.255.255.255 port 67 interval 3
Jul  6 05:39:10 fw.rodolfoarce.local dhclient[10762]: DHCPDISCOVER on vtnet0 to 255.255.255.255 port 67 interval 8
Jul  6 05:39:19 fw.rodolfoarce.local dhclient[10762]: DHCPDISCOVER on vtnet0 to 255.255.255.255 port 67 interval 15
Jul  6 05:39:34 fw.rodolfoarce.local dhclient[10762]: DHCPDISCOVER on vtnet0 to 255.255.255.255 port 67 interval 18
Jul  6 05:39:37 fw.rodolfoarce.local dhcp6c[28115]: Sending Solicit
Jul  6 05:39:52 fw.rodolfoarce.local dhclient[10762]: DHCPDISCOVER on vtnet0 to 255.255.255.255 port 67 interval 14
Jul  6 05:40:00 fw.rodolfoarce.local /usr/sbin/cron[51483]: (root) CMD (/usr/sbin/newsyslog)
Jul  6 05:40:00 fw.rodolfoarce.local /usr/sbin/cron[51519]: (root) CMD (/usr/libexec/atrun)
Jul  6 05:40:06 fw.rodolfoarce.local dhclient[10762]: No DHCPOFFERS received.
Jul  6 05:40:06 fw.rodolfoarce.local dhclient[10762]: No working leases in persistent database - sleeping.
Jul  6 01:40:06 fw.rodolfoarce.local dhclient[70303]: FAIL
Jul  6 05:40:21 fw.rodolfoarce.local dhclient[10762]: DHCPDISCOVER on vtnet0 to 255.255.255.255 port 67 interval 1
Jul  6 05:40:24 fw.rodolfoarce.local dhclient[10762]: message repeated 3 times: [ DHCPDISCOVER on vtnet0 to 255.255.255.255 port 67 interval 1]
Jul  6 05:40:25 fw.rodolfoarce.local dhclient[10762]: DHCPDISCOVER on vtnet0 to 255.255.255.255 port 67 interval 2
Jul  6 05:40:27 fw.rodolfoarce.local dhclient[10762]: DHCPDISCOVER on vtnet0 to 255.255.255.255 port 67 interval 4
Jul  6 05:40:31 fw.rodolfoarce.local dhclient[10762]: DHCPDISCOVER on vtnet0 to 255.255.255.255 port 67 interval 4
Jul  6 05:40:35 fw.rodolfoarce.local dhclient[10762]: DHCPDISCOVER on vtnet0 to 255.255.255.255 port 67 interval 7
Jul  6 05:40:42 fw.rodolfoarce.local dhclient[10762]: DHCPDISCOVER on vtnet0 to 255.255.255.255 port 67 interval 19
Jul  6 05:41:00 fw.rodolfoarce.local /usr/sbin/cron[70584]: (root) CMD (/usr/sbin/newsyslog)
Jul  6 05:41:01 fw.rodolfoarce.local dhclient[10762]: DHCPDISCOVER on vtnet0 to 255.255.255.255 port 67 interval 12
Jul  6 05:41:13 fw.rodolfoarce.local dhclient[10762]: DHCPDISCOVER on vtnet0 to 255.255.255.255 port 67 interval 8
Jul  6 05:41:22 fw.rodolfoarce.local dhclient[10762]: No DHCPOFFERS received.
Jul  6 05:41:22 fw.rodolfoarce.local dhclient[10762]: No working leases in persistent database - sleeping.
Jul  6 01:41:22 fw.rodolfoarce.local dhclient[91718]: FAIL
Jul  6 05:41:37 fw.rodolfoarce.local dhclient[10762]: DHCPDISCOVER on vtnet0 to 255.255.255.255 port 67 interval 2
Jul  6 05:41:39 fw.rodolfoarce.local dhclient[10762]: DHCPDISCOVER on vtnet0 to 255.255.255.255 port 67 interval 4
Jul  6 05:41:39 fw.rodolfoarce.local dhcp6c[28115]: Sending Solicit
Jul  6 05:41:43 fw.rodolfoarce.local dhclient[10762]: DHCPDISCOVER on vtnet0 to 255.255.255.255 port 67 interval 5
Jul  6 05:41:48 fw.rodolfoarce.local dhclient[10762]: DHCPDISCOVER on vtnet0 to 255.255.255.255 port 67 interval 13
Jul  6 05:42:00 fw.rodolfoarce.local /usr/sbin/cron[91978]: (root) CMD (/usr/sbin/newsyslog)
Jul  6 05:42:01 fw.rodolfoarce.local dhclient[10762]: DHCPDISCOVER on vtnet0 to 255.255.255.255 port 67 interval 19
Jul  6 05:42:20 fw.rodolfoarce.local dhclient[10762]: DHCPDISCOVER on vtnet0 to 255.255.255.255 port 67 interval 18
Jul  6 05:42:38 fw.rodolfoarce.local dhclient[10762]: No DHCPOFFERS received.
Jul  6 05:42:38 fw.rodolfoarce.local dhclient[10762]: No working leases in persistent database - sleeping.
Jul  6 01:42:38 fw.rodolfoarce.local dhclient[10064]: FAIL
Jul  6 05:42:53 fw.rodolfoarce.local dhclient[10762]: DHCPDISCOVER on vtnet0 to 255.255.255.255 port 67 interval 2
Jul  6 05:42:55 fw.rodolfoarce.local dhclient[10762]: DHCPDISCOVER on vtnet0 to 255.255.255.255 port 67 interval 5
Jul  6 05:43:00 fw.rodolfoarce.local /usr/sbin/cron[10592]: (root) CMD (/usr/sbin/newsyslog)
Jul  6 05:43:00 fw.rodolfoarce.local dhclient[10762]: DHCPDISCOVER on vtnet0 to 255.255.255.255 port 67 interval 13
Jul  6 05:43:13 fw.rodolfoarce.local dhclient[10762]: DHCPDISCOVER on vtnet0 to 255.255.255.255 port 67 interval 13
Jul  6 05:43:26 fw.rodolfoarce.local dhclient[10762]: DHCPDISCOVER on vtnet0 to 255.255.255.255 port 67 interval 21
Jul  6 05:43:42 fw.rodolfoarce.local dhcp6c[28115]: Sending Solicit
Jul  6 05:43:47 fw.rodolfoarce.local dhclient[10762]: DHCPDISCOVER on vtnet0 to 255.255.255.255 port 67 interval 7
Jul  6 05:43:54 fw.rodolfoarce.local dhclient[10762]: No DHCPOFFERS received.
Jul  6 05:43:54 fw.rodolfoarce.local dhclient[10762]: No working leases in persistent database - sleeping.
Jul  6 01:43:54 fw.rodolfoarce.local dhclient[29851]: FAIL
Jul  6 05:44:00 fw.rodolfoarce.local /usr/sbin/cron[30165]: (root) CMD (/usr/sbin/newsyslog)
Jul  6 05:44:09 fw.rodolfoarce.local dhclient[10762]: DHCPDISCOVER on vtnet0 to 255.255.255.255 port 67 interval 1
Jul  6 05:44:13 fw.rodolfoarce.local dhclient[10762]: message repeated 3 times: [ DHCPDISCOVER on vtnet0 to 255.255.255.255 port 67 interval 1]
Jul  6 05:44:14 fw.rodolfoarce.local dhclient[10762]: DHCPDISCOVER on vtnet0 to 255.255.255.255 port 67 interval 2
Jul  6 05:44:16 fw.rodolfoarce.local dhclient[10762]: DHCPDISCOVER on vtnet0 to 255.255.255.255 port 67 interval 3
Jul  6 05:44:19 fw.rodolfoarce.local dhclient[10762]: DHCPDISCOVER on vtnet0 to 255.255.255.255 port 67 interval 4
Jul  6 05:44:23 fw.rodolfoarce.local dhclient[10762]: DHCPDISCOVER on vtnet0 to 255.255.255.255 port 67 interval 9
Jul  6 05:44:32 fw.rodolfoarce.local dhclient[10762]: DHCPDISCOVER on vtnet0 to 255.255.255.255 port 67 interval 14
Jul  6 05:44:46 fw.rodolfoarce.local dhclient[10762]: DHCPDISCOVER on vtnet0 to 255.255.255.255 port 67 interval 17
Jul  6 05:45:00 fw.rodolfoarce.local /usr/sbin/cron[46503]: (root) CMD (/usr/libexec/atrun)
Jul  6 05:45:00 fw.rodolfoarce.local /usr/sbin/cron[46161]: (root) CMD (/usr/sbin/newsyslog)
Jul  6 05:45:03 fw.rodolfoarce.local dhclient[10762]: DHCPDISCOVER on vtnet0 to 255.255.255.255 port 67 interval 7
Jul  6 05:45:10 fw.rodolfoarce.local dhclient[10762]: No DHCPOFFERS received.
Jul  6 05:45:10 fw.rodolfoarce.local dhclient[10762]: No working leases in persistent database - sleeping.
Jul  6 01:45:10 fw.rodolfoarce.local dhclient[65366]: FAIL
Jul  6 05:45:25 fw.rodolfoarce.local dhclient[10762]: DHCPDISCOVER on vtnet0 to 255.255.255.255 port 67 interval 2
Jul  6 05:45:27 fw.rodolfoarce.local dhclient[10762]: DHCPDISCOVER on vtnet0 to 255.255.255.255 port 67 interval 2
Jul  6 05:45:29 fw.rodolfoarce.local dhclient[10762]: DHCPDISCOVER on vtnet0 to 255.255.255.255 port 67 interval 4
Jul  6 05:45:33 fw.rodolfoarce.local dhclient[10762]: DHCPDISCOVER on vtnet0 to 255.255.255.255 port 67 interval 8
Jul  6 05:45:37 fw.rodolfoarce.local dhcp6c[28115]: Sending Solicit
Jul  6 05:45:41 fw.rodolfoarce.local dhclient[10762]: DHCPDISCOVER on vtnet0 to 255.255.255.255 port 67 interval 12
Jul  6 05:45:53 fw.rodolfoarce.local dhclient[10762]: DHCPDISCOVER on vtnet0 to 255.255.255.255 port 67 interval 16
Jul  6 05:46:00 fw.rodolfoarce.local /usr/sbin/cron[65846]: (root) CMD (/usr/sbin/newsyslog)
Jul  6 05:46:10 fw.rodolfoarce.local dhclient[10762]: DHCPDISCOVER on vtnet0 to 255.255.255.255 port 67 interval 16
Jul  6 05:46:26 fw.rodolfoarce.local dhclient[10762]: No DHCPOFFERS received.
Jul  6 05:46:26 fw.rodolfoarce.local dhclient[10762]: No working leases in persistent database - sleeping.
Jul  6 01:46:26 fw.rodolfoarce.local dhclient[83543]: FAIL
Jul  6 05:46:41 fw.rodolfoarce.local dhclient[10762]: DHCPDISCOVER on vtnet0 to 255.255.255.255 port 67 interval 1
Jul  6 05:46:42 fw.rodolfoarce.local dhclient[10762]: DHCPDISCOVER on vtnet0 to 255.255.255.255 port 67 interval 1
Jul  6 05:46:43 fw.rodolfoarce.local dhclient[10762]: DHCPDISCOVER on vtnet0 to 255.255.255.255 port 67 interval 2
Jul  6 05:46:45 fw.rodolfoarce.local dhclient[10762]: DHCPDISCOVER on vtnet0 to 255.255.255.255 port 67 interval 3
Jul  6 05:46:48 fw.rodolfoarce.local dhclient[10762]: DHCPDISCOVER on vtnet0 to 255.255.255.255 port 67 interval 7
Jul  6 05:46:55 fw.rodolfoarce.local dhclient[10762]: DHCPDISCOVER on vtnet0 to 255.255.255.255 port 67 interval 11
Jul  6 05:47:00 fw.rodolfoarce.local /usr/sbin/cron[84339]: (root) CMD (/usr/sbin/newsyslog)
Jul  6 05:47:06 fw.rodolfoarce.local dhclient[10762]: DHCPDISCOVER on vtnet0 to 255.255.255.255 port 67 interval 20
Jul  6 05:47:26 fw.rodolfoarce.local dhclient[10762]: DHCPDISCOVER on vtnet0 to 255.255.255.255 port 67 interval 16
Jul  6 05:47:36 fw.rodolfoarce.local dhcp6c[28115]: Sending Solicit
Jul  6 05:47:42 fw.rodolfoarce.local dhclient[10762]: No DHCPOFFERS received.
Jul  6 05:47:42 fw.rodolfoarce.local dhclient[10762]: No working leases in persistent database - sleeping.
Jul  6 01:47:42 fw.rodolfoarce.local dhclient[2825]: FAIL
Jul  6 05:47:44 fw.rodolfoarce.local filterlog[32783]: 4,,,1000000103,vtnet0,match,block,in,4,0x0,,102,0,0,DF,6,tcp,40,8.147.232.111,10.255.255.1,7674,22,0,S,0,,16975,,
Jul  6 05:47:57 fw.rodolfoarce.local dhclient[10762]: DHCPDISCOVER on vtnet0 to 255.255.255.255 port 67 interval 2
Jul  6 05:47:59 fw.rodolfoarce.local dhclient[10762]: DHCPDISCOVER on vtnet0 to 255.255.255.255 port 67 interval 2
Jul  6 05:48:00 fw.rodolfoarce.local /usr/sbin/cron[3204]: (root) CMD (/usr/sbin/newsyslog)
Jul  6 05:48:02 fw.rodolfoarce.local dhclient[10762]: DHCPDISCOVER on vtnet0 to 255.255.255.255 port 67 interval 2
Jul  6 05:48:04 fw.rodolfoarce.local dhclient[10762]: DHCPDISCOVER on vtnet0 to 255.255.255.255 port 67 interval 3
Jul  6 05:48:07 fw.rodolfoarce.local dhclient[10762]: DHCPDISCOVER on vtnet0 to 255.255.255.255 port 67 interval 8
Jul  6 05:48:15 fw.rodolfoarce.local dhclient[10762]: DHCPDISCOVER on vtnet0 to 255.255.255.255 port 67 interval 17
Jul  6 05:48:32 fw.rodolfoarce.local dhclient[10762]: DHCPDISCOVER on vtnet0 to 255.255.255.255 port 67 interval 8
Jul  6 05:48:40 fw.rodolfoarce.local dhclient[10762]: DHCPDISCOVER on vtnet0 to 255.255.255.255 port 67 interval 18
Jul  6 05:48:58 fw.rodolfoarce.local dhclient[10762]: No DHCPOFFERS received.
Jul  6 05:48:58 fw.rodolfoarce.local dhclient[10762]: No working leases in persistent database - sleeping.
Jul  6 01:48:58 fw.rodolfoarce.local dhclient[21791]: FAIL
Jul  6 05:49:00 fw.rodolfoarce.local /usr/sbin/cron[22001]: (root) CMD (/usr/sbin/newsyslog)
Jul  6 05:49:13 fw.rodolfoarce.local dhclient[10762]: DHCPDISCOVER on vtnet0 to 255.255.255.255 port 67 interval 1
Jul  6 05:49:16 fw.rodolfoarce.local dhclient[10762]: message repeated 3 times: [ DHCPDISCOVER on vtnet0 to 255.255.255.255 port 67 interval 1]
Jul  6 05:49:17 fw.rodolfoarce.local dhclient[10762]: DHCPDISCOVER on vtnet0 to 255.255.255.255 port 67 interval 2
Jul  6 05:49:19 fw.rodolfoarce.local dhclient[10762]: DHCPDISCOVER on vtnet0 to 255.255.255.255 port 67 interval 3
Jul  6 05:49:22 fw.rodolfoarce.local dhclient[10762]: DHCPDISCOVER on vtnet0 to 255.255.255.255 port 67 interval 4
Jul  6 05:49:27 fw.rodolfoarce.local dhclient[10762]: DHCPDISCOVER on vtnet0 to 255.255.255.255 port 67 interval 8
Jul  6 05:49:32 fw.rodolfoarce.local dhcp6c[28115]: Sending Solicit
Jul  6 05:49:35 fw.rodolfoarce.local dhclient[10762]: DHCPDISCOVER on vtnet0 to 255.255.255.255 port 67 interval 20
Jul  6 05:49:55 fw.rodolfoarce.local dhclient[10762]: DHCPDISCOVER on vtnet0 to 255.255.255.255 port 67 interval 7
Jul  6 05:50:00 fw.rodolfoarce.local /usr/sbin/cron[41350]: (root) CMD (/usr/libexec/atrun)
Jul  6 05:50:00 fw.rodolfoarce.local /usr/sbin/cron[41117]: (root) CMD (/usr/sbin/newsyslog)
Jul  6 05:50:02 fw.rodolfoarce.local dhclient[10762]: DHCPDISCOVER on vtnet0 to 255.255.255.255 port 67 interval 12
Jul  6 05:50:14 fw.rodolfoarce.local dhclient[10762]: No DHCPOFFERS received.
Jul  6 05:50:14 fw.rodolfoarce.local dhclient[10762]: No working leases in persistent database - sleeping.
Jul  6 01:50:14 fw.rodolfoarce.local dhclient[52879]: FAIL
Jul  6 05:50:29 fw.rodolfoarce.local dhclient[10762]: DHCPDISCOVER on vtnet0 to 255.255.255.255 port 67 interval 2
Jul  6 05:50:31 fw.rodolfoarce.local dhclient[10762]: DHCPDISCOVER on vtnet0 to 255.255.255.255 port 67 interval 3
Jul  6 05:50:34 fw.rodolfoarce.local dhclient[10762]: DHCPDISCOVER on vtnet0 to 255.255.255.255 port 67 interval 7
Jul  6 05:50:41 fw.rodolfoarce.local dhclient[10762]: DHCPDISCOVER on vtnet0 to 255.255.255.255 port 67 interval 15
Jul  6 05:50:56 fw.rodolfoarce.local dhclient[10762]: DHCPDISCOVER on vtnet0 to 255.255.255.255 port 67 interval 21
Jul  6 05:51:00 fw.rodolfoarce.local /usr/sbin/cron[59907]: (root) CMD (/usr/sbin/newsyslog)
Jul  6 05:51:17 fw.rodolfoarce.local dhclient[10762]: DHCPDISCOVER on vtnet0 to 255.255.255.255 port 67 interval 13
Jul  6 05:51:30 fw.rodolfoarce.local dhclient[10762]: No DHCPOFFERS received.
Jul  6 05:51:30 fw.rodolfoarce.local dhclient[10762]: No working leases in persistent database - sleeping.
Jul  6 01:51:30 fw.rodolfoarce.local dhclient[78799]: FAIL
Jul  6 05:51:36 fw.rodolfoarce.local dhcp6c[28115]: Sending Solicit
Jul  6 05:51:45 fw.rodolfoarce.local dhclient[10762]: DHCPDISCOVER on vtnet0 to 255.255.255.255 port 67 interval 2
Jul  6 05:51:48 fw.rodolfoarce.local dhclient[10762]: DHCPDISCOVER on vtnet0 to 255.255.255.255 port 67 interval 2
Jul  6 05:51:50 fw.rodolfoarce.local dhclient[10762]: DHCPDISCOVER on vtnet0 to 255.255.255.255 port 67 interval 4
Jul  6 05:51:54 fw.rodolfoarce.local dhclient[10762]: DHCPDISCOVER on vtnet0 to 255.255.255.255 port 67 interval 9
Jul  6 05:52:00 fw.rodolfoarce.local /usr/sbin/cron[79129]: (root) CMD (/usr/sbin/newsyslog)
Jul  6 05:52:03 fw.rodolfoarce.local dhclient[10762]: DHCPDISCOVER on vtnet0 to 255.255.255.255 port 67 interval 17
Jul  6 05:52:20 fw.rodolfoarce.local dhclient[10762]: DHCPDISCOVER on vtnet0 to 255.255.255.255 port 67 interval 21
Jul  6 05:52:41 fw.rodolfoarce.local dhclient[10762]: DHCPDISCOVER on vtnet0 to 255.255.255.255 port 67 interval 5
Jul  6 05:52:46 fw.rodolfoarce.local dhclient[10762]: No DHCPOFFERS received.
Jul  6 05:52:46 fw.rodolfoarce.local dhclient[10762]: No working leases in persistent database - sleeping.
Jul  6 01:52:46 fw.rodolfoarce.local dhclient[98391]: FAIL
Jul  6 05:53:00 fw.rodolfoarce.local /usr/sbin/cron[98480]: (root) CMD (/usr/sbin/newsyslog)
Jul  6 05:53:01 fw.rodolfoarce.local dhclient[10762]: DHCPDISCOVER on vtnet0 to 255.255.255.255 port 67 interval 2
Jul  6 05:53:03 fw.rodolfoarce.local dhclient[10762]: DHCPDISCOVER on vtnet0 to 255.255.255.255 port 67 interval 4
Jul  6 05:53:07 fw.rodolfoarce.local dhclient[10762]: DHCPDISCOVER on vtnet0 to 255.255.255.255 port 67 interval 4
Jul  6 05:53:11 fw.rodolfoarce.local dhclient[10762]: DHCPDISCOVER on vtnet0 to 255.255.255.255 port 67 interval 7
Jul  6 05:53:18 fw.rodolfoarce.local dhclient[10762]: DHCPDISCOVER on vtnet0 to 255.255.255.255 port 67 interval 10
Jul  6 05:53:28 fw.rodolfoarce.local dhclient[10762]: DHCPDISCOVER on vtnet0 to 255.255.255.255 port 67 interval 12
Jul  6 05:53:29 fw.rodolfoarce.local dhcp6c[28115]: Sending Solicit
Jul  6 05:53:40 fw.rodolfoarce.local dhclient[10762]: DHCPDISCOVER on vtnet0 to 255.255.255.255 port 67 interval 21
Jul  6 05:54:00 fw.rodolfoarce.local /usr/sbin/cron[15966]: (root) CMD (/usr/sbin/newsyslog)
Jul  6 05:54:01 fw.rodolfoarce.local dhclient[10762]: DHCPDISCOVER on vtnet0 to 255.255.255.255 port 67 interval 1
Jul  6 05:54:02 fw.rodolfoarce.local dhclient[10762]: No DHCPOFFERS received.
Jul  6 05:54:02 fw.rodolfoarce.local dhclient[10762]: No working leases in persistent database - sleeping.
Jul  6 01:54:02 fw.rodolfoarce.local dhclient[16690]: FAIL
Jul  6 05:54:17 fw.rodolfoarce.local dhclient[10762]: DHCPDISCOVER on vtnet0 to 255.255.255.255 port 67 interval 2
Jul  6 05:54:19 fw.rodolfoarce.local dhclient[10762]: DHCPDISCOVER on vtnet0 to 255.255.255.255 port 67 interval 5
Jul  6 05:54:25 fw.rodolfoarce.local dhclient[10762]: DHCPDISCOVER on vtnet0 to 255.255.255.255 port 67 interval 12
Jul  6 05:54:37 fw.rodolfoarce.local dhclient[10762]: DHCPDISCOVER on vtnet0 to 255.255.255.255 port 67 interval 17
Jul  6 05:54:54 fw.rodolfoarce.local dhclient[10762]: DHCPDISCOVER on vtnet0 to 255.255.255.255 port 67 interval 8
Jul  6 05:55:00 fw.rodolfoarce.local /usr/sbin/cron[34866]: (root) CMD (/usr/libexec/atrun)
Jul  6 05:55:00 fw.rodolfoarce.local /usr/sbin/cron[34745]: (root) CMD (/usr/sbin/newsyslog)
Jul  6 05:55:02 fw.rodolfoarce.local dhclient[10762]: DHCPDISCOVER on vtnet0 to 255.255.255.255 port 67 interval 16
Jul  6 05:55:18 fw.rodolfoarce.local dhclient[10762]: No DHCPOFFERS received.
Jul  6 05:55:18 fw.rodolfoarce.local dhclient[10762]: No working leases in persistent database - sleeping.
Jul  6 01:55:18 fw.rodolfoarce.local dhclient[35466]: FAIL
Jul  6 05:55:33 fw.rodolfoarce.local dhclient[10762]: DHCPDISCOVER on vtnet0 to 255.255.255.255 port 67 interval 1
Jul  6 05:55:34 fw.rodolfoarce.local dhclient[10762]: DHCPDISCOVER on vtnet0 to 255.255.255.255 port 67 interval 1
Jul  6 05:55:35 fw.rodolfoarce.local dhclient[10762]: DHCPDISCOVER on vtnet0 to 255.255.255.255 port 67 interval 2
Jul  6 05:55:37 fw.rodolfoarce.local dhclient[10762]: DHCPDISCOVER on vtnet0 to 255.255.255.255 port 67 interval 5
Jul  6 05:55:41 fw.rodolfoarce.local dhcp6c[28115]: Sending Solicit
Jul  6 05:55:42 fw.rodolfoarce.local dhclient[10762]: DHCPDISCOVER on vtnet0 to 255.255.255.255 port 67 interval 8
Jul  6 05:55:50 fw.rodolfoarce.local dhclient[10762]: DHCPDISCOVER on vtnet0 to 255.255.255.255 port 67 interval 16
Jul  6 05:56:00 fw.rodolfoarce.local /usr/sbin/cron[53193]: (root) CMD (/usr/sbin/newsyslog)
Jul  6 05:56:06 fw.rodolfoarce.local dhclient[10762]: DHCPDISCOVER on vtnet0 to 255.255.255.255 port 67 interval 10
Jul  6 05:56:16 fw.rodolfoarce.local dhclient[10762]: DHCPDISCOVER on vtnet0 to 255.255.255.255 port 67 interval 11
Jul  6 05:56:27 fw.rodolfoarce.local dhclient[10762]: DHCPDISCOVER on vtnet0 to 255.255.255.255 port 67 interval 7
Jul  6 05:56:34 fw.rodolfoarce.local dhclient[10762]: No DHCPOFFERS received.
Jul  6 05:56:34 fw.rodolfoarce.local dhclient[10762]: No working leases in persistent database - sleeping.
Jul  6 01:56:34 fw.rodolfoarce.local dhclient[72092]: FAIL
Jul  6 05:56:49 fw.rodolfoarce.local dhclient[10762]: DHCPDISCOVER on vtnet0 to 255.255.255.255 port 67 interval 2
Jul  6 05:56:52 fw.rodolfoarce.local dhclient[10762]: DHCPDISCOVER on vtnet0 to 255.255.255.255 port 67 interval 2
Jul  6 05:56:54 fw.rodolfoarce.local dhclient[10762]: DHCPDISCOVER on vtnet0 to 255.255.255.255 port 67 interval 4
Jul  6 05:56:58 fw.rodolfoarce.local dhclient[10762]: DHCPDISCOVER on vtnet0 to 255.255.255.255 port 67 interval 7
Jul  6 05:57:00 fw.rodolfoarce.local /usr/sbin/cron[72529]: (root) CMD (/usr/sbin/newsyslog)
Jul  6 05:57:05 fw.rodolfoarce.local dhclient[10762]: DHCPDISCOVER on vtnet0 to 255.255.255.255 port 67 interval 11
Jul  6 05:57:16 fw.rodolfoarce.local dhclient[10762]: DHCPDISCOVER on vtnet0 to 255.255.255.255 port 67 interval 10
Jul  6 05:57:26 fw.rodolfoarce.local dhclient[10762]: DHCPDISCOVER on vtnet0 to 255.255.255.255 port 67 interval 17
Jul  6 05:57:29 fw.rodolfoarce.local dhcp6c[28115]: Sending Solicit
Jul  6 05:57:43 fw.rodolfoarce.local dhclient[10762]: DHCPDISCOVER on vtnet0 to 255.255.255.255 port 67 interval 7
Jul  6 05:57:50 fw.rodolfoarce.local dhclient[10762]: No DHCPOFFERS received.
Jul  6 05:57:50 fw.rodolfoarce.local dhclient[10762]: No working leases in persistent database - sleeping.
Jul  6 01:57:50 fw.rodolfoarce.local dhclient[92565]: FAIL
Jul  6 05:58:00 fw.rodolfoarce.local /usr/sbin/cron[93052]: (root) CMD (/usr/sbin/newsyslog)
Jul  6 05:58:05 fw.rodolfoarce.local dhclient[10762]: DHCPDISCOVER on vtnet0 to 255.255.255.255 port 67 interval 1
Jul  6 05:58:06 fw.rodolfoarce.local dhclient[10762]: DHCPDISCOVER on vtnet0 to 255.255.255.255 port 67 interval 2
Jul  6 05:58:08 fw.rodolfoarce.local dhclient[10762]: DHCPDISCOVER on vtnet0 to 255.255.255.255 port 67 interval 4
Jul  6 05:58:12 fw.rodolfoarce.local dhclient[10762]: DHCPDISCOVER on vtnet0 to 255.255.255.255 port 67 interval 9
Jul  6 05:58:21 fw.rodolfoarce.local dhclient[10762]: DHCPDISCOVER on vtnet0 to 255.255.255.255 port 67 interval 18
Jul  6 05:58:40 fw.rodolfoarce.local dhclient[10762]: DHCPDISCOVER on vtnet0 to 255.255.255.255 port 67 interval 18
Jul  6 05:58:58 fw.rodolfoarce.local dhclient[10762]: DHCPDISCOVER on vtnet0 to 255.255.255.255 port 67 interval 8
Jul  6 05:59:00 fw.rodolfoarce.local /usr/sbin/cron[11482]: (root) CMD (/usr/sbin/newsyslog)
Jul  6 05:59:06 fw.rodolfoarce.local dhclient[10762]: No DHCPOFFERS received.
Jul  6 05:59:06 fw.rodolfoarce.local dhclient[10762]: No working leases in persistent database - sleeping.
Jul  6 01:59:06 fw.rodolfoarce.local dhclient[12535]: FAIL
Jul  6 05:59:21 fw.rodolfoarce.local dhclient[10762]: DHCPDISCOVER on vtnet0 to 255.255.255.255 port 67 interval 1
Jul  6 05:59:22 fw.rodolfoarce.local dhclient[10762]: DHCPDISCOVER on vtnet0 to 255.255.255.255 port 67 interval 1
Jul  6 05:59:23 fw.rodolfoarce.local dhclient[10762]: DHCPDISCOVER on vtnet0 to 255.255.255.255 port 67 interval 2
Jul  6 05:59:25 fw.rodolfoarce.local dhclient[10762]: DHCPDISCOVER on vtnet0 to 255.255.255.255 port 67 interval 4
Jul  6 05:59:26 fw.rodolfoarce.local dhcp6c[28115]: Sending Solicit
Jul  6 05:59:29 fw.rodolfoarce.local dhclient[10762]: DHCPDISCOVER on vtnet0 to 255.255.255.255 port 67 interval 9
Jul  6 05:59:38 fw.rodolfoarce.local dhclient[10762]: DHCPDISCOVER on vtnet0 to 255.255.255.255 port 67 interval 10
Jul  6 05:59:48 fw.rodolfoarce.local dhclient[10762]: DHCPDISCOVER on vtnet0 to 255.255.255.255 port 67 interval 15
Jul  6 06:00:00 fw.rodolfoarce.local /usr/sbin/cron[32555]: (root) CMD (/usr/sbin/newsyslog)
Jul  6 06:00:00 fw.rodolfoarce.local /usr/sbin/cron[32413]: (root) CMD (/usr/bin/nice -n20 /usr/local/sbin/expiretable -v -t 3600 virusprot)
Jul  6 06:00:03 fw.rodolfoarce.local dhclient[10762]: DHCPDISCOVER on vtnet0 to 255.255.255.255 port 67 interval 11
Jul  6 06:00:14 fw.rodolfoarce.local dhclient[10762]: DHCPDISCOVER on vtnet0 to 255.255.255.255 port 67 interval 8
Jul  6 06:00:22 fw.rodolfoarce.local dhclient[10762]: No DHCPOFFERS received.
Jul  6 06:00:22 fw.rodolfoarce.local dhclient[10762]: No working leases in persistent database - sleeping.
Jul  6 02:00:22 fw.rodolfoarce.local dhclient[33810]: FAIL
Jul  6 06:00:23 fw.rodolfoarce.local filterlog[32783]: 4,,,1000000103,vtnet0,match,block,in,4,0x0,,116,38526,0,none,17,udp,82,172.253.238.135,10.255.255.1,49960,53,62
Jul  6 06:00:23 fw.rodolfoarce.local filterlog[32783]: 4,,,1000000103,vtnet0,match,block,in,4,0x0,,116,26130,0,none,17,udp,82,172.253.238.136,10.255.255.1,58765,53,62
Jul  6 06:00:24 fw.rodolfoarce.local filterlog[32783]: 4,,,1000000103,vtnet0,match,block,in,4,0x0,,116,38925,0,none,17,udp,71,172.253.238.132,10.255.255.1,34814,53,51
Jul  6 06:00:24 fw.rodolfoarce.local filterlog[32783]: 4,,,1000000103,vtnet0,match,block,in,4,0x0,,116,27101,0,none,17,udp,71,172.253.238.136,10.255.255.1,41312,53,51
Jul  6 06:00:25 fw.rodolfoarce.local filterlog[32783]: 4,,,1000000103,vtnet0,match,block,in,4,0x0,,116,24530,0,none,17,udp,82,172.253.238.130,10.255.255.1,54078,53,62
Jul  6 06:00:26 fw.rodolfoarce.local filterlog[32783]: 4,,,1000000103,vtnet0,match,block,in,4,0x0,,116,24686,0,none,17,udp,82,172.253.238.130,10.255.255.1,41745,53,62
Jul  6 06:00:26 fw.rodolfoarce.local filterlog[32783]: 4,,,1000000103,vtnet0,match,block,in,4,0x0,,116,44352,0,none,17,udp,71,172.253.238.134,10.255.255.1,46258,53,51
Jul  6 06:00:27 fw.rodolfoarce.local filterlog[32783]: 4,,,1000000103,vtnet0,match,block,in,4,0x0,,116,32133,0,none,17,udp,71,172.253.238.131,10.255.255.1,38053,53,51
Jul  6 06:00:29 fw.rodolfoarce.local filterlog[32783]: 4,,,1000000103,vtnet0,match,block,in,4,0x0,,116,33132,0,none,17,udp,82,172.253.238.131,10.255.255.1,63303,53,62
Jul  6 06:00:29 fw.rodolfoarce.local filterlog[32783]: 4,,,1000000103,vtnet0,match,block,in,4,0x0,,54,11870,0,none,17,udp,71,67.215.84.62,10.255.255.1,33019,53,51
Jul  6 06:00:29 fw.rodolfoarce.local filterlog[32783]: 4,,,1000000103,vtnet0,match,block,in,4,0x0,,54,64444,0,none,17,udp,71,67.215.84.62,10.255.255.1,21938,53,51
Jul  6 06:00:29 fw.rodolfoarce.local filterlog[32783]: 4,,,1000000103,vtnet0,match,block,in,4,0x0,,54,31226,0,none,17,udp,71,67.215.84.62,10.255.255.1,36236,53,51
Jul  6 06:00:29 fw.rodolfoarce.local filterlog[32783]: 4,,,1000000103,vtnet0,match,block,in,4,0x0,,54,50934,0,none,17,udp,71,67.215.84.62,10.255.255.1,32277,53,51
Jul  6 06:00:29 fw.rodolfoarce.local filterlog[32783]: 4,,,1000000103,vtnet0,match,block,in,4,0x0,,54,7303,0,none,17,udp,71,67.215.84.62,10.255.255.1,45199,53,51
Jul  6 06:00:30 fw.rodolfoarce.local filterlog[32783]: 4,,,1000000103,vtnet0,match,block,in,4,0x0,,54,63788,0,none,17,udp,71,67.215.84.62,10.255.255.1,44980,53,51
Jul  6 06:00:30 fw.rodolfoarce.local filterlog[32783]: 4,,,1000000103,vtnet0,match,block,in,4,0x0,,116,39419,0,none,17,udp,71,172.253.238.132,10.255.255.1,37527,53,51
Jul  6 06:00:31 fw.rodolfoarce.local filterlog[32783]: 4,,,1000000103,vtnet0,match,block,in,4,0x0,,116,25073,0,none,17,udp,82,172.253.238.130,10.255.255.1,49891,53,62
Jul  6 06:00:31 fw.rodolfoarce.local filterlog[32783]: 4,,,1000000103,vtnet0,match,block,in,4,0x0,,54,9754,0,none,17,udp,71,67.215.84.62,10.255.255.1,14611,53,51
Jul  6 06:00:31 fw.rodolfoarce.local filterlog[32783]: 4,,,1000000103,vtnet0,match,block,in,4,0x0,,54,17427,0,none,17,udp,71,67.215.84.62,10.255.255.1,24025,53,51
Jul  6 06:00:31 fw.rodolfoarce.local filterlog[32783]: 4,,,1000000103,vtnet0,match,block,in,4,0x0,,54,41178,0,none,17,udp,71,67.215.84.62,10.255.255.1,35915,53,51
Jul  6 06:00:32 fw.rodolfoarce.local filterlog[32783]: 4,,,1000000103,vtnet0,match,block,in,4,0x0,,54,44850,0,none,17,udp,71,67.215.84.62,10.255.255.1,11416,53,51
Jul  6 06:00:32 fw.rodolfoarce.local filterlog[32783]: 4,,,1000000103,vtnet0,match,block,in,4,0x0,,116,39943,0,none,17,udp,71,172.253.238.132,10.255.255.1,50763,53,51
Jul  6 06:00:32 fw.rodolfoarce.local filterlog[32783]: 4,,,1000000103,vtnet0,match,block,in,4,0x0,,54,57485,0,none,17,udp,71,67.215.84.62,10.255.255.1,36828,53,51
Jul  6 06:00:32 fw.rodolfoarce.local filterlog[32783]: 4,,,1000000103,vtnet0,match,block,in,4,0x0,,54,56599,0,none,17,udp,71,67.215.84.62,10.255.255.1,47855,53,51
Jul  6 06:00:33 fw.rodolfoarce.local filterlog[32783]: 4,,,1000000103,vtnet0,match,block,in,4,0x0,,116,26353,0,none,17,udp,82,172.253.238.130,10.255.255.1,61260,53,62
Jul  6 06:00:33 fw.rodolfoarce.local filterlog[32783]: 4,,,1000000103,vtnet0,match,block,in,4,0x0,,54,28647,0,none,17,udp,71,67.215.84.62,10.255.255.1,28622,53,51
Jul  6 06:00:33 fw.rodolfoarce.local filterlog[32783]: 4,,,1000000103,vtnet0,match,block,in,4,0x0,,54,47461,0,none,17,udp,71,67.215.84.62,10.255.255.1,2065,53,51
Jul  6 06:00:34 fw.rodolfoarce.local filterlog[32783]: 4,,,1000000103,vtnet0,match,block,in,4,0x0,,116,40814,0,none,17,udp,71,172.253.238.132,10.255.255.1,36299,53,51
Jul  6 06:00:34 fw.rodolfoarce.local filterlog[32783]: 4,,,1000000103,vtnet0,match,block,in,4,0x0,,54,25246,0,none,17,udp,71,67.215.84.62,10.255.255.1,33139,53,51
Jul  6 06:00:34 fw.rodolfoarce.local filterlog[32783]: 4,,,1000000103,vtnet0,match,block,in,4,0x0,,54,17348,0,none,17,udp,71,67.215.84.62,10.255.255.1,32745,53,51
Jul  6 06:00:35 fw.rodolfoarce.local filterlog[32783]: 4,,,1000000103,vtnet0,match,block,in,4,0x0,,54,46772,0,none,17,udp,71,67.215.84.62,10.255.255.1,7160,53,51
Jul  6 06:00:36 fw.rodolfoarce.local filterlog[32783]: 4,,,1000000103,vtnet0,match,block,in,4,0x0,,116,28933,0,none,17,udp,82,172.253.238.130,10.255.255.1,49287,53,62
Jul  6 06:00:37 fw.rodolfoarce.local filterlog[32783]: 4,,,1000000103,vtnet0,match,block,in,4,0x0,,54,57466,0,none,17,udp,71,67.215.84.62,10.255.255.1,37783,53,51
Jul  6 06:00:37 fw.rodolfoarce.local filterlog[32783]: 4,,,1000000103,vtnet0,match,block,in,4,0x0,,116,33051,0,none,17,udp,71,172.253.238.136,10.255.255.1,38388,53,51
Jul  6 06:00:37 fw.rodolfoarce.local filterlog[32783]: 4,,,1000000103,vtnet0,match,block,in,4,0x0,,54,55417,0,none,17,udp,71,67.215.84.62,10.255.255.1,30155,53,51
Jul  6 06:00:37 fw.rodolfoarce.local dhclient[10762]: DHCPDISCOVER on vtnet0 to 255.255.255.255 port 67 interval 2
Jul  6 06:00:38 fw.rodolfoarce.local filterlog[32783]: 4,,,1000000103,vtnet0,match,block,in,4,0x0,,54,51877,0,none,17,udp,71,67.215.84.62,10.255.255.1,4035,53,51
Jul  6 06:00:39 fw.rodolfoarce.local filterlog[32783]: 4,,,1000000103,vtnet0,match,block,in,4,0x0,,51,469,0,none,17,udp,71,208.67.216.81,10.255.255.1,54462,53,51
Jul  6 06:00:39 fw.rodolfoarce.local filterlog[32783]: 4,,,1000000103,vtnet0,match,block,in,4,0x0,,51,7621,0,none,17,udp,71,208.67.216.81,10.255.255.1,52912,53,51
Jul  6 06:00:39 fw.rodolfoarce.local filterlog[32783]: 4,,,1000000103,vtnet0,match,block,in,4,0x0,,51,36542,0,none,17,udp,71,208.67.216.81,10.255.255.1,61523,53,51
Jul  6 06:00:39 fw.rodolfoarce.local dhclient[10762]: DHCPDISCOVER on vtnet0 to 255.255.255.255 port 67 interval 2
Jul  6 06:00:40 fw.rodolfoarce.local filterlog[32783]: 4,,,1000000103,vtnet0,match,block,in,4,0x0,,51,61638,0,none,17,udp,71,208.67.216.81,10.255.255.1,32680,53,51
Jul  6 06:00:41 fw.rodolfoarce.local filterlog[32783]: 4,,,1000000103,vtnet0,match,block,in,4,0x0,,51,19644,0,none,17,udp,71,208.67.216.81,10.255.255.1,36097,53,51
Jul  6 06:00:42 fw.rodolfoarce.local dhclient[10762]: DHCPDISCOVER on vtnet0 to 255.255.255.255 port 67 interval 2
Jul  6 06:00:42 fw.rodolfoarce.local filterlog[32783]: 4,,,1000000103,vtnet0,match,block,in,4,0x0,,51,35475,0,none,17,udp,71,208.67.216.81,10.255.255.1,56661,53,51
Jul  6 06:00:43 fw.rodolfoarce.local filterlog[32783]: 4,,,1000000103,vtnet0,match,block,in,4,0x0,,51,60855,0,none,17,udp,71,208.67.216.81,10.255.255.1,26899,53,51
Jul  6 06:00:44 fw.rodolfoarce.local dhclient[10762]: DHCPDISCOVER on vtnet0 to 255.255.255.255 port 67 interval 4
Jul  6 06:00:44 fw.rodolfoarce.local filterlog[32783]: 4,,,1000000103,vtnet0,match,block,in,4,0x0,,51,2485,0,none,17,udp,71,208.67.216.81,10.255.255.1,8828,53,51
Jul  6 06:00:48 fw.rodolfoarce.local dhclient[10762]: DHCPDISCOVER on vtnet0 to 255.255.255.255 port 67 interval 6
Jul  6 06:00:54 fw.rodolfoarce.local dhclient[10762]: DHCPDISCOVER on vtnet0 to 255.255.255.255 port 67 interval 12
Jul  6 06:01:00 fw.rodolfoarce.local /usr/sbin/cron[51432]: (root) CMD (/usr/sbin/newsyslog)
Jul  6 06:01:06 fw.rodolfoarce.local dhclient[10762]: DHCPDISCOVER on vtnet0 to 255.255.255.255 port 67 interval 10
Jul  6 06:01:16 fw.rodolfoarce.local dhclient[10762]: DHCPDISCOVER on vtnet0 to 255.255.255.255 port 67 interval 7
Jul  6 06:01:23 fw.rodolfoarce.local dhclient[10762]: DHCPDISCOVER on vtnet0 to 255.255.255.255 port 67 interval 15
Jul  6 06:01:30 fw.rodolfoarce.local dhcp6c[28115]: Sending Solicit
Jul  6 06:01:38 fw.rodolfoarce.local dhclient[10762]: No DHCPOFFERS received.
Jul  6 06:01:38 fw.rodolfoarce.local dhclient[10762]: No working leases in persistent database - sleeping.
Jul  6 02:01:38 fw.rodolfoarce.local dhclient[70768]: FAIL
Jul  6 06:01:53 fw.rodolfoarce.local dhclient[10762]: DHCPDISCOVER on vtnet0 to 255.255.255.255 port 67 interval 2
Jul  6 06:01:55 fw.rodolfoarce.local dhclient[10762]: DHCPDISCOVER on vtnet0 to 255.255.255.255 port 67 interval 3
Jul  6 06:01:58 fw.rodolfoarce.local dhclient[10762]: DHCPDISCOVER on vtnet0 to 255.255.255.255 port 67 interval 4
Jul  6 06:02:00 fw.rodolfoarce.local /usr/sbin/cron[71048]: (root) CMD (/usr/sbin/newsyslog)
Jul  6 06:02:02 fw.rodolfoarce.local dhclient[10762]: DHCPDISCOVER on vtnet0 to 255.255.255.255 port 67 interval 4
Jul  6 06:02:06 fw.rodolfoarce.local dhclient[10762]: DHCPDISCOVER on vtnet0 to 255.255.255.255 port 67 interval 9
Jul  6 06:02:15 fw.rodolfoarce.local dhclient[10762]: DHCPDISCOVER on vtnet0 to 255.255.255.255 port 67 interval 13
Jul  6 06:02:28 fw.rodolfoarce.local dhclient[10762]: DHCPDISCOVER on vtnet0 to 255.255.255.255 port 67 interval 18
Jul  6 06:02:46 fw.rodolfoarce.local dhclient[10762]: DHCPDISCOVER on vtnet0 to 255.255.255.255 port 67 interval 8
Jul  6 06:02:55 fw.rodolfoarce.local dhclient[10762]: No DHCPOFFERS received.
Jul  6 06:02:55 fw.rodolfoarce.local dhclient[10762]: No working leases in persistent database - sleeping.
Jul  6 02:02:55 fw.rodolfoarce.local dhclient[90116]: FAIL
Jul  6 06:03:00 fw.rodolfoarce.local /usr/sbin/cron[90466]: (root) CMD (/usr/sbin/newsyslog)
Jul  6 06:03:10 fw.rodolfoarce.local dhclient[10762]: DHCPDISCOVER on vtnet0 to 255.255.255.255 port 67 interval 1
Jul  6 06:03:11 fw.rodolfoarce.local dhclient[10762]: DHCPDISCOVER on vtnet0 to 255.255.255.255 port 67 interval 2
Jul  6 06:03:13 fw.rodolfoarce.local dhclient[10762]: DHCPDISCOVER on vtnet0 to 255.255.255.255 port 67 interval 2
Jul  6 06:03:15 fw.rodolfoarce.local dhclient[10762]: DHCPDISCOVER on vtnet0 to 255.255.255.255 port 67 interval 3
Jul  6 06:03:18 fw.rodolfoarce.local dhclient[10762]: DHCPDISCOVER on vtnet0 to 255.255.255.255 port 67 interval 8
Jul  6 06:03:26 fw.rodolfoarce.local dhclient[10762]: DHCPDISCOVER on vtnet0 to 255.255.255.255 port 67 interval 12
Jul  6 06:03:30 fw.rodolfoarce.local dhcp6c[28115]: Sending Solicit
Jul  6 06:03:38 fw.rodolfoarce.local dhclient[10762]: DHCPDISCOVER on vtnet0 to 255.255.255.255 port 67 interval 13
Jul  6 06:03:51 fw.rodolfoarce.local dhclient[10762]: DHCPDISCOVER on vtnet0 to 255.255.255.255 port 67 interval 8
Jul  6 06:03:54 fw.rodolfoarce.local filterlog[32783]: 4,,,1000000103,vtnet0,match,block,in,4,0x0,,240,8752,0,none,17,udp,83,35.175.209.21,10.255.255.1,64464,53,63
Jul  6 06:03:56 fw.rodolfoarce.local filterlog[32783]: 4,,,1000000103,vtnet0,match,block,in,4,0x0,,240,8971,0,none,17,udp,83,35.175.209.21,10.255.255.1,17480,53,63
Jul  6 06:03:59 fw.rodolfoarce.local filterlog[32783]: 4,,,1000000103,vtnet0,match,block,in,4,0x0,,240,9026,0,none,17,udp,83,35.175.209.21,10.255.255.1,37888,53,63
Jul  6 06:03:59 fw.rodolfoarce.local dhclient[10762]: DHCPDISCOVER on vtnet0 to 255.255.255.255 port 67 interval 7
Jul  6 06:04:00 fw.rodolfoarce.local /usr/sbin/cron[7952]: (root) CMD (/usr/sbin/newsyslog)
Jul  6 06:04:04 fw.rodolfoarce.local filterlog[32783]: 4,,,1000000103,vtnet0,match,block,in,4,0x0,,240,9496,0,none,17,udp,83,35.175.209.21,10.255.255.1,33787,53,63
Jul  6 06:04:06 fw.rodolfoarce.local dhclient[10762]: DHCPDISCOVER on vtnet0 to 255.255.255.255 port 67 interval 5
Jul  6 06:04:08 fw.rodolfoarce.local filterlog[32783]: 4,,,1000000103,vtnet0,match,block,in,4,0x0,,240,9804,0,none,17,udp,83,35.175.209.21,10.255.255.1,50709,53,63
Jul  6 06:04:11 fw.rodolfoarce.local dhclient[10762]: No DHCPOFFERS received.
Jul  6 06:04:11 fw.rodolfoarce.local dhclient[10762]: No working leases in persistent database - sleeping.
Jul  6 02:04:11 fw.rodolfoarce.local dhclient[8727]: FAIL
Jul  6 06:04:18 fw.rodolfoarce.local filterlog[32783]: 4,,,1000000103,vtnet0,match,block,in,4,0x0,,240,10443,0,none,17,udp,83,35.175.209.21,10.255.255.1,32953,53,63
Jul  6 06:04:22 fw.rodolfoarce.local filterlog[32783]: 4,,,1000000103,vtnet0,match,block,in,4,0x0,,240,49545,0,none,17,udp,83,3.90.246.216,10.255.255.1,60410,53,63
Jul  6 06:04:24 fw.rodolfoarce.local filterlog[32783]: 4,,,1000000103,vtnet0,match,block,in,4,0x0,,240,49698,0,none,17,udp,83,3.90.246.216,10.255.255.1,59295,53,63
Jul  6 06:04:26 fw.rodolfoarce.local filterlog[32783]: 4,,,1000000103,vtnet0,match,block,in,4,0x0,,240,49923,0,none,17,udp,83,3.90.246.216,10.255.255.1,24370,53,63
Jul  6 06:04:26 fw.rodolfoarce.local dhclient[10762]: DHCPDISCOVER on vtnet0 to 255.255.255.255 port 67 interval 2
Jul  6 06:04:28 fw.rodolfoarce.local dhclient[10762]: DHCPDISCOVER on vtnet0 to 255.255.255.255 port 67 interval 3
Jul  6 06:04:31 fw.rodolfoarce.local filterlog[32783]: 4,,,1000000103,vtnet0,match,block,in,4,0x0,,240,49933,0,none,17,udp,83,3.90.246.216,10.255.255.1,29948,53,63
Jul  6 06:04:32 fw.rodolfoarce.local dhclient[10762]: DHCPDISCOVER on vtnet0 to 255.255.255.255 port 67 interval 6
Jul  6 06:04:36 fw.rodolfoarce.local filterlog[32783]: 4,,,1000000103,vtnet0,match,block,in,4,0x0,,240,50181,0,none,17,udp,83,3.90.246.216,10.255.255.1,19775,53,63
Jul  6 06:04:38 fw.rodolfoarce.local dhclient[10762]: DHCPDISCOVER on vtnet0 to 255.255.255.255 port 67 interval 11
Jul  6 06:04:46 fw.rodolfoarce.local filterlog[32783]: 4,,,1000000103,vtnet0,match,block,in,4,0x0,,240,51059,0,none,17,udp,83,3.90.246.216,10.255.255.1,57550,53,63
Jul  6 06:04:49 fw.rodolfoarce.local dhclient[10762]: DHCPDISCOVER on vtnet0 to 255.255.255.255 port 67 interval 12
Jul  6 06:04:49 fw.rodolfoarce.local filterlog[32783]: 4,,,1000000103,vtnet0,match,block,in,4,0x0,,240,34273,0,none,17,udp,83,54.175.39.239,10.255.255.1,39294,53,63
Jul  6 06:04:51 fw.rodolfoarce.local filterlog[32783]: 4,,,1000000103,vtnet0,match,block,in,4,0x0,,240,34443,0,none,17,udp,83,54.175.39.239,10.255.255.1,28215,53,63
Jul  6 06:04:54 fw.rodolfoarce.local filterlog[32783]: 4,,,1000000103,vtnet0,match,block,in,4,0x0,,240,34644,0,none,17,udp,83,54.175.39.239,10.255.255.1,63422,53,63
Jul  6 06:04:58 fw.rodolfoarce.local filterlog[32783]: 4,,,1000000103,vtnet0,match,block,in,4,0x0,,240,34977,0,none,17,udp,83,54.175.39.239,10.255.255.1,56999,53,63
Jul  6 06:05:00 fw.rodolfoarce.local /usr/sbin/cron[27062]: (root) CMD (/usr/libexec/atrun)
Jul  6 06:05:00 fw.rodolfoarce.local /usr/sbin/cron[26861]: (root) CMD (/usr/sbin/newsyslog)
Jul  6 06:05:01 fw.rodolfoarce.local dhclient[10762]: DHCPDISCOVER on vtnet0 to 255.255.255.255 port 67 interval 13
Jul  6 06:05:04 fw.rodolfoarce.local filterlog[32783]: 4,,,1000000103,vtnet0,match,block,in,4,0x0,,240,35113,0,none,17,udp,83,54.175.39.239,10.255.255.1,18022,53,63
Jul  6 06:05:13 fw.rodolfoarce.local filterlog[32783]: 4,,,1000000103,vtnet0,match,block,in,4,0x0,,240,35446,0,none,17,udp,83,54.175.39.239,10.255.255.1,58609,53,63
Jul  6 06:05:14 fw.rodolfoarce.local dhclient[10762]: DHCPDISCOVER on vtnet0 to 255.255.255.255 port 67 interval 13
Jul  6 06:05:18 fw.rodolfoarce.local filterlog[32783]: 4,,,1000000103,vtnet0,match,block,in,4,0x0,,240,13831,0,none,17,udp,83,35.175.209.21,10.255.255.1,32199,53,63
Jul  6 06:05:27 fw.rodolfoarce.local dhclient[10762]: No DHCPOFFERS received.
Jul  6 06:05:27 fw.rodolfoarce.local dhclient[10762]: No working leases in persistent database - sleeping.
Jul  6 02:05:27 fw.rodolfoarce.local dhclient[28038]: FAIL
Jul  6 06:05:41 fw.rodolfoarce.local dhcp6c[28115]: Sending Solicit
Jul  6 06:05:42 fw.rodolfoarce.local dhclient[10762]: DHCPDISCOVER on vtnet0 to 255.255.255.255 port 67 interval 2
Jul  6 06:05:44 fw.rodolfoarce.local dhclient[10762]: DHCPDISCOVER on vtnet0 to 255.255.255.255 port 67 interval 5
Jul  6 06:05:49 fw.rodolfoarce.local dhclient[10762]: DHCPDISCOVER on vtnet0 to 255.255.255.255 port 67 interval 9
Jul  6 06:05:56 fw.rodolfoarce.local filterlog[32783]: 4,,,1000000103,vtnet0,match,block,in,4,0x0,,240,54822,0,none,17,udp,83,3.90.246.216,10.255.255.1,24451,53,63
Jul  6 06:05:58 fw.rodolfoarce.local dhclient[10762]: DHCPDISCOVER on vtnet0 to 255.255.255.255 port 67 interval 9
Jul  6 06:06:00 fw.rodolfoarce.local /usr/sbin/cron[46462]: (root) CMD (/usr/sbin/newsyslog)
Jul  6 06:06:07 fw.rodolfoarce.local dhclient[10762]: DHCPDISCOVER on vtnet0 to 255.255.255.255 port 67 interval 11
Jul  6 06:06:18 fw.rodolfoarce.local dhclient[10762]: DHCPDISCOVER on vtnet0 to 255.255.255.255 port 67 interval 13
Jul  6 06:06:31 fw.rodolfoarce.local dhclient[10762]: DHCPDISCOVER on vtnet0 to 255.255.255.255 port 67 interval 12
Jul  6 06:06:35 fw.rodolfoarce.local filterlog[32783]: 4,,,1000000103,vtnet0,match,block,in,4,0x0,,240,42815,0,none,17,udp,83,54.175.39.239,10.255.255.1,49499,53,63
Jul  6 06:06:43 fw.rodolfoarce.local dhclient[10762]: No DHCPOFFERS received.
Jul  6 06:06:43 fw.rodolfoarce.local dhclient[10762]: No working leases in persistent database - sleeping.
Jul  6 02:06:43 fw.rodolfoarce.local dhclient[65600]: FAIL
Jul  6 06:06:59 fw.rodolfoarce.local dhclient[10762]: DHCPDISCOVER on vtnet0 to 255.255.255.255 port 67 interval 2
Jul  6 06:07:00 fw.rodolfoarce.local /usr/sbin/cron[65997]: (root) CMD (/usr/sbin/newsyslog)
Jul  6 06:07:01 fw.rodolfoarce.local dhclient[10762]: DHCPDISCOVER on vtnet0 to 255.255.255.255 port 67 interval 3
Jul  6 06:07:04 fw.rodolfoarce.local dhclient[10762]: DHCPDISCOVER on vtnet0 to 255.255.255.255 port 67 interval 6
Jul  6 06:07:10 fw.rodolfoarce.local dhclient[10762]: DHCPDISCOVER on vtnet0 to 255.255.255.255 port 67 interval 9
Jul  6 06:07:19 fw.rodolfoarce.local dhclient[10762]: DHCPDISCOVER on vtnet0 to 255.255.255.255 port 67 interval 15
Jul  6 06:07:34 fw.rodolfoarce.local dhclient[10762]: DHCPDISCOVER on vtnet0 to 255.255.255.255 port 67 interval 13
Jul  6 06:07:34 fw.rodolfoarce.local dhcp6c[28115]: Sending Solicit
Jul  6 06:07:47 fw.rodolfoarce.local dhclient[10762]: DHCPDISCOVER on vtnet0 to 255.255.255.255 port 67 interval 13
Jul  6 06:08:00 fw.rodolfoarce.local /usr/sbin/cron[83900]: (root) CMD (/usr/sbin/newsyslog)
Jul  6 06:08:00 fw.rodolfoarce.local dhclient[10762]: No DHCPOFFERS received.
Jul  6 06:08:00 fw.rodolfoarce.local dhclient[10762]: No working leases in persistent database - sleeping.
Jul  6 02:08:00 fw.rodolfoarce.local dhclient[84562]: FAIL
Jul  6 06:08:15 fw.rodolfoarce.local dhclient[10762]: DHCPDISCOVER on vtnet0 to 255.255.255.255 port 67 interval 2
Jul  6 06:08:17 fw.rodolfoarce.local dhclient[10762]: DHCPDISCOVER on vtnet0 to 255.255.255.255 port 67 interval 2
Jul  6 06:08:19 fw.rodolfoarce.local dhclient[10762]: DHCPDISCOVER on vtnet0 to 255.255.255.255 port 67 interval 5
Jul  6 06:08:24 fw.rodolfoarce.local dhclient[10762]: DHCPDISCOVER on vtnet0 to 255.255.255.255 port 67 interval 14
Jul  6 06:08:38 fw.rodolfoarce.local dhclient[10762]: DHCPDISCOVER on vtnet0 to 255.255.255.255 port 67 interval 10
Jul  6 06:08:48 fw.rodolfoarce.local dhclient[10762]: DHCPDISCOVER on vtnet0 to 255.255.255.255 port 67 interval 16
Jul  6 06:09:00 fw.rodolfoarce.local /usr/sbin/cron[4120]: (root) CMD (/usr/sbin/newsyslog)
Jul  6 06:09:04 fw.rodolfoarce.local dhclient[10762]: DHCPDISCOVER on vtnet0 to 255.255.255.255 port 67 interval 9
Jul  6 06:09:13 fw.rodolfoarce.local dhclient[10762]: DHCPDISCOVER on vtnet0 to 255.255.255.255 port 67 interval 3
Jul  6 06:09:17 fw.rodolfoarce.local dhclient[10762]: No DHCPOFFERS received.
Jul  6 06:09:17 fw.rodolfoarce.local dhclient[10762]: No working leases in persistent database - sleeping.
Jul  6 02:09:17 fw.rodolfoarce.local dhclient[5548]: FAIL
Jul  6 06:09:24 fw.rodolfoarce.local dhcp6c[28115]: Sending Solicit
Jul  6 06:09:32 fw.rodolfoarce.local dhclient[10762]: DHCPDISCOVER on vtnet0 to 255.255.255.255 port 67 interval 2
Jul  6 06:09:34 fw.rodolfoarce.local dhclient[10762]: DHCPDISCOVER on vtnet0 to 255.255.255.255 port 67 interval 3
Jul  6 06:09:37 fw.rodolfoarce.local dhclient[10762]: DHCPDISCOVER on vtnet0 to 255.255.255.255 port 67 interval 4
Jul  6 06:09:41 fw.rodolfoarce.local dhclient[10762]: DHCPDISCOVER on vtnet0 to 255.255.255.255 port 67 interval 8
Jul  6 06:09:49 fw.rodolfoarce.local dhclient[10762]: DHCPDISCOVER on vtnet0 to 255.255.255.255 port 67 interval 11
Jul  6 06:10:00 fw.rodolfoarce.local /usr/sbin/cron[25425]: (root) CMD (/usr/sbin/newsyslog)
Jul  6 06:10:00 fw.rodolfoarce.local /usr/sbin/cron[25553]: (root) CMD (/usr/libexec/atrun)
Jul  6 06:10:00 fw.rodolfoarce.local dhclient[10762]: DHCPDISCOVER on vtnet0 to 255.255.255.255 port 67 interval 10
Jul  6 06:10:10 fw.rodolfoarce.local dhclient[10762]: DHCPDISCOVER on vtnet0 to 255.255.255.255 port 67 interval 10
Jul  6 06:10:20 fw.rodolfoarce.local dhclient[10762]: DHCPDISCOVER on vtnet0 to 255.255.255.255 port 67 interval 13
Jul  6 06:10:33 fw.rodolfoarce.local dhclient[10762]: No DHCPOFFERS received.
Jul  6 06:10:33 fw.rodolfoarce.local dhclient[10762]: No working leases in persistent database - sleeping.
Jul  6 02:10:33 fw.rodolfoarce.local dhclient[26733]: FAIL
Jul  6 06:10:48 fw.rodolfoarce.local dhclient[10762]: DHCPDISCOVER on vtnet0 to 255.255.255.255 port 67 interval 2
Jul  6 06:10:50 fw.rodolfoarce.local dhclient[10762]: DHCPDISCOVER on vtnet0 to 255.255.255.255 port 67 interval 5
Jul  6 06:10:55 fw.rodolfoarce.local dhclient[10762]: DHCPDISCOVER on vtnet0 to 255.255.255.255 port 67 interval 10
Jul  6 06:11:00 fw.rodolfoarce.local /usr/sbin/cron[44491]: (root) CMD (/usr/sbin/newsyslog)
Jul  6 06:11:06 fw.rodolfoarce.local dhclient[10762]: DHCPDISCOVER on vtnet0 to 255.255.255.255 port 67 interval 20
Jul  6 06:11:15 fw.rodolfoarce.local dhcp6c[28115]: Sending Solicit
Jul  6 06:11:26 fw.rodolfoarce.local dhclient[10762]: DHCPDISCOVER on vtnet0 to 255.255.255.255 port 67 interval 19
Jul  6 06:11:45 fw.rodolfoarce.local dhclient[10762]: DHCPDISCOVER on vtnet0 to 255.255.255.255 port 67 interval 4
Jul  6 06:11:49 fw.rodolfoarce.local dhclient[10762]: No DHCPOFFERS received.
Jul  6 06:11:49 fw.rodolfoarce.local dhclient[10762]: No working leases in persistent database - sleeping.
Jul  6 02:11:49 fw.rodolfoarce.local dhclient[64013]: FAIL
Jul  6 06:12:00 fw.rodolfoarce.local /usr/sbin/cron[64397]: (root) CMD (/usr/sbin/newsyslog)
Jul  6 06:12:04 fw.rodolfoarce.local dhclient[10762]: DHCPDISCOVER on vtnet0 to 255.255.255.255 port 67 interval 2
Jul  6 06:12:06 fw.rodolfoarce.local dhclient[10762]: DHCPDISCOVER on vtnet0 to 255.255.255.255 port 67 interval 2
Jul  6 06:12:08 fw.rodolfoarce.local dhclient[10762]: DHCPDISCOVER on vtnet0 to 255.255.255.255 port 67 interval 4
Jul  6 06:12:12 fw.rodolfoarce.local dhclient[10762]: DHCPDISCOVER on vtnet0 to 255.255.255.255 port 67 interval 9
Jul  6 06:12:21 fw.rodolfoarce.local dhclient[10762]: DHCPDISCOVER on vtnet0 to 255.255.255.255 port 67 interval 15
Jul  6 06:12:36 fw.rodolfoarce.local dhclient[10762]: DHCPDISCOVER on vtnet0 to 255.255.255.255 port 67 interval 13
Jul  6 06:12:49 fw.rodolfoarce.local dhclient[10762]: DHCPDISCOVER on vtnet0 to 255.255.255.255 port 67 interval 15
Jul  6 06:13:00 fw.rodolfoarce.local /usr/sbin/cron[81796]: (root) CMD (/usr/sbin/newsyslog)
Jul  6 06:13:04 fw.rodolfoarce.local dhclient[10762]: DHCPDISCOVER on vtnet0 to 255.255.255.255 port 67 interval 1
Jul  6 06:13:05 fw.rodolfoarce.local dhclient[10762]: No DHCPOFFERS received.
Jul  6 06:13:05 fw.rodolfoarce.local dhclient[10762]: No working leases in persistent database - sleeping.
Jul  6 02:13:05 fw.rodolfoarce.local dhclient[82406]: FAIL
