Jul  9 01:44:07 fw.rodolfoarce.local filterlog[32783]: 4,,,1000000103,vtnet0,match,block,in,4,0x0,,48,62776,0,DF,17,udp,60,104.248.200.176,10.255.255.1,36776,53,40
Jul  9 01:44:07 fw.rodolfoarce.local dhclient[10762]: DHCPDISCOVER on vtnet0 to 255.255.255.255 port 67 interval 2
Jul  9 01:44:08 fw.rodolfoarce.local filterlog[32783]: 4,,,1000000103,vtnet0,match,block,in,4,0x0,,48,62858,0,DF,17,udp,71,104.248.200.176,10.255.255.1,36776,53,51
Jul  9 01:44:08 fw.rodolfoarce.local filterlog[32783]: 4,,,1000000103,vtnet0,match,block,in,4,0x0,,48,62976,0,DF,17,udp,60,104.248.200.176,10.255.255.1,36776,53,40
Jul  9 01:44:08 fw.rodolfoarce.local dhcp6c[28115]: Sending Solicit
Jul  9 01:44:09 fw.rodolfoarce.local filterlog[32783]: 4,,,1000000103,vtnet0,match,block,in,4,0x0,,48,63032,0,DF,17,udp,71,104.248.200.176,10.255.255.1,36776,53,51
Jul  9 01:44:09 fw.rodolfoarce.local dhclient[10762]: DHCPDISCOVER on vtnet0 to 255.255.255.255 port 67 interval 4
Jul  9 01:44:11 fw.rodolfoarce.local filterlog[32783]: 4,,,1000000103,vtnet0,match,block,in,4,0x0,,48,63041,0,DF,17,udp,60,104.248.200.176,10.255.255.1,36776,53,40
Jul  9 01:44:12 fw.rodolfoarce.local filterlog[32783]: 4,,,1000000103,vtnet0,match,block,in,4,0x0,,48,63268,0,DF,17,udp,71,104.248.200.176,10.255.255.1,36776,53,51
Jul  9 01:44:13 fw.rodolfoarce.local dhclient[10762]: DHCPDISCOVER on vtnet0 to 255.255.255.255 port 67 interval 5
Jul  9 01:44:14 fw.rodolfoarce.local filterlog[32783]: 4,,,1000000103,vtnet0,match,block,in,4,0x0,,48,63474,0,DF,17,udp,60,104.248.200.176,10.255.255.1,36776,53,40
Jul  9 01:44:16 fw.rodolfoarce.local filterlog[32783]: 4,,,1000000103,vtnet0,match,block,in,4,0x0,,48,63889,0,DF,17,udp,71,104.248.200.176,10.255.255.1,36776,53,51
Jul  9 01:44:18 fw.rodolfoarce.local dhclient[10762]: DHCPDISCOVER on vtnet0 to 255.255.255.255 port 67 interval 14
Jul  9 01:44:18 fw.rodolfoarce.local filterlog[32783]: 4,,,1000000103,vtnet0,match,block,in,4,0x0,,48,64094,0,DF,17,udp,60,104.248.200.176,10.255.255.1,36776,53,40
Jul  9 01:44:21 fw.rodolfoarce.local filterlog[32783]: 4,,,1000000103,vtnet0,match,block,in,4,0x0,,48,64467,0,DF,17,udp,71,104.248.200.176,10.255.255.1,36776,53,51
Jul  9 01:44:32 fw.rodolfoarce.local dhclient[10762]: DHCPDISCOVER on vtnet0 to 255.255.255.255 port 67 interval 16
Jul  9 01:44:48 fw.rodolfoarce.local dhclient[10762]: DHCPDISCOVER on vtnet0 to 255.255.255.255 port 67 interval 12
Jul  9 01:45:00 fw.rodolfoarce.local /usr/sbin/cron[81606]: (root) CMD (/usr/libexec/atrun)
Jul  9 01:45:00 fw.rodolfoarce.local /usr/sbin/cron[81502]: (root) CMD (/usr/sbin/newsyslog)
Jul  9 01:45:01 fw.rodolfoarce.local dhclient[10762]: DHCPDISCOVER on vtnet0 to 255.255.255.255 port 67 interval 4
Jul  9 01:45:05 fw.rodolfoarce.local dhclient[10762]: No DHCPOFFERS received.
Jul  9 01:45:05 fw.rodolfoarce.local dhclient[10762]: No working leases in persistent database - sleeping.
Jul  8 21:45:05 fw.rodolfoarce.local dhclient[82246]: FAIL
Jul  9 01:45:20 fw.rodolfoarce.local dhclient[10762]: DHCPDISCOVER on vtnet0 to 255.255.255.255 port 67 interval 1
Jul  9 01:45:23 fw.rodolfoarce.local dhclient[10762]: message repeated 3 times: [ DHCPDISCOVER on vtnet0 to 255.255.255.255 port 67 interval 1]
Jul  9 01:45:24 fw.rodolfoarce.local dhclient[10762]: DHCPDISCOVER on vtnet0 to 255.255.255.255 port 67 interval 2
Jul  9 01:45:26 fw.rodolfoarce.local dhclient[10762]: DHCPDISCOVER on vtnet0 to 255.255.255.255 port 67 interval 3
Jul  9 01:45:29 fw.rodolfoarce.local dhclient[10762]: DHCPDISCOVER on vtnet0 to 255.255.255.255 port 67 interval 7
Jul  9 01:45:34 fw.rodolfoarce.local filterlog[32783]: 4,,,1000000103,vtnet1,match,block,in,4,0x0,,64,44816,0,DF,6,tcp,76,10.1.1.3,172.67.157.37,45534,443,24,PA,488024372:488024396,2102657142,249,,nop;nop;TS
Jul  9 01:45:34 fw.rodolfoarce.local filterlog[32783]: 4,,,1000000103,vtnet1,match,block,in,4,0x0,,64,44817,0,DF,6,tcp,52,10.1.1.3,172.67.157.37,45534,443,0,FA,488024396,2102657142,249,,nop;nop;TS
Jul  9 01:45:34 fw.rodolfoarce.local filterlog[32783]: 4,,,1000000103,vtnet1,match,block,in,4,0x0,,64,44818,0,DF,6,tcp,52,10.1.1.3,172.67.157.37,45534,443,0,FA,488024396,2102657142,249,,nop;nop;TS
Jul  9 01:45:34 fw.rodolfoarce.local filterlog[32783]: 4,,,1000000103,vtnet1,match,block,in,4,0x0,,64,44819,0,DF,6,tcp,76,10.1.1.3,172.67.157.37,45534,443,24,FPA,488024372:488024396,2102657142,249,,nop;nop;TS
Jul  9 01:45:35 fw.rodolfoarce.local filterlog[32783]: 4,,,1000000103,vtnet1,match,block,in,4,0x0,,64,44820,0,DF,6,tcp,76,10.1.1.3,172.67.157.37,45534,443,24,FPA,488024372:488024396,2102657142,249,,nop;nop;TS
Jul  9 01:45:36 fw.rodolfoarce.local filterlog[32783]: 4,,,1000000103,vtnet1,match,block,in,4,0x0,,64,44821,0,DF,6,tcp,76,10.1.1.3,172.67.157.37,45534,443,24,FPA,488024372:488024396,2102657142,249,,nop;nop;TS
Jul  9 01:45:36 fw.rodolfoarce.local dhclient[10762]: DHCPDISCOVER on vtnet0 to 255.255.255.255 port 67 interval 11
Jul  9 01:45:37 fw.rodolfoarce.local filterlog[32783]: 4,,,1000000103,vtnet1,match,block,in,4,0x0,,64,44822,0,DF,6,tcp,76,10.1.1.3,172.67.157.37,45534,443,24,FPA,488024372:488024396,2102657142,249,,nop;nop;TS
Jul  9 01:45:41 fw.rodolfoarce.local filterlog[32783]: 4,,,1000000103,vtnet1,match,block,in,4,0x0,,64,44823,0,DF,6,tcp,76,10.1.1.3,172.67.157.37,45534,443,24,FPA,488024372:488024396,2102657142,249,,nop;nop;TS
Jul  9 01:45:47 fw.rodolfoarce.local dhclient[10762]: DHCPDISCOVER on vtnet0 to 255.255.255.255 port 67 interval 7
Jul  9 01:45:47 fw.rodolfoarce.local filterlog[32783]: 4,,,1000000103,vtnet1,match,block,in,4,0x0,,64,44824,0,DF,6,tcp,76,10.1.1.3,172.67.157.37,45534,443,24,FPA,488024372:488024396,2102657142,249,,nop;nop;TS
Jul  9 01:45:54 fw.rodolfoarce.local dhclient[10762]: DHCPDISCOVER on vtnet0 to 255.255.255.255 port 67 interval 10
Jul  9 01:45:58 fw.rodolfoarce.local dhcp6c[28115]: Sending Solicit
Jul  9 01:46:00 fw.rodolfoarce.local /usr/sbin/cron[1303]: (root) CMD (/usr/sbin/newsyslog)
Jul  9 01:46:02 fw.rodolfoarce.local filterlog[32783]: 4,,,1000000103,vtnet1,match,block,in,4,0x0,,64,44825,0,DF,6,tcp,76,10.1.1.3,172.67.157.37,45534,443,24,FPA,488024372:488024396,2102657142,249,,nop;nop;TS
Jul  9 01:46:04 fw.rodolfoarce.local dhclient[10762]: DHCPDISCOVER on vtnet0 to 255.255.255.255 port 67 interval 10
Jul  9 01:46:14 fw.rodolfoarce.local dhclient[10762]: DHCPDISCOVER on vtnet0 to 255.255.255.255 port 67 interval 7
Jul  9 01:46:21 fw.rodolfoarce.local dhclient[10762]: No DHCPOFFERS received.
Jul  9 01:46:21 fw.rodolfoarce.local dhclient[10762]: No working leases in persistent database - sleeping.
Jul  8 21:46:21 fw.rodolfoarce.local dhclient[2689]: FAIL
Jul  9 01:46:29 fw.rodolfoarce.local filterlog[32783]: 4,,,1000000103,vtnet1,match,block,in,4,0x0,,64,44826,0,DF,6,tcp,76,10.1.1.3,172.67.157.37,45534,443,24,FPA,488024372:488024396,2102657142,249,,nop;nop;TS
Jul  9 01:46:36 fw.rodolfoarce.local dhclient[10762]: DHCPDISCOVER on vtnet0 to 255.255.255.255 port 67 interval 2
Jul  9 01:46:38 fw.rodolfoarce.local dhclient[10762]: DHCPDISCOVER on vtnet0 to 255.255.255.255 port 67 interval 2
Jul  9 01:46:40 fw.rodolfoarce.local dhclient[10762]: DHCPDISCOVER on vtnet0 to 255.255.255.255 port 67 interval 4
Jul  9 01:46:44 fw.rodolfoarce.local dhclient[10762]: DHCPDISCOVER on vtnet0 to 255.255.255.255 port 67 interval 6
Jul  9 01:46:50 fw.rodolfoarce.local dhclient[10762]: DHCPDISCOVER on vtnet0 to 255.255.255.255 port 67 interval 14
Jul  9 01:46:58 fw.rodolfoarce.local filterlog[32783]: 4,,,1000000103,vtnet0,match,block,in,4,0x2,0,113,6592,0,DF,6,tcp,52,67.214.128.97,10.255.255.1,11164,53,0,SEC,4188698510,,8192,,mss;nop;wscale;nop;nop;sackOK
Jul  9 01:47:00 fw.rodolfoarce.local /usr/sbin/cron[20099]: (root) CMD (/usr/sbin/newsyslog)
Jul  9 01:47:01 fw.rodolfoarce.local filterlog[32783]: 4,,,1000000103,vtnet0,match,block,in,4,0x2,0,113,6696,0,DF,6,tcp,52,67.214.128.97,10.255.255.1,11164,53,0,SEC,4188698510,,8192,,mss;nop;wscale;nop;nop;sackOK
Jul  9 01:47:05 fw.rodolfoarce.local dhclient[10762]: DHCPDISCOVER on vtnet0 to 255.255.255.255 port 67 interval 19
Jul  9 01:47:07 fw.rodolfoarce.local filterlog[32783]: 4,,,1000000103,vtnet0,match,block,in,4,0x0,,113,6748,0,DF,6,tcp,48,67.214.128.97,10.255.255.1,57374,53,0,S,4188698510,,8192,,mss;nop;nop;sackOK
Jul  9 01:47:24 fw.rodolfoarce.local dhclient[10762]: DHCPDISCOVER on vtnet0 to 255.255.255.255 port 67 interval 13
Jul  9 01:47:37 fw.rodolfoarce.local dhclient[10762]: No DHCPOFFERS received.
Jul  9 01:47:37 fw.rodolfoarce.local dhclient[10762]: No working leases in persistent database - sleeping.
Jul  8 21:47:37 fw.rodolfoarce.local dhclient[37910]: FAIL
Jul  9 01:47:52 fw.rodolfoarce.local dhclient[10762]: DHCPDISCOVER on vtnet0 to 255.255.255.255 port 67 interval 1
Jul  9 01:47:53 fw.rodolfoarce.local dhclient[10762]: DHCPDISCOVER on vtnet0 to 255.255.255.255 port 67 interval 2
Jul  9 01:47:55 fw.rodolfoarce.local dhclient[10762]: DHCPDISCOVER on vtnet0 to 255.255.255.255 port 67 interval 4
Jul  9 01:47:59 fw.rodolfoarce.local dhclient[10762]: DHCPDISCOVER on vtnet0 to 255.255.255.255 port 67 interval 9
Jul  9 01:48:00 fw.rodolfoarce.local /usr/sbin/cron[38537]: (root) CMD (/usr/sbin/newsyslog)
Jul  9 01:48:08 fw.rodolfoarce.local dhclient[10762]: DHCPDISCOVER on vtnet0 to 255.255.255.255 port 67 interval 19
Jul  9 01:48:09 fw.rodolfoarce.local dhcp6c[28115]: Sending Solicit
Jul  9 01:48:27 fw.rodolfoarce.local dhclient[10762]: DHCPDISCOVER on vtnet0 to 255.255.255.255 port 67 interval 16
Jul  9 01:48:43 fw.rodolfoarce.local dhclient[10762]: DHCPDISCOVER on vtnet0 to 255.255.255.255 port 67 interval 10
Jul  9 01:48:53 fw.rodolfoarce.local dhclient[10762]: No DHCPOFFERS received.
Jul  9 01:48:53 fw.rodolfoarce.local dhclient[10762]: No working leases in persistent database - sleeping.
Jul  8 21:48:53 fw.rodolfoarce.local dhclient[59155]: FAIL
Jul  9 01:49:00 fw.rodolfoarce.local /usr/sbin/cron[59835]: (root) CMD (/usr/sbin/newsyslog)
Jul  9 01:49:08 fw.rodolfoarce.local dhclient[10762]: DHCPDISCOVER on vtnet0 to 255.255.255.255 port 67 interval 2
Jul  9 01:49:10 fw.rodolfoarce.local dhclient[10762]: DHCPDISCOVER on vtnet0 to 255.255.255.255 port 67 interval 5
Jul  9 01:49:15 fw.rodolfoarce.local dhclient[10762]: DHCPDISCOVER on vtnet0 to 255.255.255.255 port 67 interval 11
Jul  9 01:49:38 fw.rodolfoarce.local dhclient[10762]: message repeated 2 times: [ DHCPDISCOVER on vtnet0 to 255.255.255.255 port 67 interval 11]
Jul  9 01:49:49 fw.rodolfoarce.local dhclient[10762]: DHCPDISCOVER on vtnet0 to 255.255.255.255 port 67 interval 13
Jul  9 01:50:00 fw.rodolfoarce.local /usr/sbin/cron[81082]: (root) CMD (/usr/sbin/newsyslog)
Jul  9 01:50:00 fw.rodolfoarce.local /usr/sbin/cron[81385]: (root) CMD (/usr/libexec/atrun)
Jul  9 01:50:02 fw.rodolfoarce.local dhclient[10762]: DHCPDISCOVER on vtnet0 to 255.255.255.255 port 67 interval 7
Jul  9 01:50:09 fw.rodolfoarce.local dhclient[10762]: No DHCPOFFERS received.
Jul  9 01:50:09 fw.rodolfoarce.local dhclient[10762]: No working leases in persistent database - sleeping.
Jul  8 21:50:09 fw.rodolfoarce.local dhclient[82236]: FAIL
Jul  9 01:50:17 fw.rodolfoarce.local dhcp6c[28115]: Sending Solicit
Jul  9 01:50:24 fw.rodolfoarce.local dhclient[10762]: DHCPDISCOVER on vtnet0 to 255.255.255.255 port 67 interval 1
Jul  9 01:50:25 fw.rodolfoarce.local dhclient[10762]: DHCPDISCOVER on vtnet0 to 255.255.255.255 port 67 interval 1
Jul  9 01:50:26 fw.rodolfoarce.local dhclient[10762]: DHCPDISCOVER on vtnet0 to 255.255.255.255 port 67 interval 2
Jul  9 01:50:28 fw.rodolfoarce.local dhclient[10762]: DHCPDISCOVER on vtnet0 to 255.255.255.255 port 67 interval 4
Jul  9 01:50:32 fw.rodolfoarce.local dhclient[10762]: DHCPDISCOVER on vtnet0 to 255.255.255.255 port 67 interval 5
Jul  9 01:50:37 fw.rodolfoarce.local dhclient[10762]: DHCPDISCOVER on vtnet0 to 255.255.255.255 port 67 interval 6
Jul  9 01:50:43 fw.rodolfoarce.local dhclient[10762]: DHCPDISCOVER on vtnet0 to 255.255.255.255 port 67 interval 14
Jul  9 01:50:57 fw.rodolfoarce.local dhclient[10762]: DHCPDISCOVER on vtnet0 to 255.255.255.255 port 67 interval 13
Jul  9 01:51:00 fw.rodolfoarce.local /usr/sbin/cron[98157]: (root) CMD (/usr/sbin/newsyslog)
Jul  9 01:51:11 fw.rodolfoarce.local dhclient[10762]: DHCPDISCOVER on vtnet0 to 255.255.255.255 port 67 interval 14
Jul  9 01:51:25 fw.rodolfoarce.local dhclient[10762]: No DHCPOFFERS received.
Jul  9 01:51:25 fw.rodolfoarce.local dhclient[10762]: No working leases in persistent database - sleeping.
Jul  8 21:51:25 fw.rodolfoarce.local dhclient[98851]: FAIL
Jul  9 01:51:40 fw.rodolfoarce.local dhclient[10762]: DHCPDISCOVER on vtnet0 to 255.255.255.255 port 67 interval 1
Jul  9 01:51:42 fw.rodolfoarce.local dhclient[10762]: message repeated 2 times: [ DHCPDISCOVER on vtnet0 to 255.255.255.255 port 67 interval 1]
Jul  9 01:51:43 fw.rodolfoarce.local dhclient[10762]: DHCPDISCOVER on vtnet0 to 255.255.255.255 port 67 interval 2
Jul  9 01:51:45 fw.rodolfoarce.local dhclient[10762]: DHCPDISCOVER on vtnet0 to 255.255.255.255 port 67 interval 2
Jul  9 01:51:47 fw.rodolfoarce.local dhclient[10762]: DHCPDISCOVER on vtnet0 to 255.255.255.255 port 67 interval 5
Jul  9 01:51:52 fw.rodolfoarce.local dhclient[10762]: DHCPDISCOVER on vtnet0 to 255.255.255.255 port 67 interval 11
Jul  9 01:52:00 fw.rodolfoarce.local /usr/sbin/cron[17503]: (root) CMD (/usr/sbin/newsyslog)
Jul  9 01:52:03 fw.rodolfoarce.local dhclient[10762]: DHCPDISCOVER on vtnet0 to 255.255.255.255 port 67 interval 15
Jul  9 01:52:10 fw.rodolfoarce.local dhcp6c[28115]: Sending Solicit
Jul  9 01:52:18 fw.rodolfoarce.local dhclient[10762]: DHCPDISCOVER on vtnet0 to 255.255.255.255 port 67 interval 17
Jul  9 01:52:35 fw.rodolfoarce.local dhclient[10762]: DHCPDISCOVER on vtnet0 to 255.255.255.255 port 67 interval 6
Jul  9 01:52:42 fw.rodolfoarce.local dhclient[10762]: No DHCPOFFERS received.
Jul  9 01:52:42 fw.rodolfoarce.local dhclient[10762]: No working leases in persistent database - sleeping.
Jul  8 21:52:42 fw.rodolfoarce.local dhclient[36116]: FAIL
Jul  9 01:52:57 fw.rodolfoarce.local dhclient[10762]: DHCPDISCOVER on vtnet0 to 255.255.255.255 port 67 interval 1
Jul  9 01:52:58 fw.rodolfoarce.local dhclient[10762]: DHCPDISCOVER on vtnet0 to 255.255.255.255 port 67 interval 2
Jul  9 01:53:00 fw.rodolfoarce.local /usr/sbin/cron[36462]: (root) CMD (/usr/sbin/newsyslog)
Jul  9 01:53:00 fw.rodolfoarce.local dhclient[10762]: DHCPDISCOVER on vtnet0 to 255.255.255.255 port 67 interval 5
Jul  9 01:53:05 fw.rodolfoarce.local dhclient[10762]: DHCPDISCOVER on vtnet0 to 255.255.255.255 port 67 interval 10
Jul  9 01:53:15 fw.rodolfoarce.local dhclient[10762]: DHCPDISCOVER on vtnet0 to 255.255.255.255 port 67 interval 8
Jul  9 01:53:23 fw.rodolfoarce.local dhclient[10762]: DHCPDISCOVER on vtnet0 to 255.255.255.255 port 67 interval 18
Jul  9 01:53:41 fw.rodolfoarce.local dhclient[10762]: DHCPDISCOVER on vtnet0 to 255.255.255.255 port 67 interval 15
Jul  9 01:53:57 fw.rodolfoarce.local dhclient[10762]: DHCPDISCOVER on vtnet0 to 255.255.255.255 port 67 interval 1
Jul  9 01:53:58 fw.rodolfoarce.local dhclient[10762]: No DHCPOFFERS received.
Jul  9 01:53:58 fw.rodolfoarce.local dhclient[10762]: No working leases in persistent database - sleeping.
Jul  8 21:53:58 fw.rodolfoarce.local dhclient[55188]: FAIL
Jul  9 01:54:00 fw.rodolfoarce.local /usr/sbin/cron[55551]: (root) CMD (/usr/sbin/newsyslog)
Jul  9 01:54:01 fw.rodolfoarce.local dhcp6c[28115]: Sending Solicit
Jul  9 01:54:13 fw.rodolfoarce.local dhclient[10762]: DHCPDISCOVER on vtnet0 to 255.255.255.255 port 67 interval 2
Jul  9 01:54:15 fw.rodolfoarce.local dhclient[10762]: DHCPDISCOVER on vtnet0 to 255.255.255.255 port 67 interval 4
Jul  9 01:54:19 fw.rodolfoarce.local dhclient[10762]: DHCPDISCOVER on vtnet0 to 255.255.255.255 port 67 interval 10
Jul  9 01:54:29 fw.rodolfoarce.local dhclient[10762]: DHCPDISCOVER on vtnet0 to 255.255.255.255 port 67 interval 10
Jul  9 01:54:39 fw.rodolfoarce.local dhclient[10762]: DHCPDISCOVER on vtnet0 to 255.255.255.255 port 67 interval 8
Jul  9 01:54:47 fw.rodolfoarce.local dhclient[10762]: DHCPDISCOVER on vtnet0 to 255.255.255.255 port 67 interval 12
Jul  9 01:54:59 fw.rodolfoarce.local dhclient[10762]: DHCPDISCOVER on vtnet0 to 255.255.255.255 port 67 interval 15
Jul  9 01:55:00 fw.rodolfoarce.local /usr/sbin/cron[74932]: (root) CMD (/usr/sbin/newsyslog)
Jul  9 01:55:00 fw.rodolfoarce.local /usr/sbin/cron[75184]: (root) CMD (/usr/libexec/atrun)
Jul  9 01:55:14 fw.rodolfoarce.local dhclient[10762]: No DHCPOFFERS received.
Jul  9 01:55:14 fw.rodolfoarce.local dhclient[10762]: No working leases in persistent database - sleeping.
Jul  8 21:55:14 fw.rodolfoarce.local dhclient[76003]: FAIL
Jul  9 01:55:29 fw.rodolfoarce.local dhclient[10762]: DHCPDISCOVER on vtnet0 to 255.255.255.255 port 67 interval 2
Jul  9 01:55:33 fw.rodolfoarce.local dhclient[10762]: message repeated 2 times: [ DHCPDISCOVER on vtnet0 to 255.255.255.255 port 67 interval 2]
Jul  9 01:55:35 fw.rodolfoarce.local dhclient[10762]: DHCPDISCOVER on vtnet0 to 255.255.255.255 port 67 interval 5
Jul  9 01:55:40 fw.rodolfoarce.local dhclient[10762]: DHCPDISCOVER on vtnet0 to 255.255.255.255 port 67 interval 8
Jul  9 01:55:48 fw.rodolfoarce.local dhclient[10762]: DHCPDISCOVER on vtnet0 to 255.255.255.255 port 67 interval 17
Jul  9 01:55:53 fw.rodolfoarce.local dhcp6c[28115]: Sending Solicit
Jul  9 01:56:00 fw.rodolfoarce.local /usr/sbin/cron[94526]: (root) CMD (/usr/sbin/newsyslog)
Jul  9 01:56:05 fw.rodolfoarce.local dhclient[10762]: DHCPDISCOVER on vtnet0 to 255.255.255.255 port 67 interval 9
Jul  9 01:56:15 fw.rodolfoarce.local dhclient[10762]: DHCPDISCOVER on vtnet0 to 255.255.255.255 port 67 interval 7
Jul  9 01:56:22 fw.rodolfoarce.local dhclient[10762]: DHCPDISCOVER on vtnet0 to 255.255.255.255 port 67 interval 7
Jul  9 01:56:29 fw.rodolfoarce.local dhclient[10762]: DHCPDISCOVER on vtnet0 to 255.255.255.255 port 67 interval 1
Jul  9 01:56:30 fw.rodolfoarce.local dhclient[10762]: No DHCPOFFERS received.
Jul  9 01:56:30 fw.rodolfoarce.local dhclient[10762]: No working leases in persistent database - sleeping.
Jul  8 21:56:30 fw.rodolfoarce.local dhclient[95363]: FAIL
Jul  9 01:56:45 fw.rodolfoarce.local dhclient[10762]: DHCPDISCOVER on vtnet0 to 255.255.255.255 port 67 interval 2
Jul  9 01:56:47 fw.rodolfoarce.local dhclient[10762]: DHCPDISCOVER on vtnet0 to 255.255.255.255 port 67 interval 3
Jul  9 01:56:50 fw.rodolfoarce.local dhclient[10762]: DHCPDISCOVER on vtnet0 to 255.255.255.255 port 67 interval 6
Jul  9 01:56:56 fw.rodolfoarce.local dhclient[10762]: DHCPDISCOVER on vtnet0 to 255.255.255.255 port 67 interval 11
Jul  9 01:57:00 fw.rodolfoarce.local /usr/sbin/cron[12111]: (root) CMD (/usr/sbin/newsyslog)
Jul  9 01:57:07 fw.rodolfoarce.local dhclient[10762]: DHCPDISCOVER on vtnet0 to 255.255.255.255 port 67 interval 11
Jul  9 01:57:18 fw.rodolfoarce.local dhclient[10762]: DHCPDISCOVER on vtnet0 to 255.255.255.255 port 67 interval 12
Jul  9 01:57:30 fw.rodolfoarce.local dhclient[10762]: DHCPDISCOVER on vtnet0 to 255.255.255.255 port 67 interval 8
Jul  9 01:57:38 fw.rodolfoarce.local dhclient[10762]: DHCPDISCOVER on vtnet0 to 255.255.255.255 port 67 interval 8
Jul  9 01:57:46 fw.rodolfoarce.local dhclient[10762]: No DHCPOFFERS received.
Jul  9 01:57:46 fw.rodolfoarce.local dhclient[10762]: No working leases in persistent database - sleeping.
Jul  8 21:57:46 fw.rodolfoarce.local dhclient[31480]: FAIL
Jul  9 01:58:00 fw.rodolfoarce.local /usr/sbin/cron[32079]: (root) CMD (/usr/sbin/newsyslog)
Jul  9 01:58:01 fw.rodolfoarce.local dhclient[10762]: DHCPDISCOVER on vtnet0 to 255.255.255.255 port 67 interval 1
Jul  9 01:58:03 fw.rodolfoarce.local dhclient[10762]: DHCPDISCOVER on vtnet0 to 255.255.255.255 port 67 interval 1
Jul  9 01:58:04 fw.rodolfoarce.local dhclient[10762]: DHCPDISCOVER on vtnet0 to 255.255.255.255 port 67 interval 2
Jul  9 01:58:04 fw.rodolfoarce.local dhcp6c[28115]: Sending Solicit
Jul  9 01:58:06 fw.rodolfoarce.local dhclient[10762]: DHCPDISCOVER on vtnet0 to 255.255.255.255 port 67 interval 3
Jul  9 01:58:09 fw.rodolfoarce.local dhclient[10762]: DHCPDISCOVER on vtnet0 to 255.255.255.255 port 67 interval 5
Jul  9 01:58:14 fw.rodolfoarce.local dhclient[10762]: DHCPDISCOVER on vtnet0 to 255.255.255.255 port 67 interval 6
Jul  9 01:58:20 fw.rodolfoarce.local dhclient[10762]: DHCPDISCOVER on vtnet0 to 255.255.255.255 port 67 interval 15
Jul  9 01:58:35 fw.rodolfoarce.local dhclient[10762]: DHCPDISCOVER on vtnet0 to 255.255.255.255 port 67 interval 9
Jul  9 01:58:44 fw.rodolfoarce.local dhclient[10762]: DHCPDISCOVER on vtnet0 to 255.255.255.255 port 67 interval 12
Jul  9 01:58:56 fw.rodolfoarce.local dhclient[10762]: DHCPDISCOVER on vtnet0 to 255.255.255.255 port 67 interval 6
Jul  9 01:59:00 fw.rodolfoarce.local /usr/sbin/cron[50240]: (root) CMD (/usr/sbin/newsyslog)
Jul  9 01:59:02 fw.rodolfoarce.local dhclient[10762]: No DHCPOFFERS received.
Jul  9 01:59:02 fw.rodolfoarce.local dhclient[10762]: No working leases in persistent database - sleeping.
Jul  8 21:59:02 fw.rodolfoarce.local dhclient[51149]: FAIL
Jul  9 01:59:17 fw.rodolfoarce.local dhclient[10762]: DHCPDISCOVER on vtnet0 to 255.255.255.255 port 67 interval 1
Jul  9 01:59:18 fw.rodolfoarce.local dhclient[10762]: DHCPDISCOVER on vtnet0 to 255.255.255.255 port 67 interval 2
Jul  9 01:59:20 fw.rodolfoarce.local dhclient[10762]: DHCPDISCOVER on vtnet0 to 255.255.255.255 port 67 interval 4
Jul  9 01:59:24 fw.rodolfoarce.local dhclient[10762]: DHCPDISCOVER on vtnet0 to 255.255.255.255 port 67 interval 4
Jul  9 01:59:28 fw.rodolfoarce.local dhclient[10762]: DHCPDISCOVER on vtnet0 to 255.255.255.255 port 67 interval 7
Jul  9 01:59:35 fw.rodolfoarce.local dhclient[10762]: DHCPDISCOVER on vtnet0 to 255.255.255.255 port 67 interval 9
Jul  9 01:59:44 fw.rodolfoarce.local dhclient[10762]: DHCPDISCOVER on vtnet0 to 255.255.255.255 port 67 interval 19
Jul  9 02:00:00 fw.rodolfoarce.local /usr/sbin/cron[71195]: (root) CMD (/usr/bin/nice -n20 /usr/local/sbin/expiretable -v -t 3600 virusprot)
Jul  9 02:00:00 fw.rodolfoarce.local /usr/sbin/cron[71278]: (root) CMD (/usr/libexec/atrun)
Jul  9 02:00:00 fw.rodolfoarce.local /usr/sbin/cron[71416]: (root) CMD (/usr/sbin/newsyslog)
Jul  9 02:00:03 fw.rodolfoarce.local dhclient[10762]: DHCPDISCOVER on vtnet0 to 255.255.255.255 port 67 interval 15
Jul  9 02:00:08 fw.rodolfoarce.local dhcp6c[28115]: Sending Solicit
Jul  9 02:00:18 fw.rodolfoarce.local dhclient[10762]: No DHCPOFFERS received.
Jul  9 02:00:18 fw.rodolfoarce.local dhclient[10762]: No working leases in persistent database - sleeping.
Jul  8 22:00:18 fw.rodolfoarce.local dhclient[72199]: FAIL
Jul  9 02:00:34 fw.rodolfoarce.local dhclient[10762]: DHCPDISCOVER on vtnet0 to 255.255.255.255 port 67 interval 2
Jul  9 02:00:36 fw.rodolfoarce.local dhclient[10762]: DHCPDISCOVER on vtnet0 to 255.255.255.255 port 67 interval 4
Jul  9 02:00:40 fw.rodolfoarce.local dhclient[10762]: DHCPDISCOVER on vtnet0 to 255.255.255.255 port 67 interval 6
Jul  9 02:00:52 fw.rodolfoarce.local dhclient[10762]: message repeated 2 times: [ DHCPDISCOVER on vtnet0 to 255.255.255.255 port 67 interval 6]
Jul  9 02:00:58 fw.rodolfoarce.local dhclient[10762]: DHCPDISCOVER on vtnet0 to 255.255.255.255 port 67 interval 13
Jul  9 02:01:00 fw.rodolfoarce.local /usr/sbin/cron[91517]: (root) CMD (/usr/sbin/newsyslog)
Jul  9 02:01:00 fw.rodolfoarce.local /usr/sbin/cron[91391]: (root) CMD (/usr/bin/nice -n20 adjkerntz -a)
Jul  9 02:01:11 fw.rodolfoarce.local dhclient[10762]: DHCPDISCOVER on vtnet0 to 255.255.255.255 port 67 interval 11
Jul  9 02:01:22 fw.rodolfoarce.local dhclient[10762]: DHCPDISCOVER on vtnet0 to 255.255.255.255 port 67 interval 7
Jul  9 02:01:29 fw.rodolfoarce.local dhclient[10762]: DHCPDISCOVER on vtnet0 to 255.255.255.255 port 67 interval 6
Jul  9 02:01:35 fw.rodolfoarce.local dhclient[10762]: No DHCPOFFERS received.
Jul  9 02:01:35 fw.rodolfoarce.local dhclient[10762]: No working leases in persistent database - sleeping.
Jul  8 22:01:35 fw.rodolfoarce.local dhclient[92425]: FAIL
Jul  9 02:01:50 fw.rodolfoarce.local dhclient[10762]: DHCPDISCOVER on vtnet0 to 255.255.255.255 port 67 interval 1
Jul  9 02:01:51 fw.rodolfoarce.local dhclient[10762]: DHCPDISCOVER on vtnet0 to 255.255.255.255 port 67 interval 2
Jul  9 02:01:53 fw.rodolfoarce.local dhclient[10762]: DHCPDISCOVER on vtnet0 to 255.255.255.255 port 67 interval 2
Jul  9 02:01:56 fw.rodolfoarce.local dhclient[10762]: DHCPDISCOVER on vtnet0 to 255.255.255.255 port 67 interval 3
Jul  9 02:01:59 fw.rodolfoarce.local dhclient[10762]: DHCPDISCOVER on vtnet0 to 255.255.255.255 port 67 interval 7
Jul  9 02:02:00 fw.rodolfoarce.local /usr/sbin/cron[10235]: (root) CMD (/usr/sbin/newsyslog)
Jul  9 02:02:06 fw.rodolfoarce.local dhclient[10762]: DHCPDISCOVER on vtnet0 to 255.255.255.255 port 67 interval 7
Jul  9 02:02:13 fw.rodolfoarce.local dhclient[10762]: DHCPDISCOVER on vtnet0 to 255.255.255.255 port 67 interval 18
Jul  9 02:02:20 fw.rodolfoarce.local dhcp6c[28115]: Sending Solicit
Jul  9 02:02:31 fw.rodolfoarce.local dhclient[10762]: DHCPDISCOVER on vtnet0 to 255.255.255.255 port 67 interval 17
Jul  9 02:02:48 fw.rodolfoarce.local dhclient[10762]: DHCPDISCOVER on vtnet0 to 255.255.255.255 port 67 interval 3
Jul  9 02:02:51 fw.rodolfoarce.local dhclient[10762]: No DHCPOFFERS received.
Jul  9 02:02:51 fw.rodolfoarce.local dhclient[10762]: No working leases in persistent database - sleeping.
Jul  8 22:02:51 fw.rodolfoarce.local dhclient[29120]: FAIL
Jul  9 02:03:00 fw.rodolfoarce.local /usr/sbin/cron[29484]: (root) CMD (/usr/sbin/newsyslog)
Jul  9 02:03:06 fw.rodolfoarce.local dhclient[10762]: DHCPDISCOVER on vtnet0 to 255.255.255.255 port 67 interval 2
Jul  9 02:03:08 fw.rodolfoarce.local dhclient[10762]: DHCPDISCOVER on vtnet0 to 255.255.255.255 port 67 interval 4
Jul  9 02:03:12 fw.rodolfoarce.local dhclient[10762]: DHCPDISCOVER on vtnet0 to 255.255.255.255 port 67 interval 9
Jul  9 02:03:21 fw.rodolfoarce.local dhclient[10762]: DHCPDISCOVER on vtnet0 to 255.255.255.255 port 67 interval 8
Jul  9 02:03:29 fw.rodolfoarce.local dhclient[10762]: DHCPDISCOVER on vtnet0 to 255.255.255.255 port 67 interval 15
Jul  9 02:03:44 fw.rodolfoarce.local dhclient[10762]: DHCPDISCOVER on vtnet0 to 255.255.255.255 port 67 interval 10
Jul  9 02:03:54 fw.rodolfoarce.local dhclient[10762]: DHCPDISCOVER on vtnet0 to 255.255.255.255 port 67 interval 11
Jul  9 02:04:00 fw.rodolfoarce.local /usr/sbin/cron[50296]: (root) CMD (/usr/sbin/newsyslog)
Jul  9 02:04:06 fw.rodolfoarce.local dhclient[10762]: DHCPDISCOVER on vtnet0 to 255.255.255.255 port 67 interval 1
Jul  9 02:04:07 fw.rodolfoarce.local dhclient[10762]: No DHCPOFFERS received.
Jul  9 02:04:07 fw.rodolfoarce.local dhclient[10762]: No working leases in persistent database - sleeping.
Jul  8 22:04:07 fw.rodolfoarce.local dhclient[50804]: FAIL
Jul  9 02:04:19 fw.rodolfoarce.local dhcp6c[28115]: Sending Solicit
Jul  9 02:04:22 fw.rodolfoarce.local dhclient[10762]: DHCPDISCOVER on vtnet0 to 255.255.255.255 port 67 interval 1
Jul  9 02:04:23 fw.rodolfoarce.local dhclient[10762]: DHCPDISCOVER on vtnet0 to 255.255.255.255 port 67 interval 1
Jul  9 02:04:24 fw.rodolfoarce.local dhclient[10762]: DHCPDISCOVER on vtnet0 to 255.255.255.255 port 67 interval 2
Jul  9 02:04:26 fw.rodolfoarce.local dhclient[10762]: DHCPDISCOVER on vtnet0 to 255.255.255.255 port 67 interval 5
Jul  9 02:04:31 fw.rodolfoarce.local dhclient[10762]: DHCPDISCOVER on vtnet0 to 255.255.255.255 port 67 interval 8
Jul  9 02:04:39 fw.rodolfoarce.local dhclient[10762]: DHCPDISCOVER on vtnet0 to 255.255.255.255 port 67 interval 14
Jul  9 02:04:53 fw.rodolfoarce.local dhclient[10762]: DHCPDISCOVER on vtnet0 to 255.255.255.255 port 67 interval 7
Jul  9 02:05:00 fw.rodolfoarce.local /usr/sbin/cron[69538]: (root) CMD (/usr/sbin/newsyslog)
Jul  9 02:05:00 fw.rodolfoarce.local /usr/sbin/cron[69854]: (root) CMD (/usr/libexec/atrun)
Jul  9 02:05:00 fw.rodolfoarce.local dhclient[10762]: DHCPDISCOVER on vtnet0 to 255.255.255.255 port 67 interval 16
Jul  9 02:05:16 fw.rodolfoarce.local dhclient[10762]: DHCPDISCOVER on vtnet0 to 255.255.255.255 port 67 interval 7
Jul  9 02:05:23 fw.rodolfoarce.local dhclient[10762]: No DHCPOFFERS received.
Jul  9 02:05:23 fw.rodolfoarce.local dhclient[10762]: No working leases in persistent database - sleeping.
Jul  8 22:05:23 fw.rodolfoarce.local dhclient[71000]: FAIL
Jul  9 02:05:39 fw.rodolfoarce.local dhclient[10762]: DHCPDISCOVER on vtnet0 to 255.255.255.255 port 67 interval 1
Jul  9 02:05:40 fw.rodolfoarce.local dhclient[10762]: DHCPDISCOVER on vtnet0 to 255.255.255.255 port 67 interval 1
Jul  9 02:05:41 fw.rodolfoarce.local dhclient[10762]: DHCPDISCOVER on vtnet0 to 255.255.255.255 port 67 interval 2
Jul  9 02:05:43 fw.rodolfoarce.local dhclient[10762]: DHCPDISCOVER on vtnet0 to 255.255.255.255 port 67 interval 4
Jul  9 02:05:47 fw.rodolfoarce.local dhclient[10762]: DHCPDISCOVER on vtnet0 to 255.255.255.255 port 67 interval 11
Jul  9 02:05:58 fw.rodolfoarce.local dhclient[10762]: DHCPDISCOVER on vtnet0 to 255.255.255.255 port 67 interval 21
Jul  9 02:06:00 fw.rodolfoarce.local /usr/sbin/cron[89439]: (root) CMD (/usr/sbin/newsyslog)
Jul  9 02:06:19 fw.rodolfoarce.local dhclient[10762]: DHCPDISCOVER on vtnet0 to 255.255.255.255 port 67 interval 7
Jul  9 02:06:22 fw.rodolfoarce.local dhcp6c[28115]: Sending Solicit
Jul  9 02:06:26 fw.rodolfoarce.local dhclient[10762]: DHCPDISCOVER on vtnet0 to 255.255.255.255 port 67 interval 9
Jul  9 02:06:35 fw.rodolfoarce.local dhclient[10762]: DHCPDISCOVER on vtnet0 to 255.255.255.255 port 67 interval 5
Jul  9 02:06:40 fw.rodolfoarce.local dhclient[10762]: No DHCPOFFERS received.
Jul  9 02:06:40 fw.rodolfoarce.local dhclient[10762]: No working leases in persistent database - sleeping.
Jul  8 22:06:40 fw.rodolfoarce.local dhclient[90303]: FAIL
Jul  9 02:06:55 fw.rodolfoarce.local dhclient[10762]: DHCPDISCOVER on vtnet0 to 255.255.255.255 port 67 interval 1
Jul  9 02:06:56 fw.rodolfoarce.local dhclient[10762]: DHCPDISCOVER on vtnet0 to 255.255.255.255 port 67 interval 2
Jul  9 02:06:58 fw.rodolfoarce.local dhclient[10762]: DHCPDISCOVER on vtnet0 to 255.255.255.255 port 67 interval 4
Jul  9 02:07:00 fw.rodolfoarce.local /usr/sbin/cron[8269]: (root) CMD (/usr/sbin/newsyslog)
Jul  9 02:07:02 fw.rodolfoarce.local dhclient[10762]: DHCPDISCOVER on vtnet0 to 255.255.255.255 port 67 interval 7
Jul  9 02:07:10 fw.rodolfoarce.local dhclient[10762]: DHCPDISCOVER on vtnet0 to 255.255.255.255 port 67 interval 11
Jul  9 02:07:21 fw.rodolfoarce.local dhclient[10762]: DHCPDISCOVER on vtnet0 to 255.255.255.255 port 67 interval 11
Jul  9 02:07:32 fw.rodolfoarce.local dhclient[10762]: DHCPDISCOVER on vtnet0 to 255.255.255.255 port 67 interval 13
Jul  9 02:07:45 fw.rodolfoarce.local dhclient[10762]: DHCPDISCOVER on vtnet0 to 255.255.255.255 port 67 interval 11
Jul  9 02:07:56 fw.rodolfoarce.local dhclient[10762]: No DHCPOFFERS received.
Jul  9 02:07:56 fw.rodolfoarce.local dhclient[10762]: No working leases in persistent database - sleeping.
Jul  8 22:07:56 fw.rodolfoarce.local dhclient[29183]: FAIL
Jul  9 02:08:00 fw.rodolfoarce.local /usr/sbin/cron[29802]: (root) CMD (/usr/sbin/newsyslog)
Jul  9 02:08:11 fw.rodolfoarce.local dhclient[10762]: DHCPDISCOVER on vtnet0 to 255.255.255.255 port 67 interval 2
Jul  9 02:08:13 fw.rodolfoarce.local dhclient[10762]: DHCPDISCOVER on vtnet0 to 255.255.255.255 port 67 interval 3
Jul  9 02:08:14 fw.rodolfoarce.local dhcp6c[28115]: Sending Solicit
Jul  9 02:08:16 fw.rodolfoarce.local dhclient[10762]: DHCPDISCOVER on vtnet0 to 255.255.255.255 port 67 interval 5
Jul  9 02:08:21 fw.rodolfoarce.local dhclient[10762]: DHCPDISCOVER on vtnet0 to 255.255.255.255 port 67 interval 5
Jul  9 02:08:26 fw.rodolfoarce.local dhclient[10762]: DHCPDISCOVER on vtnet0 to 255.255.255.255 port 67 interval 10
Jul  9 02:08:36 fw.rodolfoarce.local dhclient[10762]: DHCPDISCOVER on vtnet0 to 255.255.255.255 port 67 interval 12
Jul  9 02:08:48 fw.rodolfoarce.local dhclient[10762]: DHCPDISCOVER on vtnet0 to 255.255.255.255 port 67 interval 14
Jul  9 02:09:00 fw.rodolfoarce.local /usr/sbin/cron[48084]: (root) CMD (/usr/sbin/newsyslog)
Jul  9 02:09:02 fw.rodolfoarce.local dhclient[10762]: DHCPDISCOVER on vtnet0 to 255.255.255.255 port 67 interval 10
Jul  9 02:09:12 fw.rodolfoarce.local dhclient[10762]: No DHCPOFFERS received.
Jul  9 02:09:12 fw.rodolfoarce.local dhclient[10762]: No working leases in persistent database - sleeping.
Jul  8 22:09:12 fw.rodolfoarce.local dhclient[49381]: FAIL
Jul  9 02:09:27 fw.rodolfoarce.local dhclient[10762]: DHCPDISCOVER on vtnet0 to 255.255.255.255 port 67 interval 2
Jul  9 02:09:30 fw.rodolfoarce.local dhclient[10762]: DHCPDISCOVER on vtnet0 to 255.255.255.255 port 67 interval 5
Jul  9 02:09:35 fw.rodolfoarce.local dhclient[10762]: DHCPDISCOVER on vtnet0 to 255.255.255.255 port 67 interval 7
Jul  9 02:09:42 fw.rodolfoarce.local dhclient[10762]: DHCPDISCOVER on vtnet0 to 255.255.255.255 port 67 interval 13
Jul  9 02:09:55 fw.rodolfoarce.local filterlog[32783]: 4,,,1000000103,vtnet0,match,block,in,4,0x28,,238,54321,0,none,6,tcp,40,104.168.101.164,10.255.255.1,1850,22,0,S,3227724914,,65535,,
Jul  9 02:09:55 fw.rodolfoarce.local dhclient[10762]: DHCPDISCOVER on vtnet0 to 255.255.255.255 port 67 interval 17
Jul  9 02:10:00 fw.rodolfoarce.local /usr/sbin/cron[68746]: (root) CMD (/usr/sbin/newsyslog)
Jul  9 02:10:00 fw.rodolfoarce.local /usr/sbin/cron[69038]: (root) CMD (/usr/libexec/atrun)
Jul  9 02:10:09 fw.rodolfoarce.local dhcp6c[28115]: Sending Solicit
Jul  9 02:10:12 fw.rodolfoarce.local dhclient[10762]: DHCPDISCOVER on vtnet0 to 255.255.255.255 port 67 interval 16
Jul  9 02:10:28 fw.rodolfoarce.local dhclient[10762]: No DHCPOFFERS received.
Jul  9 02:10:28 fw.rodolfoarce.local dhclient[10762]: No working leases in persistent database - sleeping.
Jul  8 22:10:28 fw.rodolfoarce.local dhclient[69595]: FAIL
Jul  9 02:10:43 fw.rodolfoarce.local dhclient[10762]: DHCPDISCOVER on vtnet0 to 255.255.255.255 port 67 interval 1
Jul  9 02:10:44 fw.rodolfoarce.local dhclient[10762]: DHCPDISCOVER on vtnet0 to 255.255.255.255 port 67 interval 2
Jul  9 02:10:46 fw.rodolfoarce.local dhclient[10762]: DHCPDISCOVER on vtnet0 to 255.255.255.255 port 67 interval 3
Jul  9 02:10:49 fw.rodolfoarce.local dhclient[10762]: DHCPDISCOVER on vtnet0 to 255.255.255.255 port 67 interval 5
Jul  9 02:10:54 fw.rodolfoarce.local dhclient[10762]: DHCPDISCOVER on vtnet0 to 255.255.255.255 port 67 interval 5
Jul  9 02:11:00 fw.rodolfoarce.local dhclient[10762]: DHCPDISCOVER on vtnet0 to 255.255.255.255 port 67 interval 7
Jul  9 02:11:00 fw.rodolfoarce.local /usr/sbin/cron[89031]: (root) CMD (/usr/sbin/newsyslog)
Jul  9 02:11:07 fw.rodolfoarce.local dhclient[10762]: DHCPDISCOVER on vtnet0 to 255.255.255.255 port 67 interval 11
Jul  9 02:11:18 fw.rodolfoarce.local dhclient[10762]: DHCPDISCOVER on vtnet0 to 255.255.255.255 port 67 interval 11
Jul  9 02:11:19 fw.rodolfoarce.local filterlog[32783]: 4,,,1000000103,vtnet0,match,block,in,4,0x0,,46,38788,0,DF,17,udp,76,161.35.196.240,10.255.255.1,59995,53,56
Jul  9 02:11:19 fw.rodolfoarce.local filterlog[32783]: 4,,,1000000103,vtnet0,match,block,in,4,0x0,,46,38794,0,DF,17,udp,65,161.35.196.240,10.255.255.1,59995,53,45
Jul  9 02:11:21 fw.rodolfoarce.local filterlog[32783]: 4,,,1000000103,vtnet0,match,block,in,4,0x0,,46,39045,0,DF,17,udp,76,161.35.196.240,10.255.255.1,59995,53,56
Jul  9 02:11:23 fw.rodolfoarce.local filterlog[32783]: 4,,,1000000103,vtnet0,match,block,in,4,0x0,,46,39265,0,DF,17,udp,65,161.35.196.240,10.255.255.1,59995,53,45
Jul  9 02:11:24 fw.rodolfoarce.local filterlog[32783]: 4,,,1000000103,vtnet0,match,block,in,4,0x0,,46,39514,0,DF,17,udp,76,161.35.196.240,10.255.255.1,59995,53,56
Jul  9 02:11:26 fw.rodolfoarce.local filterlog[32783]: 4,,,1000000103,vtnet0,match,block,in,4,0x0,,46,39804,0,DF,17,udp,65,161.35.196.240,10.255.255.1,59995,53,45
Jul  9 02:11:28 fw.rodolfoarce.local filterlog[32783]: 4,,,1000000103,vtnet0,match,block,in,4,0x0,,46,40012,0,DF,17,udp,76,161.35.196.240,10.255.255.1,59995,53,56
Jul  9 02:11:29 fw.rodolfoarce.local dhclient[10762]: DHCPDISCOVER on vtnet0 to 255.255.255.255 port 67 interval 15
Jul  9 02:11:30 fw.rodolfoarce.local filterlog[32783]: 4,,,1000000103,vtnet0,match,block,in,4,0x0,,46,40485,0,DF,17,udp,65,161.35.196.240,10.255.255.1,59995,53,45
Jul  9 02:11:32 fw.rodolfoarce.local filterlog[32783]: 4,,,1000000103,vtnet0,match,block,in,4,0x0,,46,41045,0,DF,17,udp,76,161.35.196.240,10.255.255.1,59995,53,56
Jul  9 02:11:35 fw.rodolfoarce.local filterlog[32783]: 4,,,1000000103,vtnet0,match,block,in,4,0x0,,46,41487,0,DF,17,udp,76,161.35.196.240,10.255.255.1,59995,53,56
Jul  9 02:11:35 fw.rodolfoarce.local filterlog[32783]: 4,,,1000000103,vtnet0,match,block,in,4,0x0,,46,41541,0,DF,17,udp,65,161.35.196.240,10.255.255.1,59995,53,45
Jul  9 02:11:37 fw.rodolfoarce.local filterlog[32783]: 4,,,1000000103,vtnet0,match,block,in,4,0x0,,46,41597,0,DF,17,udp,76,161.35.196.240,10.255.255.1,59995,53,56
Jul  9 02:11:37 fw.rodolfoarce.local filterlog[32783]: 4,,,1000000103,vtnet0,match,block,in,4,0x0,,46,41762,0,DF,17,udp,65,161.35.196.240,10.255.255.1,59995,53,45
Jul  9 02:11:38 fw.rodolfoarce.local filterlog[32783]: 4,,,1000000103,vtnet0,match,block,in,4,0x0,,46,41958,0,DF,17,udp,76,161.35.196.240,10.255.255.1,59995,53,56
Jul  9 02:11:40 fw.rodolfoarce.local filterlog[32783]: 4,,,1000000103,vtnet0,match,block,in,4,0x0,,46,42227,0,DF,17,udp,65,161.35.196.240,10.255.255.1,59995,53,45
Jul  9 02:11:41 fw.rodolfoarce.local filterlog[32783]: 4,,,1000000103,vtnet0,match,block,in,4,0x0,,46,42579,0,DF,17,udp,76,161.35.196.240,10.255.255.1,59995,53,56
Jul  9 02:11:43 fw.rodolfoarce.local filterlog[32783]: 4,,,1000000103,vtnet0,match,block,in,4,0x0,,46,42842,0,DF,17,udp,65,161.35.196.240,10.255.255.1,59995,53,45
Jul  9 02:11:44 fw.rodolfoarce.local dhclient[10762]: No DHCPOFFERS received.
Jul  9 02:11:44 fw.rodolfoarce.local dhclient[10762]: No working leases in persistent database - sleeping.
Jul  8 22:11:44 fw.rodolfoarce.local dhclient[90100]: FAIL
Jul  9 02:11:45 fw.rodolfoarce.local filterlog[32783]: 4,,,1000000103,vtnet0,match,block,in,4,0x0,,46,43208,0,DF,17,udp,76,161.35.196.240,10.255.255.1,59995,53,56
Jul  9 02:11:47 fw.rodolfoarce.local filterlog[32783]: 4,,,1000000103,vtnet0,match,block,in,4,0x0,,46,43633,0,DF,17,udp,65,161.35.196.240,10.255.255.1,59995,53,45
Jul  9 02:11:49 fw.rodolfoarce.local filterlog[32783]: 4,,,1000000103,vtnet0,match,block,in,4,0x0,,46,43772,0,DF,17,udp,76,161.35.196.240,10.255.255.1,59995,53,56
Jul  9 02:11:52 fw.rodolfoarce.local filterlog[32783]: 4,,,1000000103,vtnet0,match,block,in,4,0x0,,46,44006,0,DF,17,udp,76,161.35.196.240,10.255.255.1,59995,53,56
Jul  9 02:11:52 fw.rodolfoarce.local filterlog[32783]: 4,,,1000000103,vtnet0,match,block,in,4,0x0,,46,44052,0,DF,17,udp,65,161.35.196.240,10.255.255.1,59995,53,45
Jul  9 02:11:53 fw.rodolfoarce.local filterlog[32783]: 4,,,1000000103,vtnet0,match,block,in,4,0x0,,46,44080,0,DF,17,udp,76,161.35.196.240,10.255.255.1,59995,53,56
Jul  9 02:11:53 fw.rodolfoarce.local filterlog[32783]: 4,,,1000000103,vtnet0,match,block,in,4,0x0,,46,44181,0,DF,17,udp,65,161.35.196.240,10.255.255.1,59995,53,45
Jul  9 02:11:54 fw.rodolfoarce.local filterlog[32783]: 4,,,1000000103,vtnet0,match,block,in,4,0x0,,46,44303,0,DF,17,udp,76,161.35.196.240,10.255.255.1,59995,53,56
Jul  9 02:11:56 fw.rodolfoarce.local filterlog[32783]: 4,,,1000000103,vtnet0,match,block,in,4,0x0,,46,44420,0,DF,17,udp,65,161.35.196.240,10.255.255.1,59995,53,45
Jul  9 02:11:57 fw.rodolfoarce.local filterlog[32783]: 4,,,1000000103,vtnet0,match,block,in,4,0x0,,46,44490,0,DF,17,udp,76,161.35.196.240,10.255.255.1,59995,53,56
Jul  9 02:11:59 fw.rodolfoarce.local dhclient[10762]: DHCPDISCOVER on vtnet0 to 255.255.255.255 port 67 interval 2
Jul  9 02:11:59 fw.rodolfoarce.local filterlog[32783]: 4,,,1000000103,vtnet0,match,block,in,4,0x0,,46,44601,0,DF,17,udp,65,161.35.196.240,10.255.255.1,59995,53,45
Jul  9 02:12:00 fw.rodolfoarce.local /usr/sbin/cron[9592]: (root) CMD (/usr/sbin/newsyslog)
Jul  9 02:12:01 fw.rodolfoarce.local dhclient[10762]: DHCPDISCOVER on vtnet0 to 255.255.255.255 port 67 interval 3
Jul  9 02:12:01 fw.rodolfoarce.local filterlog[32783]: 4,,,1000000103,vtnet0,match,block,in,4,0x0,,46,44607,0,DF,17,udp,76,161.35.196.240,10.255.255.1,59995,53,56
Jul  9 02:12:03 fw.rodolfoarce.local filterlog[32783]: 4,,,1000000103,vtnet0,match,block,in,4,0x0,,46,44765,0,DF,17,udp,65,161.35.196.240,10.255.255.1,59995,53,45
Jul  9 02:12:04 fw.rodolfoarce.local dhclient[10762]: DHCPDISCOVER on vtnet0 to 255.255.255.255 port 67 interval 7
Jul  9 02:12:06 fw.rodolfoarce.local filterlog[32783]: 4,,,1000000103,vtnet0,match,block,in,4,0x0,,46,45208,0,DF,17,udp,76,161.35.196.240,10.255.255.1,59995,53,56
Jul  9 02:12:11 fw.rodolfoarce.local dhclient[10762]: DHCPDISCOVER on vtnet0 to 255.255.255.255 port 67 interval 12
Jul  9 02:12:17 fw.rodolfoarce.local dhcp6c[28115]: Sending Solicit
Jul  9 02:12:23 fw.rodolfoarce.local dhclient[10762]: DHCPDISCOVER on vtnet0 to 255.255.255.255 port 67 interval 13
Jul  9 02:12:36 fw.rodolfoarce.local dhclient[10762]: DHCPDISCOVER on vtnet0 to 255.255.255.255 port 67 interval 21
Jul  9 02:12:57 fw.rodolfoarce.local dhclient[10762]: DHCPDISCOVER on vtnet0 to 255.255.255.255 port 67 interval 3
Jul  9 02:13:00 fw.rodolfoarce.local /usr/sbin/cron[28274]: (root) CMD (/usr/sbin/newsyslog)
Jul  9 02:13:00 fw.rodolfoarce.local dhclient[10762]: No DHCPOFFERS received.
Jul  9 02:13:00 fw.rodolfoarce.local dhclient[10762]: No working leases in persistent database - sleeping.
Jul  8 22:13:00 fw.rodolfoarce.local dhclient[29230]: FAIL
Jul  9 02:13:16 fw.rodolfoarce.local dhclient[10762]: DHCPDISCOVER on vtnet0 to 255.255.255.255 port 67 interval 1
Jul  9 02:13:17 fw.rodolfoarce.local dhclient[10762]: DHCPDISCOVER on vtnet0 to 255.255.255.255 port 67 interval 2
Jul  9 02:13:19 fw.rodolfoarce.local dhclient[10762]: DHCPDISCOVER on vtnet0 to 255.255.255.255 port 67 interval 3
Jul  9 02:13:22 fw.rodolfoarce.local dhclient[10762]: DHCPDISCOVER on vtnet0 to 255.255.255.255 port 67 interval 8
Jul  9 02:13:30 fw.rodolfoarce.local dhclient[10762]: DHCPDISCOVER on vtnet0 to 255.255.255.255 port 67 interval 10
Jul  9 02:13:40 fw.rodolfoarce.local dhclient[10762]: DHCPDISCOVER on vtnet0 to 255.255.255.255 port 67 interval 12
Jul  9 02:13:52 fw.rodolfoarce.local dhclient[10762]: DHCPDISCOVER on vtnet0 to 255.255.255.255 port 67 interval 20
Jul  9 02:14:00 fw.rodolfoarce.local /usr/sbin/cron[40576]: (root) CMD (/usr/sbin/newsyslog)
Jul  9 02:14:12 fw.rodolfoarce.local dhclient[10762]: DHCPDISCOVER on vtnet0 to 255.255.255.255 port 67 interval 5
Jul  9 02:14:13 fw.rodolfoarce.local dhcp6c[28115]: Sending Solicit
Jul  9 02:14:17 fw.rodolfoarce.local dhclient[10762]: No DHCPOFFERS received.
Jul  9 02:14:17 fw.rodolfoarce.local dhclient[10762]: No working leases in persistent database - sleeping.
Jul  8 22:14:17 fw.rodolfoarce.local dhclient[48099]: FAIL
Jul  9 02:14:32 fw.rodolfoarce.local dhclient[10762]: DHCPDISCOVER on vtnet0 to 255.255.255.255 port 67 interval 1
Jul  9 02:14:33 fw.rodolfoarce.local dhclient[10762]: DHCPDISCOVER on vtnet0 to 255.255.255.255 port 67 interval 1
Jul  9 02:14:34 fw.rodolfoarce.local dhclient[10762]: DHCPDISCOVER on vtnet0 to 255.255.255.255 port 67 interval 2
Jul  9 02:14:36 fw.rodolfoarce.local dhclient[10762]: DHCPDISCOVER on vtnet0 to 255.255.255.255 port 67 interval 2
Jul  9 02:14:38 fw.rodolfoarce.local dhclient[10762]: DHCPDISCOVER on vtnet0 to 255.255.255.255 port 67 interval 3
Jul  9 02:14:42 fw.rodolfoarce.local dhclient[10762]: DHCPDISCOVER on vtnet0 to 255.255.255.255 port 67 interval 3
Jul  9 02:14:45 fw.rodolfoarce.local dhclient[10762]: DHCPDISCOVER on vtnet0 to 255.255.255.255 port 67 interval 6
Jul  9 02:14:51 fw.rodolfoarce.local dhclient[10762]: DHCPDISCOVER on vtnet0 to 255.255.255.255 port 67 interval 9
Jul  9 02:15:00 fw.rodolfoarce.local /usr/sbin/cron[49554]: (root) CMD (/usr/libexec/atrun)
Jul  9 02:15:00 fw.rodolfoarce.local /usr/sbin/cron[49215]: (root) CMD (/usr/sbin/newsyslog)
Jul  9 02:15:00 fw.rodolfoarce.local dhclient[10762]: DHCPDISCOVER on vtnet0 to 255.255.255.255 port 67 interval 16
Jul  9 02:15:16 fw.rodolfoarce.local dhclient[10762]: DHCPDISCOVER on vtnet0 to 255.255.255.255 port 67 interval 17
Jul  9 02:15:33 fw.rodolfoarce.local dhclient[10762]: No DHCPOFFERS received.
Jul  9 02:15:33 fw.rodolfoarce.local dhclient[10762]: No working leases in persistent database - sleeping.
Jul  8 22:15:33 fw.rodolfoarce.local dhclient[68462]: FAIL
Jul  9 02:15:48 fw.rodolfoarce.local dhclient[10762]: DHCPDISCOVER on vtnet0 to 255.255.255.255 port 67 interval 2
Jul  9 02:15:50 fw.rodolfoarce.local dhclient[10762]: DHCPDISCOVER on vtnet0 to 255.255.255.255 port 67 interval 5
Jul  9 02:15:55 fw.rodolfoarce.local dhclient[10762]: DHCPDISCOVER on vtnet0 to 255.255.255.255 port 67 interval 8
Jul  9 02:16:00 fw.rodolfoarce.local /usr/sbin/cron[68937]: (root) CMD (/usr/sbin/newsyslog)
Jul  9 02:16:03 fw.rodolfoarce.local dhclient[10762]: DHCPDISCOVER on vtnet0 to 255.255.255.255 port 67 interval 15
Jul  9 02:16:08 fw.rodolfoarce.local dhcp6c[28115]: Sending Solicit
Jul  9 02:16:18 fw.rodolfoarce.local dhclient[10762]: DHCPDISCOVER on vtnet0 to 255.255.255.255 port 67 interval 13
Jul  9 02:16:22 fw.rodolfoarce.local filterlog[32783]: 4,,,1000000103,vtnet0,match,block,in,4,0x0,,50,45481,0,none,17,udp,83,207.102.138.19,10.255.255.1,53915,53,63
Jul  9 02:16:23 fw.rodolfoarce.local filterlog[32783]: 4,,,1000000103,vtnet0,match,block,in,4,0x0,,50,8614,0,none,17,udp,83,207.102.138.19,10.255.255.1,45261,53,63
Jul  9 02:16:23 fw.rodolfoarce.local filterlog[32783]: 4,,,1000000103,vtnet0,match,block,in,4,0x0,,50,14722,0,none,17,udp,83,207.102.138.19,10.255.255.1,42741,53,63
Jul  9 02:16:24 fw.rodolfoarce.local filterlog[32783]: 4,,,1000000103,vtnet0,match,block,in,4,0x0,,50,14097,0,none,17,udp,83,207.102.138.19,10.255.255.1,34449,53,63
Jul  9 02:16:25 fw.rodolfoarce.local filterlog[32783]: 4,,,1000000103,vtnet0,match,block,in,4,0x0,,50,55847,0,none,17,udp,83,207.102.138.19,10.255.255.1,38923,53,63
Jul  9 02:16:26 fw.rodolfoarce.local filterlog[32783]: 4,,,1000000103,vtnet0,match,block,in,4,0x0,,50,3010,0,none,17,udp,83,207.102.138.19,10.255.255.1,39124,53,63
Jul  9 02:16:27 fw.rodolfoarce.local filterlog[32783]: 4,,,1000000103,vtnet0,match,block,in,4,0x0,,50,51142,0,none,17,udp,83,207.102.138.19,10.255.255.1,39435,53,63
Jul  9 02:16:27 fw.rodolfoarce.local filterlog[32783]: 4,,,1000000103,vtnet0,match,block,in,4,0x0,,50,45894,0,none,17,udp,83,207.102.138.19,10.255.255.1,42180,53,63
Jul  9 02:16:28 fw.rodolfoarce.local filterlog[32783]: 4,,,1000000103,vtnet0,match,block,in,4,0x0,,50,48109,0,none,17,udp,83,207.102.138.19,10.255.255.1,41831,53,63
Jul  9 02:16:28 fw.rodolfoarce.local filterlog[32783]: 4,,,1000000103,vtnet0,match,block,in,4,0x0,,50,14068,0,none,17,udp,83,207.102.138.19,10.255.255.1,47186,53,63
Jul  9 02:16:28 fw.rodolfoarce.local filterlog[32783]: 4,,,1000000103,vtnet0,match,block,in,4,0x0,,50,14218,0,none,17,udp,83,207.102.138.19,10.255.255.1,55286,53,63
Jul  9 02:16:29 fw.rodolfoarce.local filterlog[32783]: 4,,,1000000103,vtnet0,match,block,in,4,0x0,,50,22690,0,none,17,udp,83,207.102.138.19,10.255.255.1,39261,53,63
Jul  9 02:16:30 fw.rodolfoarce.local filterlog[32783]: 4,,,1000000103,vtnet0,match,block,in,4,0x0,,50,55419,0,none,17,udp,83,207.102.138.19,10.255.255.1,60034,53,63
Jul  9 02:16:30 fw.rodolfoarce.local filterlog[32783]: 4,,,1000000103,vtnet0,match,block,in,4,0x0,,50,29334,0,none,17,udp,83,207.102.138.19,10.255.255.1,59612,53,63
Jul  9 02:16:31 fw.rodolfoarce.local dhclient[10762]: DHCPDISCOVER on vtnet0 to 255.255.255.255 port 67 interval 16
Jul  9 02:16:31 fw.rodolfoarce.local filterlog[32783]: 4,,,1000000103,vtnet0,match,block,in,4,0x0,,50,10847,0,none,17,udp,83,207.102.138.19,10.255.255.1,53171,53,63
Jul  9 02:16:31 fw.rodolfoarce.local filterlog[32783]: 4,,,1000000103,vtnet0,match,block,in,4,0x0,,53,12639,0,DF,17,udp,71,162.158.145.119,10.255.255.1,60870,53,51
Jul  9 02:16:31 fw.rodolfoarce.local filterlog[32783]: 4,,,1000000103,vtnet0,match,block,in,4,0x0,,53,12640,0,DF,17,udp,71,162.158.145.119,10.255.255.1,60870,53,51
Jul  9 02:16:31 fw.rodolfoarce.local filterlog[32783]: 4,,,1000000103,vtnet0,match,block,in,4,0x0,,50,43807,0,none,17,udp,83,207.102.138.19,10.255.255.1,48980,53,63
Jul  9 02:16:32 fw.rodolfoarce.local filterlog[32783]: 4,,,1000000103,vtnet0,match,block,in,4,0x0,,53,63962,0,DF,17,udp,71,162.158.145.119,10.255.255.1,59671,53,51
Jul  9 02:16:32 fw.rodolfoarce.local filterlog[32783]: 4,,,1000000103,vtnet0,match,block,in,4,0x0,,53,63963,0,DF,17,udp,71,162.158.145.119,10.255.255.1,59671,53,51
Jul  9 02:16:33 fw.rodolfoarce.local filterlog[32783]: 4,,,1000000103,vtnet0,match,block,in,4,0x0,,50,7774,0,none,17,udp,83,207.102.138.19,10.255.255.1,44558,53,63
Jul  9 02:16:34 fw.rodolfoarce.local filterlog[32783]: 4,,,1000000103,vtnet0,match,block,in,4,0x0,,50,30117,0,none,17,udp,83,207.102.138.19,10.255.255.1,42427,53,63
Jul  9 02:16:36 fw.rodolfoarce.local filterlog[32783]: 4,,,1000000103,vtnet0,match,block,in,4,0x0,,53,22469,0,DF,17,udp,71,162.158.145.120,10.255.255.1,58580,53,51
Jul  9 02:16:37 fw.rodolfoarce.local filterlog[32783]: 4,,,1000000103,vtnet0,match,block,in,4,0x0,,53,22470,0,DF,17,udp,71,162.158.145.120,10.255.255.1,58580,53,51
Jul  9 02:16:37 fw.rodolfoarce.local filterlog[32783]: 4,,,1000000103,vtnet0,match,block,in,4,0x0,,50,10463,0,none,17,udp,83,207.102.138.19,10.255.255.1,60610,53,63
Jul  9 02:16:38 fw.rodolfoarce.local filterlog[32783]: 4,,,1000000103,vtnet0,match,block,in,4,0x0,,53,36702,0,DF,17,udp,71,162.158.145.120,10.255.255.1,22414,53,51
Jul  9 02:16:38 fw.rodolfoarce.local filterlog[32783]: 4,,,1000000103,vtnet0,match,block,in,4,0x0,,53,36703,0,DF,17,udp,71,162.158.145.120,10.255.255.1,22414,53,51
Jul  9 02:16:47 fw.rodolfoarce.local dhclient[10762]: DHCPDISCOVER on vtnet0 to 255.255.255.255 port 67 interval 2
Jul  9 02:16:49 fw.rodolfoarce.local dhclient[10762]: No DHCPOFFERS received.
