Jul  6 04:32:55 fw.rodolfoarce.local dhclient[10762]: No working leases in persistent database - sleeping.
Jul  6 00:32:55 fw.rodolfoarce.local dhclient[90253]: FAIL
Jul  6 04:33:00 fw.rodolfoarce.local /usr/sbin/cron[90335]: (root) CMD (/usr/sbin/newsyslog)
Jul  6 04:33:10 fw.rodolfoarce.local dhclient[10762]: DHCPDISCOVER on vtnet0 to 255.255.255.255 port 67 interval 1
Jul  6 04:33:14 fw.rodolfoarce.local dhclient[10762]: message repeated 3 times: [ DHCPDISCOVER on vtnet0 to 255.255.255.255 port 67 interval 1]
Jul  6 04:33:15 fw.rodolfoarce.local dhclient[10762]: DHCPDISCOVER on vtnet0 to 255.255.255.255 port 67 interval 2
Jul  6 04:33:21 fw.rodolfoarce.local dhclient[10762]: message repeated 3 times: [ DHCPDISCOVER on vtnet0 to 255.255.255.255 port 67 interval 2]
Jul  6 04:33:23 fw.rodolfoarce.local dhclient[10762]: DHCPDISCOVER on vtnet0 to 255.255.255.255 port 67 interval 3
Jul  6 04:33:26 fw.rodolfoarce.local dhclient[10762]: DHCPDISCOVER on vtnet0 to 255.255.255.255 port 67 interval 6
Jul  6 04:33:28 fw.rodolfoarce.local dhcp6c[28115]: Sending Solicit
Jul  6 04:33:32 fw.rodolfoarce.local dhclient[10762]: DHCPDISCOVER on vtnet0 to 255.255.255.255 port 67 interval 13
Jul  6 04:33:45 fw.rodolfoarce.local dhclient[10762]: DHCPDISCOVER on vtnet0 to 255.255.255.255 port 67 interval 14
Jul  6 04:33:59 fw.rodolfoarce.local dhclient[10762]: DHCPDISCOVER on vtnet0 to 255.255.255.255 port 67 interval 12
Jul  6 04:34:00 fw.rodolfoarce.local /usr/sbin/cron[8080]: (root) CMD (/usr/sbin/newsyslog)
Jul  6 04:34:11 fw.rodolfoarce.local dhclient[10762]: No DHCPOFFERS received.
Jul  6 04:34:11 fw.rodolfoarce.local dhclient[10762]: No working leases in persistent database - sleeping.
Jul  6 00:34:11 fw.rodolfoarce.local dhclient[9005]: FAIL
Jul  6 04:34:26 fw.rodolfoarce.local dhclient[10762]: DHCPDISCOVER on vtnet0 to 255.255.255.255 port 67 interval 1
Jul  6 04:34:27 fw.rodolfoarce.local dhclient[10762]: DHCPDISCOVER on vtnet0 to 255.255.255.255 port 67 interval 1
Jul  6 04:34:28 fw.rodolfoarce.local dhclient[10762]: DHCPDISCOVER on vtnet0 to 255.255.255.255 port 67 interval 2
Jul  6 04:34:30 fw.rodolfoarce.local dhclient[10762]: DHCPDISCOVER on vtnet0 to 255.255.255.255 port 67 interval 3
Jul  6 04:34:34 fw.rodolfoarce.local dhclient[10762]: DHCPDISCOVER on vtnet0 to 255.255.255.255 port 67 interval 7
Jul  6 04:34:41 fw.rodolfoarce.local dhclient[10762]: DHCPDISCOVER on vtnet0 to 255.255.255.255 port 67 interval 9
Jul  6 04:34:50 fw.rodolfoarce.local dhclient[10762]: DHCPDISCOVER on vtnet0 to 255.255.255.255 port 67 interval 10
Jul  6 04:35:00 fw.rodolfoarce.local /usr/sbin/cron[28343]: (root) CMD (/usr/sbin/newsyslog)
Jul  6 04:35:00 fw.rodolfoarce.local /usr/sbin/cron[28443]: (root) CMD (/usr/libexec/atrun)
Jul  6 04:35:00 fw.rodolfoarce.local dhclient[10762]: DHCPDISCOVER on vtnet0 to 255.255.255.255 port 67 interval 12
Jul  6 04:35:12 fw.rodolfoarce.local dhclient[10762]: DHCPDISCOVER on vtnet0 to 255.255.255.255 port 67 interval 14
Jul  6 04:35:26 fw.rodolfoarce.local dhclient[10762]: DHCPDISCOVER on vtnet0 to 255.255.255.255 port 67 interval 1
Jul  6 04:35:27 fw.rodolfoarce.local dhclient[10762]: No DHCPOFFERS received.
Jul  6 04:35:27 fw.rodolfoarce.local dhclient[10762]: No working leases in persistent database - sleeping.
Jul  6 00:35:27 fw.rodolfoarce.local dhclient[29063]: FAIL
Jul  6 04:35:40 fw.rodolfoarce.local dhcp6c[28115]: Sending Solicit
Jul  6 04:35:42 fw.rodolfoarce.local dhclient[10762]: DHCPDISCOVER on vtnet0 to 255.255.255.255 port 67 interval 2
Jul  6 04:35:45 fw.rodolfoarce.local dhclient[10762]: DHCPDISCOVER on vtnet0 to 255.255.255.255 port 67 interval 4
Jul  6 04:35:49 fw.rodolfoarce.local dhclient[10762]: DHCPDISCOVER on vtnet0 to 255.255.255.255 port 67 interval 5
Jul  6 04:35:54 fw.rodolfoarce.local dhclient[10762]: DHCPDISCOVER on vtnet0 to 255.255.255.255 port 67 interval 13
Jul  6 04:36:00 fw.rodolfoarce.local /usr/sbin/cron[47322]: (root) CMD (/usr/sbin/newsyslog)
Jul  6 04:36:07 fw.rodolfoarce.local dhclient[10762]: DHCPDISCOVER on vtnet0 to 255.255.255.255 port 67 interval 9
Jul  6 04:36:16 fw.rodolfoarce.local dhclient[10762]: DHCPDISCOVER on vtnet0 to 255.255.255.255 port 67 interval 15
Jul  6 04:36:31 fw.rodolfoarce.local dhclient[10762]: DHCPDISCOVER on vtnet0 to 255.255.255.255 port 67 interval 8
Jul  6 04:36:39 fw.rodolfoarce.local dhclient[10762]: DHCPDISCOVER on vtnet0 to 255.255.255.255 port 67 interval 4
Jul  6 04:36:43 fw.rodolfoarce.local dhclient[10762]: No DHCPOFFERS received.
Jul  6 04:36:43 fw.rodolfoarce.local dhclient[10762]: No working leases in persistent database - sleeping.
Jul  6 00:36:43 fw.rodolfoarce.local dhclient[66499]: FAIL
Jul  6 04:36:58 fw.rodolfoarce.local dhclient[10762]: DHCPDISCOVER on vtnet0 to 255.255.255.255 port 67 interval 2
Jul  6 04:37:00 fw.rodolfoarce.local /usr/sbin/cron[67042]: (root) CMD (/usr/sbin/newsyslog)
Jul  6 04:37:00 fw.rodolfoarce.local dhclient[10762]: DHCPDISCOVER on vtnet0 to 255.255.255.255 port 67 interval 2
Jul  6 04:37:02 fw.rodolfoarce.local dhclient[10762]: DHCPDISCOVER on vtnet0 to 255.255.255.255 port 67 interval 4
Jul  6 04:37:06 fw.rodolfoarce.local dhclient[10762]: DHCPDISCOVER on vtnet0 to 255.255.255.255 port 67 interval 4
Jul  6 04:37:10 fw.rodolfoarce.local dhclient[10762]: DHCPDISCOVER on vtnet0 to 255.255.255.255 port 67 interval 9
Jul  6 04:37:19 fw.rodolfoarce.local dhclient[10762]: DHCPDISCOVER on vtnet0 to 255.255.255.255 port 67 interval 8
Jul  6 04:37:28 fw.rodolfoarce.local dhclient[10762]: DHCPDISCOVER on vtnet0 to 255.255.255.255 port 67 interval 18
Jul  6 04:37:30 fw.rodolfoarce.local dhcp6c[28115]: Sending Solicit
Jul  6 04:37:46 fw.rodolfoarce.local dhclient[10762]: DHCPDISCOVER on vtnet0 to 255.255.255.255 port 67 interval 12
Jul  6 04:37:58 fw.rodolfoarce.local dhclient[10762]: DHCPDISCOVER on vtnet0 to 255.255.255.255 port 67 interval 1
Jul  6 04:37:59 fw.rodolfoarce.local dhclient[10762]: No DHCPOFFERS received.
Jul  6 04:37:59 fw.rodolfoarce.local dhclient[10762]: No working leases in persistent database - sleeping.
Jul  6 00:37:59 fw.rodolfoarce.local dhclient[84611]: FAIL
Jul  6 04:38:00 fw.rodolfoarce.local /usr/sbin/cron[85011]: (root) CMD (/usr/sbin/newsyslog)
Jul  6 04:38:14 fw.rodolfoarce.local dhclient[10762]: DHCPDISCOVER on vtnet0 to 255.255.255.255 port 67 interval 1
Jul  6 04:38:15 fw.rodolfoarce.local dhclient[10762]: DHCPDISCOVER on vtnet0 to 255.255.255.255 port 67 interval 2
Jul  6 04:38:17 fw.rodolfoarce.local dhclient[10762]: DHCPDISCOVER on vtnet0 to 255.255.255.255 port 67 interval 2
Jul  6 04:38:19 fw.rodolfoarce.local dhclient[10762]: DHCPDISCOVER on vtnet0 to 255.255.255.255 port 67 interval 3
Jul  6 04:38:22 fw.rodolfoarce.local dhclient[10762]: DHCPDISCOVER on vtnet0 to 255.255.255.255 port 67 interval 7
Jul  6 04:38:29 fw.rodolfoarce.local dhclient[10762]: DHCPDISCOVER on vtnet0 to 255.255.255.255 port 67 interval 9
Jul  6 04:38:38 fw.rodolfoarce.local dhclient[10762]: DHCPDISCOVER on vtnet0 to 255.255.255.255 port 67 interval 7
Jul  6 04:38:45 fw.rodolfoarce.local dhclient[10762]: DHCPDISCOVER on vtnet0 to 255.255.255.255 port 67 interval 16
Jul  6 04:39:00 fw.rodolfoarce.local /usr/sbin/cron[2376]: (root) CMD (/usr/sbin/newsyslog)
Jul  6 04:39:01 fw.rodolfoarce.local dhclient[10762]: DHCPDISCOVER on vtnet0 to 255.255.255.255 port 67 interval 14
Jul  6 04:39:15 fw.rodolfoarce.local dhclient[10762]: No DHCPOFFERS received.
Jul  6 04:39:15 fw.rodolfoarce.local dhclient[10762]: No working leases in persistent database - sleeping.
Jul  6 00:39:15 fw.rodolfoarce.local dhclient[3418]: FAIL
Jul  6 04:39:21 fw.rodolfoarce.local dhcp6c[28115]: Sending Solicit
Jul  6 04:39:30 fw.rodolfoarce.local dhclient[10762]: DHCPDISCOVER on vtnet0 to 255.255.255.255 port 67 interval 1
Jul  6 04:39:31 fw.rodolfoarce.local dhclient[10762]: DHCPDISCOVER on vtnet0 to 255.255.255.255 port 67 interval 2
Jul  6 04:39:37 fw.rodolfoarce.local dhclient[10762]: message repeated 3 times: [ DHCPDISCOVER on vtnet0 to 255.255.255.255 port 67 interval 2]
Jul  6 04:39:39 fw.rodolfoarce.local dhclient[10762]: DHCPDISCOVER on vtnet0 to 255.255.255.255 port 67 interval 5
Jul  6 04:39:45 fw.rodolfoarce.local dhclient[10762]: DHCPDISCOVER on vtnet0 to 255.255.255.255 port 67 interval 7
Jul  6 04:39:52 fw.rodolfoarce.local dhclient[10762]: DHCPDISCOVER on vtnet0 to 255.255.255.255 port 67 interval 8
Jul  6 04:40:00 fw.rodolfoarce.local /usr/sbin/cron[22172]: (root) CMD (/usr/sbin/newsyslog)
Jul  6 04:40:00 fw.rodolfoarce.local /usr/sbin/cron[21827]: (root) CMD (/usr/libexec/atrun)
Jul  6 04:40:00 fw.rodolfoarce.local dhclient[10762]: DHCPDISCOVER on vtnet0 to 255.255.255.255 port 67 interval 9
Jul  6 04:40:09 fw.rodolfoarce.local dhclient[10762]: DHCPDISCOVER on vtnet0 to 255.255.255.255 port 67 interval 18
Jul  6 04:40:27 fw.rodolfoarce.local dhclient[10762]: DHCPDISCOVER on vtnet0 to 255.255.255.255 port 67 interval 4
Jul  6 04:40:31 fw.rodolfoarce.local dhclient[10762]: No DHCPOFFERS received.
Jul  6 04:40:31 fw.rodolfoarce.local dhclient[10762]: No working leases in persistent database - sleeping.
Jul  6 00:40:31 fw.rodolfoarce.local dhclient[22845]: FAIL
Jul  6 04:40:46 fw.rodolfoarce.local dhclient[10762]: DHCPDISCOVER on vtnet0 to 255.255.255.255 port 67 interval 1
Jul  6 04:40:47 fw.rodolfoarce.local dhclient[10762]: DHCPDISCOVER on vtnet0 to 255.255.255.255 port 67 interval 1
Jul  6 04:40:48 fw.rodolfoarce.local dhclient[10762]: DHCPDISCOVER on vtnet0 to 255.255.255.255 port 67 interval 2
Jul  6 04:40:50 fw.rodolfoarce.local dhclient[10762]: DHCPDISCOVER on vtnet0 to 255.255.255.255 port 67 interval 4
Jul  6 04:40:54 fw.rodolfoarce.local dhclient[10762]: DHCPDISCOVER on vtnet0 to 255.255.255.255 port 67 interval 5
Jul  6 04:40:59 fw.rodolfoarce.local dhclient[10762]: DHCPDISCOVER on vtnet0 to 255.255.255.255 port 67 interval 12
Jul  6 04:41:00 fw.rodolfoarce.local /usr/sbin/cron[39759]: (root) CMD (/usr/sbin/newsyslog)
Jul  6 04:41:11 fw.rodolfoarce.local dhcp6c[28115]: Sending Solicit
Jul  6 04:41:11 fw.rodolfoarce.local dhclient[10762]: DHCPDISCOVER on vtnet0 to 255.255.255.255 port 67 interval 16
Jul  6 04:41:27 fw.rodolfoarce.local dhclient[10762]: DHCPDISCOVER on vtnet0 to 255.255.255.255 port 67 interval 9
Jul  6 04:41:36 fw.rodolfoarce.local dhclient[10762]: DHCPDISCOVER on vtnet0 to 255.255.255.255 port 67 interval 11
Jul  6 04:41:47 fw.rodolfoarce.local dhclient[10762]: No DHCPOFFERS received.
Jul  6 04:41:47 fw.rodolfoarce.local dhclient[10762]: No working leases in persistent database - sleeping.
Jul  6 00:41:47 fw.rodolfoarce.local dhclient[60013]: FAIL
Jul  6 04:42:00 fw.rodolfoarce.local /usr/sbin/cron[60440]: (root) CMD (/usr/sbin/newsyslog)
Jul  6 04:42:02 fw.rodolfoarce.local dhclient[10762]: DHCPDISCOVER on vtnet0 to 255.255.255.255 port 67 interval 1
Jul  6 04:42:03 fw.rodolfoarce.local dhclient[10762]: DHCPDISCOVER on vtnet0 to 255.255.255.255 port 67 interval 2
Jul  6 04:42:05 fw.rodolfoarce.local dhclient[10762]: DHCPDISCOVER on vtnet0 to 255.255.255.255 port 67 interval 5
Jul  6 04:42:10 fw.rodolfoarce.local dhclient[10762]: DHCPDISCOVER on vtnet0 to 255.255.255.255 port 67 interval 8
Jul  6 04:42:19 fw.rodolfoarce.local dhclient[10762]: DHCPDISCOVER on vtnet0 to 255.255.255.255 port 67 interval 9
Jul  6 04:42:28 fw.rodolfoarce.local dhclient[10762]: DHCPDISCOVER on vtnet0 to 255.255.255.255 port 67 interval 14
Jul  6 04:42:42 fw.rodolfoarce.local dhclient[10762]: DHCPDISCOVER on vtnet0 to 255.255.255.255 port 67 interval 7
Jul  6 04:42:49 fw.rodolfoarce.local dhclient[10762]: DHCPDISCOVER on vtnet0 to 255.255.255.255 port 67 interval 13
Jul  6 04:43:00 fw.rodolfoarce.local /usr/sbin/cron[78592]: (root) CMD (/usr/sbin/newsyslog)
Jul  6 04:43:02 fw.rodolfoarce.local dhclient[10762]: DHCPDISCOVER on vtnet0 to 255.255.255.255 port 67 interval 1
Jul  6 04:43:03 fw.rodolfoarce.local dhclient[10762]: No DHCPOFFERS received.
Jul  6 04:43:03 fw.rodolfoarce.local dhclient[10762]: No working leases in persistent database - sleeping.
Jul  6 00:43:03 fw.rodolfoarce.local dhclient[79865]: FAIL
Jul  6 04:43:16 fw.rodolfoarce.local dhcp6c[28115]: Sending Solicit
Jul  6 04:43:18 fw.rodolfoarce.local dhclient[10762]: DHCPDISCOVER on vtnet0 to 255.255.255.255 port 67 interval 2
Jul  6 04:43:20 fw.rodolfoarce.local dhclient[10762]: DHCPDISCOVER on vtnet0 to 255.255.255.255 port 67 interval 4
Jul  6 04:43:24 fw.rodolfoarce.local dhclient[10762]: DHCPDISCOVER on vtnet0 to 255.255.255.255 port 67 interval 10
Jul  6 04:43:34 fw.rodolfoarce.local dhclient[10762]: DHCPDISCOVER on vtnet0 to 255.255.255.255 port 67 interval 14
Jul  6 04:43:48 fw.rodolfoarce.local dhclient[10762]: DHCPDISCOVER on vtnet0 to 255.255.255.255 port 67 interval 12
Jul  6 04:44:00 fw.rodolfoarce.local /usr/sbin/cron[99272]: (root) CMD (/usr/sbin/newsyslog)
Jul  6 04:44:00 fw.rodolfoarce.local dhclient[10762]: DHCPDISCOVER on vtnet0 to 255.255.255.255 port 67 interval 9
Jul  6 04:44:09 fw.rodolfoarce.local dhclient[10762]: DHCPDISCOVER on vtnet0 to 255.255.255.255 port 67 interval 10
Jul  6 04:44:19 fw.rodolfoarce.local dhclient[10762]: No DHCPOFFERS received.
Jul  6 04:44:19 fw.rodolfoarce.local dhclient[10762]: No working leases in persistent database - sleeping.
Jul  6 00:44:19 fw.rodolfoarce.local dhclient[145]: FAIL
Jul  6 04:44:34 fw.rodolfoarce.local dhclient[10762]: DHCPDISCOVER on vtnet0 to 255.255.255.255 port 67 interval 1
Jul  6 04:44:38 fw.rodolfoarce.local dhclient[10762]: message repeated 3 times: [ DHCPDISCOVER on vtnet0 to 255.255.255.255 port 67 interval 1]
Jul  6 04:44:39 fw.rodolfoarce.local dhclient[10762]: DHCPDISCOVER on vtnet0 to 255.255.255.255 port 67 interval 2
Jul  6 04:44:41 fw.rodolfoarce.local dhclient[10762]: DHCPDISCOVER on vtnet0 to 255.255.255.255 port 67 interval 4
Jul  6 04:44:45 fw.rodolfoarce.local dhclient[10762]: DHCPDISCOVER on vtnet0 to 255.255.255.255 port 67 interval 7
Jul  6 04:44:52 fw.rodolfoarce.local dhclient[10762]: DHCPDISCOVER on vtnet0 to 255.255.255.255 port 67 interval 11
Jul  6 04:45:00 fw.rodolfoarce.local /usr/sbin/cron[20130]: (root) CMD (/usr/libexec/atrun)
Jul  6 04:45:00 fw.rodolfoarce.local /usr/sbin/cron[19815]: (root) CMD (/usr/sbin/newsyslog)
Jul  6 04:45:03 fw.rodolfoarce.local dhclient[10762]: DHCPDISCOVER on vtnet0 to 255.255.255.255 port 67 interval 12
Jul  6 04:45:15 fw.rodolfoarce.local dhclient[10762]: DHCPDISCOVER on vtnet0 to 255.255.255.255 port 67 interval 20
Jul  6 04:45:21 fw.rodolfoarce.local dhcp6c[28115]: Sending Solicit
Jul  6 04:45:35 fw.rodolfoarce.local dhclient[10762]: No DHCPOFFERS received.
Jul  6 04:45:35 fw.rodolfoarce.local dhclient[10762]: No working leases in persistent database - sleeping.
Jul  6 00:45:35 fw.rodolfoarce.local dhclient[21050]: FAIL
Jul  6 04:45:50 fw.rodolfoarce.local dhclient[10762]: DHCPDISCOVER on vtnet0 to 255.255.255.255 port 67 interval 1
Jul  6 04:45:51 fw.rodolfoarce.local dhclient[10762]: DHCPDISCOVER on vtnet0 to 255.255.255.255 port 67 interval 1
Jul  6 04:45:52 fw.rodolfoarce.local dhclient[10762]: DHCPDISCOVER on vtnet0 to 255.255.255.255 port 67 interval 2
Jul  6 04:45:54 fw.rodolfoarce.local dhclient[10762]: DHCPDISCOVER on vtnet0 to 255.255.255.255 port 67 interval 2
Jul  6 04:45:57 fw.rodolfoarce.local dhclient[10762]: DHCPDISCOVER on vtnet0 to 255.255.255.255 port 67 interval 5
Jul  6 04:46:00 fw.rodolfoarce.local /usr/sbin/cron[39825]: (root) CMD (/usr/sbin/newsyslog)
Jul  6 04:46:02 fw.rodolfoarce.local dhclient[10762]: DHCPDISCOVER on vtnet0 to 255.255.255.255 port 67 interval 14
Jul  6 04:46:16 fw.rodolfoarce.local dhclient[10762]: DHCPDISCOVER on vtnet0 to 255.255.255.255 port 67 interval 8
Jul  6 04:46:24 fw.rodolfoarce.local dhclient[10762]: DHCPDISCOVER on vtnet0 to 255.255.255.255 port 67 interval 8
Jul  6 04:46:32 fw.rodolfoarce.local dhclient[10762]: DHCPDISCOVER on vtnet0 to 255.255.255.255 port 67 interval 19
Jul  6 04:46:51 fw.rodolfoarce.local dhclient[10762]: No DHCPOFFERS received.
Jul  6 04:46:51 fw.rodolfoarce.local dhclient[10762]: No working leases in persistent database - sleeping.
Jul  6 00:46:51 fw.rodolfoarce.local dhclient[41354]: FAIL
Jul  6 04:47:00 fw.rodolfoarce.local /usr/sbin/cron[59223]: (root) CMD (/usr/sbin/newsyslog)
Jul  6 04:47:06 fw.rodolfoarce.local dhclient[10762]: DHCPDISCOVER on vtnet0 to 255.255.255.255 port 67 interval 2
Jul  6 04:47:08 fw.rodolfoarce.local dhclient[10762]: DHCPDISCOVER on vtnet0 to 255.255.255.255 port 67 interval 5
Jul  6 04:47:13 fw.rodolfoarce.local dhclient[10762]: DHCPDISCOVER on vtnet0 to 255.255.255.255 port 67 interval 7
Jul  6 04:47:20 fw.rodolfoarce.local dhclient[10762]: DHCPDISCOVER on vtnet0 to 255.255.255.255 port 67 interval 10
Jul  6 04:47:23 fw.rodolfoarce.local dhcp6c[28115]: Sending Solicit
Jul  6 04:47:30 fw.rodolfoarce.local dhclient[10762]: DHCPDISCOVER on vtnet0 to 255.255.255.255 port 67 interval 19
Jul  6 04:47:50 fw.rodolfoarce.local dhclient[10762]: DHCPDISCOVER on vtnet0 to 255.255.255.255 port 67 interval 12
Jul  6 04:48:00 fw.rodolfoarce.local /usr/sbin/cron[78373]: (root) CMD (/usr/sbin/newsyslog)
Jul  6 04:48:02 fw.rodolfoarce.local dhclient[10762]: DHCPDISCOVER on vtnet0 to 255.255.255.255 port 67 interval 5
Jul  6 04:48:07 fw.rodolfoarce.local dhclient[10762]: No DHCPOFFERS received.
Jul  6 04:48:07 fw.rodolfoarce.local dhclient[10762]: No working leases in persistent database - sleeping.
Jul  6 00:48:07 fw.rodolfoarce.local dhclient[79359]: FAIL
Jul  6 04:48:09 fw.rodolfoarce.local filterlog[32783]: 4,,,1000000103,vtnet0,match,block,in,4,0x0,,51,26589,0,none,17,udp,71,185.191.171.13,10.255.255.1,24295,53,51
Jul  6 04:48:09 fw.rodolfoarce.local filterlog[32783]: 4,,,1000000103,vtnet0,match,block,in,4,0x0,,51,19314,0,none,17,udp,71,185.191.171.13,10.255.255.1,32573,53,51
Jul  6 04:48:10 fw.rodolfoarce.local filterlog[32783]: 4,,,1000000103,vtnet0,match,block,in,4,0x0,,52,17172,0,none,17,udp,71,185.191.171.13,10.255.255.1,42028,53,51
Jul  6 04:48:10 fw.rodolfoarce.local filterlog[32783]: 4,,,1000000103,vtnet0,match,block,in,4,0x0,,51,26656,0,none,17,udp,71,185.191.171.13,10.255.255.1,57682,53,51
Jul  6 04:48:12 fw.rodolfoarce.local filterlog[32783]: 4,,,1000000103,vtnet0,match,block,in,4,0x0,,51,17086,0,none,17,udp,71,185.191.171.13,10.255.255.1,11474,53,51
Jul  6 04:48:13 fw.rodolfoarce.local filterlog[32783]: 4,,,1000000103,vtnet0,match,block,in,4,0x0,,52,34829,0,none,17,udp,71,185.191.171.13,10.255.255.1,11289,53,51
Jul  6 04:48:15 fw.rodolfoarce.local filterlog[32783]: 4,,,1000000103,vtnet0,match,block,in,4,0x0,,52,50997,0,none,17,udp,71,185.191.171.13,10.255.255.1,53781,53,51
Jul  6 04:48:18 fw.rodolfoarce.local filterlog[32783]: 4,,,1000000103,vtnet0,match,block,in,4,0x0,,51,58401,0,none,17,udp,71,185.191.171.13,10.255.255.1,16694,53,51
Jul  6 04:48:21 fw.rodolfoarce.local filterlog[32783]: 4,,,1000000103,vtnet0,match,block,in,4,0x0,,51,63763,0,none,17,udp,71,185.191.171.13,10.255.255.1,9634,53,51
Jul  6 04:48:22 fw.rodolfoarce.local dhclient[10762]: DHCPDISCOVER on vtnet0 to 255.255.255.255 port 67 interval 1
Jul  6 04:48:24 fw.rodolfoarce.local dhclient[10762]: message repeated 2 times: [ DHCPDISCOVER on vtnet0 to 255.255.255.255 port 67 interval 1]
Jul  6 04:48:25 fw.rodolfoarce.local dhclient[10762]: DHCPDISCOVER on vtnet0 to 255.255.255.255 port 67 interval 2
Jul  6 04:48:27 fw.rodolfoarce.local dhclient[10762]: DHCPDISCOVER on vtnet0 to 255.255.255.255 port 67 interval 3
Jul  6 04:48:30 fw.rodolfoarce.local dhclient[10762]: DHCPDISCOVER on vtnet0 to 255.255.255.255 port 67 interval 4
Jul  6 04:48:35 fw.rodolfoarce.local dhclient[10762]: DHCPDISCOVER on vtnet0 to 255.255.255.255 port 67 interval 10
Jul  6 04:48:45 fw.rodolfoarce.local dhclient[10762]: DHCPDISCOVER on vtnet0 to 255.255.255.255 port 67 interval 11
Jul  6 04:48:56 fw.rodolfoarce.local dhclient[10762]: DHCPDISCOVER on vtnet0 to 255.255.255.255 port 67 interval 12
Jul  6 04:49:00 fw.rodolfoarce.local /usr/sbin/cron[96781]: (root) CMD (/usr/sbin/newsyslog)
Jul  6 04:49:08 fw.rodolfoarce.local dhclient[10762]: DHCPDISCOVER on vtnet0 to 255.255.255.255 port 67 interval 15
Jul  6 04:49:19 fw.rodolfoarce.local dhcp6c[28115]: Sending Solicit
Jul  6 04:49:23 fw.rodolfoarce.local dhclient[10762]: No DHCPOFFERS received.
Jul  6 04:49:23 fw.rodolfoarce.local dhclient[10762]: No working leases in persistent database - sleeping.
Jul  6 00:49:23 fw.rodolfoarce.local dhclient[97544]: FAIL
Jul  6 04:49:38 fw.rodolfoarce.local dhclient[10762]: DHCPDISCOVER on vtnet0 to 255.255.255.255 port 67 interval 2
Jul  6 04:49:40 fw.rodolfoarce.local dhclient[10762]: DHCPDISCOVER on vtnet0 to 255.255.255.255 port 67 interval 5
Jul  6 04:49:45 fw.rodolfoarce.local dhclient[10762]: DHCPDISCOVER on vtnet0 to 255.255.255.255 port 67 interval 13
Jul  6 04:49:58 fw.rodolfoarce.local dhclient[10762]: DHCPDISCOVER on vtnet0 to 255.255.255.255 port 67 interval 9
Jul  6 04:50:00 fw.rodolfoarce.local /usr/sbin/cron[15819]: (root) CMD (/usr/libexec/atrun)
Jul  6 04:50:00 fw.rodolfoarce.local /usr/sbin/cron[15565]: (root) CMD (/usr/sbin/newsyslog)
Jul  6 04:50:07 fw.rodolfoarce.local dhclient[10762]: DHCPDISCOVER on vtnet0 to 255.255.255.255 port 67 interval 20
Jul  6 04:50:27 fw.rodolfoarce.local dhclient[10762]: DHCPDISCOVER on vtnet0 to 255.255.255.255 port 67 interval 8
Jul  6 04:50:35 fw.rodolfoarce.local dhclient[10762]: DHCPDISCOVER on vtnet0 to 255.255.255.255 port 67 interval 4
Jul  6 04:50:39 fw.rodolfoarce.local dhclient[10762]: No DHCPOFFERS received.
Jul  6 04:50:39 fw.rodolfoarce.local dhclient[10762]: No working leases in persistent database - sleeping.
Jul  6 00:50:39 fw.rodolfoarce.local dhclient[17108]: FAIL
Jul  6 04:50:54 fw.rodolfoarce.local dhclient[10762]: DHCPDISCOVER on vtnet0 to 255.255.255.255 port 67 interval 2
Jul  6 04:50:56 fw.rodolfoarce.local dhclient[10762]: DHCPDISCOVER on vtnet0 to 255.255.255.255 port 67 interval 3
Jul  6 04:50:59 fw.rodolfoarce.local dhclient[10762]: DHCPDISCOVER on vtnet0 to 255.255.255.255 port 67 interval 6
Jul  6 04:51:00 fw.rodolfoarce.local /usr/sbin/cron[35001]: (root) CMD (/usr/sbin/newsyslog)
Jul  6 04:51:05 fw.rodolfoarce.local dhclient[10762]: DHCPDISCOVER on vtnet0 to 255.255.255.255 port 67 interval 13
Jul  6 04:51:19 fw.rodolfoarce.local dhclient[10762]: DHCPDISCOVER on vtnet0 to 255.255.255.255 port 67 interval 10
Jul  6 04:51:25 fw.rodolfoarce.local dhcp6c[28115]: Sending Solicit
Jul  6 04:51:29 fw.rodolfoarce.local dhclient[10762]: DHCPDISCOVER on vtnet0 to 255.255.255.255 port 67 interval 11
Jul  6 04:51:40 fw.rodolfoarce.local dhclient[10762]: DHCPDISCOVER on vtnet0 to 255.255.255.255 port 67 interval 15
Jul  6 04:51:55 fw.rodolfoarce.local dhclient[10762]: No DHCPOFFERS received.
Jul  6 04:51:55 fw.rodolfoarce.local dhclient[10762]: No working leases in persistent database - sleeping.
Jul  6 00:51:55 fw.rodolfoarce.local dhclient[36499]: FAIL
Jul  6 04:52:00 fw.rodolfoarce.local /usr/sbin/cron[57193]: (root) CMD (/usr/sbin/newsyslog)
Jul  6 04:52:10 fw.rodolfoarce.local dhclient[10762]: DHCPDISCOVER on vtnet0 to 255.255.255.255 port 67 interval 1
Jul  6 04:52:12 fw.rodolfoarce.local dhclient[10762]: message repeated 2 times: [ DHCPDISCOVER on vtnet0 to 255.255.255.255 port 67 interval 1]
Jul  6 04:52:13 fw.rodolfoarce.local dhclient[10762]: DHCPDISCOVER on vtnet0 to 255.255.255.255 port 67 interval 2
Jul  6 04:52:15 fw.rodolfoarce.local dhclient[10762]: DHCPDISCOVER on vtnet0 to 255.255.255.255 port 67 interval 4
Jul  6 04:52:19 fw.rodolfoarce.local dhclient[10762]: DHCPDISCOVER on vtnet0 to 255.255.255.255 port 67 interval 10
Jul  6 04:52:29 fw.rodolfoarce.local dhclient[10762]: DHCPDISCOVER on vtnet0 to 255.255.255.255 port 67 interval 10
Jul  6 04:52:39 fw.rodolfoarce.local dhclient[10762]: DHCPDISCOVER on vtnet0 to 255.255.255.255 port 67 interval 16
Jul  6 04:52:53 fw.rodolfoarce.local filterlog[32783]: 4,,,1000000103,vtnet0,match,block,in,4,0x0,,49,61524,0,DF,17,udp,64,167.71.160.110,10.255.255.1,46010,53,44
Jul  6 04:52:54 fw.rodolfoarce.local filterlog[32783]: 4,,,1000000103,vtnet0,match,block,in,4,0x0,,49,61543,0,DF,17,udp,75,167.71.160.110,10.255.255.1,46010,53,55
Jul  6 04:52:54 fw.rodolfoarce.local filterlog[32783]: 4,,,1000000103,vtnet0,match,block,in,4,0x0,,49,61604,0,DF,17,udp,64,167.71.160.110,10.255.255.1,46010,53,44
Jul  6 04:52:55 fw.rodolfoarce.local filterlog[32783]: 4,,,1000000103,vtnet0,match,block,in,4,0x0,,49,61679,0,DF,17,udp,75,167.71.160.110,10.255.255.1,46010,53,55
Jul  6 04:52:55 fw.rodolfoarce.local dhclient[10762]: DHCPDISCOVER on vtnet0 to 255.255.255.255 port 67 interval 16
Jul  6 04:52:56 fw.rodolfoarce.local filterlog[32783]: 4,,,1000000103,vtnet0,match,block,in,4,0x0,,49,61929,0,DF,17,udp,64,167.71.160.110,10.255.255.1,46010,53,44
Jul  6 04:52:58 fw.rodolfoarce.local filterlog[32783]: 4,,,1000000103,vtnet0,match,block,in,4,0x0,,49,62040,0,DF,17,udp,75,167.71.160.110,10.255.255.1,46010,53,55
Jul  6 04:53:00 fw.rodolfoarce.local /usr/sbin/cron[57919]: (root) CMD (/usr/sbin/newsyslog)
Jul  6 04:53:00 fw.rodolfoarce.local filterlog[32783]: 4,,,1000000103,vtnet0,match,block,in,4,0x0,,49,62054,0,DF,17,udp,64,167.71.160.110,10.255.255.1,46010,53,44
Jul  6 04:53:02 fw.rodolfoarce.local filterlog[32783]: 4,,,1000000103,vtnet0,match,block,in,4,0x0,,49,62450,0,DF,17,udp,75,167.71.160.110,10.255.255.1,46010,53,55
Jul  6 04:53:04 fw.rodolfoarce.local filterlog[32783]: 4,,,1000000103,vtnet0,match,block,in,4,0x0,,49,62803,0,DF,17,udp,64,167.71.160.110,10.255.255.1,46010,53,44
Jul  6 04:53:06 fw.rodolfoarce.local filterlog[32783]: 4,,,1000000103,vtnet0,match,block,in,4,0x0,,49,63373,0,DF,17,udp,75,167.71.160.110,10.255.255.1,46010,53,55
Jul  6 04:53:09 fw.rodolfoarce.local filterlog[32783]: 4,,,1000000103,vtnet0,match,block,in,4,0x0,,49,63522,0,DF,17,udp,75,167.71.160.110,10.255.255.1,46010,53,55
Jul  6 04:53:09 fw.rodolfoarce.local filterlog[32783]: 4,,,1000000103,vtnet0,match,block,in,4,0x0,,49,63580,0,DF,17,udp,64,167.71.160.110,10.255.255.1,46010,53,44
Jul  6 04:53:10 fw.rodolfoarce.local filterlog[32783]: 4,,,1000000103,vtnet0,match,block,in,4,0x0,,49,63679,0,DF,17,udp,75,167.71.160.110,10.255.255.1,46010,53,55
Jul  6 04:53:10 fw.rodolfoarce.local filterlog[32783]: 4,,,1000000103,vtnet0,match,block,in,4,0x0,,49,63788,0,DF,17,udp,64,167.71.160.110,10.255.255.1,46010,53,44
Jul  6 04:53:11 fw.rodolfoarce.local dhclient[10762]: No DHCPOFFERS received.
Jul  6 04:53:11 fw.rodolfoarce.local dhclient[10762]: No working leases in persistent database - sleeping.
Jul  6 00:53:11 fw.rodolfoarce.local dhclient[75722]: FAIL
Jul  6 04:53:11 fw.rodolfoarce.local filterlog[32783]: 4,,,1000000103,vtnet0,match,block,in,4,0x0,,49,63812,0,DF,17,udp,75,167.71.160.110,10.255.255.1,46010,53,55
Jul  6 04:53:12 fw.rodolfoarce.local filterlog[32783]: 4,,,1000000103,vtnet0,match,block,in,4,0x0,,49,63862,0,DF,17,udp,64,167.71.160.110,10.255.255.1,46010,53,44
Jul  6 04:53:14 fw.rodolfoarce.local filterlog[32783]: 4,,,1000000103,vtnet0,match,block,in,4,0x0,,49,64200,0,DF,17,udp,75,167.71.160.110,10.255.255.1,46010,53,55
Jul  6 04:53:16 fw.rodolfoarce.local filterlog[32783]: 4,,,1000000103,vtnet0,match,block,in,4,0x0,,49,64484,0,DF,17,udp,64,167.71.160.110,10.255.255.1,46010,53,44
Jul  6 04:53:19 fw.rodolfoarce.local filterlog[32783]: 4,,,1000000103,vtnet0,match,block,in,4,0x0,,49,64971,0,DF,17,udp,75,167.71.160.110,10.255.255.1,46010,53,55
Jul  6 04:53:21 fw.rodolfoarce.local filterlog[32783]: 4,,,1000000103,vtnet0,match,block,in,4,0x0,,49,65410,0,DF,17,udp,64,167.71.160.110,10.255.255.1,46010,53,44
Jul  6 04:53:23 fw.rodolfoarce.local filterlog[32783]: 4,,,1000000103,vtnet0,match,block,in,4,0x0,,49,20,0,DF,17,udp,75,167.71.160.110,10.255.255.1,46010,53,55
Jul  6 04:53:26 fw.rodolfoarce.local filterlog[32783]: 4,,,1000000103,vtnet0,match,block,in,4,0x0,,49,146,0,DF,17,udp,75,167.71.160.110,10.255.255.1,46010,53,55
Jul  6 04:53:26 fw.rodolfoarce.local filterlog[32783]: 4,,,1000000103,vtnet0,match,block,in,4,0x0,,49,196,0,DF,17,udp,64,167.71.160.110,10.255.255.1,46010,53,44
Jul  6 04:53:26 fw.rodolfoarce.local dhclient[10762]: DHCPDISCOVER on vtnet0 to 255.255.255.255 port 67 interval 1
Jul  6 04:53:27 fw.rodolfoarce.local filterlog[32783]: 4,,,1000000103,vtnet0,match,block,in,4,0x0,,49,293,0,DF,17,udp,75,167.71.160.110,10.255.255.1,46010,53,55
Jul  6 04:53:27 fw.rodolfoarce.local filterlog[32783]: 4,,,1000000103,vtnet0,match,block,in,4,0x0,,49,464,0,DF,17,udp,64,167.71.160.110,10.255.255.1,46010,53,44
Jul  6 04:53:27 fw.rodolfoarce.local dhclient[10762]: DHCPDISCOVER on vtnet0 to 255.255.255.255 port 67 interval 1
Jul  6 04:53:28 fw.rodolfoarce.local filterlog[32783]: 4,,,1000000103,vtnet0,match,block,in,4,0x0,,49,537,0,DF,17,udp,75,167.71.160.110,10.255.255.1,46010,53,55
Jul  6 04:53:28 fw.rodolfoarce.local dhclient[10762]: DHCPDISCOVER on vtnet0 to 255.255.255.255 port 67 interval 2
Jul  6 04:53:29 fw.rodolfoarce.local dhcp6c[28115]: Sending Solicit
Jul  6 04:53:30 fw.rodolfoarce.local filterlog[32783]: 4,,,1000000103,vtnet0,match,block,in,4,0x0,,49,782,0,DF,17,udp,64,167.71.160.110,10.255.255.1,46010,53,44
Jul  6 04:53:31 fw.rodolfoarce.local dhclient[10762]: DHCPDISCOVER on vtnet0 to 255.255.255.255 port 67 interval 4
Jul  6 04:53:31 fw.rodolfoarce.local filterlog[32783]: 4,,,1000000103,vtnet0,match,block,in,4,0x0,,49,1015,0,DF,17,udp,75,167.71.160.110,10.255.255.1,46010,53,55
Jul  6 04:53:33 fw.rodolfoarce.local filterlog[32783]: 4,,,1000000103,vtnet0,match,block,in,4,0x0,,49,1030,0,DF,17,udp,64,167.71.160.110,10.255.255.1,46010,53,44
Jul  6 04:53:35 fw.rodolfoarce.local dhclient[10762]: DHCPDISCOVER on vtnet0 to 255.255.255.255 port 67 interval 6
Jul  6 04:53:35 fw.rodolfoarce.local filterlog[32783]: 4,,,1000000103,vtnet0,match,block,in,4,0x0,,49,1280,0,DF,17,udp,75,167.71.160.110,10.255.255.1,46010,53,55
Jul  6 04:53:37 fw.rodolfoarce.local filterlog[32783]: 4,,,1000000103,vtnet0,match,block,in,4,0x0,,49,1376,0,DF,17,udp,64,167.71.160.110,10.255.255.1,46010,53,44
Jul  6 04:53:39 fw.rodolfoarce.local filterlog[32783]: 4,,,1000000103,vtnet0,match,block,in,4,0x0,,49,1956,0,DF,17,udp,75,167.71.160.110,10.255.255.1,46010,53,55
Jul  6 04:53:41 fw.rodolfoarce.local dhclient[10762]: DHCPDISCOVER on vtnet0 to 255.255.255.255 port 67 interval 16
Jul  6 04:53:42 fw.rodolfoarce.local filterlog[32783]: 4,,,1000000103,vtnet0,match,block,in,4,0x0,,49,2260,0,DF,17,udp,75,167.71.160.110,10.255.255.1,46010,53,55
Jul  6 04:53:42 fw.rodolfoarce.local filterlog[32783]: 4,,,1000000103,vtnet0,match,block,in,4,0x0,,49,2318,0,DF,17,udp,64,167.71.160.110,10.255.255.1,46010,53,44
Jul  6 04:53:42 fw.rodolfoarce.local filterlog[32783]: 4,,,1000000103,vtnet0,match,block,in,4,0x0,,49,2435,0,DF,17,udp,75,167.71.160.110,10.255.255.1,46010,53,55
Jul  6 04:53:44 fw.rodolfoarce.local filterlog[32783]: 4,,,1000000103,vtnet0,match,block,in,4,0x0,,49,2570,0,DF,17,udp,64,167.71.160.110,10.255.255.1,46010,53,44
Jul  6 04:53:45 fw.rodolfoarce.local filterlog[32783]: 4,,,1000000103,vtnet0,match,block,in,4,0x0,,49,2787,0,DF,17,udp,75,167.71.160.110,10.255.255.1,46010,53,55
Jul  6 04:53:46 fw.rodolfoarce.local filterlog[32783]: 4,,,1000000103,vtnet0,match,block,in,4,0x0,,49,3022,0,DF,17,udp,64,167.71.160.110,10.255.255.1,46010,53,44
Jul  6 04:53:48 fw.rodolfoarce.local filterlog[32783]: 4,,,1000000103,vtnet0,match,block,in,4,0x0,,49,3034,0,DF,17,udp,75,167.71.160.110,10.255.255.1,46010,53,55
Jul  6 04:53:49 fw.rodolfoarce.local filterlog[32783]: 4,,,1000000103,vtnet0,match,block,in,4,0x0,,49,3071,0,DF,17,udp,64,167.71.160.110,10.255.255.1,46010,53,44
Jul  6 04:53:51 fw.rodolfoarce.local filterlog[32783]: 4,,,1000000103,vtnet0,match,block,in,4,0x0,,49,3111,0,DF,17,udp,75,167.71.160.110,10.255.255.1,46010,53,55
Jul  6 04:53:54 fw.rodolfoarce.local filterlog[32783]: 4,,,1000000103,vtnet0,match,block,in,4,0x0,,49,3608,0,DF,17,udp,64,167.71.160.110,10.255.255.1,46010,53,44
Jul  6 04:53:56 fw.rodolfoarce.local filterlog[32783]: 4,,,1000000103,vtnet0,match,block,in,4,0x0,,49,4171,0,DF,17,udp,75,167.71.160.110,10.255.255.1,46010,53,55
Jul  6 04:53:57 fw.rodolfoarce.local dhclient[10762]: DHCPDISCOVER on vtnet0 to 255.255.255.255 port 67 interval 13
Jul  6 04:53:59 fw.rodolfoarce.local filterlog[32783]: 4,,,1000000103,vtnet0,match,block,in,4,0x0,,49,4440,0,DF,17,udp,75,167.71.160.110,10.255.255.1,46010,53,55
Jul  6 04:53:59 fw.rodolfoarce.local filterlog[32783]: 4,,,1000000103,vtnet0,match,block,in,4,0x0,,49,4448,0,DF,17,udp,64,167.71.160.110,10.255.255.1,46010,53,44
Jul  6 04:54:00 fw.rodolfoarce.local /usr/sbin/cron[76092]: (root) CMD (/usr/sbin/newsyslog)
Jul  6 04:54:00 fw.rodolfoarce.local filterlog[32783]: 4,,,1000000103,vtnet0,match,block,in,4,0x0,,49,4542,0,DF,17,udp,75,167.71.160.110,10.255.255.1,46010,53,55
Jul  6 04:54:00 fw.rodolfoarce.local filterlog[32783]: 4,,,1000000103,vtnet0,match,block,in,4,0x0,,49,4638,0,DF,17,udp,64,167.71.160.110,10.255.255.1,46010,53,44
Jul  6 04:54:01 fw.rodolfoarce.local filterlog[32783]: 4,,,1000000103,vtnet0,match,block,in,4,0x0,,49,4844,0,DF,17,udp,75,167.71.160.110,10.255.255.1,46010,53,55
Jul  6 04:54:03 fw.rodolfoarce.local filterlog[32783]: 4,,,1000000103,vtnet0,match,block,in,4,0x0,,49,4905,0,DF,17,udp,64,167.71.160.110,10.255.255.1,46010,53,44
Jul  6 04:54:04 fw.rodolfoarce.local filterlog[32783]: 4,,,1000000103,vtnet0,match,block,in,4,0x0,,49,5019,0,DF,17,udp,75,167.71.160.110,10.255.255.1,46010,53,55
Jul  6 04:54:06 fw.rodolfoarce.local filterlog[32783]: 4,,,1000000103,vtnet0,match,block,in,4,0x0,,49,5250,0,DF,17,udp,64,167.71.160.110,10.255.255.1,46010,53,44
Jul  6 04:54:08 fw.rodolfoarce.local filterlog[32783]: 4,,,1000000103,vtnet0,match,block,in,4,0x0,,49,5588,0,DF,17,udp,75,167.71.160.110,10.255.255.1,46010,53,55
Jul  6 04:54:10 fw.rodolfoarce.local filterlog[32783]: 4,,,1000000103,vtnet0,match,block,in,4,0x0,,49,5892,0,DF,17,udp,64,167.71.160.110,10.255.255.1,46010,53,44
Jul  6 04:54:10 fw.rodolfoarce.local dhclient[10762]: DHCPDISCOVER on vtnet0 to 255.255.255.255 port 67 interval 15
Jul  6 04:54:12 fw.rodolfoarce.local filterlog[32783]: 4,,,1000000103,vtnet0,match,block,in,4,0x0,,49,6263,0,DF,17,udp,75,167.71.160.110,10.255.255.1,46010,53,55
Jul  6 04:54:15 fw.rodolfoarce.local filterlog[32783]: 4,,,1000000103,vtnet0,match,block,in,4,0x0,,49,6497,0,DF,17,udp,75,167.71.160.110,10.255.255.1,46010,53,55
Jul  6 04:54:15 fw.rodolfoarce.local filterlog[32783]: 4,,,1000000103,vtnet0,match,block,in,4,0x0,,49,6540,0,DF,17,udp,64,167.71.160.110,10.255.255.1,46010,53,44
Jul  6 04:54:16 fw.rodolfoarce.local filterlog[32783]: 4,,,1000000103,vtnet0,match,block,in,4,0x0,,49,6594,0,DF,17,udp,75,167.71.160.110,10.255.255.1,46010,53,55
Jul  6 04:54:16 fw.rodolfoarce.local filterlog[32783]: 4,,,1000000103,vtnet0,match,block,in,4,0x0,,49,6759,0,DF,17,udp,64,167.71.160.110,10.255.255.1,46010,53,44
Jul  6 04:54:17 fw.rodolfoarce.local filterlog[32783]: 4,,,1000000103,vtnet0,match,block,in,4,0x0,,49,6856,0,DF,17,udp,75,167.71.160.110,10.255.255.1,46010,53,55
Jul  6 04:54:19 fw.rodolfoarce.local filterlog[32783]: 4,,,1000000103,vtnet0,match,block,in,4,0x0,,49,7049,0,DF,17,udp,64,167.71.160.110,10.255.255.1,46010,53,44
Jul  6 04:54:20 fw.rodolfoarce.local filterlog[32783]: 4,,,1000000103,vtnet0,match,block,in,4,0x0,,49,7253,0,DF,17,udp,75,167.71.160.110,10.255.255.1,46010,53,55
Jul  6 04:54:22 fw.rodolfoarce.local filterlog[32783]: 4,,,1000000103,vtnet0,match,block,in,4,0x0,,49,7602,0,DF,17,udp,64,167.71.160.110,10.255.255.1,46010,53,44
Jul  6 04:54:24 fw.rodolfoarce.local filterlog[32783]: 4,,,1000000103,vtnet0,match,block,in,4,0x0,,49,7796,0,DF,17,udp,75,167.71.160.110,10.255.255.1,46010,53,55
Jul  6 04:54:25 fw.rodolfoarce.local dhclient[10762]: DHCPDISCOVER on vtnet0 to 255.255.255.255 port 67 interval 2
Jul  6 04:54:26 fw.rodolfoarce.local filterlog[32783]: 4,,,1000000103,vtnet0,match,block,in,4,0x0,,49,8052,0,DF,17,udp,64,167.71.160.110,10.255.255.1,46010,53,44
Jul  6 04:54:27 fw.rodolfoarce.local dhclient[10762]: No DHCPOFFERS received.
Jul  6 04:54:27 fw.rodolfoarce.local dhclient[10762]: No working leases in persistent database - sleeping.
Jul  6 00:54:27 fw.rodolfoarce.local dhclient[92722]: FAIL
Jul  6 04:54:29 fw.rodolfoarce.local filterlog[32783]: 4,,,1000000103,vtnet0,match,block,in,4,0x0,,49,8585,0,DF,17,udp,75,167.71.160.110,10.255.255.1,46010,53,55
Jul  6 04:54:42 fw.rodolfoarce.local dhclient[10762]: DHCPDISCOVER on vtnet0 to 255.255.255.255 port 67 interval 1
Jul  6 04:54:43 fw.rodolfoarce.local dhclient[10762]: DHCPDISCOVER on vtnet0 to 255.255.255.255 port 67 interval 2
Jul  6 04:54:45 fw.rodolfoarce.local dhclient[10762]: DHCPDISCOVER on vtnet0 to 255.255.255.255 port 67 interval 3
Jul  6 04:54:52 fw.rodolfoarce.local dhclient[10762]: message repeated 2 times: [ DHCPDISCOVER on vtnet0 to 255.255.255.255 port 67 interval 3]
Jul  6 04:54:55 fw.rodolfoarce.local dhclient[10762]: DHCPDISCOVER on vtnet0 to 255.255.255.255 port 67 interval 6
Jul  6 04:55:00 fw.rodolfoarce.local /usr/sbin/cron[93095]: (root) CMD (/usr/sbin/newsyslog)
Jul  6 04:55:00 fw.rodolfoarce.local /usr/sbin/cron[93377]: (root) CMD (/usr/libexec/atrun)
Jul  6 04:55:01 fw.rodolfoarce.local dhclient[10762]: DHCPDISCOVER on vtnet0 to 255.255.255.255 port 67 interval 11
Jul  6 04:55:12 fw.rodolfoarce.local dhclient[10762]: DHCPDISCOVER on vtnet0 to 255.255.255.255 port 67 interval 7
Jul  6 04:55:19 fw.rodolfoarce.local dhclient[10762]: DHCPDISCOVER on vtnet0 to 255.255.255.255 port 67 interval 15
Jul  6 04:55:21 fw.rodolfoarce.local dhcp6c[28115]: Sending Solicit
Jul  6 04:55:34 fw.rodolfoarce.local dhclient[10762]: DHCPDISCOVER on vtnet0 to 255.255.255.255 port 67 interval 8
Jul  6 04:55:42 fw.rodolfoarce.local dhclient[10762]: DHCPDISCOVER on vtnet0 to 255.255.255.255 port 67 interval 1
Jul  6 04:55:43 fw.rodolfoarce.local dhclient[10762]: No DHCPOFFERS received.
Jul  6 04:55:43 fw.rodolfoarce.local dhclient[10762]: No working leases in persistent database - sleeping.
Jul  6 00:55:43 fw.rodolfoarce.local dhclient[10161]: FAIL
Jul  6 04:55:58 fw.rodolfoarce.local dhclient[10762]: DHCPDISCOVER on vtnet0 to 255.255.255.255 port 67 interval 1
Jul  6 04:55:59 fw.rodolfoarce.local dhclient[10762]: DHCPDISCOVER on vtnet0 to 255.255.255.255 port 67 interval 2
Jul  6 04:56:00 fw.rodolfoarce.local /usr/sbin/cron[10351]: (root) CMD (/usr/sbin/newsyslog)
Jul  6 04:56:01 fw.rodolfoarce.local dhclient[10762]: DHCPDISCOVER on vtnet0 to 255.255.255.255 port 67 interval 2
Jul  6 04:56:03 fw.rodolfoarce.local dhclient[10762]: DHCPDISCOVER on vtnet0 to 255.255.255.255 port 67 interval 2
Jul  6 04:56:05 fw.rodolfoarce.local dhclient[10762]: DHCPDISCOVER on vtnet0 to 255.255.255.255 port 67 interval 5
Jul  6 04:56:10 fw.rodolfoarce.local dhclient[10762]: DHCPDISCOVER on vtnet0 to 255.255.255.255 port 67 interval 13
Jul  6 04:56:23 fw.rodolfoarce.local dhclient[10762]: DHCPDISCOVER on vtnet0 to 255.255.255.255 port 67 interval 15
Jul  6 04:56:39 fw.rodolfoarce.local dhclient[10762]: DHCPDISCOVER on vtnet0 to 255.255.255.255 port 67 interval 8
Jul  6 04:56:47 fw.rodolfoarce.local dhclient[10762]: DHCPDISCOVER on vtnet0 to 255.255.255.255 port 67 interval 8
Jul  6 04:56:55 fw.rodolfoarce.local dhclient[10762]: DHCPDISCOVER on vtnet0 to 255.255.255.255 port 67 interval 4
Jul  6 04:56:59 fw.rodolfoarce.local dhclient[10762]: No DHCPOFFERS received.
Jul  6 04:56:59 fw.rodolfoarce.local dhclient[10762]: No working leases in persistent database - sleeping.
Jul  6 00:56:59 fw.rodolfoarce.local dhclient[30119]: FAIL
Jul  6 04:57:00 fw.rodolfoarce.local /usr/sbin/cron[30508]: (root) CMD (/usr/sbin/newsyslog)
Jul  6 04:57:14 fw.rodolfoarce.local dhclient[10762]: DHCPDISCOVER on vtnet0 to 255.255.255.255 port 67 interval 2
Jul  6 04:57:14 fw.rodolfoarce.local dhcp6c[28115]: Sending Solicit
Jul  6 04:57:16 fw.rodolfoarce.local dhclient[10762]: DHCPDISCOVER on vtnet0 to 255.255.255.255 port 67 interval 3
Jul  6 04:57:19 fw.rodolfoarce.local dhclient[10762]: DHCPDISCOVER on vtnet0 to 255.255.255.255 port 67 interval 8
Jul  6 04:57:27 fw.rodolfoarce.local dhclient[10762]: DHCPDISCOVER on vtnet0 to 255.255.255.255 port 67 interval 11
Jul  6 04:57:38 fw.rodolfoarce.local dhclient[10762]: DHCPDISCOVER on vtnet0 to 255.255.255.255 port 67 interval 13
Jul  6 04:57:51 fw.rodolfoarce.local dhclient[10762]: DHCPDISCOVER on vtnet0 to 255.255.255.255 port 67 interval 13
Jul  6 04:58:00 fw.rodolfoarce.local /usr/sbin/cron[50206]: (root) CMD (/usr/sbin/newsyslog)
Jul  6 04:58:04 fw.rodolfoarce.local dhclient[10762]: DHCPDISCOVER on vtnet0 to 255.255.255.255 port 67 interval 11
Jul  6 04:58:15 fw.rodolfoarce.local dhclient[10762]: No DHCPOFFERS received.
Jul  6 04:58:15 fw.rodolfoarce.local dhclient[10762]: No working leases in persistent database - sleeping.
Jul  6 00:58:15 fw.rodolfoarce.local dhclient[71296]: FAIL
Jul  6 04:58:30 fw.rodolfoarce.local dhclient[10762]: DHCPDISCOVER on vtnet0 to 255.255.255.255 port 67 interval 1
Jul  6 04:58:32 fw.rodolfoarce.local dhclient[10762]: message repeated 2 times: [ DHCPDISCOVER on vtnet0 to 255.255.255.255 port 67 interval 1]
Jul  6 04:58:33 fw.rodolfoarce.local dhclient[10762]: DHCPDISCOVER on vtnet0 to 255.255.255.255 port 67 interval 2
Jul  6 04:58:36 fw.rodolfoarce.local dhclient[10762]: DHCPDISCOVER on vtnet0 to 255.255.255.255 port 67 interval 2
Jul  6 04:58:38 fw.rodolfoarce.local dhclient[10762]: DHCPDISCOVER on vtnet0 to 255.255.255.255 port 67 interval 5
Jul  6 04:58:43 fw.rodolfoarce.local dhclient[10762]: DHCPDISCOVER on vtnet0 to 255.255.255.255 port 67 interval 10
Jul  6 04:58:53 fw.rodolfoarce.local dhclient[10762]: DHCPDISCOVER on vtnet0 to 255.255.255.255 port 67 interval 12
Jul  6 04:59:00 fw.rodolfoarce.local /usr/sbin/cron[71719]: (root) CMD (/usr/sbin/newsyslog)
Jul  6 04:59:05 fw.rodolfoarce.local dhclient[10762]: DHCPDISCOVER on vtnet0 to 255.255.255.255 port 67 interval 11
Jul  6 04:59:14 fw.rodolfoarce.local dhcp6c[28115]: Sending Solicit
Jul  6 04:59:16 fw.rodolfoarce.local dhclient[10762]: DHCPDISCOVER on vtnet0 to 255.255.255.255 port 67 interval 15
Jul  6 04:59:31 fw.rodolfoarce.local dhclient[10762]: No DHCPOFFERS received.
Jul  6 04:59:31 fw.rodolfoarce.local dhclient[10762]: No working leases in persistent database - sleeping.
Jul  6 00:59:31 fw.rodolfoarce.local dhclient[90452]: FAIL
Jul  6 04:59:46 fw.rodolfoarce.local dhclient[10762]: DHCPDISCOVER on vtnet0 to 255.255.255.255 port 67 interval 2
Jul  6 04:59:49 fw.rodolfoarce.local dhclient[10762]: DHCPDISCOVER on vtnet0 to 255.255.255.255 port 67 interval 3
Jul  6 04:59:52 fw.rodolfoarce.local dhclient[10762]: DHCPDISCOVER on vtnet0 to 255.255.255.255 port 67 interval 7
Jul  6 04:59:59 fw.rodolfoarce.local dhclient[10762]: DHCPDISCOVER on vtnet0 to 255.255.255.255 port 67 interval 13
Jul  6 05:00:00 fw.rodolfoarce.local /usr/sbin/cron[91739]: (root) CMD (/usr/sbin/newsyslog)
Jul  6 05:00:00 fw.rodolfoarce.local /usr/sbin/cron[91522]: (root) CMD (/usr/bin/nice -n20 /usr/local/sbin/expiretable -v -t 3600 virusprot)
Jul  6 05:00:12 fw.rodolfoarce.local dhclient[10762]: DHCPDISCOVER on vtnet0 to 255.255.255.255 port 67 interval 14
Jul  6 05:00:26 fw.rodolfoarce.local dhclient[10762]: DHCPDISCOVER on vtnet0 to 255.255.255.255 port 67 interval 15
Jul  6 05:00:41 fw.rodolfoarce.local dhclient[10762]: DHCPDISCOVER on vtnet0 to 255.255.255.255 port 67 interval 6
Jul  6 05:00:47 fw.rodolfoarce.local dhclient[10762]: No DHCPOFFERS received.
Jul  6 05:00:47 fw.rodolfoarce.local dhclient[10762]: No working leases in persistent database - sleeping.
Jul  6 01:00:47 fw.rodolfoarce.local dhclient[11831]: FAIL
Jul  6 05:00:49 fw.rodolfoarce.local filterlog[32783]: 4,,,1000000103,vtnet0,match,block,in,4,0x0,,49,4377,0,DF,17,udp,67,159.65.165.227,10.255.255.1,42937,53,47
Jul  6 05:00:50 fw.rodolfoarce.local filterlog[32783]: 4,,,1000000103,vtnet0,match,block,in,4,0x0,,49,4464,0,DF,17,udp,78,159.65.165.227,10.255.255.1,42937,53,58
Jul  6 05:00:51 fw.rodolfoarce.local filterlog[32783]: 4,,,1000000103,vtnet0,match,block,in,4,0x0,,49,4534,0,DF,17,udp,67,159.65.165.227,10.255.255.1,42937,53,47
Jul  6 05:00:52 fw.rodolfoarce.local filterlog[32783]: 4,,,1000000103,vtnet0,match,block,in,4,0x0,,49,4620,0,DF,17,udp,78,159.65.165.227,10.255.255.1,42937,53,58
Jul  6 05:00:54 fw.rodolfoarce.local filterlog[32783]: 4,,,1000000103,vtnet0,match,block,in,4,0x0,,49,4680,0,DF,17,udp,67,159.65.165.227,10.255.255.1,42937,53,47
Jul  6 05:00:55 fw.rodolfoarce.local filterlog[32783]: 4,,,1000000103,vtnet0,match,block,in,4,0x0,,49,4932,0,DF,17,udp,78,159.65.165.227,10.255.255.1,42937,53,58
Jul  6 05:00:57 fw.rodolfoarce.local filterlog[32783]: 4,,,1000000103,vtnet0,match,block,in,4,0x0,,49,5033,0,DF,17,udp,67,159.65.165.227,10.255.255.1,42937,53,47
Jul  6 05:00:59 fw.rodolfoarce.local filterlog[32783]: 4,,,1000000103,vtnet0,match,block,in,4,0x0,,49,5134,0,DF,17,udp,78,159.65.165.227,10.255.255.1,42937,53,58
Jul  6 05:01:00 fw.rodolfoarce.local /usr/sbin/cron[12186]: (root) CMD (/usr/bin/nice -n20 adjkerntz -a)
Jul  6 05:01:00 fw.rodolfoarce.local /usr/sbin/cron[12264]: (root) CMD (/usr/sbin/newsyslog)
Jul  6 05:01:01 fw.rodolfoarce.local filterlog[32783]: 4,,,1000000103,vtnet0,match,block,in,4,0x0,,49,5606,0,DF,17,udp,67,159.65.165.227,10.255.255.1,42937,53,47
Jul  6 05:01:02 fw.rodolfoarce.local dhclient[10762]: DHCPDISCOVER on vtnet0 to 255.255.255.255 port 67 interval 2
Jul  6 05:01:04 fw.rodolfoarce.local filterlog[32783]: 4,,,1000000103,vtnet0,match,block,in,4,0x0,,49,5741,0,DF,17,udp,78,159.65.165.227,10.255.255.1,42937,53,58
Jul  6 05:01:04 fw.rodolfoarce.local dhclient[10762]: DHCPDISCOVER on vtnet0 to 255.255.255.255 port 67 interval 5
Jul  6 05:01:05 fw.rodolfoarce.local filterlog[32783]: 4,,,1000000103,vtnet0,match,block,in,4,0x0,,49,5859,0,DF,17,udp,67,159.65.165.227,10.255.255.1,42937,53,47
Jul  6 05:01:05 fw.rodolfoarce.local filterlog[32783]: 4,,,1000000103,vtnet0,match,block,in,4,0x0,,49,5928,0,DF,17,udp,78,159.65.165.227,10.255.255.1,42937,53,58
Jul  6 05:01:06 fw.rodolfoarce.local filterlog[32783]: 4,,,1000000103,vtnet0,match,block,in,4,0x0,,49,5961,0,DF,17,udp,67,159.65.165.227,10.255.255.1,42937,53,47
Jul  6 05:01:07 fw.rodolfoarce.local filterlog[32783]: 4,,,1000000103,vtnet0,match,block,in,4,0x0,,49,6143,0,DF,17,udp,78,159.65.165.227,10.255.255.1,42937,53,58
Jul  6 05:01:08 fw.rodolfoarce.local filterlog[32783]: 4,,,1000000103,vtnet0,match,block,in,4,0x0,,49,6412,0,DF,17,udp,67,159.65.165.227,10.255.255.1,42937,53,47
Jul  6 05:01:09 fw.rodolfoarce.local dhclient[10762]: DHCPDISCOVER on vtnet0 to 255.255.255.255 port 67 interval 12
Jul  6 05:01:10 fw.rodolfoarce.local filterlog[32783]: 4,,,1000000103,vtnet0,match,block,in,4,0x0,,49,6629,0,DF,17,udp,78,159.65.165.227,10.255.255.1,42937,53,58
Jul  6 05:01:12 fw.rodolfoarce.local filterlog[32783]: 4,,,1000000103,vtnet0,match,block,in,4,0x0,,49,7117,0,DF,17,udp,67,159.65.165.227,10.255.255.1,42937,53,47
Jul  6 05:01:13 fw.rodolfoarce.local dhcp6c[28115]: Sending Solicit
Jul  6 05:01:14 fw.rodolfoarce.local filterlog[32783]: 4,,,1000000103,vtnet0,match,block,in,4,0x0,,49,7223,0,DF,17,udp,78,159.65.165.227,10.255.255.1,42937,53,58
Jul  6 05:01:17 fw.rodolfoarce.local filterlog[32783]: 4,,,1000000103,vtnet0,match,block,in,4,0x0,,49,7749,0,DF,17,udp,67,159.65.165.227,10.255.255.1,42937,53,47
Jul  6 05:01:19 fw.rodolfoarce.local filterlog[32783]: 4,,,1000000103,vtnet0,match,block,in,4,0x0,,49,8165,0,DF,17,udp,78,159.65.165.227,10.255.255.1,42937,53,58
Jul  6 05:01:21 fw.rodolfoarce.local dhclient[10762]: DHCPDISCOVER on vtnet0 to 255.255.255.255 port 67 interval 20
Jul  6 05:01:22 fw.rodolfoarce.local filterlog[32783]: 4,,,1000000103,vtnet0,match,block,in,4,0x0,,49,8717,0,DF,17,udp,78,159.65.165.227,10.255.255.1,42937,53,58
Jul  6 05:01:22 fw.rodolfoarce.local filterlog[32783]: 4,,,1000000103,vtnet0,match,block,in,4,0x0,,49,8780,0,DF,17,udp,67,159.65.165.227,10.255.255.1,42937,53,47
Jul  6 05:01:23 fw.rodolfoarce.local filterlog[32783]: 4,,,1000000103,vtnet0,match,block,in,4,0x0,,49,8894,0,DF,17,udp,78,159.65.165.227,10.255.255.1,42937,53,58
Jul  6 05:01:23 fw.rodolfoarce.local filterlog[32783]: 4,,,1000000103,vtnet0,match,block,in,4,0x0,,49,8940,0,DF,17,udp,67,159.65.165.227,10.255.255.1,42937,53,47
Jul  6 05:01:24 fw.rodolfoarce.local filterlog[32783]: 4,,,1000000103,vtnet0,match,block,in,4,0x0,,49,8985,0,DF,17,udp,78,159.65.165.227,10.255.255.1,42937,53,58
Jul  6 05:01:25 fw.rodolfoarce.local filterlog[32783]: 4,,,1000000103,vtnet0,match,block,in,4,0x0,,49,9249,0,DF,17,udp,67,159.65.165.227,10.255.255.1,42937,53,47
Jul  6 05:01:27 fw.rodolfoarce.local filterlog[32783]: 4,,,1000000103,vtnet0,match,block,in,4,0x0,,49,9462,0,DF,17,udp,78,159.65.165.227,10.255.255.1,42937,53,58
Jul  6 05:01:28 fw.rodolfoarce.local filterlog[32783]: 4,,,1000000103,vtnet0,match,block,in,4,0x0,,49,9869,0,DF,17,udp,67,159.65.165.227,10.255.255.1,42937,53,47
Jul  6 05:01:30 fw.rodolfoarce.local filterlog[32783]: 4,,,1000000103,vtnet0,match,block,in,4,0x0,,49,9931,0,DF,17,udp,78,159.65.165.227,10.255.255.1,42937,53,58
Jul  6 05:01:33 fw.rodolfoarce.local filterlog[32783]: 4,,,1000000103,vtnet0,match,block,in,4,0x0,,49,10445,0,DF,17,udp,67,159.65.165.227,10.255.255.1,42937,53,47
Jul  6 05:01:35 fw.rodolfoarce.local filterlog[32783]: 4,,,1000000103,vtnet0,match,block,in,4,0x0,,49,10467,0,DF,17,udp,78,159.65.165.227,10.255.255.1,42937,53,58
Jul  6 05:01:42 fw.rodolfoarce.local dhclient[10762]: DHCPDISCOVER on vtnet0 to 255.255.255.255 port 67 interval 10
Jul  6 05:01:52 fw.rodolfoarce.local dhclient[10762]: DHCPDISCOVER on vtnet0 to 255.255.255.255 port 67 interval 10
Jul  6 05:02:00 fw.rodolfoarce.local /usr/sbin/cron[31329]: (root) CMD (/usr/sbin/newsyslog)
Jul  6 05:02:02 fw.rodolfoarce.local dhclient[10762]: DHCPDISCOVER on vtnet0 to 255.255.255.255 port 67 interval 1
Jul  6 05:02:03 fw.rodolfoarce.local dhclient[10762]: No DHCPOFFERS received.
Jul  6 05:02:03 fw.rodolfoarce.local dhclient[10762]: No working leases in persistent database - sleeping.
Jul  6 01:02:03 fw.rodolfoarce.local dhclient[32391]: FAIL
Jul  6 05:02:18 fw.rodolfoarce.local dhclient[10762]: DHCPDISCOVER on vtnet0 to 255.255.255.255 port 67 interval 1
