Jul 10 01:50:00 fw.rodolfoarce.local /usr/sbin/cron[53647]: (root) CMD (/usr/libexec/atrun)
Jul 10 01:50:10 fw.rodolfoarce.local dhclient[10762]: DHCPDISCOVER on vtnet0 to 255.255.255.255 port 67 interval 14
Jul 10 01:50:24 fw.rodolfoarce.local dhclient[10762]: DHCPDISCOVER on vtnet0 to 255.255.255.255 port 67 interval 13
Jul 10 01:50:37 fw.rodolfoarce.local dhclient[10762]: DHCPDISCOVER on vtnet0 to 255.255.255.255 port 67 interval 4
Jul 10 01:50:39 fw.rodolfoarce.local filterlog[32783]: 4,,,1000000103,vtnet0,match,block,in,4,0x0,,37,35714,0,none,17,udp,73,167.94.138.130,10.255.255.1,7641,53,53
Jul 10 01:50:41 fw.rodolfoarce.local dhclient[10762]: No DHCPOFFERS received.
Jul 10 01:50:41 fw.rodolfoarce.local dhclient[10762]: No working leases in persistent database - sleeping.
Jul  9 21:50:41 fw.rodolfoarce.local dhclient[72888]: FAIL
Jul 10 01:50:56 fw.rodolfoarce.local dhclient[10762]: DHCPDISCOVER on vtnet0 to 255.255.255.255 port 67 interval 1
Jul 10 01:50:57 fw.rodolfoarce.local dhclient[10762]: DHCPDISCOVER on vtnet0 to 255.255.255.255 port 67 interval 1
Jul 10 01:50:58 fw.rodolfoarce.local dhclient[10762]: DHCPDISCOVER on vtnet0 to 255.255.255.255 port 67 interval 2
Jul 10 01:51:00 fw.rodolfoarce.local /usr/sbin/cron[73346]: (root) CMD (/usr/sbin/newsyslog)
Jul 10 01:51:00 fw.rodolfoarce.local dhclient[10762]: DHCPDISCOVER on vtnet0 to 255.255.255.255 port 67 interval 3
Jul 10 01:51:03 fw.rodolfoarce.local dhclient[10762]: DHCPDISCOVER on vtnet0 to 255.255.255.255 port 67 interval 7
Jul 10 01:51:10 fw.rodolfoarce.local dhclient[10762]: DHCPDISCOVER on vtnet0 to 255.255.255.255 port 67 interval 20
Jul 10 01:51:30 fw.rodolfoarce.local dhclient[10762]: DHCPDISCOVER on vtnet0 to 255.255.255.255 port 67 interval 9
Jul 10 01:51:36 fw.rodolfoarce.local dhcp6c[28115]: Sending Solicit
Jul 10 01:51:39 fw.rodolfoarce.local dhclient[10762]: DHCPDISCOVER on vtnet0 to 255.255.255.255 port 67 interval 18
Jul 10 01:51:57 fw.rodolfoarce.local dhclient[10762]: No DHCPOFFERS received.
Jul 10 01:51:57 fw.rodolfoarce.local dhclient[10762]: No working leases in persistent database - sleeping.
Jul  9 21:51:57 fw.rodolfoarce.local dhclient[91652]: FAIL
Jul 10 01:52:00 fw.rodolfoarce.local /usr/sbin/cron[92109]: (root) CMD (/usr/sbin/newsyslog)
Jul 10 01:52:12 fw.rodolfoarce.local dhclient[10762]: DHCPDISCOVER on vtnet0 to 255.255.255.255 port 67 interval 2
Jul 10 01:52:14 fw.rodolfoarce.local dhclient[10762]: DHCPDISCOVER on vtnet0 to 255.255.255.255 port 67 interval 5
Jul 10 01:52:20 fw.rodolfoarce.local dhclient[10762]: DHCPDISCOVER on vtnet0 to 255.255.255.255 port 67 interval 11
Jul 10 01:52:31 fw.rodolfoarce.local dhclient[10762]: DHCPDISCOVER on vtnet0 to 255.255.255.255 port 67 interval 10
Jul 10 01:52:41 fw.rodolfoarce.local dhclient[10762]: DHCPDISCOVER on vtnet0 to 255.255.255.255 port 67 interval 9
Jul 10 01:52:50 fw.rodolfoarce.local dhclient[10762]: DHCPDISCOVER on vtnet0 to 255.255.255.255 port 67 interval 21
Jul 10 01:53:00 fw.rodolfoarce.local /usr/sbin/cron[8574]: (root) CMD (/usr/sbin/newsyslog)
Jul 10 01:53:11 fw.rodolfoarce.local dhclient[10762]: DHCPDISCOVER on vtnet0 to 255.255.255.255 port 67 interval 2
Jul 10 01:53:13 fw.rodolfoarce.local dhclient[10762]: No DHCPOFFERS received.
Jul 10 01:53:13 fw.rodolfoarce.local dhclient[10762]: No working leases in persistent database - sleeping.
Jul  9 21:53:13 fw.rodolfoarce.local dhclient[9340]: FAIL
Jul 10 01:53:27 fw.rodolfoarce.local dhcp6c[28115]: Sending Solicit
Jul 10 01:53:28 fw.rodolfoarce.local dhclient[10762]: DHCPDISCOVER on vtnet0 to 255.255.255.255 port 67 interval 2
Jul 10 01:53:30 fw.rodolfoarce.local dhclient[10762]: DHCPDISCOVER on vtnet0 to 255.255.255.255 port 67 interval 5
Jul 10 01:53:35 fw.rodolfoarce.local dhclient[10762]: DHCPDISCOVER on vtnet0 to 255.255.255.255 port 67 interval 9
Jul 10 01:53:45 fw.rodolfoarce.local dhclient[10762]: DHCPDISCOVER on vtnet0 to 255.255.255.255 port 67 interval 11
Jul 10 01:53:56 fw.rodolfoarce.local dhclient[10762]: DHCPDISCOVER on vtnet0 to 255.255.255.255 port 67 interval 21
Jul 10 01:54:00 fw.rodolfoarce.local /usr/sbin/cron[27580]: (root) CMD (/usr/sbin/newsyslog)
Jul 10 01:54:17 fw.rodolfoarce.local dhclient[10762]: DHCPDISCOVER on vtnet0 to 255.255.255.255 port 67 interval 7
Jul 10 01:54:24 fw.rodolfoarce.local dhclient[10762]: DHCPDISCOVER on vtnet0 to 255.255.255.255 port 67 interval 5
Jul 10 01:54:29 fw.rodolfoarce.local dhclient[10762]: No DHCPOFFERS received.
Jul 10 01:54:29 fw.rodolfoarce.local dhclient[10762]: No working leases in persistent database - sleeping.
Jul  9 21:54:29 fw.rodolfoarce.local dhclient[46438]: FAIL
Jul 10 01:54:44 fw.rodolfoarce.local dhclient[10762]: DHCPDISCOVER on vtnet0 to 255.255.255.255 port 67 interval 1
Jul 10 01:54:45 fw.rodolfoarce.local dhclient[10762]: DHCPDISCOVER on vtnet0 to 255.255.255.255 port 67 interval 2
Jul 10 01:54:47 fw.rodolfoarce.local dhclient[10762]: DHCPDISCOVER on vtnet0 to 255.255.255.255 port 67 interval 5
Jul 10 01:54:52 fw.rodolfoarce.local dhclient[10762]: DHCPDISCOVER on vtnet0 to 255.255.255.255 port 67 interval 14
Jul 10 01:55:00 fw.rodolfoarce.local /usr/sbin/cron[47422]: (root) CMD (/usr/libexec/atrun)
Jul 10 01:55:00 fw.rodolfoarce.local /usr/sbin/cron[47083]: (root) CMD (/usr/sbin/newsyslog)
Jul 10 01:55:06 fw.rodolfoarce.local dhclient[10762]: DHCPDISCOVER on vtnet0 to 255.255.255.255 port 67 interval 17
Jul 10 01:55:15 fw.rodolfoarce.local dhcp6c[28115]: Sending Solicit
Jul 10 01:55:24 fw.rodolfoarce.local dhclient[10762]: DHCPDISCOVER on vtnet0 to 255.255.255.255 port 67 interval 10
Jul 10 01:55:34 fw.rodolfoarce.local dhclient[10762]: DHCPDISCOVER on vtnet0 to 255.255.255.255 port 67 interval 11
Jul 10 01:55:45 fw.rodolfoarce.local dhclient[10762]: No DHCPOFFERS received.
Jul 10 01:55:45 fw.rodolfoarce.local dhclient[10762]: No working leases in persistent database - sleeping.
Jul  9 21:55:45 fw.rodolfoarce.local dhclient[66023]: FAIL
Jul 10 01:56:00 fw.rodolfoarce.local /usr/sbin/cron[66219]: (root) CMD (/usr/sbin/newsyslog)
Jul 10 01:56:00 fw.rodolfoarce.local dhclient[10762]: DHCPDISCOVER on vtnet0 to 255.255.255.255 port 67 interval 2
Jul 10 01:56:02 fw.rodolfoarce.local dhclient[10762]: DHCPDISCOVER on vtnet0 to 255.255.255.255 port 67 interval 4
Jul 10 01:56:06 fw.rodolfoarce.local dhclient[10762]: DHCPDISCOVER on vtnet0 to 255.255.255.255 port 67 interval 8
Jul 10 01:56:14 fw.rodolfoarce.local dhclient[10762]: DHCPDISCOVER on vtnet0 to 255.255.255.255 port 67 interval 19
Jul 10 01:56:33 fw.rodolfoarce.local dhclient[10762]: DHCPDISCOVER on vtnet0 to 255.255.255.255 port 67 interval 12
Jul 10 01:56:45 fw.rodolfoarce.local dhclient[10762]: DHCPDISCOVER on vtnet0 to 255.255.255.255 port 67 interval 11
Jul 10 01:56:56 fw.rodolfoarce.local dhclient[10762]: DHCPDISCOVER on vtnet0 to 255.255.255.255 port 67 interval 5
Jul 10 01:57:00 fw.rodolfoarce.local /usr/sbin/cron[86976]: (root) CMD (/usr/sbin/newsyslog)
Jul 10 01:57:02 fw.rodolfoarce.local dhclient[10762]: No DHCPOFFERS received.
Jul 10 01:57:02 fw.rodolfoarce.local dhclient[10762]: No working leases in persistent database - sleeping.
Jul  9 21:57:02 fw.rodolfoarce.local dhclient[87588]: FAIL
Jul 10 01:57:11 fw.rodolfoarce.local dhcp6c[28115]: Sending Solicit
Jul 10 01:57:17 fw.rodolfoarce.local dhclient[10762]: DHCPDISCOVER on vtnet0 to 255.255.255.255 port 67 interval 2
Jul 10 01:57:19 fw.rodolfoarce.local dhclient[10762]: DHCPDISCOVER on vtnet0 to 255.255.255.255 port 67 interval 5
Jul 10 01:57:24 fw.rodolfoarce.local dhclient[10762]: DHCPDISCOVER on vtnet0 to 255.255.255.255 port 67 interval 10
Jul 10 01:57:34 fw.rodolfoarce.local dhclient[10762]: DHCPDISCOVER on vtnet0 to 255.255.255.255 port 67 interval 13
Jul 10 01:57:47 fw.rodolfoarce.local dhclient[10762]: DHCPDISCOVER on vtnet0 to 255.255.255.255 port 67 interval 12
Jul 10 01:57:59 fw.rodolfoarce.local dhclient[10762]: DHCPDISCOVER on vtnet0 to 255.255.255.255 port 67 interval 9
Jul 10 01:58:00 fw.rodolfoarce.local /usr/sbin/cron[4396]: (root) CMD (/usr/sbin/newsyslog)
Jul 10 01:58:08 fw.rodolfoarce.local dhclient[10762]: DHCPDISCOVER on vtnet0 to 255.255.255.255 port 67 interval 10
Jul 10 01:58:18 fw.rodolfoarce.local dhclient[10762]: No DHCPOFFERS received.
Jul 10 01:58:18 fw.rodolfoarce.local dhclient[10762]: No working leases in persistent database - sleeping.
Jul  9 21:58:18 fw.rodolfoarce.local dhclient[5551]: FAIL
Jul 10 01:58:33 fw.rodolfoarce.local dhclient[10762]: DHCPDISCOVER on vtnet0 to 255.255.255.255 port 67 interval 1
Jul 10 01:58:34 fw.rodolfoarce.local dhclient[10762]: DHCPDISCOVER on vtnet0 to 255.255.255.255 port 67 interval 2
Jul 10 01:58:36 fw.rodolfoarce.local dhclient[10762]: DHCPDISCOVER on vtnet0 to 255.255.255.255 port 67 interval 3
Jul 10 01:58:39 fw.rodolfoarce.local dhclient[10762]: DHCPDISCOVER on vtnet0 to 255.255.255.255 port 67 interval 5
Jul 10 01:58:44 fw.rodolfoarce.local dhclient[10762]: DHCPDISCOVER on vtnet0 to 255.255.255.255 port 67 interval 12
Jul 10 01:58:56 fw.rodolfoarce.local dhclient[10762]: DHCPDISCOVER on vtnet0 to 255.255.255.255 port 67 interval 13
Jul 10 01:59:00 fw.rodolfoarce.local /usr/sbin/cron[24675]: (root) CMD (/usr/sbin/newsyslog)
Jul 10 01:59:09 fw.rodolfoarce.local dhcp6c[28115]: Sending Solicit
Jul 10 01:59:09 fw.rodolfoarce.local dhclient[10762]: DHCPDISCOVER on vtnet0 to 255.255.255.255 port 67 interval 15
Jul 10 01:59:24 fw.rodolfoarce.local dhclient[10762]: DHCPDISCOVER on vtnet0 to 255.255.255.255 port 67 interval 10
Jul 10 01:59:34 fw.rodolfoarce.local dhclient[10762]: No DHCPOFFERS received.
Jul 10 01:59:34 fw.rodolfoarce.local dhclient[10762]: No working leases in persistent database - sleeping.
Jul  9 21:59:34 fw.rodolfoarce.local dhclient[41755]: FAIL
Jul 10 01:59:49 fw.rodolfoarce.local dhclient[10762]: DHCPDISCOVER on vtnet0 to 255.255.255.255 port 67 interval 2
Jul 10 01:59:52 fw.rodolfoarce.local dhclient[10762]: DHCPDISCOVER on vtnet0 to 255.255.255.255 port 67 interval 5
Jul 10 01:59:57 fw.rodolfoarce.local dhclient[10762]: DHCPDISCOVER on vtnet0 to 255.255.255.255 port 67 interval 10
Jul 10 02:00:00 fw.rodolfoarce.local /usr/sbin/cron[42728]: (root) CMD (/usr/sbin/newsyslog)
Jul 10 02:00:00 fw.rodolfoarce.local /usr/sbin/cron[42713]: (root) CMD (/usr/bin/nice -n20 /usr/local/sbin/expiretable -v -t 3600 virusprot)
Jul 10 02:00:00 fw.rodolfoarce.local /usr/sbin/cron[43073]: (root) CMD (/usr/libexec/atrun)
Jul 10 02:00:07 fw.rodolfoarce.local dhclient[10762]: DHCPDISCOVER on vtnet0 to 255.255.255.255 port 67 interval 12
Jul 10 02:00:19 fw.rodolfoarce.local dhclient[10762]: DHCPDISCOVER on vtnet0 to 255.255.255.255 port 67 interval 16
Jul 10 02:00:35 fw.rodolfoarce.local dhclient[10762]: DHCPDISCOVER on vtnet0 to 255.255.255.255 port 67 interval 8
Jul 10 02:00:43 fw.rodolfoarce.local dhclient[10762]: DHCPDISCOVER on vtnet0 to 255.255.255.255 port 67 interval 7
Jul 10 02:00:50 fw.rodolfoarce.local dhclient[10762]: No DHCPOFFERS received.
Jul 10 02:00:50 fw.rodolfoarce.local dhclient[10762]: No working leases in persistent database - sleeping.
Jul  9 22:00:50 fw.rodolfoarce.local dhclient[62914]: FAIL
Jul 10 02:00:58 fw.rodolfoarce.local dhcp6c[28115]: Sending Solicit
Jul 10 02:01:00 fw.rodolfoarce.local /usr/sbin/cron[63467]: (root) CMD (/usr/bin/nice -n20 adjkerntz -a)
Jul 10 02:01:00 fw.rodolfoarce.local /usr/sbin/cron[63504]: (root) CMD (/usr/sbin/newsyslog)
Jul 10 02:01:05 fw.rodolfoarce.local dhclient[10762]: DHCPDISCOVER on vtnet0 to 255.255.255.255 port 67 interval 1
Jul 10 02:01:06 fw.rodolfoarce.local dhclient[10762]: DHCPDISCOVER on vtnet0 to 255.255.255.255 port 67 interval 2
Jul 10 02:01:08 fw.rodolfoarce.local dhclient[10762]: DHCPDISCOVER on vtnet0 to 255.255.255.255 port 67 interval 5
Jul 10 02:01:13 fw.rodolfoarce.local dhclient[10762]: DHCPDISCOVER on vtnet0 to 255.255.255.255 port 67 interval 14
Jul 10 02:01:27 fw.rodolfoarce.local dhclient[10762]: DHCPDISCOVER on vtnet0 to 255.255.255.255 port 67 interval 11
Jul 10 02:01:38 fw.rodolfoarce.local dhclient[10762]: DHCPDISCOVER on vtnet0 to 255.255.255.255 port 67 interval 14
Jul 10 02:01:52 fw.rodolfoarce.local dhclient[10762]: DHCPDISCOVER on vtnet0 to 255.255.255.255 port 67 interval 14
Jul 10 02:02:00 fw.rodolfoarce.local /usr/sbin/cron[80302]: (root) CMD (/usr/sbin/newsyslog)
Jul 10 02:02:07 fw.rodolfoarce.local dhclient[10762]: No DHCPOFFERS received.
Jul 10 02:02:07 fw.rodolfoarce.local dhclient[10762]: No working leases in persistent database - sleeping.
Jul  9 22:02:07 fw.rodolfoarce.local dhclient[81087]: FAIL
Jul 10 02:02:22 fw.rodolfoarce.local dhclient[10762]: DHCPDISCOVER on vtnet0 to 255.255.255.255 port 67 interval 2
Jul 10 02:02:24 fw.rodolfoarce.local dhclient[10762]: DHCPDISCOVER on vtnet0 to 255.255.255.255 port 67 interval 2
Jul 10 02:02:26 fw.rodolfoarce.local dhclient[10762]: DHCPDISCOVER on vtnet0 to 255.255.255.255 port 67 interval 3
Jul 10 02:02:29 fw.rodolfoarce.local dhclient[10762]: DHCPDISCOVER on vtnet0 to 255.255.255.255 port 67 interval 8
Jul 10 02:02:37 fw.rodolfoarce.local dhclient[10762]: DHCPDISCOVER on vtnet0 to 255.255.255.255 port 67 interval 8
Jul 10 02:02:45 fw.rodolfoarce.local dhclient[10762]: DHCPDISCOVER on vtnet0 to 255.255.255.255 port 67 interval 21
Jul 10 02:02:59 fw.rodolfoarce.local dhcp6c[28115]: Sending Solicit
Jul 10 02:03:00 fw.rodolfoarce.local /usr/sbin/cron[947]: (root) CMD (/usr/sbin/newsyslog)
Jul 10 02:03:06 fw.rodolfoarce.local dhclient[10762]: DHCPDISCOVER on vtnet0 to 255.255.255.255 port 67 interval 9
Jul 10 02:03:15 fw.rodolfoarce.local dhclient[10762]: DHCPDISCOVER on vtnet0 to 255.255.255.255 port 67 interval 8
Jul 10 02:03:23 fw.rodolfoarce.local dhclient[10762]: No DHCPOFFERS received.
Jul 10 02:03:23 fw.rodolfoarce.local dhclient[10762]: No working leases in persistent database - sleeping.
Jul  9 22:03:23 fw.rodolfoarce.local dhclient[1649]: FAIL
Jul 10 02:03:38 fw.rodolfoarce.local dhclient[10762]: DHCPDISCOVER on vtnet0 to 255.255.255.255 port 67 interval 2
Jul 10 02:03:40 fw.rodolfoarce.local dhclient[10762]: DHCPDISCOVER on vtnet0 to 255.255.255.255 port 67 interval 4
Jul 10 02:03:44 fw.rodolfoarce.local dhclient[10762]: DHCPDISCOVER on vtnet0 to 255.255.255.255 port 67 interval 5
Jul 10 02:03:50 fw.rodolfoarce.local dhclient[10762]: DHCPDISCOVER on vtnet0 to 255.255.255.255 port 67 interval 14
Jul 10 02:04:00 fw.rodolfoarce.local /usr/sbin/cron[19255]: (root) CMD (/usr/sbin/newsyslog)
Jul 10 02:04:04 fw.rodolfoarce.local dhclient[10762]: DHCPDISCOVER on vtnet0 to 255.255.255.255 port 67 interval 12
Jul 10 02:04:16 fw.rodolfoarce.local dhclient[10762]: DHCPDISCOVER on vtnet0 to 255.255.255.255 port 67 interval 9
Jul 10 02:04:25 fw.rodolfoarce.local dhclient[10762]: DHCPDISCOVER on vtnet0 to 255.255.255.255 port 67 interval 14
Jul 10 02:04:39 fw.rodolfoarce.local dhclient[10762]: No DHCPOFFERS received.
Jul 10 02:04:39 fw.rodolfoarce.local dhclient[10762]: No working leases in persistent database - sleeping.
Jul  9 22:04:39 fw.rodolfoarce.local dhclient[38598]: FAIL
Jul 10 02:04:54 fw.rodolfoarce.local dhclient[10762]: DHCPDISCOVER on vtnet0 to 255.255.255.255 port 67 interval 1
Jul 10 02:04:56 fw.rodolfoarce.local dhclient[10762]: message repeated 2 times: [ DHCPDISCOVER on vtnet0 to 255.255.255.255 port 67 interval 1]
Jul 10 02:04:57 fw.rodolfoarce.local dhclient[10762]: DHCPDISCOVER on vtnet0 to 255.255.255.255 port 67 interval 2
Jul 10 02:04:59 fw.rodolfoarce.local dhclient[10762]: DHCPDISCOVER on vtnet0 to 255.255.255.255 port 67 interval 5
Jul 10 02:05:00 fw.rodolfoarce.local /usr/sbin/cron[39460]: (root) CMD (/usr/libexec/atrun)
Jul 10 02:05:00 fw.rodolfoarce.local /usr/sbin/cron[39159]: (root) CMD (/usr/sbin/newsyslog)
Jul 10 02:05:04 fw.rodolfoarce.local dhclient[10762]: DHCPDISCOVER on vtnet0 to 255.255.255.255 port 67 interval 11
Jul 10 02:05:11 fw.rodolfoarce.local dhcp6c[28115]: Sending Solicit
Jul 10 02:05:15 fw.rodolfoarce.local dhclient[10762]: DHCPDISCOVER on vtnet0 to 255.255.255.255 port 67 interval 14
Jul 10 02:05:29 fw.rodolfoarce.local dhclient[10762]: DHCPDISCOVER on vtnet0 to 255.255.255.255 port 67 interval 15
Jul 10 02:05:31 fw.rodolfoarce.local filterlog[32783]: 4,,,1000000103,vtnet0,match,block,in,4,0x0,,232,14801,0,none,17,udp,75,54.224.186.140,10.255.255.1,12346,53,55
Jul 10 02:05:33 fw.rodolfoarce.local filterlog[32783]: 4,,,1000000103,vtnet0,match,block,in,4,0x0,,238,14826,0,none,17,udp,75,54.224.186.140,10.255.255.1,58784,53,55
Jul 10 02:05:36 fw.rodolfoarce.local filterlog[32783]: 4,,,1000000103,vtnet0,match,block,in,4,0x0,,237,15017,0,none,17,udp,75,54.224.186.140,10.255.255.1,35479,53,55
Jul 10 02:05:40 fw.rodolfoarce.local filterlog[32783]: 4,,,1000000103,vtnet0,match,block,in,4,0x0,,232,15397,0,none,17,udp,75,54.224.186.140,10.255.255.1,7351,53,55
Jul 10 02:05:44 fw.rodolfoarce.local dhclient[10762]: DHCPDISCOVER on vtnet0 to 255.255.255.255 port 67 interval 11
Jul 10 02:05:45 fw.rodolfoarce.local filterlog[32783]: 4,,,1000000103,vtnet0,match,block,in,4,0x0,,232,15553,0,none,17,udp,75,54.224.186.140,10.255.255.1,61822,53,55
Jul 10 02:05:55 fw.rodolfoarce.local filterlog[32783]: 4,,,1000000103,vtnet0,match,block,in,4,0x0,,238,16164,0,none,17,udp,75,54.224.186.140,10.255.255.1,12372,53,55
Jul 10 02:05:55 fw.rodolfoarce.local dhclient[10762]: No DHCPOFFERS received.
Jul 10 02:05:55 fw.rodolfoarce.local dhclient[10762]: No working leases in persistent database - sleeping.
Jul  9 22:05:55 fw.rodolfoarce.local dhclient[57961]: FAIL
Jul 10 02:06:00 fw.rodolfoarce.local /usr/sbin/cron[58320]: (root) CMD (/usr/sbin/newsyslog)
Jul 10 02:06:00 fw.rodolfoarce.local filterlog[32783]: 4,,,1000000103,vtnet0,match,block,in,4,0x0,,240,44519,0,none,17,udp,75,54.81.96.61,10.255.255.1,41145,53,55
Jul 10 02:06:03 fw.rodolfoarce.local filterlog[32783]: 4,,,1000000103,vtnet0,match,block,in,4,0x0,,240,44581,0,none,17,udp,75,54.81.96.61,10.255.255.1,63498,53,55
Jul 10 02:06:05 fw.rodolfoarce.local filterlog[32783]: 4,,,1000000103,vtnet0,match,block,in,4,0x0,,240,44798,0,none,17,udp,75,54.81.96.61,10.255.255.1,58459,53,55
Jul 10 02:06:10 fw.rodolfoarce.local filterlog[32783]: 4,,,1000000103,vtnet0,match,block,in,4,0x0,,240,44851,0,none,17,udp,75,54.81.96.61,10.255.255.1,37242,53,55
Jul 10 02:06:10 fw.rodolfoarce.local dhclient[10762]: DHCPDISCOVER on vtnet0 to 255.255.255.255 port 67 interval 1
Jul 10 02:06:12 fw.rodolfoarce.local dhclient[10762]: DHCPDISCOVER on vtnet0 to 255.255.255.255 port 67 interval 2
Jul 10 02:06:14 fw.rodolfoarce.local dhclient[10762]: DHCPDISCOVER on vtnet0 to 255.255.255.255 port 67 interval 3
Jul 10 02:06:14 fw.rodolfoarce.local filterlog[32783]: 4,,,1000000103,vtnet0,match,block,in,4,0x0,,240,45176,0,none,17,udp,75,54.81.96.61,10.255.255.1,29775,53,55
Jul 10 02:06:17 fw.rodolfoarce.local dhclient[10762]: DHCPDISCOVER on vtnet0 to 255.255.255.255 port 67 interval 5
Jul 10 02:06:22 fw.rodolfoarce.local dhclient[10762]: DHCPDISCOVER on vtnet0 to 255.255.255.255 port 67 interval 13
Jul 10 02:06:24 fw.rodolfoarce.local filterlog[32783]: 4,,,1000000103,vtnet0,match,block,in,4,0x0,,240,45614,0,none,17,udp,75,54.81.96.61,10.255.255.1,14644,53,55
Jul 10 02:06:30 fw.rodolfoarce.local filterlog[32783]: 4,,,1000000103,vtnet0,match,block,in,4,0x0,,240,59060,0,none,17,udp,75,34.228.239.83,10.255.255.1,35929,53,55
Jul 10 02:06:32 fw.rodolfoarce.local filterlog[32783]: 4,,,1000000103,vtnet0,match,block,in,4,0x0,,240,59128,0,none,17,udp,75,34.228.239.83,10.255.255.1,44557,53,55
Jul 10 02:06:34 fw.rodolfoarce.local filterlog[32783]: 4,,,1000000103,vtnet0,match,block,in,4,0x0,,240,59317,0,none,17,udp,75,34.228.239.83,10.255.255.1,42017,53,55
Jul 10 02:06:35 fw.rodolfoarce.local dhclient[10762]: DHCPDISCOVER on vtnet0 to 255.255.255.255 port 67 interval 21
Jul 10 02:06:39 fw.rodolfoarce.local filterlog[32783]: 4,,,1000000103,vtnet0,match,block,in,4,0x0,,240,59711,0,none,17,udp,75,34.228.239.83,10.255.255.1,4221,53,55
Jul 10 02:06:44 fw.rodolfoarce.local filterlog[32783]: 4,,,1000000103,vtnet0,match,block,in,4,0x0,,240,60101,0,none,17,udp,75,34.228.239.83,10.255.255.1,21739,53,55
Jul 10 02:06:54 fw.rodolfoarce.local filterlog[32783]: 4,,,1000000103,vtnet0,match,block,in,4,0x0,,240,60616,0,none,17,udp,75,34.228.239.83,10.255.255.1,49045,53,55
Jul 10 02:06:56 fw.rodolfoarce.local dhclient[10762]: DHCPDISCOVER on vtnet0 to 255.255.255.255 port 67 interval 15
Jul 10 02:07:00 fw.rodolfoarce.local /usr/sbin/cron[78180]: (root) CMD (/usr/sbin/newsyslog)
Jul 10 02:07:00 fw.rodolfoarce.local dhcp6c[28115]: Sending Solicit
Jul 10 02:07:01 fw.rodolfoarce.local filterlog[32783]: 4,,,1000000103,vtnet0,match,block,in,4,0x0,,238,18279,0,none,17,udp,75,54.224.186.140,10.255.255.1,50970,53,55
Jul 10 02:07:11 fw.rodolfoarce.local dhclient[10762]: No DHCPOFFERS received.
Jul 10 02:07:11 fw.rodolfoarce.local dhclient[10762]: No working leases in persistent database - sleeping.
Jul  9 22:07:11 fw.rodolfoarce.local dhclient[78770]: FAIL
Jul 10 02:07:26 fw.rodolfoarce.local dhclient[10762]: DHCPDISCOVER on vtnet0 to 255.255.255.255 port 67 interval 2
Jul 10 02:07:28 fw.rodolfoarce.local dhclient[10762]: DHCPDISCOVER on vtnet0 to 255.255.255.255 port 67 interval 3
Jul 10 02:07:30 fw.rodolfoarce.local filterlog[32783]: 4,,,1000000103,vtnet0,match,block,in,4,0x48,,40,26999,0,DF,6,tcp,60,8.217.43.74,10.255.255.1,50436,22,0,S,2934487656,,29200,,mss;sackOK;TS;nop;wscale
Jul 10 02:07:31 fw.rodolfoarce.local filterlog[32783]: 4,,,1000000103,vtnet0,match,block,in,4,0x48,,40,27000,0,DF,6,tcp,60,8.217.43.74,10.255.255.1,50436,22,0,S,2934487656,,29200,,mss;sackOK;TS;nop;wscale
Jul 10 02:07:31 fw.rodolfoarce.local dhclient[10762]: DHCPDISCOVER on vtnet0 to 255.255.255.255 port 67 interval 8
Jul 10 02:07:33 fw.rodolfoarce.local filterlog[32783]: 4,,,1000000103,vtnet0,match,block,in,4,0x48,,40,27001,0,DF,6,tcp,60,8.217.43.74,10.255.255.1,50436,22,0,S,2934487656,,29200,,mss;sackOK;TS;nop;wscale
Jul 10 02:07:37 fw.rodolfoarce.local filterlog[32783]: 4,,,1000000103,vtnet0,match,block,in,4,0x48,,40,27002,0,DF,6,tcp,60,8.217.43.74,10.255.255.1,50436,22,0,S,2934487656,,29200,,mss;sackOK;TS;nop;wscale
Jul 10 02:07:38 fw.rodolfoarce.local filterlog[32783]: 4,,,1000000103,vtnet0,match,block,in,4,0x0,,240,49419,0,none,17,udp,75,54.81.96.61,10.255.255.1,43079,53,55
Jul 10 02:07:40 fw.rodolfoarce.local dhclient[10762]: DHCPDISCOVER on vtnet0 to 255.255.255.255 port 67 interval 12
Jul 10 02:07:52 fw.rodolfoarce.local dhclient[10762]: DHCPDISCOVER on vtnet0 to 255.255.255.255 port 67 interval 16
Jul 10 02:08:00 fw.rodolfoarce.local /usr/sbin/cron[95712]: (root) CMD (/usr/sbin/newsyslog)
Jul 10 02:08:08 fw.rodolfoarce.local dhclient[10762]: DHCPDISCOVER on vtnet0 to 255.255.255.255 port 67 interval 10
Jul 10 02:08:16 fw.rodolfoarce.local filterlog[32783]: 4,,,1000000103,vtnet0,match,block,in,4,0x0,,240,62357,0,none,17,udp,75,34.228.239.83,10.255.255.1,55409,53,55
Jul 10 02:08:18 fw.rodolfoarce.local dhclient[10762]: DHCPDISCOVER on vtnet0 to 255.255.255.255 port 67 interval 9
Jul 10 02:08:27 fw.rodolfoarce.local dhclient[10762]: No DHCPOFFERS received.
Jul 10 02:08:27 fw.rodolfoarce.local dhclient[10762]: No working leases in persistent database - sleeping.
Jul  9 22:08:27 fw.rodolfoarce.local dhclient[96895]: FAIL
Jul 10 02:08:41 fw.rodolfoarce.local filterlog[32783]: 4,,,1000000103,vtnet0,match,block,in,4,0x0,,241,54321,0,none,6,tcp,44,23.239.4.211,10.255.255.1,49305,53,0,S,997796321,,65535,,mss
Jul 10 02:08:42 fw.rodolfoarce.local dhclient[10762]: DHCPDISCOVER on vtnet0 to 255.255.255.255 port 67 interval 2
Jul 10 02:08:44 fw.rodolfoarce.local dhclient[10762]: DHCPDISCOVER on vtnet0 to 255.255.255.255 port 67 interval 4
Jul 10 02:08:48 fw.rodolfoarce.local dhclient[10762]: DHCPDISCOVER on vtnet0 to 255.255.255.255 port 67 interval 5
Jul 10 02:08:51 fw.rodolfoarce.local dhcp6c[28115]: Sending Solicit
Jul 10 02:08:53 fw.rodolfoarce.local dhclient[10762]: DHCPDISCOVER on vtnet0 to 255.255.255.255 port 67 interval 5
Jul 10 02:08:58 fw.rodolfoarce.local dhclient[10762]: DHCPDISCOVER on vtnet0 to 255.255.255.255 port 67 interval 14
Jul 10 02:09:00 fw.rodolfoarce.local /usr/sbin/cron[14535]: (root) CMD (/usr/sbin/newsyslog)
Jul 10 02:09:12 fw.rodolfoarce.local dhclient[10762]: DHCPDISCOVER on vtnet0 to 255.255.255.255 port 67 interval 20
Jul 10 02:09:32 fw.rodolfoarce.local dhclient[10762]: DHCPDISCOVER on vtnet0 to 255.255.255.255 port 67 interval 11
Jul 10 02:09:43 fw.rodolfoarce.local dhclient[10762]: No DHCPOFFERS received.
Jul 10 02:09:43 fw.rodolfoarce.local dhclient[10762]: No working leases in persistent database - sleeping.
Jul  9 22:09:43 fw.rodolfoarce.local dhclient[34177]: FAIL
Jul 10 02:09:58 fw.rodolfoarce.local dhclient[10762]: DHCPDISCOVER on vtnet0 to 255.255.255.255 port 67 interval 2
Jul 10 02:10:00 fw.rodolfoarce.local /usr/sbin/cron[34490]: (root) CMD (/usr/sbin/newsyslog)
Jul 10 02:10:00 fw.rodolfoarce.local /usr/sbin/cron[34522]: (root) CMD (/usr/libexec/atrun)
Jul 10 02:10:00 fw.rodolfoarce.local dhclient[10762]: DHCPDISCOVER on vtnet0 to 255.255.255.255 port 67 interval 4
Jul 10 02:10:04 fw.rodolfoarce.local dhclient[10762]: DHCPDISCOVER on vtnet0 to 255.255.255.255 port 67 interval 7
Jul 10 02:10:12 fw.rodolfoarce.local dhclient[10762]: DHCPDISCOVER on vtnet0 to 255.255.255.255 port 67 interval 11
Jul 10 02:10:23 fw.rodolfoarce.local dhclient[10762]: DHCPDISCOVER on vtnet0 to 255.255.255.255 port 67 interval 12
Jul 10 02:10:35 fw.rodolfoarce.local dhclient[10762]: DHCPDISCOVER on vtnet0 to 255.255.255.255 port 67 interval 19
Jul 10 02:10:49 fw.rodolfoarce.local dhcp6c[28115]: Sending Solicit
Jul 10 02:10:54 fw.rodolfoarce.local dhclient[10762]: DHCPDISCOVER on vtnet0 to 255.255.255.255 port 67 interval 5
Jul 10 02:10:59 fw.rodolfoarce.local dhclient[10762]: No DHCPOFFERS received.
Jul 10 02:10:59 fw.rodolfoarce.local dhclient[10762]: No working leases in persistent database - sleeping.
Jul  9 22:10:59 fw.rodolfoarce.local dhclient[52412]: FAIL
Jul 10 02:11:00 fw.rodolfoarce.local /usr/sbin/cron[52859]: (root) CMD (/usr/sbin/newsyslog)
Jul 10 02:11:14 fw.rodolfoarce.local dhclient[10762]: DHCPDISCOVER on vtnet0 to 255.255.255.255 port 67 interval 2
Jul 10 02:11:16 fw.rodolfoarce.local dhclient[10762]: DHCPDISCOVER on vtnet0 to 255.255.255.255 port 67 interval 5
Jul 10 02:11:21 fw.rodolfoarce.local dhclient[10762]: DHCPDISCOVER on vtnet0 to 255.255.255.255 port 67 interval 6
Jul 10 02:11:27 fw.rodolfoarce.local dhclient[10762]: DHCPDISCOVER on vtnet0 to 255.255.255.255 port 67 interval 6
Jul 10 02:11:34 fw.rodolfoarce.local dhclient[10762]: DHCPDISCOVER on vtnet0 to 255.255.255.255 port 67 interval 8
Jul 10 02:11:42 fw.rodolfoarce.local dhclient[10762]: DHCPDISCOVER on vtnet0 to 255.255.255.255 port 67 interval 10
Jul 10 02:11:52 fw.rodolfoarce.local dhclient[10762]: DHCPDISCOVER on vtnet0 to 255.255.255.255 port 67 interval 19
Jul 10 02:12:00 fw.rodolfoarce.local /usr/sbin/cron[72213]: (root) CMD (/usr/sbin/newsyslog)
Jul 10 02:12:11 fw.rodolfoarce.local dhclient[10762]: DHCPDISCOVER on vtnet0 to 255.255.255.255 port 67 interval 4
Jul 10 02:12:15 fw.rodolfoarce.local dhclient[10762]: No DHCPOFFERS received.
Jul 10 02:12:15 fw.rodolfoarce.local dhclient[10762]: No working leases in persistent database - sleeping.
Jul  9 22:12:15 fw.rodolfoarce.local dhclient[73455]: FAIL
Jul 10 02:12:30 fw.rodolfoarce.local dhclient[10762]: DHCPDISCOVER on vtnet0 to 255.255.255.255 port 67 interval 2
Jul 10 02:12:32 fw.rodolfoarce.local dhclient[10762]: DHCPDISCOVER on vtnet0 to 255.255.255.255 port 67 interval 5
Jul 10 02:12:37 fw.rodolfoarce.local dhclient[10762]: DHCPDISCOVER on vtnet0 to 255.255.255.255 port 67 interval 5
Jul 10 02:12:42 fw.rodolfoarce.local dhclient[10762]: DHCPDISCOVER on vtnet0 to 255.255.255.255 port 67 interval 12
Jul 10 02:12:50 fw.rodolfoarce.local dhcp6c[28115]: Sending Solicit
Jul 10 02:12:54 fw.rodolfoarce.local dhclient[10762]: DHCPDISCOVER on vtnet0 to 255.255.255.255 port 67 interval 12
Jul 10 02:13:00 fw.rodolfoarce.local /usr/sbin/cron[90325]: (root) CMD (/usr/sbin/newsyslog)
Jul 10 02:13:07 fw.rodolfoarce.local dhclient[10762]: DHCPDISCOVER on vtnet0 to 255.255.255.255 port 67 interval 14
Jul 10 02:13:21 fw.rodolfoarce.local dhclient[10762]: DHCPDISCOVER on vtnet0 to 255.255.255.255 port 67 interval 10
Jul 10 02:13:31 fw.rodolfoarce.local dhclient[10762]: No DHCPOFFERS received.
Jul 10 02:13:31 fw.rodolfoarce.local dhclient[10762]: No working leases in persistent database - sleeping.
Jul  9 22:13:31 fw.rodolfoarce.local dhclient[90972]: FAIL
Jul 10 02:13:46 fw.rodolfoarce.local dhclient[10762]: DHCPDISCOVER on vtnet0 to 255.255.255.255 port 67 interval 1
Jul 10 02:13:47 fw.rodolfoarce.local dhclient[10762]: DHCPDISCOVER on vtnet0 to 255.255.255.255 port 67 interval 2
Jul 10 02:13:49 fw.rodolfoarce.local dhclient[10762]: DHCPDISCOVER on vtnet0 to 255.255.255.255 port 67 interval 5
Jul 10 02:13:54 fw.rodolfoarce.local dhclient[10762]: DHCPDISCOVER on vtnet0 to 255.255.255.255 port 67 interval 9
Jul 10 02:14:00 fw.rodolfoarce.local /usr/sbin/cron[9657]: (root) CMD (/usr/sbin/newsyslog)
Jul 10 02:14:03 fw.rodolfoarce.local dhclient[10762]: DHCPDISCOVER on vtnet0 to 255.255.255.255 port 67 interval 21
Jul 10 02:14:24 fw.rodolfoarce.local dhclient[10762]: DHCPDISCOVER on vtnet0 to 255.255.255.255 port 67 interval 8
Jul 10 02:14:32 fw.rodolfoarce.local dhclient[10762]: DHCPDISCOVER on vtnet0 to 255.255.255.255 port 67 interval 14
Jul 10 02:14:43 fw.rodolfoarce.local dhcp6c[28115]: Sending Solicit
Jul 10 02:14:46 fw.rodolfoarce.local dhclient[10762]: DHCPDISCOVER on vtnet0 to 255.255.255.255 port 67 interval 1
Jul 10 02:14:47 fw.rodolfoarce.local dhclient[10762]: No DHCPOFFERS received.
Jul 10 02:14:47 fw.rodolfoarce.local dhclient[10762]: No working leases in persistent database - sleeping.
Jul  9 22:14:47 fw.rodolfoarce.local dhclient[28523]: FAIL
Jul 10 02:15:00 fw.rodolfoarce.local /usr/sbin/cron[29004]: (root) CMD (/usr/sbin/newsyslog)
Jul 10 02:15:00 fw.rodolfoarce.local /usr/sbin/cron[29346]: (root) CMD (/usr/libexec/atrun)
Jul 10 02:15:02 fw.rodolfoarce.local dhclient[10762]: DHCPDISCOVER on vtnet0 to 255.255.255.255 port 67 interval 1
Jul 10 02:15:03 fw.rodolfoarce.local dhclient[10762]: DHCPDISCOVER on vtnet0 to 255.255.255.255 port 67 interval 2
Jul 10 02:15:05 fw.rodolfoarce.local dhclient[10762]: DHCPDISCOVER on vtnet0 to 255.255.255.255 port 67 interval 5
Jul 10 02:15:11 fw.rodolfoarce.local dhclient[10762]: DHCPDISCOVER on vtnet0 to 255.255.255.255 port 67 interval 8
Jul 10 02:15:19 fw.rodolfoarce.local dhclient[10762]: DHCPDISCOVER on vtnet0 to 255.255.255.255 port 67 interval 20
Jul 10 02:15:39 fw.rodolfoarce.local dhclient[10762]: DHCPDISCOVER on vtnet0 to 255.255.255.255 port 67 interval 11
Jul 10 02:15:50 fw.rodolfoarce.local dhclient[10762]: DHCPDISCOVER on vtnet0 to 255.255.255.255 port 67 interval 13
Jul 10 02:16:00 fw.rodolfoarce.local /usr/sbin/cron[49571]: (root) CMD (/usr/sbin/newsyslog)
Jul 10 02:16:03 fw.rodolfoarce.local dhclient[10762]: No DHCPOFFERS received.
Jul 10 02:16:03 fw.rodolfoarce.local dhclient[10762]: No working leases in persistent database - sleeping.
Jul  9 22:16:03 fw.rodolfoarce.local dhclient[50281]: FAIL
Jul 10 02:16:18 fw.rodolfoarce.local dhclient[10762]: DHCPDISCOVER on vtnet0 to 255.255.255.255 port 67 interval 1
Jul 10 02:16:19 fw.rodolfoarce.local dhclient[10762]: DHCPDISCOVER on vtnet0 to 255.255.255.255 port 67 interval 1
Jul 10 02:16:20 fw.rodolfoarce.local dhclient[10762]: DHCPDISCOVER on vtnet0 to 255.255.255.255 port 67 interval 2
Jul 10 02:16:22 fw.rodolfoarce.local dhclient[10762]: DHCPDISCOVER on vtnet0 to 255.255.255.255 port 67 interval 3
Jul 10 02:16:25 fw.rodolfoarce.local dhclient[10762]: DHCPDISCOVER on vtnet0 to 255.255.255.255 port 67 interval 8
Jul 10 02:16:33 fw.rodolfoarce.local dhclient[10762]: DHCPDISCOVER on vtnet0 to 255.255.255.255 port 67 interval 13
Jul 10 02:16:46 fw.rodolfoarce.local dhcp6c[28115]: Sending Solicit
Jul 10 02:16:46 fw.rodolfoarce.local dhclient[10762]: DHCPDISCOVER on vtnet0 to 255.255.255.255 port 67 interval 10
Jul 10 02:16:56 fw.rodolfoarce.local dhclient[10762]: DHCPDISCOVER on vtnet0 to 255.255.255.255 port 67 interval 14
Jul 10 02:17:00 fw.rodolfoarce.local /usr/sbin/cron[69124]: (root) CMD (/usr/sbin/newsyslog)
Jul 10 02:17:10 fw.rodolfoarce.local dhclient[10762]: DHCPDISCOVER on vtnet0 to 255.255.255.255 port 67 interval 9
Jul 10 02:17:19 fw.rodolfoarce.local dhclient[10762]: No DHCPOFFERS received.
Jul 10 02:17:19 fw.rodolfoarce.local dhclient[10762]: No working leases in persistent database - sleeping.
Jul  9 22:17:19 fw.rodolfoarce.local dhclient[70176]: FAIL
Jul 10 02:17:34 fw.rodolfoarce.local dhclient[10762]: DHCPDISCOVER on vtnet0 to 255.255.255.255 port 67 interval 1
Jul 10 02:17:35 fw.rodolfoarce.local dhclient[10762]: DHCPDISCOVER on vtnet0 to 255.255.255.255 port 67 interval 2
Jul 10 02:17:38 fw.rodolfoarce.local dhclient[10762]: DHCPDISCOVER on vtnet0 to 255.255.255.255 port 67 interval 2
Jul 10 02:17:40 fw.rodolfoarce.local dhclient[10762]: DHCPDISCOVER on vtnet0 to 255.255.255.255 port 67 interval 5
Jul 10 02:17:45 fw.rodolfoarce.local dhclient[10762]: DHCPDISCOVER on vtnet0 to 255.255.255.255 port 67 interval 13
Jul 10 02:17:58 fw.rodolfoarce.local dhclient[10762]: DHCPDISCOVER on vtnet0 to 255.255.255.255 port 67 interval 19
Jul 10 02:18:00 fw.rodolfoarce.local /usr/sbin/cron[88081]: (root) CMD (/usr/sbin/newsyslog)
Jul 10 02:18:17 fw.rodolfoarce.local dhclient[10762]: DHCPDISCOVER on vtnet0 to 255.255.255.255 port 67 interval 16
Jul 10 02:18:33 fw.rodolfoarce.local dhclient[10762]: DHCPDISCOVER on vtnet0 to 255.255.255.255 port 67 interval 2
Jul 10 02:18:35 fw.rodolfoarce.local dhclient[10762]: No DHCPOFFERS received.
Jul 10 02:18:35 fw.rodolfoarce.local dhclient[10762]: No working leases in persistent database - sleeping.
Jul  9 22:18:35 fw.rodolfoarce.local dhclient[88529]: FAIL
Jul 10 02:18:50 fw.rodolfoarce.local dhclient[10762]: DHCPDISCOVER on vtnet0 to 255.255.255.255 port 67 interval 1
Jul 10 02:18:51 fw.rodolfoarce.local dhclient[10762]: DHCPDISCOVER on vtnet0 to 255.255.255.255 port 67 interval 2
Jul 10 02:18:53 fw.rodolfoarce.local dhclient[10762]: DHCPDISCOVER on vtnet0 to 255.255.255.255 port 67 interval 5
Jul 10 02:18:54 fw.rodolfoarce.local dhcp6c[28115]: Sending Solicit
Jul 10 02:18:58 fw.rodolfoarce.local dhclient[10762]: DHCPDISCOVER on vtnet0 to 255.255.255.255 port 67 interval 7
Jul 10 02:19:00 fw.rodolfoarce.local /usr/sbin/cron[7164]: (root) CMD (/usr/sbin/newsyslog)
Jul 10 02:19:05 fw.rodolfoarce.local dhclient[10762]: DHCPDISCOVER on vtnet0 to 255.255.255.255 port 67 interval 7
Jul 10 02:19:12 fw.rodolfoarce.local dhclient[10762]: DHCPDISCOVER on vtnet0 to 255.255.255.255 port 67 interval 11
Jul 10 02:19:24 fw.rodolfoarce.local dhclient[10762]: DHCPDISCOVER on vtnet0 to 255.255.255.255 port 67 interval 13
Jul 10 02:19:37 fw.rodolfoarce.local dhclient[10762]: DHCPDISCOVER on vtnet0 to 255.255.255.255 port 67 interval 10
Jul 10 02:19:47 fw.rodolfoarce.local dhclient[10762]: DHCPDISCOVER on vtnet0 to 255.255.255.255 port 67 interval 4
Jul 10 02:19:51 fw.rodolfoarce.local dhclient[10762]: No DHCPOFFERS received.
Jul 10 02:19:51 fw.rodolfoarce.local dhclient[10762]: No working leases in persistent database - sleeping.
Jul  9 22:19:51 fw.rodolfoarce.local dhclient[8036]: FAIL
Jul 10 02:20:00 fw.rodolfoarce.local /usr/sbin/cron[26733]: (root) CMD (/usr/sbin/newsyslog)
Jul 10 02:20:00 fw.rodolfoarce.local /usr/sbin/cron[27047]: (root) CMD (/usr/libexec/atrun)
Jul 10 02:20:06 fw.rodolfoarce.local dhclient[10762]: DHCPDISCOVER on vtnet0 to 255.255.255.255 port 67 interval 1
Jul 10 02:20:09 fw.rodolfoarce.local dhclient[10762]: message repeated 3 times: [ DHCPDISCOVER on vtnet0 to 255.255.255.255 port 67 interval 1]
Jul 10 02:20:10 fw.rodolfoarce.local dhclient[10762]: DHCPDISCOVER on vtnet0 to 255.255.255.255 port 67 interval 2
Jul 10 02:20:12 fw.rodolfoarce.local dhclient[10762]: DHCPDISCOVER on vtnet0 to 255.255.255.255 port 67 interval 3
Jul 10 02:20:15 fw.rodolfoarce.local dhclient[10762]: DHCPDISCOVER on vtnet0 to 255.255.255.255 port 67 interval 6
Jul 10 02:20:21 fw.rodolfoarce.local dhclient[10762]: DHCPDISCOVER on vtnet0 to 255.255.255.255 port 67 interval 14
Jul 10 02:20:35 fw.rodolfoarce.local dhclient[10762]: DHCPDISCOVER on vtnet0 to 255.255.255.255 port 67 interval 16
Jul 10 02:20:51 fw.rodolfoarce.local dhclient[10762]: DHCPDISCOVER on vtnet0 to 255.255.255.255 port 67 interval 16
Jul 10 02:20:57 fw.rodolfoarce.local dhcp6c[28115]: Sending Solicit
Jul 10 02:21:00 fw.rodolfoarce.local /usr/sbin/cron[44917]: (root) CMD (/usr/sbin/newsyslog)
Jul 10 02:21:07 fw.rodolfoarce.local dhclient[10762]: No DHCPOFFERS received.
Jul 10 02:21:07 fw.rodolfoarce.local dhclient[10762]: No working leases in persistent database - sleeping.
Jul  9 22:21:07 fw.rodolfoarce.local dhclient[45553]: FAIL
Jul 10 02:21:22 fw.rodolfoarce.local dhclient[10762]: DHCPDISCOVER on vtnet0 to 255.255.255.255 port 67 interval 1
Jul 10 02:21:23 fw.rodolfoarce.local dhclient[10762]: DHCPDISCOVER on vtnet0 to 255.255.255.255 port 67 interval 2
Jul 10 02:21:27 fw.rodolfoarce.local dhclient[10762]: message repeated 2 times: [ DHCPDISCOVER on vtnet0 to 255.255.255.255 port 67 interval 2]
Jul 10 02:21:30 fw.rodolfoarce.local dhclient[10762]: DHCPDISCOVER on vtnet0 to 255.255.255.255 port 67 interval 5
Jul 10 02:21:35 fw.rodolfoarce.local dhclient[10762]: DHCPDISCOVER on vtnet0 to 255.255.255.255 port 67 interval 5
Jul 10 02:21:40 fw.rodolfoarce.local dhclient[10762]: DHCPDISCOVER on vtnet0 to 255.255.255.255 port 67 interval 10
Jul 10 02:21:50 fw.rodolfoarce.local dhclient[10762]: DHCPDISCOVER on vtnet0 to 255.255.255.255 port 67 interval 13
Jul 10 02:22:00 fw.rodolfoarce.local /usr/sbin/cron[63956]: (root) CMD (/usr/sbin/newsyslog)
Jul 10 02:22:03 fw.rodolfoarce.local dhclient[10762]: DHCPDISCOVER on vtnet0 to 255.255.255.255 port 67 interval 13
Jul 10 02:22:16 fw.rodolfoarce.local dhclient[10762]: DHCPDISCOVER on vtnet0 to 255.255.255.255 port 67 interval 7
Jul 10 02:22:23 fw.rodolfoarce.local dhclient[10762]: No DHCPOFFERS received.
Jul 10 02:22:23 fw.rodolfoarce.local dhclient[10762]: No working leases in persistent database - sleeping.
Jul  9 22:22:23 fw.rodolfoarce.local dhclient[64833]: FAIL
Jul 10 02:22:38 fw.rodolfoarce.local dhclient[10762]: DHCPDISCOVER on vtnet0 to 255.255.255.255 port 67 interval 1
Jul 10 02:22:39 fw.rodolfoarce.local dhclient[10762]: DHCPDISCOVER on vtnet0 to 255.255.255.255 port 67 interval 1
Jul 10 02:22:40 fw.rodolfoarce.local dhclient[10762]: DHCPDISCOVER on vtnet0 to 255.255.255.255 port 67 interval 2
Jul 10 02:22:42 fw.rodolfoarce.local dhclient[10762]: DHCPDISCOVER on vtnet0 to 255.255.255.255 port 67 interval 3
Jul 10 02:22:45 fw.rodolfoarce.local dhclient[10762]: DHCPDISCOVER on vtnet0 to 255.255.255.255 port 67 interval 6
Jul 10 02:22:51 fw.rodolfoarce.local dhclient[10762]: DHCPDISCOVER on vtnet0 to 255.255.255.255 port 67 interval 6
Jul 10 02:22:53 fw.rodolfoarce.local dhcp6c[28115]: Sending Solicit
Jul 10 02:22:57 fw.rodolfoarce.local dhclient[10762]: DHCPDISCOVER on vtnet0 to 255.255.255.255 port 67 interval 8
Jul 10 02:23:00 fw.rodolfoarce.local /usr/sbin/cron[85440]: (root) CMD (/usr/sbin/newsyslog)
Jul 10 02:23:05 fw.rodolfoarce.local dhclient[10762]: DHCPDISCOVER on vtnet0 to 255.255.255.255 port 67 interval 11
Jul 10 02:23:16 fw.rodolfoarce.local dhclient[10762]: DHCPDISCOVER on vtnet0 to 255.255.255.255 port 67 interval 8
Jul 10 02:23:25 fw.rodolfoarce.local dhclient[10762]: DHCPDISCOVER on vtnet0 to 255.255.255.255 port 67 interval 14
Jul 10 02:23:35 fw.rodolfoarce.local filterlog[32783]: 4,,,1000000103,vtnet0,match,block,in,4,0x0,,236,778,0,none,6,tcp,40,51.159.103.10,10.255.255.1,61000,22,0,S,1645225942,,1024,,
Jul 10 02:23:39 fw.rodolfoarce.local dhclient[10762]: No DHCPOFFERS received.
Jul 10 02:23:39 fw.rodolfoarce.local dhclient[10762]: No working leases in persistent database - sleeping.
Jul  9 22:23:39 fw.rodolfoarce.local dhclient[86396]: FAIL
Jul 10 02:23:54 fw.rodolfoarce.local dhclient[10762]: DHCPDISCOVER on vtnet0 to 255.255.255.255 port 67 interval 1
Jul 10 02:23:59 fw.rodolfoarce.local dhclient[10762]: message repeated 5 times: [ DHCPDISCOVER on vtnet0 to 255.255.255.255 port 67 interval 1]
Jul 10 02:24:00 fw.rodolfoarce.local /usr/sbin/cron[3955]: (root) CMD (/usr/sbin/newsyslog)
Jul 10 02:24:00 fw.rodolfoarce.local dhclient[10762]: DHCPDISCOVER on vtnet0 to 255.255.255.255 port 67 interval 1
Jul 10 02:24:03 fw.rodolfoarce.local dhclient[10762]: message repeated 3 times: [ DHCPDISCOVER on vtnet0 to 255.255.255.255 port 67 interval 1]
Jul 10 02:24:04 fw.rodolfoarce.local dhclient[10762]: DHCPDISCOVER on vtnet0 to 255.255.255.255 port 67 interval 2
Jul 10 02:24:06 fw.rodolfoarce.local dhclient[10762]: DHCPDISCOVER on vtnet0 to 255.255.255.255 port 67 interval 3
Jul 10 02:24:09 fw.rodolfoarce.local dhclient[10762]: DHCPDISCOVER on vtnet0 to 255.255.255.255 port 67 interval 4
Jul 10 02:24:14 fw.rodolfoarce.local dhclient[10762]: DHCPDISCOVER on vtnet0 to 255.255.255.255 port 67 interval 10
Jul 10 02:24:24 fw.rodolfoarce.local dhclient[10762]: DHCPDISCOVER on vtnet0 to 255.255.255.255 port 67 interval 7
Jul 10 02:24:31 fw.rodolfoarce.local dhclient[10762]: DHCPDISCOVER on vtnet0 to 255.255.255.255 port 67 interval 13
Jul 10 02:24:44 fw.rodolfoarce.local dhclient[10762]: DHCPDISCOVER on vtnet0 to 255.255.255.255 port 67 interval 11
Jul 10 02:24:55 fw.rodolfoarce.local dhclient[10762]: No DHCPOFFERS received.
Jul 10 02:24:55 fw.rodolfoarce.local dhclient[10762]: No working leases in persistent database - sleeping.
Jul  9 22:24:55 fw.rodolfoarce.local dhclient[5496]: FAIL
Jul 10 02:24:59 fw.rodolfoarce.local dhcp6c[28115]: Sending Solicit
Jul 10 02:25:00 fw.rodolfoarce.local /usr/sbin/cron[24984]: (root) CMD (/usr/libexec/atrun)
Jul 10 02:25:00 fw.rodolfoarce.local /usr/sbin/cron[24911]: (root) CMD (/usr/sbin/newsyslog)
Jul 10 02:25:10 fw.rodolfoarce.local dhclient[10762]: DHCPDISCOVER on vtnet0 to 255.255.255.255 port 67 interval 1
Jul 10 02:25:11 fw.rodolfoarce.local dhclient[10762]: DHCPDISCOVER on vtnet0 to 255.255.255.255 port 67 interval 2
Jul 10 02:25:13 fw.rodolfoarce.local dhclient[10762]: DHCPDISCOVER on vtnet0 to 255.255.255.255 port 67 interval 3
Jul 10 02:25:16 fw.rodolfoarce.local dhclient[10762]: DHCPDISCOVER on vtnet0 to 255.255.255.255 port 67 interval 6
Jul 10 02:25:22 fw.rodolfoarce.local dhclient[10762]: DHCPDISCOVER on vtnet0 to 255.255.255.255 port 67 interval 9
Jul 10 02:25:31 fw.rodolfoarce.local dhclient[10762]: DHCPDISCOVER on vtnet0 to 255.255.255.255 port 67 interval 14
Jul 10 02:25:45 fw.rodolfoarce.local dhclient[10762]: DHCPDISCOVER on vtnet0 to 255.255.255.255 port 67 interval 20
Jul 10 02:26:00 fw.rodolfoarce.local /usr/sbin/cron[36844]: (root) CMD (/usr/sbin/newsyslog)
Jul 10 02:26:06 fw.rodolfoarce.local dhclient[10762]: DHCPDISCOVER on vtnet0 to 255.255.255.255 port 67 interval 5
Jul 10 02:26:11 fw.rodolfoarce.local dhclient[10762]: No DHCPOFFERS received.
Jul 10 02:26:11 fw.rodolfoarce.local dhclient[10762]: No working leases in persistent database - sleeping.
Jul  9 22:26:11 fw.rodolfoarce.local dhclient[44562]: FAIL
Jul 10 02:26:26 fw.rodolfoarce.local dhclient[10762]: DHCPDISCOVER on vtnet0 to 255.255.255.255 port 67 interval 1
Jul 10 02:26:28 fw.rodolfoarce.local dhclient[10762]: message repeated 2 times: [ DHCPDISCOVER on vtnet0 to 255.255.255.255 port 67 interval 1]
Jul 10 02:26:29 fw.rodolfoarce.local dhclient[10762]: DHCPDISCOVER on vtnet0 to 255.255.255.255 port 67 interval 2
Jul 10 02:26:31 fw.rodolfoarce.local dhclient[10762]: DHCPDISCOVER on vtnet0 to 255.255.255.255 port 67 interval 2
Jul 10 02:26:33 fw.rodolfoarce.local dhclient[10762]: DHCPDISCOVER on vtnet0 to 255.255.255.255 port 67 interval 4
Jul 10 02:26:37 fw.rodolfoarce.local dhclient[10762]: DHCPDISCOVER on vtnet0 to 255.255.255.255 port 67 interval 5
Jul 10 02:26:42 fw.rodolfoarce.local dhclient[10762]: DHCPDISCOVER on vtnet0 to 255.255.255.255 port 67 interval 7
Jul 10 02:26:49 fw.rodolfoarce.local dhclient[10762]: DHCPDISCOVER on vtnet0 to 255.255.255.255 port 67 interval 12
Jul 10 02:26:52 fw.rodolfoarce.local dhcp6c[28115]: Sending Solicit
Jul 10 02:27:00 fw.rodolfoarce.local /usr/sbin/cron[44847]: (root) CMD (/usr/sbin/newsyslog)
Jul 10 02:27:01 fw.rodolfoarce.local dhclient[10762]: DHCPDISCOVER on vtnet0 to 255.255.255.255 port 67 interval 15
Jul 10 02:27:16 fw.rodolfoarce.local dhclient[10762]: DHCPDISCOVER on vtnet0 to 255.255.255.255 port 67 interval 11
Jul 10 02:27:27 fw.rodolfoarce.local dhclient[10762]: No DHCPOFFERS received.
Jul 10 02:27:27 fw.rodolfoarce.local dhclient[10762]: No working leases in persistent database - sleeping.
Jul  9 22:27:27 fw.rodolfoarce.local dhclient[62659]: FAIL
Jul 10 02:27:39 fw.rodolfoarce.local filterlog[32783]: 4,,,1000000103,vtnet0,match,block,in,4,0x0,,48,38646,0,DF,17,udp,65,188.166.43.226,10.255.255.1,38682,53,45
Jul 10 02:27:40 fw.rodolfoarce.local filterlog[32783]: 4,,,1000000103,vtnet0,match,block,in,4,0x0,,48,38750,0,DF,17,udp,76,188.166.43.226,10.255.255.1,38682,53,56
Jul 10 02:27:41 fw.rodolfoarce.local filterlog[32783]: 4,,,1000000103,vtnet0,match,block,in,4,0x0,,48,38869,0,DF,17,udp,65,188.166.43.226,10.255.255.1,38682,53,45
Jul 10 02:27:42 fw.rodolfoarce.local filterlog[32783]: 4,,,1000000103,vtnet0,match,block,in,4,0x0,,48,39104,0,DF,17,udp,76,188.166.43.226,10.255.255.1,38682,53,56
Jul 10 02:27:42 fw.rodolfoarce.local dhclient[10762]: DHCPDISCOVER on vtnet0 to 255.255.255.255 port 67 interval 1
Jul 10 02:27:43 fw.rodolfoarce.local filterlog[32783]: 4,,,1000000103,vtnet0,match,block,in,4,0x0,,48,39253,0,DF,17,udp,65,188.166.43.226,10.255.255.1,38682,53,45
Jul 10 02:27:44 fw.rodolfoarce.local dhclient[10762]: DHCPDISCOVER on vtnet0 to 255.255.255.255 port 67 interval 2
Jul 10 02:27:45 fw.rodolfoarce.local filterlog[32783]: 4,,,1000000103,vtnet0,match,block,in,4,0x0,,48,39361,0,DF,17,udp,76,188.166.43.226,10.255.255.1,38682,53,56
Jul 10 02:27:46 fw.rodolfoarce.local dhclient[10762]: DHCPDISCOVER on vtnet0 to 255.255.255.255 port 67 interval 2
Jul 10 02:27:46 fw.rodolfoarce.local filterlog[32783]: 4,,,1000000103,vtnet0,match,block,in,4,0x0,,48,39446,0,DF,17,udp,65,188.166.43.226,10.255.255.1,38682,53,45
Jul 10 02:27:48 fw.rodolfoarce.local dhclient[10762]: DHCPDISCOVER on vtnet0 to 255.255.255.255 port 67 interval 3
Jul 10 02:27:49 fw.rodolfoarce.local filterlog[32783]: 4,,,1000000103,vtnet0,match,block,in,4,0x0,,48,39621,0,DF,17,udp,76,188.166.43.226,10.255.255.1,38682,53,56
Jul 10 02:27:51 fw.rodolfoarce.local dhclient[10762]: DHCPDISCOVER on vtnet0 to 255.255.255.255 port 67 interval 4
Jul 10 02:27:51 fw.rodolfoarce.local filterlog[32783]: 4,,,1000000103,vtnet0,match,block,in,4,0x0,,48,40162,0,DF,17,udp,65,188.166.43.226,10.255.255.1,38682,53,45
Jul 10 02:27:54 fw.rodolfoarce.local filterlog[32783]: 4,,,1000000103,vtnet0,match,block,in,4,0x0,,48,40196,0,DF,17,udp,76,188.166.43.226,10.255.255.1,38682,53,56
Jul 10 02:27:55 fw.rodolfoarce.local dhclient[10762]: DHCPDISCOVER on vtnet0 to 255.255.255.255 port 67 interval 5
Jul 10 02:27:57 fw.rodolfoarce.local filterlog[32783]: 4,,,1000000103,vtnet0,match,block,in,4,0x0,,48,40552,0,DF,17,udp,76,188.166.43.226,10.255.255.1,38682,53,56
Jul 10 02:27:58 fw.rodolfoarce.local filterlog[32783]: 4,,,1000000103,vtnet0,match,block,in,4,0x0,,48,40705,0,DF,17,udp,65,188.166.43.226,10.255.255.1,38682,53,45
Jul 10 02:27:58 fw.rodolfoarce.local filterlog[32783]: 4,,,1000000103,vtnet0,match,block,in,4,0x0,,48,40844,0,DF,17,udp,76,188.166.43.226,10.255.255.1,38682,53,56
Jul 10 02:27:59 fw.rodolfoarce.local filterlog[32783]: 4,,,1000000103,vtnet0,match,block,in,4,0x0,,48,40880,0,DF,17,udp,65,188.166.43.226,10.255.255.1,38682,53,45
Jul 10 02:28:00 fw.rodolfoarce.local /usr/sbin/cron[63131]: (root) CMD (/usr/sbin/newsyslog)
Jul 10 02:28:00 fw.rodolfoarce.local filterlog[32783]: 4,,,1000000103,vtnet0,match,block,in,4,0x0,,48,41007,0,DF,17,udp,76,188.166.43.226,10.255.255.1,38682,53,56
Jul 10 02:28:00 fw.rodolfoarce.local dhclient[10762]: DHCPDISCOVER on vtnet0 to 255.255.255.255 port 67 interval 7
Jul 10 02:28:02 fw.rodolfoarce.local filterlog[32783]: 4,,,1000000103,vtnet0,match,block,in,4,0x0,,48,41027,0,DF,17,udp,65,188.166.43.226,10.255.255.1,38682,53,45
Jul 10 02:28:03 fw.rodolfoarce.local filterlog[32783]: 4,,,1000000103,vtnet0,match,block,in,4,0x0,,48,41205,0,DF,17,udp,76,188.166.43.226,10.255.255.1,38682,53,56
Jul 10 02:28:05 fw.rodolfoarce.local filterlog[32783]: 4,,,1000000103,vtnet0,match,block,in,4,0x0,,48,41273,0,DF,17,udp,65,188.166.43.226,10.255.255.1,38682,53,45
Jul 10 02:28:07 fw.rodolfoarce.local dhclient[10762]: DHCPDISCOVER on vtnet0 to 255.255.255.255 port 67 interval 8
Jul 10 02:28:07 fw.rodolfoarce.local filterlog[32783]: 4,,,1000000103,vtnet0,match,block,in,4,0x0,,48,41416,0,DF,17,udp,76,188.166.43.226,10.255.255.1,38682,53,56
Jul 10 02:28:09 fw.rodolfoarce.local filterlog[32783]: 4,,,1000000103,vtnet0,match,block,in,4,0x0,,48,41601,0,DF,17,udp,65,188.166.43.226,10.255.255.1,38682,53,45
Jul 10 02:28:11 fw.rodolfoarce.local filterlog[32783]: 4,,,1000000103,vtnet0,match,block,in,4,0x0,,48,41636,0,DF,17,udp,76,188.166.43.226,10.255.255.1,38682,53,56
Jul 10 02:28:15 fw.rodolfoarce.local dhclient[10762]: DHCPDISCOVER on vtnet0 to 255.255.255.255 port 67 interval 10
Jul 10 02:28:15 fw.rodolfoarce.local filterlog[32783]: 4,,,1000000103,vtnet0,match,block,in,4,0x0,,48,42004,0,DF,17,udp,76,188.166.43.226,10.255.255.1,38682,53,56
Jul 10 02:28:15 fw.rodolfoarce.local filterlog[32783]: 4,,,1000000103,vtnet0,match,block,in,4,0x0,,48,42128,0,DF,17,udp,65,188.166.43.226,10.255.255.1,38682,53,45
Jul 10 02:28:16 fw.rodolfoarce.local filterlog[32783]: 4,,,1000000103,vtnet0,match,block,in,4,0x0,,48,42222,0,DF,17,udp,76,188.166.43.226,10.255.255.1,38682,53,56
Jul 10 02:28:17 fw.rodolfoarce.local filterlog[32783]: 4,,,1000000103,vtnet0,match,block,in,4,0x0,,48,42275,0,DF,17,udp,65,188.166.43.226,10.255.255.1,38682,53,45
