Jul 11 11:59:41 fw.rodolfoarce.local dhclient[10762]: DHCPDISCOVER on vtnet0 to 255.255.255.255 port 67 interval 7
Jul 11 11:59:48 fw.rodolfoarce.local dhclient[10762]: DHCPDISCOVER on vtnet0 to 255.255.255.255 port 67 interval 13
Jul 11 11:59:53 fw.rodolfoarce.local dhcp6c[28115]: Sending Solicit
Jul 11 12:00:00 fw.rodolfoarce.local /usr/sbin/cron[55011]: (root) CMD (/usr/bin/nice -n20 /usr/local/sbin/expiretable -v -t 3600 virusprot)
Jul 11 12:00:00 fw.rodolfoarce.local /usr/sbin/cron[55420]: (root) CMD (/usr/libexec/atrun)
Jul 11 12:00:00 fw.rodolfoarce.local /usr/sbin/cron[55258]: (root) CMD (/usr/sbin/newsyslog)
Jul 11 12:00:01 fw.rodolfoarce.local dhclient[10762]: DHCPDISCOVER on vtnet0 to 255.255.255.255 port 67 interval 9
Jul 11 12:00:10 fw.rodolfoarce.local dhclient[10762]: DHCPDISCOVER on vtnet0 to 255.255.255.255 port 67 interval 11
Jul 11 12:00:21 fw.rodolfoarce.local dhclient[10762]: DHCPDISCOVER on vtnet0 to 255.255.255.255 port 67 interval 11
Jul 11 12:00:32 fw.rodolfoarce.local dhclient[10762]: DHCPDISCOVER on vtnet0 to 255.255.255.255 port 67 interval 1
Jul 11 12:00:33 fw.rodolfoarce.local dhclient[10762]: No DHCPOFFERS received.
Jul 11 12:00:33 fw.rodolfoarce.local dhclient[10762]: No working leases in persistent database - sleeping.
Jul 11 08:00:33 fw.rodolfoarce.local dhclient[75498]: FAIL
Jul 11 12:00:48 fw.rodolfoarce.local dhclient[10762]: DHCPDISCOVER on vtnet0 to 255.255.255.255 port 67 interval 2
Jul 11 12:00:50 fw.rodolfoarce.local dhclient[10762]: DHCPDISCOVER on vtnet0 to 255.255.255.255 port 67 interval 3
Jul 11 12:00:53 fw.rodolfoarce.local dhclient[10762]: DHCPDISCOVER on vtnet0 to 255.255.255.255 port 67 interval 7
Jul 11 12:01:00 fw.rodolfoarce.local /usr/sbin/cron[76037]: (root) CMD (/usr/sbin/newsyslog)
Jul 11 12:01:01 fw.rodolfoarce.local dhclient[10762]: DHCPDISCOVER on vtnet0 to 255.255.255.255 port 67 interval 7
Jul 11 12:01:08 fw.rodolfoarce.local dhclient[10762]: DHCPDISCOVER on vtnet0 to 255.255.255.255 port 67 interval 13
Jul 11 12:01:21 fw.rodolfoarce.local dhclient[10762]: DHCPDISCOVER on vtnet0 to 255.255.255.255 port 67 interval 19
Jul 11 12:01:40 fw.rodolfoarce.local dhclient[10762]: DHCPDISCOVER on vtnet0 to 255.255.255.255 port 67 interval 9
Jul 11 12:01:49 fw.rodolfoarce.local dhclient[10762]: No DHCPOFFERS received.
Jul 11 12:01:49 fw.rodolfoarce.local dhclient[10762]: No working leases in persistent database - sleeping.
Jul 11 08:01:49 fw.rodolfoarce.local dhclient[92726]: FAIL
Jul 11 12:01:59 fw.rodolfoarce.local dhcp6c[28115]: Sending Solicit
Jul 11 12:02:00 fw.rodolfoarce.local /usr/sbin/cron[93023]: (root) CMD (/usr/sbin/newsyslog)
Jul 11 12:02:04 fw.rodolfoarce.local dhclient[10762]: DHCPDISCOVER on vtnet0 to 255.255.255.255 port 67 interval 2
Jul 11 12:02:06 fw.rodolfoarce.local dhclient[10762]: DHCPDISCOVER on vtnet0 to 255.255.255.255 port 67 interval 3
Jul 11 12:02:09 fw.rodolfoarce.local dhclient[10762]: DHCPDISCOVER on vtnet0 to 255.255.255.255 port 67 interval 3
Jul 11 12:02:12 fw.rodolfoarce.local dhclient[10762]: DHCPDISCOVER on vtnet0 to 255.255.255.255 port 67 interval 4
Jul 11 12:02:16 fw.rodolfoarce.local dhclient[10762]: DHCPDISCOVER on vtnet0 to 255.255.255.255 port 67 interval 5
Jul 11 12:02:21 fw.rodolfoarce.local dhclient[10762]: DHCPDISCOVER on vtnet0 to 255.255.255.255 port 67 interval 11
Jul 11 12:02:32 fw.rodolfoarce.local dhclient[10762]: DHCPDISCOVER on vtnet0 to 255.255.255.255 port 67 interval 21
Jul 11 12:02:53 fw.rodolfoarce.local dhclient[10762]: DHCPDISCOVER on vtnet0 to 255.255.255.255 port 67 interval 10
Jul 11 12:03:00 fw.rodolfoarce.local /usr/sbin/cron[11027]: (root) CMD (/usr/sbin/newsyslog)
Jul 11 12:03:03 fw.rodolfoarce.local dhclient[10762]: DHCPDISCOVER on vtnet0 to 255.255.255.255 port 67 interval 2
Jul 11 12:03:05 fw.rodolfoarce.local dhclient[10762]: No DHCPOFFERS received.
Jul 11 12:03:05 fw.rodolfoarce.local dhclient[10762]: No working leases in persistent database - sleeping.
Jul 11 08:03:05 fw.rodolfoarce.local dhclient[12052]: FAIL
Jul 11 12:03:20 fw.rodolfoarce.local dhclient[10762]: DHCPDISCOVER on vtnet0 to 255.255.255.255 port 67 interval 1
Jul 11 12:03:24 fw.rodolfoarce.local dhclient[10762]: message repeated 3 times: [ DHCPDISCOVER on vtnet0 to 255.255.255.255 port 67 interval 1]
Jul 11 12:03:25 fw.rodolfoarce.local dhclient[10762]: DHCPDISCOVER on vtnet0 to 255.255.255.255 port 67 interval 2
Jul 11 12:03:27 fw.rodolfoarce.local dhclient[10762]: DHCPDISCOVER on vtnet0 to 255.255.255.255 port 67 interval 3
Jul 11 12:03:30 fw.rodolfoarce.local dhclient[10762]: DHCPDISCOVER on vtnet0 to 255.255.255.255 port 67 interval 7
Jul 11 12:03:37 fw.rodolfoarce.local dhclient[10762]: DHCPDISCOVER on vtnet0 to 255.255.255.255 port 67 interval 21
Jul 11 12:03:58 fw.rodolfoarce.local dhclient[10762]: DHCPDISCOVER on vtnet0 to 255.255.255.255 port 67 interval 7
Jul 11 12:03:59 fw.rodolfoarce.local dhcp6c[28115]: Sending Solicit
Jul 11 12:04:00 fw.rodolfoarce.local /usr/sbin/cron[32650]: (root) CMD (/usr/sbin/newsyslog)
Jul 11 12:04:05 fw.rodolfoarce.local dhclient[10762]: DHCPDISCOVER on vtnet0 to 255.255.255.255 port 67 interval 7
Jul 11 12:04:12 fw.rodolfoarce.local dhclient[10762]: DHCPDISCOVER on vtnet0 to 255.255.255.255 port 67 interval 9
Jul 11 12:04:21 fw.rodolfoarce.local dhclient[10762]: No DHCPOFFERS received.
Jul 11 12:04:21 fw.rodolfoarce.local dhclient[10762]: No working leases in persistent database - sleeping.
Jul 11 08:04:21 fw.rodolfoarce.local dhclient[51861]: FAIL
Jul 11 12:04:36 fw.rodolfoarce.local dhclient[10762]: DHCPDISCOVER on vtnet0 to 255.255.255.255 port 67 interval 1
Jul 11 12:04:37 fw.rodolfoarce.local dhclient[10762]: DHCPDISCOVER on vtnet0 to 255.255.255.255 port 67 interval 2
Jul 11 12:04:39 fw.rodolfoarce.local dhclient[10762]: DHCPDISCOVER on vtnet0 to 255.255.255.255 port 67 interval 4
Jul 11 12:04:43 fw.rodolfoarce.local dhclient[10762]: DHCPDISCOVER on vtnet0 to 255.255.255.255 port 67 interval 8
Jul 11 12:04:51 fw.rodolfoarce.local dhclient[10762]: DHCPDISCOVER on vtnet0 to 255.255.255.255 port 67 interval 14
Jul 11 12:05:00 fw.rodolfoarce.local /usr/sbin/cron[52543]: (root) CMD (/usr/libexec/atrun)
Jul 11 12:05:06 fw.rodolfoarce.local dhclient[10762]: DHCPDISCOVER on vtnet0 to 255.255.255.255 port 67 interval 7
Jul 11 12:05:13 fw.rodolfoarce.local dhclient[10762]: DHCPDISCOVER on vtnet0 to 255.255.255.255 port 67 interval 13
Jul 11 12:05:26 fw.rodolfoarce.local dhclient[10762]: DHCPDISCOVER on vtnet0 to 255.255.255.255 port 67 interval 11
Jul 11 12:05:37 fw.rodolfoarce.local dhclient[10762]: No DHCPOFFERS received.
Jul 11 12:05:37 fw.rodolfoarce.local dhclient[10762]: No working leases in persistent database - sleeping.
Jul 11 08:05:37 fw.rodolfoarce.local dhclient[71643]: FAIL
Jul 11 12:05:50 fw.rodolfoarce.local dhcp6c[28115]: Sending Solicit
Jul 11 12:05:52 fw.rodolfoarce.local dhclient[10762]: DHCPDISCOVER on vtnet0 to 255.255.255.255 port 67 interval 1
Jul 11 12:05:53 fw.rodolfoarce.local dhclient[10762]: DHCPDISCOVER on vtnet0 to 255.255.255.255 port 67 interval 1
Jul 11 12:05:54 fw.rodolfoarce.local dhclient[10762]: DHCPDISCOVER on vtnet0 to 255.255.255.255 port 67 interval 2
Jul 11 12:05:56 fw.rodolfoarce.local dhclient[10762]: DHCPDISCOVER on vtnet0 to 255.255.255.255 port 67 interval 3
Jul 11 12:05:59 fw.rodolfoarce.local dhclient[10762]: DHCPDISCOVER on vtnet0 to 255.255.255.255 port 67 interval 6
Jul 11 12:06:00 fw.rodolfoarce.local /usr/sbin/cron[71717]: (root) CMD (/usr/sbin/newsyslog)
Jul 11 12:06:05 fw.rodolfoarce.local dhclient[10762]: DHCPDISCOVER on vtnet0 to 255.255.255.255 port 67 interval 6
Jul 11 12:06:11 fw.rodolfoarce.local dhclient[10762]: DHCPDISCOVER on vtnet0 to 255.255.255.255 port 67 interval 10
Jul 11 12:06:21 fw.rodolfoarce.local dhclient[10762]: DHCPDISCOVER on vtnet0 to 255.255.255.255 port 67 interval 13
Jul 11 12:06:34 fw.rodolfoarce.local dhclient[10762]: DHCPDISCOVER on vtnet0 to 255.255.255.255 port 67 interval 15
Jul 11 12:06:49 fw.rodolfoarce.local dhclient[10762]: DHCPDISCOVER on vtnet0 to 255.255.255.255 port 67 interval 4
Jul 11 12:06:53 fw.rodolfoarce.local dhclient[10762]: No DHCPOFFERS received.
Jul 11 12:06:53 fw.rodolfoarce.local dhclient[10762]: No working leases in persistent database - sleeping.
Jul 11 08:06:53 fw.rodolfoarce.local dhclient[89946]: FAIL
Jul 11 12:07:00 fw.rodolfoarce.local /usr/sbin/cron[90219]: (root) CMD (/usr/sbin/newsyslog)
Jul 11 12:07:08 fw.rodolfoarce.local dhclient[10762]: DHCPDISCOVER on vtnet0 to 255.255.255.255 port 67 interval 2
Jul 11 12:07:11 fw.rodolfoarce.local dhclient[10762]: DHCPDISCOVER on vtnet0 to 255.255.255.255 port 67 interval 5
Jul 11 12:07:16 fw.rodolfoarce.local dhclient[10762]: DHCPDISCOVER on vtnet0 to 255.255.255.255 port 67 interval 14
Jul 11 12:07:30 fw.rodolfoarce.local dhclient[10762]: DHCPDISCOVER on vtnet0 to 255.255.255.255 port 67 interval 10
Jul 11 12:07:40 fw.rodolfoarce.local dhclient[10762]: DHCPDISCOVER on vtnet0 to 255.255.255.255 port 67 interval 13
Jul 11 12:07:53 fw.rodolfoarce.local dhclient[10762]: DHCPDISCOVER on vtnet0 to 255.255.255.255 port 67 interval 12
Jul 11 12:08:00 fw.rodolfoarce.local /usr/sbin/cron[6428]: (root) CMD (/usr/sbin/newsyslog)
Jul 11 12:08:00 fw.rodolfoarce.local dhcp6c[28115]: Sending Solicit
Jul 11 12:08:05 fw.rodolfoarce.local dhclient[10762]: DHCPDISCOVER on vtnet0 to 255.255.255.255 port 67 interval 4
Jul 11 12:08:09 fw.rodolfoarce.local dhclient[10762]: No DHCPOFFERS received.
Jul 11 12:08:09 fw.rodolfoarce.local dhclient[10762]: No working leases in persistent database - sleeping.
Jul 11 08:08:09 fw.rodolfoarce.local dhclient[7678]: FAIL
Jul 11 12:08:24 fw.rodolfoarce.local dhclient[10762]: DHCPDISCOVER on vtnet0 to 255.255.255.255 port 67 interval 2
Jul 11 12:08:26 fw.rodolfoarce.local dhclient[10762]: DHCPDISCOVER on vtnet0 to 255.255.255.255 port 67 interval 4
Jul 11 12:08:30 fw.rodolfoarce.local dhclient[10762]: DHCPDISCOVER on vtnet0 to 255.255.255.255 port 67 interval 8
Jul 11 12:08:38 fw.rodolfoarce.local dhclient[10762]: DHCPDISCOVER on vtnet0 to 255.255.255.255 port 67 interval 17
Jul 11 12:08:55 fw.rodolfoarce.local dhclient[10762]: DHCPDISCOVER on vtnet0 to 255.255.255.255 port 67 interval 11
Jul 11 12:09:00 fw.rodolfoarce.local /usr/sbin/cron[27697]: (root) CMD (/usr/sbin/newsyslog)
Jul 11 12:09:06 fw.rodolfoarce.local dhclient[10762]: DHCPDISCOVER on vtnet0 to 255.255.255.255 port 67 interval 12
Jul 11 12:09:18 fw.rodolfoarce.local dhclient[10762]: DHCPDISCOVER on vtnet0 to 255.255.255.255 port 67 interval 7
Jul 11 12:09:25 fw.rodolfoarce.local dhclient[10762]: No DHCPOFFERS received.
Jul 11 12:09:25 fw.rodolfoarce.local dhclient[10762]: No working leases in persistent database - sleeping.
Jul 11 08:09:25 fw.rodolfoarce.local dhclient[46920]: FAIL
Jul 11 12:09:40 fw.rodolfoarce.local dhclient[10762]: DHCPDISCOVER on vtnet0 to 255.255.255.255 port 67 interval 1
Jul 11 12:09:42 fw.rodolfoarce.local dhclient[10762]: DHCPDISCOVER on vtnet0 to 255.255.255.255 port 67 interval 2
Jul 11 12:09:44 fw.rodolfoarce.local dhclient[10762]: DHCPDISCOVER on vtnet0 to 255.255.255.255 port 67 interval 5
Jul 11 12:09:49 fw.rodolfoarce.local dhclient[10762]: DHCPDISCOVER on vtnet0 to 255.255.255.255 port 67 interval 14
Jul 11 12:09:58 fw.rodolfoarce.local dhcp6c[28115]: Sending Solicit
Jul 11 12:10:00 fw.rodolfoarce.local /usr/sbin/cron[47781]: (root) CMD (/usr/libexec/atrun)
Jul 11 12:10:00 fw.rodolfoarce.local /usr/sbin/cron[47623]: (root) CMD (/usr/sbin/newsyslog)
Jul 11 12:10:03 fw.rodolfoarce.local dhclient[10762]: DHCPDISCOVER on vtnet0 to 255.255.255.255 port 67 interval 21
Jul 11 12:10:24 fw.rodolfoarce.local dhclient[10762]: DHCPDISCOVER on vtnet0 to 255.255.255.255 port 67 interval 17
Jul 11 12:10:41 fw.rodolfoarce.local dhclient[10762]: No DHCPOFFERS received.
Jul 11 12:10:41 fw.rodolfoarce.local dhclient[10762]: No working leases in persistent database - sleeping.
Jul 11 08:10:41 fw.rodolfoarce.local dhclient[67510]: FAIL
Jul 11 12:10:56 fw.rodolfoarce.local dhclient[10762]: DHCPDISCOVER on vtnet0 to 255.255.255.255 port 67 interval 2
Jul 11 12:10:58 fw.rodolfoarce.local dhclient[10762]: DHCPDISCOVER on vtnet0 to 255.255.255.255 port 67 interval 4
Jul 11 12:11:00 fw.rodolfoarce.local /usr/sbin/cron[67544]: (root) CMD (/usr/sbin/newsyslog)
Jul 11 12:11:02 fw.rodolfoarce.local dhclient[10762]: DHCPDISCOVER on vtnet0 to 255.255.255.255 port 67 interval 10
Jul 11 12:11:12 fw.rodolfoarce.local dhclient[10762]: DHCPDISCOVER on vtnet0 to 255.255.255.255 port 67 interval 15
Jul 11 12:11:15 fw.rodolfoarce.local filterlog[32783]: 4,,,1000000103,vtnet0,match,block,in,4,0x0,,241,54321,0,none,17,udp,58,185.242.226.31,10.255.255.1,45949,53,38
Jul 11 12:11:27 fw.rodolfoarce.local dhclient[10762]: DHCPDISCOVER on vtnet0 to 255.255.255.255 port 67 interval 8
Jul 11 12:11:35 fw.rodolfoarce.local dhclient[10762]: DHCPDISCOVER on vtnet0 to 255.255.255.255 port 67 interval 7
Jul 11 12:11:43 fw.rodolfoarce.local dhclient[10762]: DHCPDISCOVER on vtnet0 to 255.255.255.255 port 67 interval 8
Jul 11 12:11:51 fw.rodolfoarce.local dhclient[10762]: DHCPDISCOVER on vtnet0 to 255.255.255.255 port 67 interval 6
Jul 11 12:11:57 fw.rodolfoarce.local dhclient[10762]: No DHCPOFFERS received.
Jul 11 12:11:57 fw.rodolfoarce.local dhclient[10762]: No working leases in persistent database - sleeping.
Jul 11 08:11:57 fw.rodolfoarce.local dhclient[84983]: FAIL
Jul 11 12:12:00 fw.rodolfoarce.local /usr/sbin/cron[85053]: (root) CMD (/usr/sbin/newsyslog)
Jul 11 12:12:06 fw.rodolfoarce.local dhcp6c[28115]: Sending Solicit
Jul 11 12:12:12 fw.rodolfoarce.local dhclient[10762]: DHCPDISCOVER on vtnet0 to 255.255.255.255 port 67 interval 1
Jul 11 12:12:13 fw.rodolfoarce.local dhclient[10762]: DHCPDISCOVER on vtnet0 to 255.255.255.255 port 67 interval 1
Jul 11 12:12:14 fw.rodolfoarce.local dhclient[10762]: DHCPDISCOVER on vtnet0 to 255.255.255.255 port 67 interval 2
Jul 11 12:12:16 fw.rodolfoarce.local dhclient[10762]: DHCPDISCOVER on vtnet0 to 255.255.255.255 port 67 interval 5
Jul 11 12:12:21 fw.rodolfoarce.local dhclient[10762]: DHCPDISCOVER on vtnet0 to 255.255.255.255 port 67 interval 7
Jul 11 12:12:28 fw.rodolfoarce.local dhclient[10762]: DHCPDISCOVER on vtnet0 to 255.255.255.255 port 67 interval 16
Jul 11 12:12:44 fw.rodolfoarce.local dhclient[10762]: DHCPDISCOVER on vtnet0 to 255.255.255.255 port 67 interval 15
Jul 11 12:12:59 fw.rodolfoarce.local dhclient[10762]: DHCPDISCOVER on vtnet0 to 255.255.255.255 port 67 interval 11
Jul 11 12:13:00 fw.rodolfoarce.local /usr/sbin/cron[3264]: (root) CMD (/usr/sbin/newsyslog)
Jul 11 12:13:10 fw.rodolfoarce.local dhclient[10762]: DHCPDISCOVER on vtnet0 to 255.255.255.255 port 67 interval 3
Jul 11 12:13:14 fw.rodolfoarce.local dhclient[10762]: No DHCPOFFERS received.
Jul 11 12:13:14 fw.rodolfoarce.local dhclient[10762]: No working leases in persistent database - sleeping.
Jul 11 08:13:14 fw.rodolfoarce.local dhclient[3931]: FAIL
Jul 11 12:13:29 fw.rodolfoarce.local dhclient[10762]: DHCPDISCOVER on vtnet0 to 255.255.255.255 port 67 interval 1
Jul 11 12:13:30 fw.rodolfoarce.local dhclient[10762]: DHCPDISCOVER on vtnet0 to 255.255.255.255 port 67 interval 2
Jul 11 12:13:32 fw.rodolfoarce.local dhclient[10762]: DHCPDISCOVER on vtnet0 to 255.255.255.255 port 67 interval 3
Jul 11 12:13:35 fw.rodolfoarce.local dhclient[10762]: DHCPDISCOVER on vtnet0 to 255.255.255.255 port 67 interval 8
Jul 11 12:13:43 fw.rodolfoarce.local dhclient[10762]: DHCPDISCOVER on vtnet0 to 255.255.255.255 port 67 interval 10
Jul 11 12:13:53 fw.rodolfoarce.local dhclient[10762]: DHCPDISCOVER on vtnet0 to 255.255.255.255 port 67 interval 13
Jul 11 12:14:00 fw.rodolfoarce.local /usr/sbin/cron[23818]: (root) CMD (/usr/sbin/newsyslog)
Jul 11 12:14:03 fw.rodolfoarce.local dhcp6c[28115]: Sending Solicit
Jul 11 12:14:06 fw.rodolfoarce.local dhclient[10762]: DHCPDISCOVER on vtnet0 to 255.255.255.255 port 67 interval 15
Jul 11 12:14:21 fw.rodolfoarce.local dhclient[10762]: DHCPDISCOVER on vtnet0 to 255.255.255.255 port 67 interval 9
Jul 11 12:14:30 fw.rodolfoarce.local dhclient[10762]: No DHCPOFFERS received.
Jul 11 12:14:30 fw.rodolfoarce.local dhclient[10762]: No working leases in persistent database - sleeping.
Jul 11 08:14:30 fw.rodolfoarce.local dhclient[44309]: FAIL
Jul 11 12:14:45 fw.rodolfoarce.local dhclient[10762]: DHCPDISCOVER on vtnet0 to 255.255.255.255 port 67 interval 2
Jul 11 12:14:47 fw.rodolfoarce.local dhclient[10762]: DHCPDISCOVER on vtnet0 to 255.255.255.255 port 67 interval 5
Jul 11 12:14:52 fw.rodolfoarce.local dhclient[10762]: DHCPDISCOVER on vtnet0 to 255.255.255.255 port 67 interval 9
Jul 11 12:15:00 fw.rodolfoarce.local /usr/sbin/cron[44728]: (root) CMD (/usr/sbin/newsyslog)
Jul 11 12:15:00 fw.rodolfoarce.local /usr/sbin/cron[45040]: (root) CMD (/usr/libexec/atrun)
Jul 11 12:15:02 fw.rodolfoarce.local dhclient[10762]: DHCPDISCOVER on vtnet0 to 255.255.255.255 port 67 interval 13
Jul 11 12:15:15 fw.rodolfoarce.local dhclient[10762]: DHCPDISCOVER on vtnet0 to 255.255.255.255 port 67 interval 14
Jul 11 12:15:29 fw.rodolfoarce.local dhclient[10762]: DHCPDISCOVER on vtnet0 to 255.255.255.255 port 67 interval 17
Jul 11 12:15:46 fw.rodolfoarce.local dhclient[10762]: No DHCPOFFERS received.
Jul 11 12:15:46 fw.rodolfoarce.local dhclient[10762]: No working leases in persistent database - sleeping.
Jul 11 08:15:46 fw.rodolfoarce.local dhclient[64417]: FAIL
Jul 11 12:16:00 fw.rodolfoarce.local /usr/sbin/cron[64805]: (root) CMD (/usr/sbin/newsyslog)
Jul 11 12:16:01 fw.rodolfoarce.local dhclient[10762]: DHCPDISCOVER on vtnet0 to 255.255.255.255 port 67 interval 1
Jul 11 12:16:02 fw.rodolfoarce.local dhclient[10762]: DHCPDISCOVER on vtnet0 to 255.255.255.255 port 67 interval 2
Jul 11 12:16:04 fw.rodolfoarce.local dhclient[10762]: DHCPDISCOVER on vtnet0 to 255.255.255.255 port 67 interval 5
Jul 11 12:16:07 fw.rodolfoarce.local dhcp6c[28115]: Sending Solicit
Jul 11 12:16:09 fw.rodolfoarce.local dhclient[10762]: DHCPDISCOVER on vtnet0 to 255.255.255.255 port 67 interval 8
Jul 11 12:16:17 fw.rodolfoarce.local dhclient[10762]: DHCPDISCOVER on vtnet0 to 255.255.255.255 port 67 interval 8
Jul 11 12:16:25 fw.rodolfoarce.local dhclient[10762]: DHCPDISCOVER on vtnet0 to 255.255.255.255 port 67 interval 12
Jul 11 12:16:37 fw.rodolfoarce.local dhclient[10762]: DHCPDISCOVER on vtnet0 to 255.255.255.255 port 67 interval 10
Jul 11 12:16:38 fw.rodolfoarce.local filterlog[32783]: 4,,,1000000103,vtnet0,match,block,in,4,0x0,,49,31411,0,none,17,udp,75,23.132.96.222,10.255.255.1,50199,53,55
Jul 11 12:16:38 fw.rodolfoarce.local filterlog[32783]: 4,,,1000000103,vtnet0,match,block,in,4,0x0,,50,31461,0,none,17,udp,75,23.132.96.222,10.255.255.1,14234,53,55
Jul 11 12:16:42 fw.rodolfoarce.local filterlog[32783]: 4,,,1000000103,vtnet0,match,block,in,4,0x0,,49,31655,0,none,17,udp,75,23.132.96.222,10.255.255.1,44240,53,55
Jul 11 12:16:43 fw.rodolfoarce.local filterlog[32783]: 4,,,1000000103,vtnet0,match,block,in,4,0x0,,50,31719,0,none,17,udp,75,23.132.96.222,10.255.255.1,52878,53,55
Jul 11 12:16:46 fw.rodolfoarce.local filterlog[32783]: 4,,,1000000103,vtnet0,match,block,in,4,0x0,,50,32216,0,none,17,udp,75,23.132.96.222,10.255.255.1,62224,53,55
Jul 11 12:16:47 fw.rodolfoarce.local dhclient[10762]: DHCPDISCOVER on vtnet0 to 255.255.255.255 port 67 interval 15
Jul 11 12:16:48 fw.rodolfoarce.local filterlog[32783]: 4,,,1000000103,vtnet0,match,block,in,4,0x0,,49,32265,0,none,17,udp,75,23.132.96.222,10.255.255.1,60881,53,55
Jul 11 12:16:55 fw.rodolfoarce.local filterlog[32783]: 4,,,1000000103,vtnet0,match,block,in,4,0x0,,50,33209,0,none,17,udp,75,23.132.96.222,10.255.255.1,52223,53,55
Jul 11 12:16:58 fw.rodolfoarce.local filterlog[32783]: 4,,,1000000103,vtnet0,match,block,in,4,0x0,,49,33809,0,none,17,udp,75,23.132.96.222,10.255.255.1,40651,53,55
Jul 11 12:17:00 fw.rodolfoarce.local /usr/sbin/cron[85372]: (root) CMD (/usr/sbin/newsyslog)
Jul 11 12:17:02 fw.rodolfoarce.local filterlog[32783]: 4,,,1000000103,vtnet0,match,block,in,4,0x0,,49,33881,0,none,17,udp,75,23.132.96.222,10.255.255.1,48011,53,55
Jul 11 12:17:02 fw.rodolfoarce.local dhclient[10762]: No DHCPOFFERS received.
Jul 11 12:17:02 fw.rodolfoarce.local dhclient[10762]: No working leases in persistent database - sleeping.
Jul 11 08:17:03 fw.rodolfoarce.local dhclient[86627]: FAIL
Jul 11 12:17:18 fw.rodolfoarce.local dhclient[10762]: DHCPDISCOVER on vtnet0 to 255.255.255.255 port 67 interval 1
Jul 11 12:17:19 fw.rodolfoarce.local dhclient[10762]: DHCPDISCOVER on vtnet0 to 255.255.255.255 port 67 interval 2
Jul 11 12:17:20 fw.rodolfoarce.local filterlog[32783]: 4,,,1000000103,vtnet0,match,block,in,4,0x0,,240,54321,0,none,17,udp,72,122.228.23.224,10.255.255.1,10327,53,52
Jul 11 12:17:20 fw.rodolfoarce.local filterlog[32783]: 4,,,1000000103,vtnet0,match,block,in,4,0x0,,240,54321,0,none,17,udp,72,122.228.23.224,10.255.255.1,10327,53,52
Jul 11 12:17:21 fw.rodolfoarce.local dhclient[10762]: DHCPDISCOVER on vtnet0 to 255.255.255.255 port 67 interval 5
Jul 11 12:17:26 fw.rodolfoarce.local dhclient[10762]: DHCPDISCOVER on vtnet0 to 255.255.255.255 port 67 interval 10
Jul 11 12:17:36 fw.rodolfoarce.local dhclient[10762]: DHCPDISCOVER on vtnet0 to 255.255.255.255 port 67 interval 21
Jul 11 12:17:57 fw.rodolfoarce.local dhclient[10762]: DHCPDISCOVER on vtnet0 to 255.255.255.255 port 67 interval 12
Jul 11 12:18:00 fw.rodolfoarce.local /usr/sbin/cron[5298]: (root) CMD (/usr/sbin/newsyslog)
Jul 11 12:18:09 fw.rodolfoarce.local dhclient[10762]: DHCPDISCOVER on vtnet0 to 255.255.255.255 port 67 interval 10
Jul 11 12:18:18 fw.rodolfoarce.local dhcp6c[28115]: Sending Solicit
Jul 11 12:18:19 fw.rodolfoarce.local dhclient[10762]: No DHCPOFFERS received.
Jul 11 12:18:19 fw.rodolfoarce.local dhclient[10762]: No working leases in persistent database - sleeping.
Jul 11 08:18:19 fw.rodolfoarce.local dhclient[6150]: FAIL
Jul 11 12:18:34 fw.rodolfoarce.local dhclient[10762]: DHCPDISCOVER on vtnet0 to 255.255.255.255 port 67 interval 2
Jul 11 12:18:36 fw.rodolfoarce.local dhclient[10762]: DHCPDISCOVER on vtnet0 to 255.255.255.255 port 67 interval 4
Jul 11 12:18:40 fw.rodolfoarce.local dhclient[10762]: DHCPDISCOVER on vtnet0 to 255.255.255.255 port 67 interval 4
Jul 11 12:18:44 fw.rodolfoarce.local dhclient[10762]: DHCPDISCOVER on vtnet0 to 255.255.255.255 port 67 interval 11
Jul 11 12:18:55 fw.rodolfoarce.local dhclient[10762]: DHCPDISCOVER on vtnet0 to 255.255.255.255 port 67 interval 15
Jul 11 12:19:00 fw.rodolfoarce.local /usr/sbin/cron[23417]: (root) CMD (/usr/sbin/newsyslog)
Jul 11 12:19:11 fw.rodolfoarce.local dhclient[10762]: DHCPDISCOVER on vtnet0 to 255.255.255.255 port 67 interval 13
Jul 11 12:19:24 fw.rodolfoarce.local dhclient[10762]: DHCPDISCOVER on vtnet0 to 255.255.255.255 port 67 interval 11
Jul 11 12:19:35 fw.rodolfoarce.local dhclient[10762]: No DHCPOFFERS received.
Jul 11 12:19:35 fw.rodolfoarce.local dhclient[10762]: No working leases in persistent database - sleeping.
Jul 11 08:19:35 fw.rodolfoarce.local dhclient[44193]: FAIL
Jul 11 12:19:45 fw.rodolfoarce.local filterlog[32783]: 4,,,1000000103,vtnet0,match,block,in,4,0x0,,50,54654,0,none,6,tcp,60,167.94.145.30,10.255.255.1,50914,22,0,S,3314838409,,42340,,mss;sackOK;TS;nop;wscale
Jul 11 12:19:50 fw.rodolfoarce.local dhclient[10762]: DHCPDISCOVER on vtnet0 to 255.255.255.255 port 67 interval 2
Jul 11 12:19:54 fw.rodolfoarce.local dhclient[10762]: message repeated 2 times: [ DHCPDISCOVER on vtnet0 to 255.255.255.255 port 67 interval 2]
Jul 11 12:19:56 fw.rodolfoarce.local dhclient[10762]: DHCPDISCOVER on vtnet0 to 255.255.255.255 port 67 interval 5
Jul 11 12:20:00 fw.rodolfoarce.local /usr/sbin/cron[45170]: (root) CMD (/usr/libexec/atrun)
Jul 11 12:20:00 fw.rodolfoarce.local /usr/sbin/cron[45063]: (root) CMD (/usr/sbin/newsyslog)
Jul 11 12:20:01 fw.rodolfoarce.local dhclient[10762]: DHCPDISCOVER on vtnet0 to 255.255.255.255 port 67 interval 5
Jul 11 12:20:06 fw.rodolfoarce.local dhclient[10762]: DHCPDISCOVER on vtnet0 to 255.255.255.255 port 67 interval 12
Jul 11 12:20:16 fw.rodolfoarce.local dhcp6c[28115]: Sending Solicit
Jul 11 12:20:18 fw.rodolfoarce.local dhclient[10762]: DHCPDISCOVER on vtnet0 to 255.255.255.255 port 67 interval 15
Jul 11 12:20:33 fw.rodolfoarce.local dhclient[10762]: DHCPDISCOVER on vtnet0 to 255.255.255.255 port 67 interval 18
Jul 11 12:20:51 fw.rodolfoarce.local dhclient[10762]: No DHCPOFFERS received.
Jul 11 12:20:51 fw.rodolfoarce.local dhclient[10762]: No working leases in persistent database - sleeping.
Jul 11 08:20:51 fw.rodolfoarce.local dhclient[62659]: FAIL
Jul 11 12:20:59 fw.rodolfoarce.local filterlog[32783]: 4,,,1000000103,vtnet0,match,block,in,4,0x0,,46,18164,0,DF,17,udp,60,165.22.24.138,10.255.255.1,46049,53,40
Jul 11 12:21:00 fw.rodolfoarce.local /usr/sbin/cron[63232]: (root) CMD (/usr/sbin/newsyslog)
Jul 11 12:21:00 fw.rodolfoarce.local filterlog[32783]: 4,,,1000000103,vtnet0,match,block,in,4,0x0,,46,18198,0,DF,17,udp,71,165.22.24.138,10.255.255.1,46049,53,51
Jul 11 12:21:01 fw.rodolfoarce.local filterlog[32783]: 4,,,1000000103,vtnet0,match,block,in,4,0x0,,46,18435,0,DF,17,udp,60,165.22.24.138,10.255.255.1,46049,53,40
Jul 11 12:21:02 fw.rodolfoarce.local filterlog[32783]: 4,,,1000000103,vtnet0,match,block,in,4,0x0,,46,18440,0,DF,17,udp,71,165.22.24.138,10.255.255.1,46049,53,51
Jul 11 12:21:03 fw.rodolfoarce.local filterlog[32783]: 4,,,1000000103,vtnet0,match,block,in,4,0x0,,46,18604,0,DF,17,udp,60,165.22.24.138,10.255.255.1,46049,53,40
Jul 11 12:21:05 fw.rodolfoarce.local filterlog[32783]: 4,,,1000000103,vtnet0,match,block,in,4,0x0,,46,18752,0,DF,17,udp,71,165.22.24.138,10.255.255.1,46049,53,51
Jul 11 12:21:06 fw.rodolfoarce.local dhclient[10762]: DHCPDISCOVER on vtnet0 to 255.255.255.255 port 67 interval 2
Jul 11 12:21:07 fw.rodolfoarce.local filterlog[32783]: 4,,,1000000103,vtnet0,match,block,in,4,0x0,,46,19265,0,DF,17,udp,60,165.22.24.138,10.255.255.1,46049,53,40
Jul 11 12:21:09 fw.rodolfoarce.local dhclient[10762]: DHCPDISCOVER on vtnet0 to 255.255.255.255 port 67 interval 5
Jul 11 12:21:09 fw.rodolfoarce.local filterlog[32783]: 4,,,1000000103,vtnet0,match,block,in,4,0x0,,46,19399,0,DF,17,udp,71,165.22.24.138,10.255.255.1,46049,53,51
Jul 11 12:21:12 fw.rodolfoarce.local filterlog[32783]: 4,,,1000000103,vtnet0,match,block,in,4,0x0,,46,19571,0,DF,17,udp,60,165.22.24.138,10.255.255.1,46049,53,40
Jul 11 12:21:14 fw.rodolfoarce.local dhclient[10762]: DHCPDISCOVER on vtnet0 to 255.255.255.255 port 67 interval 10
Jul 11 12:21:14 fw.rodolfoarce.local filterlog[32783]: 4,,,1000000103,vtnet0,match,block,in,4,0x0,,46,19921,0,DF,17,udp,71,165.22.24.138,10.255.255.1,46049,53,51
Jul 11 12:21:15 fw.rodolfoarce.local filterlog[32783]: 4,,,1000000103,vtnet0,match,block,in,4,0x0,,46,19997,0,DF,17,udp,60,165.22.24.138,10.255.255.1,46049,53,40
Jul 11 12:21:15 fw.rodolfoarce.local filterlog[32783]: 4,,,1000000103,vtnet0,match,block,in,4,0x0,,46,20100,0,DF,17,udp,71,165.22.24.138,10.255.255.1,46049,53,51
Jul 11 12:21:16 fw.rodolfoarce.local filterlog[32783]: 4,,,1000000103,vtnet0,match,block,in,4,0x0,,46,20286,0,DF,17,udp,60,165.22.24.138,10.255.255.1,46049,53,40
Jul 11 12:21:17 fw.rodolfoarce.local filterlog[32783]: 4,,,1000000103,vtnet0,match,block,in,4,0x0,,46,20471,0,DF,17,udp,71,165.22.24.138,10.255.255.1,46049,53,51
Jul 11 12:21:18 fw.rodolfoarce.local filterlog[32783]: 4,,,1000000103,vtnet0,match,block,in,4,0x0,,46,20799,0,DF,17,udp,60,165.22.24.138,10.255.255.1,46049,53,40
Jul 11 12:21:20 fw.rodolfoarce.local filterlog[32783]: 4,,,1000000103,vtnet0,match,block,in,4,0x0,,46,20989,0,DF,17,udp,71,165.22.24.138,10.255.255.1,46049,53,51
Jul 11 12:21:22 fw.rodolfoarce.local filterlog[32783]: 4,,,1000000103,vtnet0,match,block,in,4,0x0,,46,21368,0,DF,17,udp,60,165.22.24.138,10.255.255.1,46049,53,40
Jul 11 12:21:24 fw.rodolfoarce.local dhclient[10762]: DHCPDISCOVER on vtnet0 to 255.255.255.255 port 67 interval 9
Jul 11 12:21:24 fw.rodolfoarce.local filterlog[32783]: 4,,,1000000103,vtnet0,match,block,in,4,0x0,,46,21703,0,DF,17,udp,71,165.22.24.138,10.255.255.1,46049,53,51
Jul 11 12:21:26 fw.rodolfoarce.local filterlog[32783]: 4,,,1000000103,vtnet0,match,block,in,4,0x0,,46,21986,0,DF,17,udp,60,165.22.24.138,10.255.255.1,46049,53,40
Jul 11 12:21:28 fw.rodolfoarce.local filterlog[32783]: 4,,,1000000103,vtnet0,match,block,in,4,0x0,,46,22500,0,DF,17,udp,71,165.22.24.138,10.255.255.1,46049,53,51
Jul 11 12:21:31 fw.rodolfoarce.local filterlog[32783]: 4,,,1000000103,vtnet0,match,block,in,4,0x0,,46,23173,0,DF,17,udp,71,165.22.24.138,10.255.255.1,46049,53,51
Jul 11 12:21:31 fw.rodolfoarce.local filterlog[32783]: 4,,,1000000103,vtnet0,match,block,in,4,0x0,,46,23227,0,DF,17,udp,60,165.22.24.138,10.255.255.1,46049,53,40
Jul 11 12:21:32 fw.rodolfoarce.local filterlog[32783]: 4,,,1000000103,vtnet0,match,block,in,4,0x0,,46,23326,0,DF,17,udp,71,165.22.24.138,10.255.255.1,46049,53,51
Jul 11 12:21:33 fw.rodolfoarce.local dhclient[10762]: DHCPDISCOVER on vtnet0 to 255.255.255.255 port 67 interval 17
Jul 11 12:21:33 fw.rodolfoarce.local filterlog[32783]: 4,,,1000000103,vtnet0,match,block,in,4,0x0,,46,23404,0,DF,17,udp,60,165.22.24.138,10.255.255.1,46049,53,40
Jul 11 12:21:34 fw.rodolfoarce.local filterlog[32783]: 4,,,1000000103,vtnet0,match,block,in,4,0x0,,46,23469,0,DF,17,udp,71,165.22.24.138,10.255.255.1,46049,53,51
Jul 11 12:21:35 fw.rodolfoarce.local filterlog[32783]: 4,,,1000000103,vtnet0,match,block,in,4,0x0,,46,23522,0,DF,17,udp,60,165.22.24.138,10.255.255.1,46049,53,40
Jul 11 12:21:36 fw.rodolfoarce.local filterlog[32783]: 4,,,1000000103,vtnet0,match,block,in,4,0x0,,46,23709,0,DF,17,udp,71,165.22.24.138,10.255.255.1,46049,53,51
Jul 11 12:21:38 fw.rodolfoarce.local filterlog[32783]: 4,,,1000000103,vtnet0,match,block,in,4,0x0,,46,23929,0,DF,17,udp,60,165.22.24.138,10.255.255.1,46049,53,40
Jul 11 12:21:40 fw.rodolfoarce.local filterlog[32783]: 4,,,1000000103,vtnet0,match,block,in,4,0x0,,46,24043,0,DF,17,udp,71,165.22.24.138,10.255.255.1,46049,53,51
Jul 11 12:21:42 fw.rodolfoarce.local filterlog[32783]: 4,,,1000000103,vtnet0,match,block,in,4,0x0,,46,24296,0,DF,17,udp,60,165.22.24.138,10.255.255.1,46049,53,40
Jul 11 12:21:45 fw.rodolfoarce.local filterlog[32783]: 4,,,1000000103,vtnet0,match,block,in,4,0x0,,46,24696,0,DF,17,udp,71,165.22.24.138,10.255.255.1,46049,53,51
Jul 11 12:21:48 fw.rodolfoarce.local filterlog[32783]: 4,,,1000000103,vtnet0,match,block,in,4,0x0,,110,63900,0,none,17,udp,83,54.201.0.241,10.255.255.1,37287,53,63
Jul 11 12:21:49 fw.rodolfoarce.local filterlog[32783]: 4,,,1000000103,vtnet0,match,block,in,4,0x0,,110,60508,0,none,17,udp,83,54.201.0.241,10.255.255.1,62745,53,63
Jul 11 12:21:50 fw.rodolfoarce.local filterlog[32783]: 4,,,1000000103,vtnet0,match,block,in,4,0x0,,109,53904,0,none,17,udp,83,54.201.0.241,10.255.255.1,37484,53,63
Jul 11 12:21:50 fw.rodolfoarce.local dhclient[10762]: DHCPDISCOVER on vtnet0 to 255.255.255.255 port 67 interval 9
Jul 11 12:21:51 fw.rodolfoarce.local filterlog[32783]: 4,,,1000000103,vtnet0,match,block,in,4,0x0,,111,17064,0,none,17,udp,83,54.201.0.241,10.255.255.1,34181,53,63
Jul 11 12:21:52 fw.rodolfoarce.local filterlog[32783]: 4,,,1000000103,vtnet0,match,block,in,4,0x0,,110,55486,0,none,17,udp,83,54.201.0.241,10.255.255.1,28922,53,63
Jul 11 12:21:52 fw.rodolfoarce.local filterlog[32783]: 4,,,1000000103,vtnet0,match,block,in,4,0x0,,110,50310,0,none,17,udp,83,54.201.0.241,10.255.255.1,31600,53,63
Jul 11 12:21:53 fw.rodolfoarce.local filterlog[32783]: 4,,,1000000103,vtnet0,match,block,in,4,0x0,,110,7800,0,none,17,udp,83,54.201.0.241,10.255.255.1,18259,53,63
Jul 11 12:21:55 fw.rodolfoarce.local filterlog[32783]: 4,,,1000000103,vtnet0,match,block,in,4,0x0,,112,23484,0,none,17,udp,83,54.201.0.241,10.255.255.1,10456,53,63
Jul 11 12:21:56 fw.rodolfoarce.local filterlog[32783]: 4,,,1000000103,vtnet0,match,block,in,4,0x0,,109,53155,0,none,17,udp,83,54.201.0.241,10.255.255.1,21029,53,63
Jul 11 12:21:58 fw.rodolfoarce.local filterlog[32783]: 4,,,1000000103,vtnet0,match,block,in,4,0x0,,111,56708,0,none,17,udp,83,54.201.0.241,10.255.255.1,55158,53,63
Jul 11 12:21:59 fw.rodolfoarce.local filterlog[32783]: 4,,,1000000103,vtnet0,match,block,in,4,0x0,,109,20846,0,none,17,udp,83,54.201.0.241,10.255.255.1,44223,53,63
Jul 11 12:21:59 fw.rodolfoarce.local dhclient[10762]: DHCPDISCOVER on vtnet0 to 255.255.255.255 port 67 interval 8
Jul 11 12:22:00 fw.rodolfoarce.local filterlog[32783]: 4,,,1000000103,vtnet0,match,block,in,4,0x0,,112,47848,0,none,17,udp,83,54.201.0.241,10.255.255.1,34219,53,63
Jul 11 12:22:00 fw.rodolfoarce.local /usr/sbin/cron[78518]: (root) CMD (/usr/sbin/newsyslog)
Jul 11 12:22:01 fw.rodolfoarce.local filterlog[32783]: 4,,,1000000103,vtnet0,match,block,in,4,0x0,,110,2892,0,none,17,udp,83,54.201.0.241,10.255.255.1,37845,53,63
Jul 11 12:22:02 fw.rodolfoarce.local filterlog[32783]: 4,,,1000000103,vtnet0,match,block,in,4,0x0,,110,40267,0,none,17,udp,83,54.201.0.241,10.255.255.1,21377,53,63
Jul 11 12:22:02 fw.rodolfoarce.local filterlog[32783]: 4,,,1000000103,vtnet0,match,block,in,4,0x0,,112,41941,0,none,17,udp,83,54.201.0.241,10.255.255.1,58503,53,63
Jul 11 12:22:03 fw.rodolfoarce.local filterlog[32783]: 4,,,1000000103,vtnet0,match,block,in,4,0x0,,110,16255,0,none,17,udp,83,54.201.0.241,10.255.255.1,42579,53,63
Jul 11 12:22:05 fw.rodolfoarce.local filterlog[32783]: 4,,,1000000103,vtnet0,match,block,in,4,0x0,,110,48624,0,none,17,udp,83,54.201.0.241,10.255.255.1,34753,53,63
Jul 11 12:22:06 fw.rodolfoarce.local filterlog[32783]: 4,,,1000000103,vtnet0,match,block,in,4,0x0,,110,49149,0,none,17,udp,83,54.201.0.241,10.255.255.1,29143,53,63
Jul 11 12:22:07 fw.rodolfoarce.local dhclient[10762]: No DHCPOFFERS received.
Jul 11 12:22:07 fw.rodolfoarce.local dhclient[10762]: No working leases in persistent database - sleeping.
Jul 11 08:22:07 fw.rodolfoarce.local dhclient[79414]: FAIL
Jul 11 12:22:08 fw.rodolfoarce.local filterlog[32783]: 4,,,1000000103,vtnet0,match,block,in,4,0x0,,111,61573,0,none,17,udp,83,54.201.0.241,10.255.255.1,4071,53,63
Jul 11 12:22:09 fw.rodolfoarce.local filterlog[32783]: 4,,,1000000103,vtnet0,match,block,in,4,0x0,,110,37874,0,none,17,udp,83,54.201.0.241,10.255.255.1,34500,53,63
Jul 11 12:22:10 fw.rodolfoarce.local filterlog[32783]: 4,,,1000000103,vtnet0,match,block,in,4,0x0,,112,20036,0,none,17,udp,83,54.201.0.241,10.255.255.1,8924,53,63
Jul 11 12:22:11 fw.rodolfoarce.local filterlog[32783]: 4,,,1000000103,vtnet0,match,block,in,4,0x0,,109,9924,0,none,17,udp,83,54.201.0.241,10.255.255.1,1200,53,63
Jul 11 12:22:12 fw.rodolfoarce.local filterlog[32783]: 4,,,1000000103,vtnet0,match,block,in,4,0x0,,112,8355,0,none,17,udp,83,54.201.0.241,10.255.255.1,39678,53,63
Jul 11 12:22:13 fw.rodolfoarce.local filterlog[32783]: 4,,,1000000103,vtnet0,match,block,in,4,0x0,,112,58428,0,none,17,udp,83,54.201.0.241,10.255.255.1,29932,53,63
Jul 11 12:22:14 fw.rodolfoarce.local filterlog[32783]: 4,,,1000000103,vtnet0,match,block,in,4,0x0,,112,54338,0,none,17,udp,83,54.201.0.241,10.255.255.1,4426,53,63
Jul 11 12:22:16 fw.rodolfoarce.local filterlog[32783]: 4,,,1000000103,vtnet0,match,block,in,4,0x0,,110,24085,0,none,17,udp,83,54.201.0.241,10.255.255.1,53450,53,63
Jul 11 12:22:17 fw.rodolfoarce.local filterlog[32783]: 4,,,1000000103,vtnet0,match,block,in,4,0x0,,111,51277,0,none,17,udp,83,54.201.0.241,10.255.255.1,10466,53,63
Jul 11 12:22:18 fw.rodolfoarce.local filterlog[32783]: 4,,,1000000103,vtnet0,match,block,in,4,0x0,,112,21608,0,none,17,udp,83,54.201.0.241,10.255.255.1,39967,53,63
Jul 11 12:22:19 fw.rodolfoarce.local filterlog[32783]: 4,,,1000000103,vtnet0,match,block,in,4,0x0,,108,28454,0,none,17,udp,83,54.201.0.241,10.255.255.1,46661,53,63
Jul 11 12:22:19 fw.rodolfoarce.local dhcp6c[28115]: Sending Solicit
Jul 11 12:22:20 fw.rodolfoarce.local filterlog[32783]: 4,,,1000000103,vtnet0,match,block,in,4,0x0,,110,7726,0,none,17,udp,83,54.201.0.241,10.255.255.1,25963,53,63
Jul 11 12:22:21 fw.rodolfoarce.local filterlog[32783]: 4,,,1000000103,vtnet0,match,block,in,4,0x0,,112,56055,0,none,17,udp,83,54.201.0.241,10.255.255.1,60292,53,63
Jul 11 12:22:22 fw.rodolfoarce.local filterlog[32783]: 4,,,1000000103,vtnet0,match,block,in,4,0x0,,110,30890,0,none,17,udp,83,54.201.0.241,10.255.255.1,22139,53,63
Jul 11 12:22:22 fw.rodolfoarce.local dhclient[10762]: DHCPDISCOVER on vtnet0 to 255.255.255.255 port 67 interval 1
Jul 11 12:22:23 fw.rodolfoarce.local filterlog[32783]: 4,,,1000000103,vtnet0,match,block,in,4,0x0,,110,47376,0,none,17,udp,83,54.201.0.241,10.255.255.1,60376,53,63
Jul 11 12:22:23 fw.rodolfoarce.local dhclient[10762]: DHCPDISCOVER on vtnet0 to 255.255.255.255 port 67 interval 2
Jul 11 12:22:24 fw.rodolfoarce.local filterlog[32783]: 4,,,1000000103,vtnet0,match,block,in,4,0x0,,108,20984,0,none,17,udp,83,54.201.0.241,10.255.255.1,19258,53,63
Jul 11 12:22:25 fw.rodolfoarce.local dhclient[10762]: DHCPDISCOVER on vtnet0 to 255.255.255.255 port 67 interval 5
Jul 11 12:22:26 fw.rodolfoarce.local filterlog[32783]: 4,,,1000000103,vtnet0,match,block,in,4,0x0,,109,23947,0,none,17,udp,83,54.201.0.241,10.255.255.1,2793,53,63
Jul 11 12:22:27 fw.rodolfoarce.local filterlog[32783]: 4,,,1000000103,vtnet0,match,block,in,4,0x0,,112,12832,0,none,17,udp,83,54.201.0.241,10.255.255.1,57420,53,63
Jul 11 12:22:28 fw.rodolfoarce.local filterlog[32783]: 4,,,1000000103,vtnet0,match,block,in,4,0x0,,110,54361,0,none,17,udp,83,54.201.0.241,10.255.255.1,35135,53,63
Jul 11 12:22:28 fw.rodolfoarce.local filterlog[32783]: 4,,,1000000103,vtnet0,match,block,in,4,0x0,,111,31856,0,none,17,udp,87,54.201.0.241,10.255.255.1,60768,53,67
Jul 11 12:22:29 fw.rodolfoarce.local filterlog[32783]: 4,,,1000000103,vtnet0,match,block,in,4,0x0,,109,32602,0,none,17,udp,87,54.201.0.241,10.255.255.1,57349,53,67
Jul 11 12:22:30 fw.rodolfoarce.local filterlog[32783]: 4,,,1000000103,vtnet0,match,block,in,4,0x0,,110,24138,0,none,17,udp,87,54.201.0.241,10.255.255.1,51648,53,67
Jul 11 12:22:30 fw.rodolfoarce.local dhclient[10762]: DHCPDISCOVER on vtnet0 to 255.255.255.255 port 67 interval 6
Jul 11 12:22:31 fw.rodolfoarce.local filterlog[32783]: 4,,,1000000103,vtnet0,match,block,in,4,0x0,,109,19783,0,none,17,udp,87,54.201.0.241,10.255.255.1,4927,53,67
Jul 11 12:22:32 fw.rodolfoarce.local filterlog[32783]: 4,,,1000000103,vtnet0,match,block,in,4,0x0,,109,44856,0,none,17,udp,87,54.201.0.241,10.255.255.1,35468,53,67
Jul 11 12:22:33 fw.rodolfoarce.local filterlog[32783]: 4,,,1000000103,vtnet0,match,block,in,4,0x0,,108,56300,0,none,17,udp,87,54.201.0.241,10.255.255.1,28641,53,67
Jul 11 12:22:34 fw.rodolfoarce.local filterlog[32783]: 4,,,1000000103,vtnet0,match,block,in,4,0x0,,112,53981,0,none,17,udp,87,54.201.0.241,10.255.255.1,64006,53,67
Jul 11 12:22:36 fw.rodolfoarce.local filterlog[32783]: 4,,,1000000103,vtnet0,match,block,in,4,0x0,,112,40965,0,none,17,udp,87,54.201.0.241,10.255.255.1,29636,53,67
Jul 11 12:22:36 fw.rodolfoarce.local dhclient[10762]: DHCPDISCOVER on vtnet0 to 255.255.255.255 port 67 interval 19
Jul 11 12:22:37 fw.rodolfoarce.local filterlog[32783]: 4,,,1000000103,vtnet0,match,block,in,4,0x0,,110,56171,0,none,17,udp,87,54.201.0.241,10.255.255.1,58367,53,67
Jul 11 12:22:55 fw.rodolfoarce.local dhclient[10762]: DHCPDISCOVER on vtnet0 to 255.255.255.255 port 67 interval 14
Jul 11 12:23:00 fw.rodolfoarce.local /usr/sbin/cron[97821]: (root) CMD (/usr/sbin/newsyslog)
Jul 11 12:23:10 fw.rodolfoarce.local dhclient[10762]: DHCPDISCOVER on vtnet0 to 255.255.255.255 port 67 interval 7
Jul 11 12:23:17 fw.rodolfoarce.local dhclient[10762]: DHCPDISCOVER on vtnet0 to 255.255.255.255 port 67 interval 6
Jul 11 12:23:23 fw.rodolfoarce.local dhclient[10762]: No DHCPOFFERS received.
Jul 11 12:23:23 fw.rodolfoarce.local dhclient[10762]: No working leases in persistent database - sleeping.
Jul 11 08:23:23 fw.rodolfoarce.local dhclient[98674]: FAIL
Jul 11 12:23:38 fw.rodolfoarce.local dhclient[10762]: DHCPDISCOVER on vtnet0 to 255.255.255.255 port 67 interval 1
Jul 11 12:23:39 fw.rodolfoarce.local dhclient[10762]: DHCPDISCOVER on vtnet0 to 255.255.255.255 port 67 interval 2
Jul 11 12:23:41 fw.rodolfoarce.local dhclient[10762]: DHCPDISCOVER on vtnet0 to 255.255.255.255 port 67 interval 3
Jul 11 12:23:44 fw.rodolfoarce.local dhclient[10762]: DHCPDISCOVER on vtnet0 to 255.255.255.255 port 67 interval 3
Jul 11 12:23:47 fw.rodolfoarce.local dhclient[10762]: DHCPDISCOVER on vtnet0 to 255.255.255.255 port 67 interval 8
Jul 11 12:23:55 fw.rodolfoarce.local dhclient[10762]: DHCPDISCOVER on vtnet0 to 255.255.255.255 port 67 interval 10
Jul 11 12:24:00 fw.rodolfoarce.local /usr/sbin/cron[18688]: (root) CMD (/usr/sbin/newsyslog)
Jul 11 12:24:05 fw.rodolfoarce.local dhclient[10762]: DHCPDISCOVER on vtnet0 to 255.255.255.255 port 67 interval 19
Jul 11 12:24:11 fw.rodolfoarce.local dhcp6c[28115]: Sending Solicit
Jul 11 12:24:24 fw.rodolfoarce.local dhclient[10762]: DHCPDISCOVER on vtnet0 to 255.255.255.255 port 67 interval 8
Jul 11 12:24:32 fw.rodolfoarce.local dhclient[10762]: DHCPDISCOVER on vtnet0 to 255.255.255.255 port 67 interval 7
Jul 11 12:24:39 fw.rodolfoarce.local dhclient[10762]: No DHCPOFFERS received.
Jul 11 12:24:39 fw.rodolfoarce.local dhclient[10762]: No working leases in persistent database - sleeping.
Jul 11 08:24:39 fw.rodolfoarce.local dhclient[37094]: FAIL
Jul 11 12:24:54 fw.rodolfoarce.local dhclient[10762]: DHCPDISCOVER on vtnet0 to 255.255.255.255 port 67 interval 2
Jul 11 12:24:56 fw.rodolfoarce.local dhclient[10762]: DHCPDISCOVER on vtnet0 to 255.255.255.255 port 67 interval 4
Jul 11 12:25:00 fw.rodolfoarce.local /usr/sbin/cron[37945]: (root) CMD (/usr/libexec/atrun)
Jul 11 12:25:00 fw.rodolfoarce.local /usr/sbin/cron[37713]: (root) CMD (/usr/sbin/newsyslog)
Jul 11 12:25:00 fw.rodolfoarce.local dhclient[10762]: DHCPDISCOVER on vtnet0 to 255.255.255.255 port 67 interval 4
Jul 11 12:25:04 fw.rodolfoarce.local dhclient[10762]: DHCPDISCOVER on vtnet0 to 255.255.255.255 port 67 interval 4
Jul 11 12:25:08 fw.rodolfoarce.local dhclient[10762]: DHCPDISCOVER on vtnet0 to 255.255.255.255 port 67 interval 7
Jul 11 12:25:15 fw.rodolfoarce.local dhclient[10762]: DHCPDISCOVER on vtnet0 to 255.255.255.255 port 67 interval 13
Jul 11 12:25:28 fw.rodolfoarce.local dhclient[10762]: DHCPDISCOVER on vtnet0 to 255.255.255.255 port 67 interval 12
Jul 11 12:25:41 fw.rodolfoarce.local dhclient[10762]: DHCPDISCOVER on vtnet0 to 255.255.255.255 port 67 interval 9
Jul 11 12:25:50 fw.rodolfoarce.local dhclient[10762]: DHCPDISCOVER on vtnet0 to 255.255.255.255 port 67 interval 5
Jul 11 12:25:55 fw.rodolfoarce.local dhclient[10762]: No DHCPOFFERS received.
Jul 11 12:25:55 fw.rodolfoarce.local dhclient[10762]: No working leases in persistent database - sleeping.
Jul 11 08:25:55 fw.rodolfoarce.local dhclient[56681]: FAIL
Jul 11 12:26:00 fw.rodolfoarce.local /usr/sbin/cron[57241]: (root) CMD (/usr/sbin/newsyslog)
Jul 11 12:26:03 fw.rodolfoarce.local dhcp6c[28115]: Sending Solicit
Jul 11 12:26:10 fw.rodolfoarce.local dhclient[10762]: DHCPDISCOVER on vtnet0 to 255.255.255.255 port 67 interval 2
Jul 11 12:26:14 fw.rodolfoarce.local dhclient[10762]: message repeated 2 times: [ DHCPDISCOVER on vtnet0 to 255.255.255.255 port 67 interval 2]
Jul 11 12:26:16 fw.rodolfoarce.local dhclient[10762]: DHCPDISCOVER on vtnet0 to 255.255.255.255 port 67 interval 4
Jul 11 12:26:20 fw.rodolfoarce.local dhclient[10762]: DHCPDISCOVER on vtnet0 to 255.255.255.255 port 67 interval 8
Jul 11 12:26:28 fw.rodolfoarce.local dhclient[10762]: DHCPDISCOVER on vtnet0 to 255.255.255.255 port 67 interval 11
Jul 11 12:26:39 fw.rodolfoarce.local dhclient[10762]: DHCPDISCOVER on vtnet0 to 255.255.255.255 port 67 interval 20
Jul 11 12:26:59 fw.rodolfoarce.local dhclient[10762]: DHCPDISCOVER on vtnet0 to 255.255.255.255 port 67 interval 7
Jul 11 12:27:00 fw.rodolfoarce.local /usr/sbin/cron[74455]: (root) CMD (/usr/sbin/newsyslog)
Jul 11 12:27:06 fw.rodolfoarce.local dhclient[10762]: DHCPDISCOVER on vtnet0 to 255.255.255.255 port 67 interval 5
Jul 11 12:27:11 fw.rodolfoarce.local dhclient[10762]: No DHCPOFFERS received.
Jul 11 12:27:11 fw.rodolfoarce.local dhclient[10762]: No working leases in persistent database - sleeping.
Jul 11 08:27:11 fw.rodolfoarce.local dhclient[75699]: FAIL
Jul 11 12:27:26 fw.rodolfoarce.local dhclient[10762]: DHCPDISCOVER on vtnet0 to 255.255.255.255 port 67 interval 2
Jul 11 12:27:28 fw.rodolfoarce.local dhclient[10762]: DHCPDISCOVER on vtnet0 to 255.255.255.255 port 67 interval 3
Jul 11 12:27:31 fw.rodolfoarce.local dhclient[10762]: DHCPDISCOVER on vtnet0 to 255.255.255.255 port 67 interval 3
Jul 11 12:27:34 fw.rodolfoarce.local dhclient[10762]: DHCPDISCOVER on vtnet0 to 255.255.255.255 port 67 interval 5
Jul 11 12:27:39 fw.rodolfoarce.local dhclient[10762]: DHCPDISCOVER on vtnet0 to 255.255.255.255 port 67 interval 12
Jul 11 12:27:52 fw.rodolfoarce.local dhclient[10762]: DHCPDISCOVER on vtnet0 to 255.255.255.255 port 67 interval 20
Jul 11 12:28:00 fw.rodolfoarce.local /usr/sbin/cron[93085]: (root) CMD (/usr/sbin/newsyslog)
Jul 11 08:28:00 fw.rodolfoarce.local syslogd: restart
Jul 11 08:28:00 fw.rodolfoarce.local sshguard[36249]: Exiting on signal.
Jul 11 08:28:00 fw.rodolfoarce.local sshguard[94054]: Now monitoring attacks.
Jul 11 12:28:12 fw.rodolfoarce.local dhclient[10762]: DHCPDISCOVER on vtnet0 to 255.255.255.255 port 67 interval 15
Jul 11 12:28:12 fw.rodolfoarce.local dhcp6c[28115]: Sending Solicit
Jul 11 12:28:27 fw.rodolfoarce.local dhclient[10762]: No DHCPOFFERS received.
Jul 11 12:28:27 fw.rodolfoarce.local dhclient[10762]: No working leases in persistent database - sleeping.
Jul 11 08:28:27 fw.rodolfoarce.local dhclient[96083]: FAIL
Jul 11 12:28:42 fw.rodolfoarce.local dhclient[10762]: DHCPDISCOVER on vtnet0 to 255.255.255.255 port 67 interval 2
Jul 11 12:28:44 fw.rodolfoarce.local dhclient[10762]: DHCPDISCOVER on vtnet0 to 255.255.255.255 port 67 interval 2
Jul 11 12:28:46 fw.rodolfoarce.local dhclient[10762]: DHCPDISCOVER on vtnet0 to 255.255.255.255 port 67 interval 3
Jul 11 12:28:49 fw.rodolfoarce.local dhclient[10762]: DHCPDISCOVER on vtnet0 to 255.255.255.255 port 67 interval 8
Jul 11 12:28:57 fw.rodolfoarce.local dhclient[10762]: DHCPDISCOVER on vtnet0 to 255.255.255.255 port 67 interval 13
Jul 11 12:29:00 fw.rodolfoarce.local /usr/sbin/cron[15343]: (root) CMD (/usr/sbin/newsyslog)
Jul 11 12:29:10 fw.rodolfoarce.local dhclient[10762]: DHCPDISCOVER on vtnet0 to 255.255.255.255 port 67 interval 8
Jul 11 12:29:18 fw.rodolfoarce.local dhclient[10762]: DHCPDISCOVER on vtnet0 to 255.255.255.255 port 67 interval 8
Jul 11 12:29:26 fw.rodolfoarce.local dhclient[10762]: DHCPDISCOVER on vtnet0 to 255.255.255.255 port 67 interval 15
Jul 11 12:29:41 fw.rodolfoarce.local dhclient[10762]: DHCPDISCOVER on vtnet0 to 255.255.255.255 port 67 interval 2
Jul 11 12:29:43 fw.rodolfoarce.local dhclient[10762]: No DHCPOFFERS received.
Jul 11 12:29:43 fw.rodolfoarce.local dhclient[10762]: No working leases in persistent database - sleeping.
Jul 11 08:29:43 fw.rodolfoarce.local dhclient[34354]: FAIL
Jul 11 12:29:59 fw.rodolfoarce.local dhclient[10762]: DHCPDISCOVER on vtnet0 to 255.255.255.255 port 67 interval 2
Jul 11 12:30:00 fw.rodolfoarce.local /usr/sbin/cron[35187]: (root) CMD (/usr/sbin/newsyslog)
Jul 11 12:30:00 fw.rodolfoarce.local /usr/sbin/cron[34931]: (root) CMD (/usr/bin/nice -n20 /etc/rc.update_urltables)
Jul 11 12:30:01 fw.rodolfoarce.local dhclient[10762]: DHCPDISCOVER on vtnet0 to 255.255.255.255 port 67 interval 4
Jul 11 12:30:05 fw.rodolfoarce.local dhclient[10762]: DHCPDISCOVER on vtnet0 to 255.255.255.255 port 67 interval 9
Jul 11 12:30:14 fw.rodolfoarce.local dhclient[10762]: DHCPDISCOVER on vtnet0 to 255.255.255.255 port 67 interval 15
Jul 11 12:30:20 fw.rodolfoarce.local dhcp6c[28115]: Sending Solicit
Jul 11 12:30:29 fw.rodolfoarce.local dhclient[10762]: DHCPDISCOVER on vtnet0 to 255.255.255.255 port 67 interval 18
Jul 11 12:30:47 fw.rodolfoarce.local dhclient[10762]: DHCPDISCOVER on vtnet0 to 255.255.255.255 port 67 interval 13
Jul 11 12:31:00 fw.rodolfoarce.local /usr/sbin/cron[52834]: (root) CMD (/usr/sbin/newsyslog)
Jul 11 12:31:00 fw.rodolfoarce.local dhclient[10762]: No DHCPOFFERS received.
Jul 11 12:31:00 fw.rodolfoarce.local dhclient[10762]: No working leases in persistent database - sleeping.
Jul 11 08:31:00 fw.rodolfoarce.local dhclient[53916]: FAIL
Jul 11 12:31:15 fw.rodolfoarce.local dhclient[10762]: DHCPDISCOVER on vtnet0 to 255.255.255.255 port 67 interval 2
Jul 11 12:31:17 fw.rodolfoarce.local dhclient[10762]: DHCPDISCOVER on vtnet0 to 255.255.255.255 port 67 interval 2
Jul 11 12:31:19 fw.rodolfoarce.local dhclient[10762]: DHCPDISCOVER on vtnet0 to 255.255.255.255 port 67 interval 5
Jul 11 12:31:24 fw.rodolfoarce.local dhclient[10762]: DHCPDISCOVER on vtnet0 to 255.255.255.255 port 67 interval 8
Jul 11 12:31:32 fw.rodolfoarce.local dhclient[10762]: DHCPDISCOVER on vtnet0 to 255.255.255.255 port 67 interval 19
Jul 11 12:31:51 fw.rodolfoarce.local dhclient[10762]: DHCPDISCOVER on vtnet0 to 255.255.255.255 port 67 interval 7
Jul 11 12:31:59 fw.rodolfoarce.local dhclient[10762]: DHCPDISCOVER on vtnet0 to 255.255.255.255 port 67 interval 11
Jul 11 12:32:00 fw.rodolfoarce.local /usr/sbin/cron[72299]: (root) CMD (/usr/sbin/newsyslog)
Jul 11 12:32:10 fw.rodolfoarce.local dhclient[10762]: DHCPDISCOVER on vtnet0 to 255.255.255.255 port 67 interval 6
Jul 11 12:32:16 fw.rodolfoarce.local dhclient[10762]: No DHCPOFFERS received.
Jul 11 12:32:16 fw.rodolfoarce.local dhclient[10762]: No working leases in persistent database - sleeping.
Jul 11 08:32:16 fw.rodolfoarce.local dhclient[73567]: FAIL
Jul 11 12:32:28 fw.rodolfoarce.local dhcp6c[28115]: Sending Solicit
Jul 11 12:32:31 fw.rodolfoarce.local dhclient[10762]: DHCPDISCOVER on vtnet0 to 255.255.255.255 port 67 interval 2
Jul 11 12:32:31 fw.rodolfoarce.local filterlog[32783]: 4,,,1000000103,vtnet1,match,block,in,4,0x0,,64,53737,0,DF,6,tcp,76,10.1.1.3,172.67.157.37,39344,443,24,PA,4263051755:4263051779,1134956159,249,,nop;nop;TS
Jul 11 12:32:31 fw.rodolfoarce.local filterlog[32783]: 4,,,1000000103,vtnet1,match,block,in,4,0x0,,64,53738,0,DF,6,tcp,52,10.1.1.3,172.67.157.37,39344,443,0,FA,4263051779,1134956159,249,,nop;nop;TS
