Jul  2 14:08:40 fw.rodolfoarce.local dhclient[10762]: DHCPDISCOVER on vtnet0 to 255.255.255.255 port 67 interval 9
Jul  2 14:08:44 fw.rodolfoarce.local filterlog[32783]: 4,,,1000000103,vtnet1,match,block,in,4,0x0,,64,28350,0,DF,6,tcp,76,10.1.1.3,172.67.157.37,56658,443,24,FPA,510163700:510163724,2493051194,249,,nop;nop;TS
Jul  2 14:08:49 fw.rodolfoarce.local dhclient[10762]: DHCPDISCOVER on vtnet0 to 255.255.255.255 port 67 interval 14
Jul  2 14:08:58 fw.rodolfoarce.local filterlog[32783]: 4,,,1000000103,vtnet1,match,block,in,4,0x0,,64,28351,0,DF,6,tcp,76,10.1.1.3,172.67.157.37,56658,443,24,FPA,510163700:510163724,2493051194,249,,nop;nop;TS
Jul  2 14:09:00 fw.rodolfoarce.local /usr/sbin/cron[763]: (root) CMD (/usr/sbin/newsyslog)
Jul  2 14:09:04 fw.rodolfoarce.local dhclient[10762]: DHCPDISCOVER on vtnet0 to 255.255.255.255 port 67 interval 18
Jul  2 14:09:22 fw.rodolfoarce.local dhclient[10762]: DHCPDISCOVER on vtnet0 to 255.255.255.255 port 67 interval 3
Jul  2 14:09:25 fw.rodolfoarce.local dhclient[10762]: No DHCPOFFERS received.
Jul  2 14:09:25 fw.rodolfoarce.local dhclient[10762]: No working leases in persistent database - sleeping.
Jul  2 10:09:25 fw.rodolfoarce.local dhclient[1789]: FAIL
Jul  2 14:09:25 fw.rodolfoarce.local filterlog[32783]: 4,,,1000000103,vtnet1,match,block,in,4,0x0,,64,28352,0,DF,6,tcp,76,10.1.1.3,172.67.157.37,56658,443,24,FPA,510163700:510163724,2493051194,249,,nop;nop;TS
Jul  2 14:09:40 fw.rodolfoarce.local dhclient[10762]: DHCPDISCOVER on vtnet0 to 255.255.255.255 port 67 interval 2
Jul  2 14:09:42 fw.rodolfoarce.local dhclient[10762]: DHCPDISCOVER on vtnet0 to 255.255.255.255 port 67 interval 4
Jul  2 14:09:46 fw.rodolfoarce.local dhclient[10762]: DHCPDISCOVER on vtnet0 to 255.255.255.255 port 67 interval 6
Jul  2 14:09:52 fw.rodolfoarce.local dhclient[10762]: DHCPDISCOVER on vtnet0 to 255.255.255.255 port 67 interval 20
Jul  2 14:10:00 fw.rodolfoarce.local /usr/sbin/cron[13019]: (root) CMD (/usr/sbin/newsyslog)
Jul  2 14:10:00 fw.rodolfoarce.local /usr/sbin/cron[13347]: (root) CMD (/usr/libexec/atrun)
Jul  2 14:10:12 fw.rodolfoarce.local dhcp6c[28115]: Sending Solicit
Jul  2 14:10:12 fw.rodolfoarce.local dhclient[10762]: DHCPDISCOVER on vtnet0 to 255.255.255.255 port 67 interval 7
Jul  2 14:10:19 fw.rodolfoarce.local dhclient[10762]: DHCPDISCOVER on vtnet0 to 255.255.255.255 port 67 interval 20
Jul  2 14:10:39 fw.rodolfoarce.local dhclient[10762]: DHCPDISCOVER on vtnet0 to 255.255.255.255 port 67 interval 2
Jul  2 14:10:41 fw.rodolfoarce.local dhclient[10762]: No DHCPOFFERS received.
Jul  2 14:10:41 fw.rodolfoarce.local dhclient[10762]: No working leases in persistent database - sleeping.
Jul  2 10:10:41 fw.rodolfoarce.local dhclient[21593]: FAIL
Jul  2 14:10:56 fw.rodolfoarce.local dhclient[10762]: DHCPDISCOVER on vtnet0 to 255.255.255.255 port 67 interval 1
Jul  2 14:10:59 fw.rodolfoarce.local dhclient[10762]: message repeated 3 times: [ DHCPDISCOVER on vtnet0 to 255.255.255.255 port 67 interval 1]
Jul  2 14:11:00 fw.rodolfoarce.local /usr/sbin/cron[21988]: (root) CMD (/usr/sbin/newsyslog)
Jul  2 14:11:01 fw.rodolfoarce.local dhclient[10762]: DHCPDISCOVER on vtnet0 to 255.255.255.255 port 67 interval 2
Jul  2 14:11:07 fw.rodolfoarce.local dhclient[10762]: message repeated 3 times: [ DHCPDISCOVER on vtnet0 to 255.255.255.255 port 67 interval 2]
Jul  2 14:11:09 fw.rodolfoarce.local dhclient[10762]: DHCPDISCOVER on vtnet0 to 255.255.255.255 port 67 interval 4
Jul  2 14:11:13 fw.rodolfoarce.local dhclient[10762]: DHCPDISCOVER on vtnet0 to 255.255.255.255 port 67 interval 5
Jul  2 14:11:18 fw.rodolfoarce.local dhclient[10762]: DHCPDISCOVER on vtnet0 to 255.255.255.255 port 67 interval 5
Jul  2 14:11:23 fw.rodolfoarce.local dhclient[10762]: DHCPDISCOVER on vtnet0 to 255.255.255.255 port 67 interval 6
Jul  2 14:11:29 fw.rodolfoarce.local dhclient[10762]: DHCPDISCOVER on vtnet0 to 255.255.255.255 port 67 interval 20
Jul  2 14:11:49 fw.rodolfoarce.local dhclient[10762]: DHCPDISCOVER on vtnet0 to 255.255.255.255 port 67 interval 8
Jul  2 14:11:57 fw.rodolfoarce.local dhclient[10762]: No DHCPOFFERS received.
Jul  2 14:11:57 fw.rodolfoarce.local dhclient[10762]: No working leases in persistent database - sleeping.
Jul  2 10:11:57 fw.rodolfoarce.local dhclient[41452]: FAIL
Jul  2 14:12:00 fw.rodolfoarce.local /usr/sbin/cron[41906]: (root) CMD (/usr/sbin/newsyslog)
Jul  2 14:12:03 fw.rodolfoarce.local dhcp6c[28115]: Sending Solicit
Jul  2 14:12:12 fw.rodolfoarce.local dhclient[10762]: DHCPDISCOVER on vtnet0 to 255.255.255.255 port 67 interval 1
Jul  2 14:12:13 fw.rodolfoarce.local dhclient[10762]: DHCPDISCOVER on vtnet0 to 255.255.255.255 port 67 interval 2
Jul  2 14:12:15 fw.rodolfoarce.local dhclient[10762]: DHCPDISCOVER on vtnet0 to 255.255.255.255 port 67 interval 5
Jul  2 14:12:21 fw.rodolfoarce.local dhclient[10762]: DHCPDISCOVER on vtnet0 to 255.255.255.255 port 67 interval 5
Jul  2 14:12:26 fw.rodolfoarce.local dhclient[10762]: DHCPDISCOVER on vtnet0 to 255.255.255.255 port 67 interval 12
Jul  2 14:12:38 fw.rodolfoarce.local dhclient[10762]: DHCPDISCOVER on vtnet0 to 255.255.255.255 port 67 interval 16
Jul  2 14:12:42 fw.rodolfoarce.local filterlog[32783]: 4,,,1000000103,vtnet0,match,block,in,4,0x0,,241,54321,0,none,6,tcp,40,64.62.156.22,10.255.255.1,37133,22,0,S,2013589342,,65535,,
Jul  2 14:12:54 fw.rodolfoarce.local dhclient[10762]: DHCPDISCOVER on vtnet0 to 255.255.255.255 port 67 interval 7
Jul  2 14:13:00 fw.rodolfoarce.local /usr/sbin/cron[59950]: (root) CMD (/usr/sbin/newsyslog)
Jul  2 14:13:01 fw.rodolfoarce.local dhclient[10762]: DHCPDISCOVER on vtnet0 to 255.255.255.255 port 67 interval 12
Jul  2 14:13:13 fw.rodolfoarce.local dhclient[10762]: No DHCPOFFERS received.
Jul  2 14:13:13 fw.rodolfoarce.local dhclient[10762]: No working leases in persistent database - sleeping.
Jul  2 10:13:13 fw.rodolfoarce.local dhclient[80039]: FAIL
Jul  2 14:13:28 fw.rodolfoarce.local dhclient[10762]: DHCPDISCOVER on vtnet0 to 255.255.255.255 port 67 interval 2
Jul  2 14:13:30 fw.rodolfoarce.local dhclient[10762]: DHCPDISCOVER on vtnet0 to 255.255.255.255 port 67 interval 5
Jul  2 14:13:35 fw.rodolfoarce.local dhclient[10762]: DHCPDISCOVER on vtnet0 to 255.255.255.255 port 67 interval 12
Jul  2 14:13:47 fw.rodolfoarce.local dhclient[10762]: DHCPDISCOVER on vtnet0 to 255.255.255.255 port 67 interval 14
Jul  2 14:14:00 fw.rodolfoarce.local /usr/sbin/cron[80477]: (root) CMD (/usr/sbin/newsyslog)
Jul  2 14:14:01 fw.rodolfoarce.local dhclient[10762]: DHCPDISCOVER on vtnet0 to 255.255.255.255 port 67 interval 8
Jul  2 14:14:09 fw.rodolfoarce.local dhclient[10762]: DHCPDISCOVER on vtnet0 to 255.255.255.255 port 67 interval 8
Jul  2 14:14:15 fw.rodolfoarce.local dhcp6c[28115]: Sending Solicit
Jul  2 14:14:17 fw.rodolfoarce.local dhclient[10762]: DHCPDISCOVER on vtnet0 to 255.255.255.255 port 67 interval 12
Jul  2 14:14:29 fw.rodolfoarce.local dhclient[10762]: No DHCPOFFERS received.
Jul  2 14:14:29 fw.rodolfoarce.local dhclient[10762]: No working leases in persistent database - sleeping.
Jul  2 10:14:29 fw.rodolfoarce.local dhclient[98104]: FAIL
Jul  2 14:14:45 fw.rodolfoarce.local dhclient[10762]: DHCPDISCOVER on vtnet0 to 255.255.255.255 port 67 interval 1
Jul  2 14:14:47 fw.rodolfoarce.local dhclient[10762]: message repeated 2 times: [ DHCPDISCOVER on vtnet0 to 255.255.255.255 port 67 interval 1]
Jul  2 14:14:48 fw.rodolfoarce.local dhclient[10762]: DHCPDISCOVER on vtnet0 to 255.255.255.255 port 67 interval 2
Jul  2 14:14:50 fw.rodolfoarce.local dhclient[10762]: DHCPDISCOVER on vtnet0 to 255.255.255.255 port 67 interval 5
Jul  2 14:14:55 fw.rodolfoarce.local dhclient[10762]: DHCPDISCOVER on vtnet0 to 255.255.255.255 port 67 interval 6
Jul  2 14:15:00 fw.rodolfoarce.local /usr/sbin/cron[98582]: (root) CMD (/usr/libexec/atrun)
Jul  2 14:15:00 fw.rodolfoarce.local /usr/sbin/cron[98549]: (root) CMD (/usr/sbin/newsyslog)
Jul  2 14:15:01 fw.rodolfoarce.local dhclient[10762]: DHCPDISCOVER on vtnet0 to 255.255.255.255 port 67 interval 11
Jul  2 14:15:12 fw.rodolfoarce.local dhclient[10762]: DHCPDISCOVER on vtnet0 to 255.255.255.255 port 67 interval 14
Jul  2 14:15:27 fw.rodolfoarce.local dhclient[10762]: DHCPDISCOVER on vtnet0 to 255.255.255.255 port 67 interval 10
Jul  2 14:15:37 fw.rodolfoarce.local dhclient[10762]: DHCPDISCOVER on vtnet0 to 255.255.255.255 port 67 interval 9
Jul  2 14:15:46 fw.rodolfoarce.local dhclient[10762]: No DHCPOFFERS received.
Jul  2 14:15:46 fw.rodolfoarce.local dhclient[10762]: No working leases in persistent database - sleeping.
Jul  2 10:15:46 fw.rodolfoarce.local dhclient[14667]: FAIL
Jul  2 14:16:00 fw.rodolfoarce.local /usr/sbin/cron[15159]: (root) CMD (/usr/sbin/newsyslog)
Jul  2 14:16:01 fw.rodolfoarce.local dhclient[10762]: DHCPDISCOVER on vtnet0 to 255.255.255.255 port 67 interval 1
Jul  2 14:16:02 fw.rodolfoarce.local dhclient[10762]: DHCPDISCOVER on vtnet0 to 255.255.255.255 port 67 interval 1
Jul  2 14:16:03 fw.rodolfoarce.local dhclient[10762]: DHCPDISCOVER on vtnet0 to 255.255.255.255 port 67 interval 2
Jul  2 14:16:05 fw.rodolfoarce.local dhclient[10762]: DHCPDISCOVER on vtnet0 to 255.255.255.255 port 67 interval 4
Jul  2 14:16:09 fw.rodolfoarce.local dhclient[10762]: DHCPDISCOVER on vtnet0 to 255.255.255.255 port 67 interval 10
Jul  2 14:16:19 fw.rodolfoarce.local dhclient[10762]: DHCPDISCOVER on vtnet0 to 255.255.255.255 port 67 interval 11
Jul  2 14:16:21 fw.rodolfoarce.local dhcp6c[28115]: Sending Solicit
Jul  2 14:16:30 fw.rodolfoarce.local dhclient[10762]: DHCPDISCOVER on vtnet0 to 255.255.255.255 port 67 interval 12
Jul  2 14:16:42 fw.rodolfoarce.local dhclient[10762]: DHCPDISCOVER on vtnet0 to 255.255.255.255 port 67 interval 19
Jul  2 14:17:00 fw.rodolfoarce.local /usr/sbin/cron[34270]: (root) CMD (/usr/sbin/newsyslog)
Jul  2 14:17:01 fw.rodolfoarce.local dhclient[10762]: DHCPDISCOVER on vtnet0 to 255.255.255.255 port 67 interval 1
Jul  2 14:17:02 fw.rodolfoarce.local dhclient[10762]: No DHCPOFFERS received.
Jul  2 14:17:02 fw.rodolfoarce.local dhclient[10762]: No working leases in persistent database - sleeping.
Jul  2 10:17:02 fw.rodolfoarce.local dhclient[35610]: FAIL
Jul  2 14:17:17 fw.rodolfoarce.local dhclient[10762]: DHCPDISCOVER on vtnet0 to 255.255.255.255 port 67 interval 1
Jul  2 14:17:19 fw.rodolfoarce.local dhclient[10762]: message repeated 2 times: [ DHCPDISCOVER on vtnet0 to 255.255.255.255 port 67 interval 1]
Jul  2 14:17:20 fw.rodolfoarce.local dhclient[10762]: DHCPDISCOVER on vtnet0 to 255.255.255.255 port 67 interval 2
Jul  2 14:17:22 fw.rodolfoarce.local dhclient[10762]: DHCPDISCOVER on vtnet0 to 255.255.255.255 port 67 interval 3
Jul  2 14:17:26 fw.rodolfoarce.local dhclient[10762]: DHCPDISCOVER on vtnet0 to 255.255.255.255 port 67 interval 7
Jul  2 14:17:33 fw.rodolfoarce.local dhclient[10762]: DHCPDISCOVER on vtnet0 to 255.255.255.255 port 67 interval 7
Jul  2 14:17:40 fw.rodolfoarce.local dhclient[10762]: DHCPDISCOVER on vtnet0 to 255.255.255.255 port 67 interval 18
Jul  2 14:17:58 fw.rodolfoarce.local dhclient[10762]: DHCPDISCOVER on vtnet0 to 255.255.255.255 port 67 interval 8
Jul  2 14:18:00 fw.rodolfoarce.local /usr/sbin/cron[53169]: (root) CMD (/usr/sbin/newsyslog)
Jul  2 14:18:06 fw.rodolfoarce.local dhclient[10762]: DHCPDISCOVER on vtnet0 to 255.255.255.255 port 67 interval 12
Jul  2 14:18:15 fw.rodolfoarce.local dhcp6c[28115]: Sending Solicit
Jul  2 14:18:18 fw.rodolfoarce.local dhclient[10762]: No DHCPOFFERS received.
Jul  2 14:18:18 fw.rodolfoarce.local dhclient[10762]: No working leases in persistent database - sleeping.
Jul  2 10:18:18 fw.rodolfoarce.local dhclient[71871]: FAIL
Jul  2 14:18:33 fw.rodolfoarce.local dhclient[10762]: DHCPDISCOVER on vtnet0 to 255.255.255.255 port 67 interval 2
Jul  2 14:18:35 fw.rodolfoarce.local dhclient[10762]: DHCPDISCOVER on vtnet0 to 255.255.255.255 port 67 interval 3
Jul  2 14:18:38 fw.rodolfoarce.local dhclient[10762]: DHCPDISCOVER on vtnet0 to 255.255.255.255 port 67 interval 7
Jul  2 14:18:45 fw.rodolfoarce.local dhclient[10762]: DHCPDISCOVER on vtnet0 to 255.255.255.255 port 67 interval 14
Jul  2 14:18:59 fw.rodolfoarce.local dhclient[10762]: DHCPDISCOVER on vtnet0 to 255.255.255.255 port 67 interval 17
Jul  2 14:19:00 fw.rodolfoarce.local /usr/sbin/cron[72269]: (root) CMD (/usr/sbin/newsyslog)
Jul  2 14:19:16 fw.rodolfoarce.local dhclient[10762]: DHCPDISCOVER on vtnet0 to 255.255.255.255 port 67 interval 8
Jul  2 14:19:24 fw.rodolfoarce.local dhclient[10762]: DHCPDISCOVER on vtnet0 to 255.255.255.255 port 67 interval 10
Jul  2 14:19:34 fw.rodolfoarce.local dhclient[10762]: No DHCPOFFERS received.
Jul  2 14:19:34 fw.rodolfoarce.local dhclient[10762]: No working leases in persistent database - sleeping.
Jul  2 10:19:34 fw.rodolfoarce.local dhclient[89799]: FAIL
Jul  2 14:19:49 fw.rodolfoarce.local dhclient[10762]: DHCPDISCOVER on vtnet0 to 255.255.255.255 port 67 interval 1
Jul  2 14:19:50 fw.rodolfoarce.local dhclient[10762]: DHCPDISCOVER on vtnet0 to 255.255.255.255 port 67 interval 2
Jul  2 14:19:53 fw.rodolfoarce.local dhclient[10762]: DHCPDISCOVER on vtnet0 to 255.255.255.255 port 67 interval 5
Jul  2 14:19:58 fw.rodolfoarce.local dhclient[10762]: DHCPDISCOVER on vtnet0 to 255.255.255.255 port 67 interval 12
Jul  2 14:20:00 fw.rodolfoarce.local /usr/sbin/cron[90645]: (root) CMD (/usr/libexec/atrun)
Jul  2 14:20:00 fw.rodolfoarce.local /usr/sbin/cron[90403]: (root) CMD (/usr/sbin/newsyslog)
Jul  2 14:20:10 fw.rodolfoarce.local dhclient[10762]: DHCPDISCOVER on vtnet0 to 255.255.255.255 port 67 interval 17
Jul  2 14:20:25 fw.rodolfoarce.local dhcp6c[28115]: Sending Solicit
Jul  2 14:20:27 fw.rodolfoarce.local dhclient[10762]: DHCPDISCOVER on vtnet0 to 255.255.255.255 port 67 interval 9
Jul  2 14:20:36 fw.rodolfoarce.local dhclient[10762]: DHCPDISCOVER on vtnet0 to 255.255.255.255 port 67 interval 13
Jul  2 14:20:49 fw.rodolfoarce.local dhclient[10762]: DHCPDISCOVER on vtnet0 to 255.255.255.255 port 67 interval 1
Jul  2 14:20:50 fw.rodolfoarce.local dhclient[10762]: No DHCPOFFERS received.
Jul  2 14:20:50 fw.rodolfoarce.local dhclient[10762]: No working leases in persistent database - sleeping.
Jul  2 10:20:50 fw.rodolfoarce.local dhclient[8831]: FAIL
Jul  2 14:21:00 fw.rodolfoarce.local filterlog[32783]: 4,,,1000000103,vtnet0,match,block,in,4,0x0,,113,63623,0,none,17,udp,86,172.253.1.197,10.255.255.1,47418,53,66
Jul  2 14:21:00 fw.rodolfoarce.local /usr/sbin/cron[9428]: (root) CMD (/usr/sbin/newsyslog)
Jul  2 14:21:01 fw.rodolfoarce.local filterlog[32783]: 4,,,1000000103,vtnet0,match,block,in,4,0x80,,114,49169,0,none,17,udp,75,172.253.232.195,10.255.255.1,62051,53,55
Jul  2 14:21:03 fw.rodolfoarce.local filterlog[32783]: 4,,,1000000103,vtnet0,match,block,in,4,0x0,,50,17504,0,DF,17,udp,75,172.71.249.52,10.255.255.1,10836,53,55
Jul  2 14:21:03 fw.rodolfoarce.local filterlog[32783]: 4,,,1000000103,vtnet0,match,block,in,4,0x0,,50,17505,0,DF,17,udp,75,172.71.249.52,10.255.255.1,10836,53,55
Jul  2 14:21:04 fw.rodolfoarce.local filterlog[32783]: 4,,,1000000103,vtnet0,match,block,in,4,0x0,,50,60473,0,DF,17,udp,75,172.71.249.52,10.255.255.1,24599,53,55
Jul  2 14:21:04 fw.rodolfoarce.local filterlog[32783]: 4,,,1000000103,vtnet0,match,block,in,4,0x0,,50,60474,0,DF,17,udp,75,172.71.249.52,10.255.255.1,24599,53,55
Jul  2 14:21:05 fw.rodolfoarce.local dhclient[10762]: DHCPDISCOVER on vtnet0 to 255.255.255.255 port 67 interval 1
Jul  2 14:21:06 fw.rodolfoarce.local filterlog[32783]: 4,,,1000000103,vtnet0,match,block,in,4,0x80,,114,35205,0,none,17,udp,86,172.253.199.3,10.255.255.1,48966,53,66
Jul  2 14:21:06 fw.rodolfoarce.local dhclient[10762]: DHCPDISCOVER on vtnet0 to 255.255.255.255 port 67 interval 1
Jul  2 14:21:07 fw.rodolfoarce.local filterlog[32783]: 4,,,1000000103,vtnet0,match,block,in,4,0x0,,113,48029,0,none,17,udp,75,172.253.232.194,10.255.255.1,51552,53,55
Jul  2 14:21:07 fw.rodolfoarce.local dhclient[10762]: DHCPDISCOVER on vtnet0 to 255.255.255.255 port 67 interval 1
Jul  2 14:21:08 fw.rodolfoarce.local dhclient[10762]: DHCPDISCOVER on vtnet0 to 255.255.255.255 port 67 interval 1
Jul  2 14:21:09 fw.rodolfoarce.local dhclient[10762]: DHCPDISCOVER on vtnet0 to 255.255.255.255 port 67 interval 2
Jul  2 14:21:11 fw.rodolfoarce.local filterlog[32783]: 4,,,1000000103,vtnet0,match,block,in,4,0x0,,50,15482,0,DF,17,udp,75,172.68.195.9,10.255.255.1,47846,53,55
Jul  2 14:21:11 fw.rodolfoarce.local filterlog[32783]: 4,,,1000000103,vtnet0,match,block,in,4,0x0,,50,15483,0,DF,17,udp,75,172.68.195.9,10.255.255.1,47846,53,55
Jul  2 14:21:11 fw.rodolfoarce.local dhclient[10762]: DHCPDISCOVER on vtnet0 to 255.255.255.255 port 67 interval 2
Jul  2 14:21:12 fw.rodolfoarce.local filterlog[32783]: 4,,,1000000103,vtnet0,match,block,in,4,0x0,,50,1751,0,DF,17,udp,75,172.68.195.9,10.255.255.1,53637,53,55
Jul  2 14:21:12 fw.rodolfoarce.local filterlog[32783]: 4,,,1000000103,vtnet0,match,block,in,4,0x0,,50,1752,0,DF,17,udp,75,172.68.195.9,10.255.255.1,53637,53,55
Jul  2 14:21:13 fw.rodolfoarce.local filterlog[32783]: 4,,,1000000103,vtnet0,match,block,in,4,0x0,,50,53516,0,none,17,udp,75,181.214.151.81,10.255.255.1,36890,53,55
Jul  2 14:21:13 fw.rodolfoarce.local filterlog[32783]: 4,,,1000000103,vtnet0,match,block,in,4,0x0,,51,26470,0,none,17,udp,75,181.214.151.72,10.255.255.1,31954,53,55
Jul  2 14:21:13 fw.rodolfoarce.local dhclient[10762]: DHCPDISCOVER on vtnet0 to 255.255.255.255 port 67 interval 3
Jul  2 14:21:14 fw.rodolfoarce.local filterlog[32783]: 4,,,1000000103,vtnet0,match,block,in,4,0x0,,51,8734,0,none,17,udp,75,181.214.151.72,10.255.255.1,39448,53,55
Jul  2 14:21:14 fw.rodolfoarce.local filterlog[32783]: 4,,,1000000103,vtnet0,match,block,in,4,0x0,,50,30160,0,none,17,udp,75,181.214.151.77,10.255.255.1,8531,53,55
Jul  2 14:21:15 fw.rodolfoarce.local filterlog[32783]: 4,,,1000000103,vtnet0,match,block,in,4,0x0,,50,44894,0,none,17,udp,75,181.214.151.77,10.255.255.1,32270,53,55
Jul  2 14:21:16 fw.rodolfoarce.local filterlog[32783]: 4,,,1000000103,vtnet0,match,block,in,4,0x0,,51,24448,0,none,17,udp,75,181.214.151.70,10.255.255.1,15941,53,55
Jul  2 14:21:16 fw.rodolfoarce.local dhclient[10762]: DHCPDISCOVER on vtnet0 to 255.255.255.255 port 67 interval 6
Jul  2 14:21:18 fw.rodolfoarce.local filterlog[32783]: 4,,,1000000103,vtnet0,match,block,in,4,0x0,,50,14896,0,none,17,udp,75,181.214.151.80,10.255.255.1,39460,53,55
Jul  2 14:21:21 fw.rodolfoarce.local filterlog[32783]: 4,,,1000000103,vtnet0,match,block,in,4,0x0,,51,26809,0,none,17,udp,75,181.214.151.73,10.255.255.1,40309,53,55
Jul  2 14:21:22 fw.rodolfoarce.local dhclient[10762]: DHCPDISCOVER on vtnet0 to 255.255.255.255 port 67 interval 13
Jul  2 14:21:24 fw.rodolfoarce.local filterlog[32783]: 4,,,1000000103,vtnet0,match,block,in,4,0x0,,51,47818,0,none,17,udp,75,181.214.151.78,10.255.255.1,20085,53,55
Jul  2 14:21:30 fw.rodolfoarce.local filterlog[32783]: 4,,,1000000103,vtnet0,match,block,in,4,0x0,,51,16427,0,none,17,udp,75,181.214.151.70,10.255.255.1,37764,53,55
Jul  2 14:21:31 fw.rodolfoarce.local filterlog[32783]: 4,,,1000000103,vtnet0,match,block,in,4,0x0,,49,6127,0,DF,17,udp,71,162.158.180.69,10.255.255.1,43933,53,51
Jul  2 14:21:31 fw.rodolfoarce.local filterlog[32783]: 4,,,1000000103,vtnet0,match,block,in,4,0x0,,99,4996,0,none,17,udp,82,74.125.114.154,10.255.255.1,36251,53,62
Jul  2 14:21:32 fw.rodolfoarce.local filterlog[32783]: 4,,,1000000103,vtnet0,match,block,in,4,0x0,,49,6128,0,DF,17,udp,71,162.158.180.69,10.255.255.1,43933,53,51
Jul  2 14:21:32 fw.rodolfoarce.local filterlog[32783]: 4,,,1000000103,vtnet0,match,block,in,4,0x0,,99,62545,0,none,17,udp,82,74.125.114.155,10.255.255.1,46755,53,62
Jul  2 14:21:32 fw.rodolfoarce.local filterlog[32783]: 4,,,1000000103,vtnet0,match,block,in,4,0x0,,49,2353,0,DF,17,udp,71,162.158.180.146,10.255.255.1,42646,53,51
Jul  2 14:21:32 fw.rodolfoarce.local filterlog[32783]: 4,,,1000000103,vtnet0,match,block,in,4,0x0,,99,27630,0,none,17,udp,82,74.125.46.21,10.255.255.1,36944,53,62
Jul  2 14:21:32 fw.rodolfoarce.local filterlog[32783]: 4,,,1000000103,vtnet0,match,block,in,4,0x0,,49,2354,0,DF,17,udp,71,162.158.180.146,10.255.255.1,42646,53,51
Jul  2 14:21:32 fw.rodolfoarce.local filterlog[32783]: 4,,,1000000103,vtnet0,match,block,in,4,0x0,,99,10494,0,none,17,udp,71,74.125.114.156,10.255.255.1,45912,53,51
Jul  2 14:21:32 fw.rodolfoarce.local filterlog[32783]: 4,,,1000000103,vtnet0,match,block,in,4,0x0,,99,7797,0,none,17,udp,82,172.217.37.145,10.255.255.1,39452,53,62
Jul  2 14:21:33 fw.rodolfoarce.local filterlog[32783]: 4,,,1000000103,vtnet0,match,block,in,4,0x0,,99,36830,0,none,17,udp,71,74.125.114.158,10.255.255.1,58037,53,51
Jul  2 14:21:33 fw.rodolfoarce.local filterlog[32783]: 4,,,1000000103,vtnet0,match,block,in,4,0x0,,99,25265,0,none,17,udp,82,172.217.37.155,10.255.255.1,51980,53,62
Jul  2 14:21:33 fw.rodolfoarce.local filterlog[32783]: 4,,,1000000103,vtnet0,match,block,in,4,0x0,,99,61251,0,none,17,udp,82,172.217.37.148,10.255.255.1,58173,53,62
Jul  2 14:21:33 fw.rodolfoarce.local filterlog[32783]: 4,,,1000000103,vtnet0,match,block,in,4,0x0,,49,47231,0,DF,17,udp,71,162.158.180.146,10.255.255.1,19969,53,51
Jul  2 14:21:33 fw.rodolfoarce.local filterlog[32783]: 4,,,1000000103,vtnet0,match,block,in,4,0x0,,99,56850,0,none,17,udp,71,74.125.46.20,10.255.255.1,43374,53,51
Jul  2 14:21:33 fw.rodolfoarce.local filterlog[32783]: 4,,,1000000103,vtnet0,match,block,in,4,0x0,,99,54633,0,none,17,udp,82,74.125.112.30,10.255.255.1,52058,53,62
Jul  2 14:21:33 fw.rodolfoarce.local filterlog[32783]: 4,,,1000000103,vtnet0,match,block,in,4,0x0,,99,50360,0,none,17,udp,82,74.125.74.20,10.255.255.1,54622,53,62
Jul  2 14:21:33 fw.rodolfoarce.local filterlog[32783]: 4,,,1000000103,vtnet0,match,block,in,4,0x0,,99,37325,0,none,17,udp,71,172.217.37.153,10.255.255.1,60263,53,51
Jul  2 14:21:33 fw.rodolfoarce.local filterlog[32783]: 4,,,1000000103,vtnet0,match,block,in,4,0x0,,49,8763,0,DF,17,udp,71,162.158.180.68,10.255.255.1,57340,53,51
Jul  2 14:21:34 fw.rodolfoarce.local filterlog[32783]: 4,,,1000000103,vtnet0,match,block,in,4,0x0,,49,47232,0,DF,17,udp,71,162.158.180.146,10.255.255.1,19969,53,51
Jul  2 14:21:34 fw.rodolfoarce.local filterlog[32783]: 4,,,1000000103,vtnet0,match,block,in,4,0x0,,99,11088,0,none,17,udp,82,74.125.114.156,10.255.255.1,56209,53,62
Jul  2 14:21:34 fw.rodolfoarce.local filterlog[32783]: 4,,,1000000103,vtnet0,match,block,in,4,0x0,,99,48374,0,none,17,udp,71,172.217.37.152,10.255.255.1,39267,53,51
Jul  2 14:21:34 fw.rodolfoarce.local filterlog[32783]: 4,,,1000000103,vtnet0,match,block,in,4,0x0,,99,48047,0,none,17,udp,82,74.125.114.146,10.255.255.1,64278,53,62
Jul  2 14:21:34 fw.rodolfoarce.local filterlog[32783]: 4,,,1000000103,vtnet0,match,block,in,4,0x0,,99,358,0,none,17,udp,71,172.217.37.156,10.255.255.1,48575,53,51
Jul  2 14:21:34 fw.rodolfoarce.local filterlog[32783]: 4,,,1000000103,vtnet0,match,block,in,4,0x0,,49,8764,0,DF,17,udp,71,162.158.180.68,10.255.255.1,57340,53,51
Jul  2 14:21:34 fw.rodolfoarce.local filterlog[32783]: 4,,,1000000103,vtnet0,match,block,in,4,0x0,,99,17173,0,none,17,udp,82,74.125.74.26,10.255.255.1,47229,53,62
Jul  2 14:21:34 fw.rodolfoarce.local filterlog[32783]: 4,,,1000000103,vtnet0,match,block,in,4,0x0,,99,46896,0,none,17,udp,71,74.125.112.19,10.255.255.1,37695,53,51
Jul  2 14:21:34 fw.rodolfoarce.local filterlog[32783]: 4,,,1000000103,vtnet0,match,block,in,4,0x0,,99,58838,0,none,17,udp,71,74.125.74.28,10.255.255.1,55994,53,51
Jul  2 14:21:34 fw.rodolfoarce.local filterlog[32783]: 4,,,1000000103,vtnet0,match,block,in,4,0x0,,99,62087,0,none,17,udp,82,172.217.37.154,10.255.255.1,44437,53,62
Jul  2 14:21:34 fw.rodolfoarce.local filterlog[32783]: 4,,,1000000103,vtnet0,match,block,in,4,0x0,,46,42041,0,none,17,udp,71,87.76.32.23,10.255.255.1,56855,53,51
Jul  2 14:21:34 fw.rodolfoarce.local filterlog[32783]: 4,,,1000000103,vtnet0,match,block,in,4,0x0,,99,44253,0,none,17,udp,82,173.194.98.18,10.255.255.1,36737,53,62
Jul  2 14:21:35 fw.rodolfoarce.local filterlog[32783]: 4,,,1000000103,vtnet0,match,block,in,4,0x0,,99,37783,0,none,17,udp,82,172.217.37.153,10.255.255.1,49903,53,62
Jul  2 14:21:35 fw.rodolfoarce.local filterlog[32783]: 4,,,1000000103,vtnet0,match,block,in,4,0x0,,99,24224,0,none,17,udp,71,74.125.114.145,10.255.255.1,37283,53,51
Jul  2 14:21:35 fw.rodolfoarce.local filterlog[32783]: 4,,,1000000103,vtnet0,match,block,in,4,0x0,,99,11767,0,none,17,udp,71,74.125.114.156,10.255.255.1,59070,53,51
Jul  2 14:21:35 fw.rodolfoarce.local filterlog[32783]: 4,,,1000000103,vtnet0,match,block,in,4,0x0,,99,956,0,none,17,udp,71,74.125.74.24,10.255.255.1,34182,53,51
Jul  2 14:21:35 fw.rodolfoarce.local filterlog[32783]: 4,,,1000000103,vtnet0,match,block,in,4,0x0,,102,31495,0,none,17,udp,82,74.125.112.27,10.255.255.1,44046,53,62
Jul  2 14:21:35 fw.rodolfoarce.local filterlog[32783]: 4,,,1000000103,vtnet0,match,block,in,4,0x0,,46,44584,0,none,17,udp,71,87.76.32.23,10.255.255.1,63139,53,51
Jul  2 14:21:35 fw.rodolfoarce.local filterlog[32783]: 4,,,1000000103,vtnet0,match,block,in,4,0x0,,99,48693,0,none,17,udp,71,74.125.112.16,10.255.255.1,58308,53,51
Jul  2 14:21:35 fw.rodolfoarce.local filterlog[32783]: 4,,,1000000103,vtnet0,match,block,in,4,0x0,,99,951,0,none,17,udp,71,172.217.37.156,10.255.255.1,57844,53,51
Jul  2 14:21:35 fw.rodolfoarce.local filterlog[32783]: 4,,,1000000103,vtnet0,match,block,in,4,0x0,,99,8079,0,none,17,udp,71,74.125.114.154,10.255.255.1,60833,53,51
Jul  2 14:21:36 fw.rodolfoarce.local dhclient[10762]: DHCPDISCOVER on vtnet0 to 255.255.255.255 port 67 interval 14
Jul  2 14:21:36 fw.rodolfoarce.local filterlog[32783]: 4,,,1000000103,vtnet0,match,block,in,4,0x0,,99,53319,0,none,17,udp,82,74.125.46.149,10.255.255.1,42707,53,62
Jul  2 14:21:36 fw.rodolfoarce.local filterlog[32783]: 4,,,1000000103,vtnet0,match,block,in,4,0x0,,99,39238,0,none,17,udp,82,74.125.74.148,10.255.255.1,51605,53,62
Jul  2 14:21:36 fw.rodolfoarce.local filterlog[32783]: 4,,,1000000103,vtnet0,match,block,in,4,0x0,,99,57846,0,none,17,udp,71,74.125.112.29,10.255.255.1,63645,53,51
Jul  2 14:21:36 fw.rodolfoarce.local filterlog[32783]: 4,,,1000000103,vtnet0,match,block,in,4,0x0,,99,49843,0,none,17,udp,82,74.125.74.153,10.255.255.1,37300,53,62
Jul  2 14:21:36 fw.rodolfoarce.local filterlog[32783]: 4,,,1000000103,vtnet0,match,block,in,4,0x0,,102,14113,0,none,17,udp,82,172.217.37.158,10.255.255.1,52610,53,62
Jul  2 14:21:36 fw.rodolfoarce.local filterlog[32783]: 4,,,1000000103,vtnet0,match,block,in,4,0x0,,99,1387,0,none,17,udp,82,172.217.37.156,10.255.255.1,50273,53,62
Jul  2 14:21:37 fw.rodolfoarce.local filterlog[32783]: 4,,,1000000103,vtnet0,match,block,in,4,0x0,,99,11302,0,none,17,udp,82,74.125.74.27,10.255.255.1,57564,53,62
Jul  2 14:21:37 fw.rodolfoarce.local filterlog[32783]: 4,,,1000000103,vtnet0,match,block,in,4,0x0,,99,4910,0,none,17,udp,71,74.125.46.154,10.255.255.1,41742,53,51
Jul  2 14:21:37 fw.rodolfoarce.local filterlog[32783]: 4,,,1000000103,vtnet0,match,block,in,4,0x0,,99,48865,0,none,17,udp,82,173.194.98.30,10.255.255.1,57573,53,62
Jul  2 14:21:37 fw.rodolfoarce.local filterlog[32783]: 4,,,1000000103,vtnet0,match,block,in,4,0x0,,99,14849,0,none,17,udp,71,74.125.74.155,10.255.255.1,33799,53,51
Jul  2 14:21:37 fw.rodolfoarce.local filterlog[32783]: 4,,,1000000103,vtnet0,match,block,in,4,0x0,,99,41829,0,none,17,udp,82,173.194.98.21,10.255.255.1,47473,53,62
Jul  2 14:21:37 fw.rodolfoarce.local filterlog[32783]: 4,,,1000000103,vtnet0,match,block,in,4,0x0,,99,9337,0,none,17,udp,82,172.217.37.150,10.255.255.1,37997,53,62
Jul  2 14:21:37 fw.rodolfoarce.local filterlog[32783]: 4,,,1000000103,vtnet0,match,block,in,4,0x0,,99,43427,0,none,17,udp,82,74.125.46.23,10.255.255.1,48764,53,62
Jul  2 14:21:37 fw.rodolfoarce.local filterlog[32783]: 4,,,1000000103,vtnet0,match,block,in,4,0x0,,99,50877,0,none,17,udp,71,74.125.74.158,10.255.255.1,60553,53,51
Jul  2 14:21:37 fw.rodolfoarce.local filterlog[32783]: 4,,,1000000103,vtnet0,match,block,in,4,0x0,,99,57508,0,none,17,udp,71,74.125.112.23,10.255.255.1,60084,53,51
Jul  2 14:21:37 fw.rodolfoarce.local filterlog[32783]: 4,,,1000000103,vtnet0,match,block,in,4,0x0,,99,15071,0,none,17,udp,82,74.125.46.25,10.255.255.1,48181,53,62
Jul  2 14:21:37 fw.rodolfoarce.local filterlog[32783]: 4,,,1000000103,vtnet0,match,block,in,4,0x0,,99,1613,0,none,17,udp,71,172.217.37.156,10.255.255.1,63111,53,51
Jul  2 14:21:38 fw.rodolfoarce.local filterlog[32783]: 4,,,1000000103,vtnet0,match,block,in,4,0x0,,99,60048,0,none,17,udp,71,74.125.74.28,10.255.255.1,65300,53,51
Jul  2 14:21:38 fw.rodolfoarce.local filterlog[32783]: 4,,,1000000103,vtnet0,match,block,in,4,0x0,,99,38748,0,none,17,udp,71,172.217.37.153,10.255.255.1,43395,53,51
Jul  2 14:21:38 fw.rodolfoarce.local filterlog[32783]: 4,,,1000000103,vtnet0,match,block,in,4,0x0,,99,3216,0,none,17,udp,82,74.125.74.147,10.255.255.1,60879,53,62
Jul  2 14:21:38 fw.rodolfoarce.local filterlog[32783]: 4,,,1000000103,vtnet0,match,block,in,4,0x0,,99,37952,0,none,17,udp,71,74.125.74.25,10.255.255.1,44797,53,51
Jul  2 14:21:38 fw.rodolfoarce.local filterlog[32783]: 4,,,1000000103,vtnet0,match,block,in,4,0x0,,99,3956,0,none,17,udp,82,74.125.46.152,10.255.255.1,48344,53,62
Jul  2 14:21:38 fw.rodolfoarce.local filterlog[32783]: 4,,,1000000103,vtnet0,match,block,in,4,0x0,,99,64029,0,none,17,udp,71,172.217.37.148,10.255.255.1,51373,53,51
Jul  2 14:21:38 fw.rodolfoarce.local filterlog[32783]: 4,,,1000000103,vtnet0,match,block,in,4,0x0,,99,21287,0,none,17,udp,82,172.217.37.144,10.255.255.1,60601,53,62
Jul  2 14:21:38 fw.rodolfoarce.local filterlog[32783]: 4,,,1000000103,vtnet0,match,block,in,4,0x0,,46,54166,0,none,17,udp,60,87.76.32.23,10.255.255.1,57187,53,40
Jul  2 14:21:38 fw.rodolfoarce.local filterlog[32783]: 4,,,1000000103,vtnet0,match,block,in,4,0x0,,99,51444,0,none,17,udp,82,74.125.74.158,10.255.255.1,62763,53,62
Jul  2 14:21:38 fw.rodolfoarce.local filterlog[32783]: 4,,,1000000103,vtnet0,match,block,in,4,0x0,,99,28136,0,none,17,udp,71,74.125.46.21,10.255.255.1,49259,53,51
Jul  2 14:21:38 fw.rodolfoarce.local filterlog[32783]: 4,,,1000000103,vtnet0,match,block,in,4,0x0,,99,50937,0,none,17,udp,82,173.194.98.17,10.255.255.1,56397,53,62
Jul  2 14:21:38 fw.rodolfoarce.local filterlog[32783]: 4,,,1000000103,vtnet0,match,block,in,4,0x0,,99,21506,0,none,17,udp,71,172.217.37.144,10.255.255.1,55125,53,51
Jul  2 14:21:38 fw.rodolfoarce.local filterlog[32783]: 4,,,1000000103,vtnet0,match,block,in,4,0x0,,99,57647,0,none,17,udp,82,74.125.112.23,10.255.255.1,46777,53,62
Jul  2 14:21:39 fw.rodolfoarce.local filterlog[32783]: 4,,,1000000103,vtnet0,match,block,in,4,0x0,,99,8213,0,none,17,udp,71,74.125.74.152,10.255.255.1,59537,53,51
Jul  2 14:21:39 fw.rodolfoarce.local filterlog[32783]: 4,,,1000000103,vtnet0,match,block,in,4,0x0,,99,48788,0,none,17,udp,82,74.125.46.150,10.255.255.1,48535,53,62
Jul  2 14:21:39 fw.rodolfoarce.local filterlog[32783]: 4,,,1000000103,vtnet0,match,block,in,4,0x0,,99,14380,0,none,17,udp,71,74.125.46.153,10.255.255.1,49930,53,51
Jul  2 14:21:39 fw.rodolfoarce.local filterlog[32783]: 4,,,1000000103,vtnet0,match,block,in,4,0x0,,46,57161,0,none,17,udp,60,87.76.32.23,10.255.255.1,63163,53,40
Jul  2 14:21:39 fw.rodolfoarce.local filterlog[32783]: 4,,,1000000103,vtnet0,match,block,in,4,0x0,,99,22997,0,none,17,udp,71,74.125.112.28,10.255.255.1,56613,53,51
Jul  2 14:21:39 fw.rodolfoarce.local filterlog[32783]: 4,,,1000000103,vtnet0,match,block,in,4,0x0,,99,57320,0,none,17,udp,82,74.125.46.18,10.255.255.1,51313,53,62
Jul  2 14:21:39 fw.rodolfoarce.local filterlog[32783]: 4,,,1000000103,vtnet0,match,block,in,4,0x0,,99,21377,0,none,17,udp,71,74.125.74.154,10.255.255.1,42819,53,51
Jul  2 14:21:39 fw.rodolfoarce.local filterlog[32783]: 4,,,1000000103,vtnet0,match,block,in,4,0x0,,99,20078,0,none,17,udp,71,74.125.74.26,10.255.255.1,65024,53,51
Jul  2 14:21:39 fw.rodolfoarce.local filterlog[32783]: 4,,,1000000103,vtnet0,match,block,in,4,0x0,,102,37478,0,none,17,udp,82,74.125.112.21,10.255.255.1,37802,53,62
Jul  2 14:21:39 fw.rodolfoarce.local filterlog[32783]: 4,,,1000000103,vtnet0,match,block,in,4,0x0,,99,35416,0,none,17,udp,82,74.125.46.148,10.255.255.1,39321,53,62
Jul  2 14:21:39 fw.rodolfoarce.local filterlog[32783]: 4,,,1000000103,vtnet0,match,block,in,4,0x0,,99,14486,0,none,17,udp,71,172.217.37.145,10.255.255.1,58918,53,51
Jul  2 14:21:40 fw.rodolfoarce.local filterlog[32783]: 4,,,1000000103,vtnet0,match,block,in,4,0x0,,99,49448,0,none,17,udp,82,74.125.46.150,10.255.255.1,48366,53,62
Jul  2 14:21:40 fw.rodolfoarce.local filterlog[32783]: 4,,,1000000103,vtnet0,match,block,in,4,0x0,,99,14904,0,none,17,udp,71,74.125.46.153,10.255.255.1,51843,53,51
Jul  2 14:21:40 fw.rodolfoarce.local filterlog[32783]: 4,,,1000000103,vtnet0,match,block,in,4,0x0,,99,40742,0,none,17,udp,71,74.125.46.24,10.255.255.1,37656,53,51
Jul  2 14:21:40 fw.rodolfoarce.local filterlog[32783]: 4,,,1000000103,vtnet0,match,block,in,4,0x0,,102,23862,0,none,17,udp,71,74.125.112.28,10.255.255.1,53754,53,51
Jul  2 14:21:40 fw.rodolfoarce.local filterlog[32783]: 4,,,1000000103,vtnet0,match,block,in,4,0x0,,99,49530,0,none,17,udp,71,74.125.46.150,10.255.255.1,42191,53,51
Jul  2 14:21:40 fw.rodolfoarce.local filterlog[32783]: 4,,,1000000103,vtnet0,match,block,in,4,0x0,,99,17294,0,none,17,udp,71,74.125.46.151,10.255.255.1,65302,53,51
Jul  2 14:21:41 fw.rodolfoarce.local filterlog[32783]: 4,,,1000000103,vtnet0,match,block,in,4,0x0,,49,16193,0,DF,17,udp,71,162.158.180.69,10.255.255.1,14781,53,51
Jul  2 14:21:42 fw.rodolfoarce.local filterlog[32783]: 4,,,1000000103,vtnet0,match,block,in,4,0x0,,49,16194,0,DF,17,udp,71,162.158.180.69,10.255.255.1,14781,53,51
Jul  2 14:21:43 fw.rodolfoarce.local filterlog[32783]: 4,,,1000000103,vtnet0,match,block,in,4,0x0,,46,2169,0,none,17,udp,71,87.76.32.23,10.255.255.1,51621,53,51
Jul  2 14:21:43 fw.rodolfoarce.local filterlog[32783]: 4,,,1000000103,vtnet0,match,block,in,4,0x0,,53,34833,0,none,17,udp,75,146.70.186.190,10.255.255.1,24021,53,55
Jul  2 14:21:43 fw.rodolfoarce.local filterlog[32783]: 4,,,1000000103,vtnet0,match,block,in,4,0x0,,49,3814,0,DF,17,udp,71,162.158.180.146,10.255.255.1,45786,53,51
Jul  2 14:21:43 fw.rodolfoarce.local filterlog[32783]: 4,,,1000000103,vtnet0,match,block,in,4,0x0,,49,12601,0,DF,17,udp,71,162.158.180.146,10.255.255.1,58829,53,51
Jul  2 14:21:43 fw.rodolfoarce.local filterlog[32783]: 4,,,1000000103,vtnet0,match,block,in,4,0x0,,49,17761,0,DF,17,udp,71,162.158.180.68,10.255.255.1,57422,53,51
Jul  2 14:21:43 fw.rodolfoarce.local filterlog[32783]: 4,,,1000000103,vtnet0,match,block,in,4,0x0,,53,13987,0,none,17,udp,75,146.70.186.190,10.255.255.1,45513,53,55
Jul  2 14:21:43 fw.rodolfoarce.local filterlog[32783]: 4,,,1000000103,vtnet0,match,block,in,4,0x0,,46,4351,0,none,17,udp,60,87.76.32.23,10.255.255.1,55254,53,40
Jul  2 14:21:43 fw.rodolfoarce.local filterlog[32783]: 4,,,1000000103,vtnet0,match,block,in,4,0x0,,49,3815,0,DF,17,udp,71,162.158.180.146,10.255.255.1,45786,53,51
Jul  2 14:21:43 fw.rodolfoarce.local filterlog[32783]: 4,,,1000000103,vtnet0,match,block,in,4,0x0,,46,4445,0,none,17,udp,71,87.76.32.23,10.255.255.1,58606,53,51
Jul  2 14:21:43 fw.rodolfoarce.local filterlog[32783]: 4,,,1000000103,vtnet0,match,block,in,4,0x0,,49,12602,0,DF,17,udp,71,162.158.180.146,10.255.255.1,58829,53,51
Jul  2 14:21:44 fw.rodolfoarce.local filterlog[32783]: 4,,,1000000103,vtnet0,match,block,in,4,0x0,,53,64660,0,none,17,udp,75,146.70.186.190,10.255.255.1,27470,53,55
Jul  2 14:21:44 fw.rodolfoarce.local filterlog[32783]: 4,,,1000000103,vtnet0,match,block,in,4,0x0,,49,17762,0,DF,17,udp,71,162.158.180.68,10.255.255.1,57422,53,51
Jul  2 14:21:44 fw.rodolfoarce.local filterlog[32783]: 4,,,1000000103,vtnet0,match,block,in,4,0x0,,49,48216,0,DF,17,udp,71,162.158.180.146,10.255.255.1,26189,53,51
Jul  2 14:21:44 fw.rodolfoarce.local filterlog[32783]: 4,,,1000000103,vtnet0,match,block,in,4,0x0,,49,2408,0,DF,6,tcp,60,162.158.180.146,10.255.255.1,51152,53,0,S,3275467875,,65535,,mss;sackOK;TS;nop;wscale
Jul  2 14:21:44 fw.rodolfoarce.local filterlog[32783]: 4,,,1000000103,vtnet0,match,block,in,4,0x0,,49,64111,0,DF,6,tcp,60,162.158.180.146,10.255.255.1,51158,53,0,S,112408716,,65535,,mss;sackOK;TS;nop;wscale
Jul  2 14:21:44 fw.rodolfoarce.local filterlog[32783]: 4,,,1000000103,vtnet0,match,block,in,4,0x0,,49,65121,0,DF,17,udp,71,162.158.180.146,10.255.255.1,44943,53,51
Jul  2 14:21:44 fw.rodolfoarce.local filterlog[32783]: 4,,,1000000103,vtnet0,match,block,in,4,0x0,,53,14727,0,none,17,udp,87,146.70.186.190,10.255.255.1,30100,53,67
Jul  2 14:21:44 fw.rodolfoarce.local filterlog[32783]: 4,,,1000000103,vtnet0,match,block,in,4,0x0,,53,22041,0,none,17,udp,75,146.70.186.190,10.255.255.1,12609,53,55
Jul  2 14:21:44 fw.rodolfoarce.local filterlog[32783]: 4,,,1000000103,vtnet0,match,block,in,4,0x0,,49,18185,0,DF,17,udp,71,162.158.180.146,10.255.255.1,45823,53,51
Jul  2 14:21:44 fw.rodolfoarce.local filterlog[32783]: 4,,,1000000103,vtnet0,match,block,in,4,0x0,,49,630,0,DF,17,udp,71,162.158.180.146,10.255.255.1,56059,53,51
Jul  2 14:21:46 fw.rodolfoarce.local filterlog[32783]: 4,,,1000000103,vtnet0,match,block,in,4,0x0,,49,18186,0,DF,17,udp,71,162.158.180.146,10.255.255.1,45823,53,51
Jul  2 14:21:46 fw.rodolfoarce.local filterlog[32783]: 4,,,1000000103,vtnet0,match,block,in,4,0x0,,53,15878,0,none,17,udp,87,146.70.186.190,10.255.255.1,47178,53,67
Jul  2 14:21:46 fw.rodolfoarce.local filterlog[32783]: 4,,,1000000103,vtnet0,match,block,in,4,0x0,,49,631,0,DF,17,udp,71,162.158.180.146,10.255.255.1,56059,53,51
Jul  2 14:21:46 fw.rodolfoarce.local filterlog[32783]: 4,,,1000000103,vtnet0,match,block,in,4,0x0,,53,8029,0,none,17,udp,75,146.70.186.190,10.255.255.1,54113,53,55
Jul  2 14:21:46 fw.rodolfoarce.local filterlog[32783]: 4,,,1000000103,vtnet0,match,block,in,4,0x0,,49,44346,0,DF,17,udp,71,162.158.180.146,10.255.255.1,36905,53,51
Jul  2 14:21:47 fw.rodolfoarce.local filterlog[32783]: 4,,,1000000103,vtnet0,match,block,in,4,0x0,,49,39534,0,DF,17,udp,71,162.158.180.69,10.255.255.1,59809,53,51
Jul  2 14:21:47 fw.rodolfoarce.local filterlog[32783]: 4,,,1000000103,vtnet0,match,block,in,4,0x0,,46,10455,0,none,17,udp,60,87.76.32.23,10.255.255.1,53977,53,40
Jul  2 14:21:47 fw.rodolfoarce.local filterlog[32783]: 4,,,1000000103,vtnet0,match,block,in,4,0x0,,53,51708,0,none,17,udp,87,146.70.186.190,10.255.255.1,33484,53,67
Jul  2 14:21:47 fw.rodolfoarce.local filterlog[32783]: 4,,,1000000103,vtnet0,match,block,in,4,0x0,,49,44347,0,DF,17,udp,71,162.158.180.146,10.255.255.1,36905,53,51
Jul  2 14:21:47 fw.rodolfoarce.local filterlog[32783]: 4,,,1000000103,vtnet0,match,block,in,4,0x0,,49,39535,0,DF,17,udp,71,162.158.180.69,10.255.255.1,59809,53,51
Jul  2 14:21:48 fw.rodolfoarce.local filterlog[32783]: 4,,,1000000103,vtnet0,match,block,in,4,0x0,,53,5635,0,none,17,udp,75,146.70.186.190,10.255.255.1,30195,53,55
Jul  2 14:21:48 fw.rodolfoarce.local filterlog[32783]: 4,,,1000000103,vtnet0,match,block,in,4,0x0,,53,10821,0,none,17,udp,87,146.70.186.190,10.255.255.1,5442,53,67
Jul  2 14:21:48 fw.rodolfoarce.local filterlog[32783]: 4,,,1000000103,vtnet0,match,block,in,4,0x0,,49,24782,0,DF,17,udp,71,162.158.180.69,10.255.255.1,53315,53,51
Jul  2 14:21:48 fw.rodolfoarce.local filterlog[32783]: 4,,,1000000103,vtnet0,match,block,in,4,0x0,,46,14749,0,none,17,udp,60,87.76.32.23,10.255.255.1,64969,53,40
Jul  2 14:21:48 fw.rodolfoarce.local filterlog[32783]: 4,,,1000000103,vtnet0,match,block,in,4,0x0,,49,24783,0,DF,17,udp,71,162.158.180.69,10.255.255.1,53315,53,51
Jul  2 14:21:48 fw.rodolfoarce.local filterlog[32783]: 4,,,1000000103,vtnet0,match,block,in,4,0x0,,53,14568,0,none,17,udp,87,146.70.186.190,10.255.255.1,55254,53,67
Jul  2 14:21:49 fw.rodolfoarce.local filterlog[32783]: 4,,,1000000103,vtnet0,match,block,in,4,0x0,,53,62828,0,none,17,udp,75,146.70.186.190,10.255.255.1,24255,53,55
Jul  2 14:21:49 fw.rodolfoarce.local filterlog[32783]: 4,,,1000000103,vtnet0,match,block,in,4,0x0,,53,45628,0,none,17,udp,87,146.70.186.190,10.255.255.1,23231,53,67
Jul  2 14:21:49 fw.rodolfoarce.local filterlog[32783]: 4,,,1000000103,vtnet0,match,block,in,4,0x0,,49,7905,0,DF,17,udp,71,162.158.180.68,10.255.255.1,24346,53,51
Jul  2 14:21:49 fw.rodolfoarce.local filterlog[32783]: 4,,,1000000103,vtnet0,match,block,in,4,0x0,,49,19803,0,DF,17,udp,71,162.158.180.146,10.255.255.1,12925,53,51
Jul  2 14:21:50 fw.rodolfoarce.local filterlog[32783]: 4,,,1000000103,vtnet0,match,block,in,4,0x0,,46,18888,0,none,17,udp,60,87.76.32.23,10.255.255.1,58267,53,40
Jul  2 14:21:50 fw.rodolfoarce.local filterlog[32783]: 4,,,1000000103,vtnet0,match,block,in,4,0x0,,49,7906,0,DF,17,udp,71,162.158.180.68,10.255.255.1,24346,53,51
Jul  2 14:21:50 fw.rodolfoarce.local filterlog[32783]: 4,,,1000000103,vtnet0,match,block,in,4,0x0,,49,19804,0,DF,17,udp,71,162.158.180.146,10.255.255.1,12925,53,51
Jul  2 14:21:50 fw.rodolfoarce.local filterlog[32783]: 4,,,1000000103,vtnet0,match,block,in,4,0x0,,53,6628,0,none,17,udp,87,146.70.186.190,10.255.255.1,62626,53,67
Jul  2 14:21:50 fw.rodolfoarce.local filterlog[32783]: 4,,,1000000103,vtnet0,match,block,in,4,0x0,,48,41280,0,none,17,udp,71,91.193.232.205,10.255.255.1,62600,53,51
Jul  2 14:21:50 fw.rodolfoarce.local dhclient[10762]: DHCPDISCOVER on vtnet0 to 255.255.255.255 port 67 interval 13
Jul  2 14:21:51 fw.rodolfoarce.local filterlog[32783]: 4,,,1000000103,vtnet0,match,block,in,4,0x0,,49,17103,0,DF,17,udp,71,162.158.180.146,10.255.255.1,51744,53,51
Jul  2 14:21:51 fw.rodolfoarce.local filterlog[32783]: 4,,,1000000103,vtnet0,match,block,in,4,0x0,,48,55039,0,none,17,udp,71,91.193.232.189,10.255.255.1,10946,53,51
Jul  2 14:21:51 fw.rodolfoarce.local filterlog[32783]: 4,,,1000000103,vtnet0,match,block,in,4,0x0,,47,12305,0,none,17,udp,71,91.193.232.226,10.255.255.1,14817,53,51
Jul  2 14:21:51 fw.rodolfoarce.local filterlog[32783]: 4,,,1000000103,vtnet0,match,block,in,4,0x0,,49,38905,0,DF,17,udp,71,162.158.180.69,10.255.255.1,44348,53,51
Jul  2 14:21:51 fw.rodolfoarce.local filterlog[32783]: 4,,,1000000103,vtnet0,match,block,in,4,0x0,,49,17104,0,DF,17,udp,71,162.158.180.146,10.255.255.1,51744,53,51
Jul  2 14:21:52 fw.rodolfoarce.local filterlog[32783]: 4,,,1000000103,vtnet0,match,block,in,4,0x0,,53,27130,0,none,17,udp,87,146.70.186.190,10.255.255.1,49939,53,67
Jul  2 14:21:52 fw.rodolfoarce.local filterlog[32783]: 4,,,1000000103,vtnet0,match,block,in,4,0x0,,49,38906,0,DF,17,udp,71,162.158.180.69,10.255.255.1,44348,53,51
Jul  2 14:21:52 fw.rodolfoarce.local filterlog[32783]: 4,,,1000000103,vtnet0,match,block,in,4,0x0,,47,31762,0,none,17,udp,71,91.193.232.216,10.255.255.1,56388,53,51
Jul  2 14:21:52 fw.rodolfoarce.local filterlog[32783]: 4,,,1000000103,vtnet0,match,block,in,4,0x0,,53,47442,0,none,17,udp,75,146.70.186.190,10.255.255.1,57400,53,55
Jul  2 14:21:52 fw.rodolfoarce.local filterlog[32783]: 4,,,1000000103,vtnet0,match,block,in,4,0x0,,47,19808,0,none,17,udp,71,91.193.232.210,10.255.255.1,33236,53,51
Jul  2 14:21:53 fw.rodolfoarce.local filterlog[32783]: 4,,,1000000103,vtnet0,match,block,in,4,0x0,,53,9606,0,none,17,udp,87,146.70.186.190,10.255.255.1,20652,53,67
Jul  2 14:21:54 fw.rodolfoarce.local filterlog[32783]: 4,,,1000000103,vtnet0,match,block,in,4,0x0,,49,5575,0,DF,17,udp,71,162.158.180.68,10.255.255.1,37871,53,51
Jul  2 14:21:54 fw.rodolfoarce.local filterlog[32783]: 4,,,1000000103,vtnet0,match,block,in,4,0x0,,49,12739,0,DF,17,udp,71,162.158.180.146,10.255.255.1,28743,53,51
Jul  2 14:21:54 fw.rodolfoarce.local filterlog[32783]: 4,,,1000000103,vtnet0,match,block,in,4,0x0,,53,36332,0,none,17,udp,75,146.70.186.190,10.255.255.1,57894,53,55
Jul  2 14:21:54 fw.rodolfoarce.local filterlog[32783]: 4,,,1000000103,vtnet0,match,block,in,4,0x0,,48,42150,0,none,17,udp,71,91.193.232.184,10.255.255.1,57583,53,51
Jul  2 14:21:54 fw.rodolfoarce.local filterlog[32783]: 4,,,1000000103,vtnet0,match,block,in,4,0x0,,49,5576,0,DF,17,udp,71,162.158.180.68,10.255.255.1,37871,53,51
Jul  2 14:21:54 fw.rodolfoarce.local filterlog[32783]: 4,,,1000000103,vtnet0,match,block,in,4,0x0,,49,12740,0,DF,17,udp,71,162.158.180.146,10.255.255.1,28743,53,51
Jul  2 14:21:54 fw.rodolfoarce.local filterlog[32783]: 4,,,1000000103,vtnet0,match,block,in,4,0x0,,46,31338,0,none,17,udp,60,87.76.32.23,10.255.255.1,56575,53,40
Jul  2 14:21:55 fw.rodolfoarce.local filterlog[32783]: 4,,,1000000103,vtnet0,match,block,in,4,0x0,,46,32949,0,none,17,udp,60,87.76.32.23,10.255.255.1,49925,53,40
Jul  2 14:21:55 fw.rodolfoarce.local filterlog[32783]: 4,,,1000000103,vtnet0,match,block,in,4,0x0,,53,51670,0,none,17,udp,87,146.70.186.190,10.255.255.1,16375,53,67
Jul  2 14:21:55 fw.rodolfoarce.local filterlog[32783]: 4,,,1000000103,vtnet0,match,block,in,4,0x0,,53,20344,0,none,17,udp,75,146.70.186.190,10.255.255.1,53715,53,55
Jul  2 14:21:55 fw.rodolfoarce.local filterlog[32783]: 4,,,1000000103,vtnet0,match,block,in,4,0x0,,48,57639,0,none,17,udp,71,91.193.232.209,10.255.255.1,35550,53,51
Jul  2 14:21:56 fw.rodolfoarce.local filterlog[32783]: 4,,,1000000103,vtnet0,match,block,in,4,0x0,,53,53968,0,none,17,udp,87,146.70.186.190,10.255.255.1,42027,53,67
Jul  2 14:21:56 fw.rodolfoarce.local filterlog[32783]: 4,,,1000000103,vtnet0,match,block,in,4,0x0,,46,35356,0,none,17,udp,60,87.76.32.23,10.255.255.1,54600,53,40
Jul  2 14:21:56 fw.rodolfoarce.local filterlog[32783]: 4,,,1000000103,vtnet0,match,block,in,4,0x0,,49,33708,0,DF,17,udp,71,162.158.180.69,10.255.255.1,29417,53,51
Jul  2 14:21:56 fw.rodolfoarce.local filterlog[32783]: 4,,,1000000103,vtnet0,match,block,in,4,0x0,,49,33709,0,DF,17,udp,71,162.158.180.69,10.255.255.1,29417,53,51
Jul  2 14:21:56 fw.rodolfoarce.local filterlog[32783]: 4,,,1000000103,vtnet0,match,block,in,4,0x0,,53,21158,0,none,17,udp,87,146.70.186.190,10.255.255.1,12213,53,67
Jul  2 14:21:57 fw.rodolfoarce.local filterlog[32783]: 4,,,1000000103,vtnet0,match,block,in,4,0x0,,53,1499,0,none,17,udp,75,146.70.186.190,10.255.255.1,14790,53,55
Jul  2 14:21:57 fw.rodolfoarce.local filterlog[32783]: 4,,,1000000103,vtnet0,match,block,in,4,0x0,,49,62014,0,DF,17,udp,71,162.158.180.69,10.255.255.1,40663,53,51
Jul  2 14:21:57 fw.rodolfoarce.local filterlog[32783]: 4,,,1000000103,vtnet0,match,block,in,4,0x0,,53,26511,0,none,17,udp,87,146.70.186.190,10.255.255.1,57941,53,67
Jul  2 14:21:58 fw.rodolfoarce.local filterlog[32783]: 4,,,1000000103,vtnet0,match,block,in,4,0x0,,49,62015,0,DF,17,udp,71,162.158.180.69,10.255.255.1,40663,53,51
Jul  2 14:21:58 fw.rodolfoarce.local filterlog[32783]: 4,,,1000000103,vtnet0,match,block,in,4,0x0,,53,45924,0,none,17,udp,87,146.70.186.190,10.255.255.1,20364,53,67
Jul  2 14:21:58 fw.rodolfoarce.local filterlog[32783]: 4,,,1000000103,vtnet0,match,block,in,4,0x0,,48,6890,0,none,17,udp,71,91.193.232.203,10.255.255.1,25690,53,51
Jul  2 14:21:59 fw.rodolfoarce.local filterlog[32783]: 4,,,1000000103,vtnet0,match,block,in,4,0x0,,46,42716,0,none,17,udp,60,87.76.32.23,10.255.255.1,53722,53,40
Jul  2 14:21:59 fw.rodolfoarce.local filterlog[32783]: 4,,,1000000103,vtnet0,match,block,in,4,0x0,,53,35708,0,none,17,udp,87,146.70.186.190,10.255.255.1,30862,53,67
Jul  2 14:22:00 fw.rodolfoarce.local /usr/sbin/cron[26715]: (root) CMD (/usr/sbin/newsyslog)
Jul  2 14:22:00 fw.rodolfoarce.local filterlog[32783]: 4,,,1000000103,vtnet0,match,block,in,4,0x0,,53,8665,0,none,17,udp,87,146.70.186.190,10.255.255.1,30661,53,67
Jul  2 14:22:00 fw.rodolfoarce.local filterlog[32783]: 4,,,1000000103,vtnet0,match,block,in,4,0x0,,49,52419,0,DF,17,udp,71,162.158.180.68,10.255.255.1,29338,53,51
Jul  2 14:22:00 fw.rodolfoarce.local filterlog[32783]: 4,,,1000000103,vtnet0,match,block,in,4,0x0,,49,52420,0,DF,17,udp,71,162.158.180.68,10.255.255.1,29338,53,51
Jul  2 14:22:01 fw.rodolfoarce.local filterlog[32783]: 4,,,1000000103,vtnet0,match,block,in,4,0x0,,53,7320,0,none,17,udp,87,146.70.186.190,10.255.255.1,13786,53,67
Jul  2 14:22:01 fw.rodolfoarce.local filterlog[32783]: 4,,,1000000103,vtnet0,match,block,in,4,0x28,,48,28714,0,none,17,udp,71,212.102.40.87,10.255.255.1,19742,53,51
Jul  2 14:22:01 fw.rodolfoarce.local filterlog[32783]: 4,,,1000000103,vtnet0,match,block,in,4,0x0,,47,8874,0,none,17,udp,71,91.193.232.193,10.255.255.1,26536,53,51
Jul  2 14:22:02 fw.rodolfoarce.local filterlog[32783]: 4,,,1000000103,vtnet0,match,block,in,4,0x28,,47,46448,0,none,17,udp,71,212.102.40.87,10.255.255.1,35107,53,51
Jul  2 14:22:02 fw.rodolfoarce.local filterlog[32783]: 4,,,1000000103,vtnet0,match,block,in,4,0x28,,48,11650,0,none,17,udp,71,212.102.40.87,10.255.255.1,65410,53,51
Jul  2 14:22:02 fw.rodolfoarce.local filterlog[32783]: 4,,,1000000103,vtnet0,match,block,in,4,0x28,,47,57817,0,none,17,udp,83,212.102.40.87,10.255.255.1,58504,53,63
Jul  2 14:22:03 fw.rodolfoarce.local dhclient[10762]: DHCPDISCOVER on vtnet0 to 255.255.255.255 port 67 interval 3
Jul  2 14:22:03 fw.rodolfoarce.local filterlog[32783]: 4,,,1000000103,vtnet0,match,block,in,4,0x0,,53,53898,0,none,17,udp,75,146.70.186.190,10.255.255.1,49038,53,55
Jul  2 14:22:03 fw.rodolfoarce.local filterlog[32783]: 4,,,1000000103,vtnet0,match,block,in,4,0x28,,48,28309,0,none,17,udp,71,212.102.40.87,10.255.255.1,31901,53,51
Jul  2 14:22:03 fw.rodolfoarce.local filterlog[32783]: 4,,,1000000103,vtnet0,match,block,in,4,0x0,,53,8690,0,none,17,udp,87,146.70.186.190,10.255.255.1,46358,53,67
Jul  2 14:22:03 fw.rodolfoarce.local filterlog[32783]: 4,,,1000000103,vtnet0,match,block,in,4,0x28,,48,22869,0,none,17,udp,83,212.102.40.87,10.255.255.1,52830,53,63
Jul  2 14:22:03 fw.rodolfoarce.local filterlog[32783]: 4,,,1000000103,vtnet0,match,block,in,4,0x28,,47,55279,0,none,17,udp,71,212.102.40.87,10.255.255.1,43591,53,51
Jul  2 14:22:03 fw.rodolfoarce.local filterlog[32783]: 4,,,1000000103,vtnet0,match,block,in,4,0x0,,53,45910,0,none,17,udp,87,146.70.186.190,10.255.255.1,38968,53,67
Jul  2 14:22:04 fw.rodolfoarce.local filterlog[32783]: 4,,,1000000103,vtnet0,match,block,in,4,0x28,,47,22430,0,none,17,udp,83,212.102.40.87,10.255.255.1,21471,53,63
Jul  2 14:22:04 fw.rodolfoarce.local filterlog[32783]: 4,,,1000000103,vtnet0,match,block,in,4,0x0,,46,60542,0,none,17,udp,60,87.76.32.23,10.255.255.1,56175,53,40
Jul  2 14:22:04 fw.rodolfoarce.local filterlog[32783]: 4,,,1000000103,vtnet0,match,block,in,4,0x0,,53,12118,0,none,17,udp,87,146.70.186.190,10.255.255.1,25323,53,67
