Jul  3 06:34:00 fw.rodolfoarce.local /usr/sbin/cron[91934]: (root) CMD (/usr/sbin/newsyslog)
Jul  3 06:34:01 fw.rodolfoarce.local dhclient[10762]: DHCPDISCOVER on vtnet0 to 255.255.255.255 port 67 interval 10
Jul  3 06:34:11 fw.rodolfoarce.local dhclient[10762]: No DHCPOFFERS received.
Jul  3 06:34:11 fw.rodolfoarce.local dhclient[10762]: No working leases in persistent database - sleeping.
Jul  3 02:34:11 fw.rodolfoarce.local dhclient[99986]: FAIL
Jul  3 06:34:26 fw.rodolfoarce.local dhclient[10762]: DHCPDISCOVER on vtnet0 to 255.255.255.255 port 67 interval 1
Jul  3 06:34:27 fw.rodolfoarce.local dhclient[10762]: DHCPDISCOVER on vtnet0 to 255.255.255.255 port 67 interval 2
Jul  3 06:34:30 fw.rodolfoarce.local dhclient[10762]: DHCPDISCOVER on vtnet0 to 255.255.255.255 port 67 interval 5
Jul  3 06:34:35 fw.rodolfoarce.local dhclient[10762]: DHCPDISCOVER on vtnet0 to 255.255.255.255 port 67 interval 10
Jul  3 06:34:45 fw.rodolfoarce.local dhclient[10762]: DHCPDISCOVER on vtnet0 to 255.255.255.255 port 67 interval 19
Jul  3 06:35:00 fw.rodolfoarce.local /usr/sbin/cron[503]: (root) CMD (/usr/libexec/atrun)
Jul  3 06:35:00 fw.rodolfoarce.local /usr/sbin/cron[368]: (root) CMD (/usr/sbin/newsyslog)
Jul  3 06:35:04 fw.rodolfoarce.local dhclient[10762]: DHCPDISCOVER on vtnet0 to 255.255.255.255 port 67 interval 10
Jul  3 06:35:14 fw.rodolfoarce.local dhclient[10762]: DHCPDISCOVER on vtnet0 to 255.255.255.255 port 67 interval 13
Jul  3 06:35:27 fw.rodolfoarce.local dhclient[10762]: No DHCPOFFERS received.
Jul  3 06:35:27 fw.rodolfoarce.local dhclient[10762]: No working leases in persistent database - sleeping.
Jul  3 02:35:27 fw.rodolfoarce.local dhclient[17938]: FAIL
Jul  3 06:35:29 fw.rodolfoarce.local dhcp6c[28115]: Sending Solicit
Jul  3 06:35:42 fw.rodolfoarce.local dhclient[10762]: DHCPDISCOVER on vtnet0 to 255.255.255.255 port 67 interval 1
Jul  3 06:35:43 fw.rodolfoarce.local dhclient[10762]: DHCPDISCOVER on vtnet0 to 255.255.255.255 port 67 interval 2
Jul  3 06:35:45 fw.rodolfoarce.local dhclient[10762]: DHCPDISCOVER on vtnet0 to 255.255.255.255 port 67 interval 2
Jul  3 06:35:47 fw.rodolfoarce.local dhclient[10762]: DHCPDISCOVER on vtnet0 to 255.255.255.255 port 67 interval 4
Jul  3 06:35:51 fw.rodolfoarce.local dhclient[10762]: DHCPDISCOVER on vtnet0 to 255.255.255.255 port 67 interval 6
Jul  3 06:35:57 fw.rodolfoarce.local dhclient[10762]: DHCPDISCOVER on vtnet0 to 255.255.255.255 port 67 interval 14
Jul  3 06:36:00 fw.rodolfoarce.local /usr/sbin/cron[18486]: (root) CMD (/usr/sbin/newsyslog)
Jul  3 06:36:11 fw.rodolfoarce.local dhclient[10762]: DHCPDISCOVER on vtnet0 to 255.255.255.255 port 67 interval 14
Jul  3 06:36:19 fw.rodolfoarce.local filterlog[32783]: 4,,,1000000103,vtnet0,match,block,in,4,0x0,,53,26160,0,none,17,udp,71,172.217.44.221,10.255.255.1,59319,53,51
Jul  3 06:36:26 fw.rodolfoarce.local dhclient[10762]: DHCPDISCOVER on vtnet0 to 255.255.255.255 port 67 interval 17
Jul  3 06:36:43 fw.rodolfoarce.local dhclient[10762]: No DHCPOFFERS received.
Jul  3 06:36:43 fw.rodolfoarce.local dhclient[10762]: No working leases in persistent database - sleeping.
Jul  3 02:36:43 fw.rodolfoarce.local dhclient[38264]: FAIL
Jul  3 06:36:58 fw.rodolfoarce.local dhclient[10762]: DHCPDISCOVER on vtnet0 to 255.255.255.255 port 67 interval 1
Jul  3 06:36:59 fw.rodolfoarce.local dhclient[10762]: DHCPDISCOVER on vtnet0 to 255.255.255.255 port 67 interval 2
Jul  3 06:37:00 fw.rodolfoarce.local /usr/sbin/cron[38432]: (root) CMD (/usr/sbin/newsyslog)
Jul  3 06:37:01 fw.rodolfoarce.local dhclient[10762]: DHCPDISCOVER on vtnet0 to 255.255.255.255 port 67 interval 3
Jul  3 06:37:04 fw.rodolfoarce.local dhclient[10762]: DHCPDISCOVER on vtnet0 to 255.255.255.255 port 67 interval 8
Jul  3 06:37:12 fw.rodolfoarce.local dhclient[10762]: DHCPDISCOVER on vtnet0 to 255.255.255.255 port 67 interval 15
Jul  3 06:37:27 fw.rodolfoarce.local dhclient[10762]: DHCPDISCOVER on vtnet0 to 255.255.255.255 port 67 interval 20
Jul  3 06:37:36 fw.rodolfoarce.local dhcp6c[28115]: Sending Solicit
Jul  3 06:37:47 fw.rodolfoarce.local dhclient[10762]: DHCPDISCOVER on vtnet0 to 255.255.255.255 port 67 interval 12
Jul  3 06:37:59 fw.rodolfoarce.local dhclient[10762]: No DHCPOFFERS received.
Jul  3 06:37:59 fw.rodolfoarce.local dhclient[10762]: No working leases in persistent database - sleeping.
Jul  3 02:37:59 fw.rodolfoarce.local dhclient[56824]: FAIL
Jul  3 06:38:00 fw.rodolfoarce.local /usr/sbin/cron[57142]: (root) CMD (/usr/sbin/newsyslog)
Jul  3 06:38:14 fw.rodolfoarce.local dhclient[10762]: DHCPDISCOVER on vtnet0 to 255.255.255.255 port 67 interval 1
Jul  3 06:38:15 fw.rodolfoarce.local dhclient[10762]: DHCPDISCOVER on vtnet0 to 255.255.255.255 port 67 interval 2
Jul  3 06:38:17 fw.rodolfoarce.local dhclient[10762]: DHCPDISCOVER on vtnet0 to 255.255.255.255 port 67 interval 2
Jul  3 06:38:20 fw.rodolfoarce.local dhclient[10762]: DHCPDISCOVER on vtnet0 to 255.255.255.255 port 67 interval 3
Jul  3 06:38:23 fw.rodolfoarce.local dhclient[10762]: DHCPDISCOVER on vtnet0 to 255.255.255.255 port 67 interval 5
Jul  3 06:38:28 fw.rodolfoarce.local dhclient[10762]: DHCPDISCOVER on vtnet0 to 255.255.255.255 port 67 interval 10
Jul  3 06:38:38 fw.rodolfoarce.local dhclient[10762]: DHCPDISCOVER on vtnet0 to 255.255.255.255 port 67 interval 14
Jul  3 06:38:52 fw.rodolfoarce.local dhclient[10762]: DHCPDISCOVER on vtnet0 to 255.255.255.255 port 67 interval 16
Jul  3 06:39:00 fw.rodolfoarce.local /usr/sbin/cron[77676]: (root) CMD (/usr/sbin/newsyslog)
Jul  3 06:39:08 fw.rodolfoarce.local dhclient[10762]: DHCPDISCOVER on vtnet0 to 255.255.255.255 port 67 interval 7
Jul  3 06:39:15 fw.rodolfoarce.local dhclient[10762]: No DHCPOFFERS received.
Jul  3 06:39:15 fw.rodolfoarce.local dhclient[10762]: No working leases in persistent database - sleeping.
Jul  3 02:39:15 fw.rodolfoarce.local dhclient[95241]: FAIL
Jul  3 06:39:28 fw.rodolfoarce.local dhcp6c[28115]: Sending Solicit
Jul  3 06:39:30 fw.rodolfoarce.local dhclient[10762]: DHCPDISCOVER on vtnet0 to 255.255.255.255 port 67 interval 2
Jul  3 06:39:32 fw.rodolfoarce.local dhclient[10762]: DHCPDISCOVER on vtnet0 to 255.255.255.255 port 67 interval 3
Jul  3 06:39:35 fw.rodolfoarce.local dhclient[10762]: DHCPDISCOVER on vtnet0 to 255.255.255.255 port 67 interval 4
Jul  3 06:39:39 fw.rodolfoarce.local dhclient[10762]: DHCPDISCOVER on vtnet0 to 255.255.255.255 port 67 interval 11
Jul  3 06:39:50 fw.rodolfoarce.local dhclient[10762]: DHCPDISCOVER on vtnet0 to 255.255.255.255 port 67 interval 12
Jul  3 06:40:00 fw.rodolfoarce.local /usr/sbin/cron[95728]: (root) CMD (/usr/libexec/atrun)
Jul  3 06:40:00 fw.rodolfoarce.local /usr/sbin/cron[95656]: (root) CMD (/usr/sbin/newsyslog)
Jul  3 06:40:02 fw.rodolfoarce.local dhclient[10762]: DHCPDISCOVER on vtnet0 to 255.255.255.255 port 67 interval 18
Jul  3 06:40:20 fw.rodolfoarce.local dhclient[10762]: DHCPDISCOVER on vtnet0 to 255.255.255.255 port 67 interval 7
Jul  3 06:40:27 fw.rodolfoarce.local dhclient[10762]: DHCPDISCOVER on vtnet0 to 255.255.255.255 port 67 interval 4
Jul  3 06:40:32 fw.rodolfoarce.local dhclient[10762]: No DHCPOFFERS received.
Jul  3 06:40:32 fw.rodolfoarce.local dhclient[10762]: No working leases in persistent database - sleeping.
Jul  3 02:40:32 fw.rodolfoarce.local dhclient[16056]: FAIL
Jul  3 06:40:47 fw.rodolfoarce.local dhclient[10762]: DHCPDISCOVER on vtnet0 to 255.255.255.255 port 67 interval 1
Jul  3 06:40:48 fw.rodolfoarce.local dhclient[10762]: DHCPDISCOVER on vtnet0 to 255.255.255.255 port 67 interval 1
Jul  3 06:40:49 fw.rodolfoarce.local dhclient[10762]: DHCPDISCOVER on vtnet0 to 255.255.255.255 port 67 interval 2
Jul  3 06:40:51 fw.rodolfoarce.local dhclient[10762]: DHCPDISCOVER on vtnet0 to 255.255.255.255 port 67 interval 2
Jul  3 06:40:53 fw.rodolfoarce.local dhclient[10762]: DHCPDISCOVER on vtnet0 to 255.255.255.255 port 67 interval 3
Jul  3 06:40:56 fw.rodolfoarce.local dhclient[10762]: DHCPDISCOVER on vtnet0 to 255.255.255.255 port 67 interval 3
Jul  3 06:40:59 fw.rodolfoarce.local dhclient[10762]: DHCPDISCOVER on vtnet0 to 255.255.255.255 port 67 interval 4
Jul  3 06:41:00 fw.rodolfoarce.local /usr/sbin/cron[16195]: (root) CMD (/usr/sbin/newsyslog)
Jul  3 06:41:03 fw.rodolfoarce.local dhclient[10762]: DHCPDISCOVER on vtnet0 to 255.255.255.255 port 67 interval 9
Jul  3 06:41:12 fw.rodolfoarce.local dhclient[10762]: DHCPDISCOVER on vtnet0 to 255.255.255.255 port 67 interval 10
Jul  3 06:41:22 fw.rodolfoarce.local dhclient[10762]: DHCPDISCOVER on vtnet0 to 255.255.255.255 port 67 interval 12
Jul  3 06:41:31 fw.rodolfoarce.local dhcp6c[28115]: Sending Solicit
Jul  3 06:41:34 fw.rodolfoarce.local dhclient[10762]: DHCPDISCOVER on vtnet0 to 255.255.255.255 port 67 interval 11
Jul  3 06:41:45 fw.rodolfoarce.local dhclient[10762]: DHCPDISCOVER on vtnet0 to 255.255.255.255 port 67 interval 3
Jul  3 06:41:48 fw.rodolfoarce.local dhclient[10762]: No DHCPOFFERS received.
Jul  3 06:41:48 fw.rodolfoarce.local dhclient[10762]: No working leases in persistent database - sleeping.
Jul  3 02:41:48 fw.rodolfoarce.local dhclient[34703]: FAIL
Jul  3 06:42:00 fw.rodolfoarce.local /usr/sbin/cron[35269]: (root) CMD (/usr/sbin/newsyslog)
Jul  3 06:42:03 fw.rodolfoarce.local dhclient[10762]: DHCPDISCOVER on vtnet0 to 255.255.255.255 port 67 interval 2
Jul  3 06:42:12 fw.rodolfoarce.local dhclient[10762]: message repeated 4 times: [ DHCPDISCOVER on vtnet0 to 255.255.255.255 port 67 interval 2]
Jul  3 06:42:14 fw.rodolfoarce.local dhclient[10762]: DHCPDISCOVER on vtnet0 to 255.255.255.255 port 67 interval 4
Jul  3 06:42:18 fw.rodolfoarce.local dhclient[10762]: DHCPDISCOVER on vtnet0 to 255.255.255.255 port 67 interval 5
Jul  3 06:42:23 fw.rodolfoarce.local dhclient[10762]: DHCPDISCOVER on vtnet0 to 255.255.255.255 port 67 interval 7
Jul  3 06:42:30 fw.rodolfoarce.local dhclient[10762]: DHCPDISCOVER on vtnet0 to 255.255.255.255 port 67 interval 15
Jul  3 06:42:45 fw.rodolfoarce.local dhclient[10762]: DHCPDISCOVER on vtnet0 to 255.255.255.255 port 67 interval 18
Jul  3 06:43:00 fw.rodolfoarce.local /usr/sbin/cron[52103]: (root) CMD (/usr/sbin/newsyslog)
Jul  3 06:43:03 fw.rodolfoarce.local dhclient[10762]: DHCPDISCOVER on vtnet0 to 255.255.255.255 port 67 interval 1
Jul  3 06:43:04 fw.rodolfoarce.local dhclient[10762]: No DHCPOFFERS received.
Jul  3 06:43:04 fw.rodolfoarce.local dhclient[10762]: No working leases in persistent database - sleeping.
Jul  3 02:43:04 fw.rodolfoarce.local dhclient[52896]: FAIL
Jul  3 06:43:19 fw.rodolfoarce.local dhclient[10762]: DHCPDISCOVER on vtnet0 to 255.255.255.255 port 67 interval 2
Jul  3 06:43:21 fw.rodolfoarce.local dhclient[10762]: DHCPDISCOVER on vtnet0 to 255.255.255.255 port 67 interval 5
Jul  3 06:43:24 fw.rodolfoarce.local dhcp6c[28115]: Sending Solicit
Jul  3 06:43:26 fw.rodolfoarce.local dhclient[10762]: DHCPDISCOVER on vtnet0 to 255.255.255.255 port 67 interval 7
Jul  3 06:43:33 fw.rodolfoarce.local dhclient[10762]: DHCPDISCOVER on vtnet0 to 255.255.255.255 port 67 interval 7
Jul  3 06:43:40 fw.rodolfoarce.local dhclient[10762]: DHCPDISCOVER on vtnet0 to 255.255.255.255 port 67 interval 15
Jul  3 06:43:55 fw.rodolfoarce.local dhclient[10762]: DHCPDISCOVER on vtnet0 to 255.255.255.255 port 67 interval 11
Jul  3 06:43:56 fw.rodolfoarce.local filterlog[32783]: 4,,,1000000103,vtnet0,match,block,in,4,0x0,,37,53813,0,DF,6,tcp,60,39.105.42.115,10.255.255.1,40418,22,0,S,4036557015,,29200,,mss;sackOK;TS;nop;wscale
Jul  3 06:43:57 fw.rodolfoarce.local filterlog[32783]: 4,,,1000000103,vtnet0,match,block,in,4,0x0,,37,53814,0,DF,6,tcp,60,39.105.42.115,10.255.255.1,40418,22,0,S,4036557015,,29200,,mss;sackOK;TS;nop;wscale
Jul  3 06:43:59 fw.rodolfoarce.local filterlog[32783]: 4,,,1000000103,vtnet0,match,block,in,4,0x0,,37,53815,0,DF,6,tcp,60,39.105.42.115,10.255.255.1,40418,22,0,S,4036557015,,29200,,mss;sackOK;TS;nop;wscale
Jul  3 06:44:00 fw.rodolfoarce.local /usr/sbin/cron[70355]: (root) CMD (/usr/sbin/newsyslog)
Jul  3 06:44:03 fw.rodolfoarce.local filterlog[32783]: 4,,,1000000103,vtnet0,match,block,in,4,0x0,,37,53816,0,DF,6,tcp,60,39.105.42.115,10.255.255.1,40418,22,0,S,4036557015,,29200,,mss;sackOK;TS;nop;wscale
Jul  3 06:44:07 fw.rodolfoarce.local dhclient[10762]: DHCPDISCOVER on vtnet0 to 255.255.255.255 port 67 interval 10
Jul  3 06:44:10 fw.rodolfoarce.local filterlog[32783]: 4,,,1000000103,vtnet0,match,block,in,4,0x0,,37,53817,0,DF,6,tcp,60,39.105.42.115,10.255.255.1,40418,22,0,S,4036557015,,29200,,mss;sackOK;TS;nop;wscale
Jul  3 06:44:17 fw.rodolfoarce.local dhclient[10762]: DHCPDISCOVER on vtnet0 to 255.255.255.255 port 67 interval 3
Jul  3 06:44:20 fw.rodolfoarce.local dhclient[10762]: No DHCPOFFERS received.
Jul  3 06:44:20 fw.rodolfoarce.local dhclient[10762]: No working leases in persistent database - sleeping.
Jul  3 02:44:20 fw.rodolfoarce.local dhclient[90683]: FAIL
Jul  3 06:44:35 fw.rodolfoarce.local dhclient[10762]: DHCPDISCOVER on vtnet0 to 255.255.255.255 port 67 interval 1
Jul  3 06:44:36 fw.rodolfoarce.local dhclient[10762]: DHCPDISCOVER on vtnet0 to 255.255.255.255 port 67 interval 2
Jul  3 06:44:38 fw.rodolfoarce.local dhclient[10762]: DHCPDISCOVER on vtnet0 to 255.255.255.255 port 67 interval 3
Jul  3 06:44:39 fw.rodolfoarce.local filterlog[32783]: 4,,,1000000103,vtnet1,match,block,in,4,0x0,,64,49556,0,DF,6,tcp,76,10.1.1.3,172.67.157.37,45056,443,24,PA,3140291876:3140291900,1370582686,249,,nop;nop;TS
Jul  3 06:44:39 fw.rodolfoarce.local filterlog[32783]: 4,,,1000000103,vtnet1,match,block,in,4,0x0,,64,49557,0,DF,6,tcp,52,10.1.1.3,172.67.157.37,45056,443,0,FA,3140291900,1370582686,249,,nop;nop;TS
Jul  3 06:44:39 fw.rodolfoarce.local filterlog[32783]: 4,,,1000000103,vtnet1,match,block,in,4,0x0,,64,49558,0,DF,6,tcp,52,10.1.1.3,172.67.157.37,45056,443,0,FA,3140291900,1370582686,249,,nop;nop;TS
Jul  3 06:44:40 fw.rodolfoarce.local filterlog[32783]: 4,,,1000000103,vtnet1,match,block,in,4,0x0,,64,49559,0,DF,6,tcp,76,10.1.1.3,172.67.157.37,45056,443,24,FPA,3140291876:3140291900,1370582686,249,,nop;nop;TS
Jul  3 06:44:40 fw.rodolfoarce.local filterlog[32783]: 4,,,1000000103,vtnet1,match,block,in,4,0x0,,64,49560,0,DF,6,tcp,76,10.1.1.3,172.67.157.37,45056,443,24,FPA,3140291876:3140291900,1370582686,249,,nop;nop;TS
Jul  3 06:44:41 fw.rodolfoarce.local dhclient[10762]: DHCPDISCOVER on vtnet0 to 255.255.255.255 port 67 interval 5
Jul  3 06:44:41 fw.rodolfoarce.local filterlog[32783]: 4,,,1000000103,vtnet1,match,block,in,4,0x0,,64,49561,0,DF,6,tcp,76,10.1.1.3,172.67.157.37,45056,443,24,FPA,3140291876:3140291900,1370582686,249,,nop;nop;TS
Jul  3 06:44:43 fw.rodolfoarce.local filterlog[32783]: 4,,,1000000103,vtnet1,match,block,in,4,0x0,,64,49562,0,DF,6,tcp,76,10.1.1.3,172.67.157.37,45056,443,24,FPA,3140291876:3140291900,1370582686,249,,nop;nop;TS
Jul  3 06:44:46 fw.rodolfoarce.local dhclient[10762]: DHCPDISCOVER on vtnet0 to 255.255.255.255 port 67 interval 5
Jul  3 06:44:46 fw.rodolfoarce.local filterlog[32783]: 4,,,1000000103,vtnet1,match,block,in,4,0x0,,64,49563,0,DF,6,tcp,76,10.1.1.3,172.67.157.37,45056,443,24,FPA,3140291876:3140291900,1370582686,249,,nop;nop;TS
Jul  3 06:44:51 fw.rodolfoarce.local dhclient[10762]: DHCPDISCOVER on vtnet0 to 255.255.255.255 port 67 interval 9
Jul  3 06:44:53 fw.rodolfoarce.local filterlog[32783]: 4,,,1000000103,vtnet1,match,block,in,4,0x0,,64,49564,0,DF,6,tcp,76,10.1.1.3,172.67.157.37,45056,443,24,FPA,3140291876:3140291900,1370582686,249,,nop;nop;TS
Jul  3 06:45:00 fw.rodolfoarce.local /usr/sbin/cron[91515]: (root) CMD (/usr/libexec/atrun)
Jul  3 06:45:00 fw.rodolfoarce.local /usr/sbin/cron[91349]: (root) CMD (/usr/sbin/newsyslog)
Jul  3 06:45:00 fw.rodolfoarce.local dhclient[10762]: DHCPDISCOVER on vtnet0 to 255.255.255.255 port 67 interval 10
Jul  3 06:45:08 fw.rodolfoarce.local filterlog[32783]: 4,,,1000000103,vtnet1,match,block,in,4,0x0,,64,49565,0,DF,6,tcp,76,10.1.1.3,172.67.157.37,45056,443,24,FPA,3140291876:3140291900,1370582686,249,,nop;nop;TS
Jul  3 06:45:10 fw.rodolfoarce.local dhclient[10762]: DHCPDISCOVER on vtnet0 to 255.255.255.255 port 67 interval 18
Jul  3 06:45:28 fw.rodolfoarce.local dhclient[10762]: DHCPDISCOVER on vtnet0 to 255.255.255.255 port 67 interval 8
Jul  3 06:45:32 fw.rodolfoarce.local dhcp6c[28115]: Sending Solicit
Jul  3 06:45:35 fw.rodolfoarce.local filterlog[32783]: 4,,,1000000103,vtnet1,match,block,in,4,0x0,,64,49566,0,DF,6,tcp,76,10.1.1.3,172.67.157.37,45056,443,24,FPA,3140291876:3140291900,1370582686,249,,nop;nop;TS
Jul  3 06:45:36 fw.rodolfoarce.local dhclient[10762]: No DHCPOFFERS received.
Jul  3 06:45:36 fw.rodolfoarce.local dhclient[10762]: No working leases in persistent database - sleeping.
Jul  3 02:45:36 fw.rodolfoarce.local dhclient[10874]: FAIL
Jul  3 06:45:51 fw.rodolfoarce.local dhclient[10762]: DHCPDISCOVER on vtnet0 to 255.255.255.255 port 67 interval 2
Jul  3 06:45:54 fw.rodolfoarce.local dhclient[10762]: DHCPDISCOVER on vtnet0 to 255.255.255.255 port 67 interval 2
Jul  3 06:45:56 fw.rodolfoarce.local dhclient[10762]: DHCPDISCOVER on vtnet0 to 255.255.255.255 port 67 interval 3
Jul  3 06:45:59 fw.rodolfoarce.local dhclient[10762]: DHCPDISCOVER on vtnet0 to 255.255.255.255 port 67 interval 8
Jul  3 06:46:00 fw.rodolfoarce.local /usr/sbin/cron[11155]: (root) CMD (/usr/sbin/newsyslog)
Jul  3 06:46:07 fw.rodolfoarce.local dhclient[10762]: DHCPDISCOVER on vtnet0 to 255.255.255.255 port 67 interval 11
Jul  3 06:46:18 fw.rodolfoarce.local dhclient[10762]: DHCPDISCOVER on vtnet0 to 255.255.255.255 port 67 interval 13
Jul  3 06:46:31 fw.rodolfoarce.local dhclient[10762]: DHCPDISCOVER on vtnet0 to 255.255.255.255 port 67 interval 18
Jul  3 06:46:49 fw.rodolfoarce.local dhclient[10762]: DHCPDISCOVER on vtnet0 to 255.255.255.255 port 67 interval 3
Jul  3 06:46:52 fw.rodolfoarce.local dhclient[10762]: No DHCPOFFERS received.
Jul  3 06:46:52 fw.rodolfoarce.local dhclient[10762]: No working leases in persistent database - sleeping.
Jul  3 02:46:52 fw.rodolfoarce.local dhclient[28803]: FAIL
Jul  3 06:47:00 fw.rodolfoarce.local /usr/sbin/cron[29154]: (root) CMD (/usr/sbin/newsyslog)
Jul  3 06:47:07 fw.rodolfoarce.local dhclient[10762]: DHCPDISCOVER on vtnet0 to 255.255.255.255 port 67 interval 2
Jul  3 06:47:09 fw.rodolfoarce.local dhclient[10762]: DHCPDISCOVER on vtnet0 to 255.255.255.255 port 67 interval 4
Jul  3 06:47:13 fw.rodolfoarce.local dhclient[10762]: DHCPDISCOVER on vtnet0 to 255.255.255.255 port 67 interval 11
Jul  3 06:47:21 fw.rodolfoarce.local dhcp6c[28115]: Sending Solicit
Jul  3 06:47:24 fw.rodolfoarce.local dhclient[10762]: DHCPDISCOVER on vtnet0 to 255.255.255.255 port 67 interval 11
Jul  3 06:47:36 fw.rodolfoarce.local dhclient[10762]: DHCPDISCOVER on vtnet0 to 255.255.255.255 port 67 interval 14
Jul  3 06:47:50 fw.rodolfoarce.local dhclient[10762]: DHCPDISCOVER on vtnet0 to 255.255.255.255 port 67 interval 13
Jul  3 06:48:00 fw.rodolfoarce.local /usr/sbin/cron[47230]: (root) CMD (/usr/sbin/newsyslog)
Jul  3 06:48:03 fw.rodolfoarce.local dhclient[10762]: DHCPDISCOVER on vtnet0 to 255.255.255.255 port 67 interval 5
Jul  3 06:48:08 fw.rodolfoarce.local dhclient[10762]: No DHCPOFFERS received.
Jul  3 06:48:08 fw.rodolfoarce.local dhclient[10762]: No working leases in persistent database - sleeping.
Jul  3 02:48:08 fw.rodolfoarce.local dhclient[48667]: FAIL
Jul  3 06:48:23 fw.rodolfoarce.local dhclient[10762]: DHCPDISCOVER on vtnet0 to 255.255.255.255 port 67 interval 2
Jul  3 06:48:25 fw.rodolfoarce.local dhclient[10762]: DHCPDISCOVER on vtnet0 to 255.255.255.255 port 67 interval 3
Jul  3 06:48:28 fw.rodolfoarce.local dhclient[10762]: DHCPDISCOVER on vtnet0 to 255.255.255.255 port 67 interval 7
Jul  3 06:48:35 fw.rodolfoarce.local dhclient[10762]: DHCPDISCOVER on vtnet0 to 255.255.255.255 port 67 interval 7
Jul  3 06:48:42 fw.rodolfoarce.local dhclient[10762]: DHCPDISCOVER on vtnet0 to 255.255.255.255 port 67 interval 15
Jul  3 06:48:58 fw.rodolfoarce.local dhclient[10762]: DHCPDISCOVER on vtnet0 to 255.255.255.255 port 67 interval 11
Jul  3 06:49:00 fw.rodolfoarce.local /usr/sbin/cron[66254]: (root) CMD (/usr/sbin/newsyslog)
Jul  3 06:49:09 fw.rodolfoarce.local dhclient[10762]: DHCPDISCOVER on vtnet0 to 255.255.255.255 port 67 interval 12
Jul  3 06:49:18 fw.rodolfoarce.local dhcp6c[28115]: Sending Solicit
Jul  3 06:49:21 fw.rodolfoarce.local dhclient[10762]: DHCPDISCOVER on vtnet0 to 255.255.255.255 port 67 interval 3
Jul  3 06:49:24 fw.rodolfoarce.local dhclient[10762]: No DHCPOFFERS received.
Jul  3 06:49:24 fw.rodolfoarce.local dhclient[10762]: No working leases in persistent database - sleeping.
Jul  3 02:49:24 fw.rodolfoarce.local dhclient[84810]: FAIL
Jul  3 06:49:39 fw.rodolfoarce.local dhclient[10762]: DHCPDISCOVER on vtnet0 to 255.255.255.255 port 67 interval 2
Jul  3 06:49:41 fw.rodolfoarce.local dhclient[10762]: DHCPDISCOVER on vtnet0 to 255.255.255.255 port 67 interval 4
Jul  3 06:49:45 fw.rodolfoarce.local dhclient[10762]: DHCPDISCOVER on vtnet0 to 255.255.255.255 port 67 interval 7
Jul  3 06:49:52 fw.rodolfoarce.local dhclient[10762]: DHCPDISCOVER on vtnet0 to 255.255.255.255 port 67 interval 12
Jul  3 06:50:00 fw.rodolfoarce.local /usr/sbin/cron[85730]: (root) CMD (/usr/libexec/atrun)
Jul  3 06:50:00 fw.rodolfoarce.local /usr/sbin/cron[85671]: (root) CMD (/usr/sbin/newsyslog)
Jul  3 06:50:04 fw.rodolfoarce.local dhclient[10762]: DHCPDISCOVER on vtnet0 to 255.255.255.255 port 67 interval 16
Jul  3 06:50:20 fw.rodolfoarce.local dhclient[10762]: DHCPDISCOVER on vtnet0 to 255.255.255.255 port 67 interval 16
Jul  3 06:50:36 fw.rodolfoarce.local dhclient[10762]: DHCPDISCOVER on vtnet0 to 255.255.255.255 port 67 interval 4
Jul  3 06:50:40 fw.rodolfoarce.local dhclient[10762]: No DHCPOFFERS received.
Jul  3 06:50:40 fw.rodolfoarce.local dhclient[10762]: No working leases in persistent database - sleeping.
Jul  3 02:50:40 fw.rodolfoarce.local dhclient[6876]: FAIL
Jul  3 06:50:44 fw.rodolfoarce.local filterlog[32783]: 4,,,1000000103,vtnet0,match,block,in,4,0x0,,241,54321,0,none,17,udp,71,94.156.68.53,10.255.255.1,37098,53,51
Jul  3 06:50:55 fw.rodolfoarce.local dhclient[10762]: DHCPDISCOVER on vtnet0 to 255.255.255.255 port 67 interval 1
Jul  3 06:50:59 fw.rodolfoarce.local dhclient[10762]: message repeated 3 times: [ DHCPDISCOVER on vtnet0 to 255.255.255.255 port 67 interval 1]
Jul  3 06:51:00 fw.rodolfoarce.local /usr/sbin/cron[7292]: (root) CMD (/usr/sbin/newsyslog)
Jul  3 06:51:00 fw.rodolfoarce.local dhclient[10762]: DHCPDISCOVER on vtnet0 to 255.255.255.255 port 67 interval 2
Jul  3 06:51:02 fw.rodolfoarce.local dhclient[10762]: DHCPDISCOVER on vtnet0 to 255.255.255.255 port 67 interval 4
Jul  3 06:51:06 fw.rodolfoarce.local dhclient[10762]: DHCPDISCOVER on vtnet0 to 255.255.255.255 port 67 interval 6
Jul  3 06:51:12 fw.rodolfoarce.local dhclient[10762]: DHCPDISCOVER on vtnet0 to 255.255.255.255 port 67 interval 12
Jul  3 06:51:24 fw.rodolfoarce.local dhclient[10762]: DHCPDISCOVER on vtnet0 to 255.255.255.255 port 67 interval 16
Jul  3 06:51:29 fw.rodolfoarce.local dhcp6c[28115]: Sending Solicit
Jul  3 06:51:40 fw.rodolfoarce.local dhclient[10762]: DHCPDISCOVER on vtnet0 to 255.255.255.255 port 67 interval 9
Jul  3 06:51:49 fw.rodolfoarce.local dhclient[10762]: DHCPDISCOVER on vtnet0 to 255.255.255.255 port 67 interval 7
Jul  3 06:51:56 fw.rodolfoarce.local dhclient[10762]: No DHCPOFFERS received.
Jul  3 06:51:56 fw.rodolfoarce.local dhclient[10762]: No working leases in persistent database - sleeping.
Jul  3 02:51:56 fw.rodolfoarce.local dhclient[25961]: FAIL
Jul  3 06:52:00 fw.rodolfoarce.local /usr/sbin/cron[26492]: (root) CMD (/usr/sbin/newsyslog)
Jul  3 06:52:11 fw.rodolfoarce.local dhclient[10762]: DHCPDISCOVER on vtnet0 to 255.255.255.255 port 67 interval 1
Jul  3 06:52:12 fw.rodolfoarce.local dhclient[10762]: DHCPDISCOVER on vtnet0 to 255.255.255.255 port 67 interval 2
Jul  3 06:52:14 fw.rodolfoarce.local dhclient[10762]: DHCPDISCOVER on vtnet0 to 255.255.255.255 port 67 interval 2
Jul  3 06:52:16 fw.rodolfoarce.local dhclient[10762]: DHCPDISCOVER on vtnet0 to 255.255.255.255 port 67 interval 5
Jul  3 06:52:21 fw.rodolfoarce.local dhclient[10762]: DHCPDISCOVER on vtnet0 to 255.255.255.255 port 67 interval 8
Jul  3 06:52:29 fw.rodolfoarce.local dhclient[10762]: DHCPDISCOVER on vtnet0 to 255.255.255.255 port 67 interval 14
Jul  3 06:52:43 fw.rodolfoarce.local dhclient[10762]: DHCPDISCOVER on vtnet0 to 255.255.255.255 port 67 interval 8
Jul  3 06:52:52 fw.rodolfoarce.local dhclient[10762]: DHCPDISCOVER on vtnet0 to 255.255.255.255 port 67 interval 15
Jul  3 06:53:00 fw.rodolfoarce.local /usr/sbin/cron[43961]: (root) CMD (/usr/sbin/newsyslog)
Jul  3 06:53:07 fw.rodolfoarce.local dhclient[10762]: DHCPDISCOVER on vtnet0 to 255.255.255.255 port 67 interval 5
Jul  3 06:53:12 fw.rodolfoarce.local dhclient[10762]: No DHCPOFFERS received.
Jul  3 06:53:12 fw.rodolfoarce.local dhclient[10762]: No working leases in persistent database - sleeping.
Jul  3 02:53:12 fw.rodolfoarce.local dhclient[45273]: FAIL
Jul  3 06:53:23 fw.rodolfoarce.local dhcp6c[28115]: Sending Solicit
Jul  3 06:53:27 fw.rodolfoarce.local dhclient[10762]: DHCPDISCOVER on vtnet0 to 255.255.255.255 port 67 interval 2
Jul  3 06:53:29 fw.rodolfoarce.local dhclient[10762]: DHCPDISCOVER on vtnet0 to 255.255.255.255 port 67 interval 3
Jul  3 06:53:32 fw.rodolfoarce.local dhclient[10762]: DHCPDISCOVER on vtnet0 to 255.255.255.255 port 67 interval 3
Jul  3 06:53:35 fw.rodolfoarce.local dhclient[10762]: DHCPDISCOVER on vtnet0 to 255.255.255.255 port 67 interval 5
Jul  3 06:53:40 fw.rodolfoarce.local dhclient[10762]: DHCPDISCOVER on vtnet0 to 255.255.255.255 port 67 interval 13
Jul  3 06:53:53 fw.rodolfoarce.local dhclient[10762]: DHCPDISCOVER on vtnet0 to 255.255.255.255 port 67 interval 12
Jul  3 06:54:00 fw.rodolfoarce.local /usr/sbin/cron[61190]: (root) CMD (/usr/sbin/newsyslog)
Jul  3 06:54:05 fw.rodolfoarce.local dhclient[10762]: DHCPDISCOVER on vtnet0 to 255.255.255.255 port 67 interval 15
Jul  3 06:54:21 fw.rodolfoarce.local dhclient[10762]: DHCPDISCOVER on vtnet0 to 255.255.255.255 port 67 interval 7
Jul  3 06:54:28 fw.rodolfoarce.local dhclient[10762]: No DHCPOFFERS received.
Jul  3 06:54:28 fw.rodolfoarce.local dhclient[10762]: No working leases in persistent database - sleeping.
Jul  3 02:54:28 fw.rodolfoarce.local dhclient[80243]: FAIL
Jul  3 06:54:43 fw.rodolfoarce.local dhclient[10762]: DHCPDISCOVER on vtnet0 to 255.255.255.255 port 67 interval 1
Jul  3 06:54:45 fw.rodolfoarce.local dhclient[10762]: message repeated 2 times: [ DHCPDISCOVER on vtnet0 to 255.255.255.255 port 67 interval 1]
Jul  3 06:54:46 fw.rodolfoarce.local dhclient[10762]: DHCPDISCOVER on vtnet0 to 255.255.255.255 port 67 interval 2
Jul  3 06:54:48 fw.rodolfoarce.local dhclient[10762]: DHCPDISCOVER on vtnet0 to 255.255.255.255 port 67 interval 5
Jul  3 06:54:58 fw.rodolfoarce.local dhclient[10762]: message repeated 2 times: [ DHCPDISCOVER on vtnet0 to 255.255.255.255 port 67 interval 5]
Jul  3 06:55:00 fw.rodolfoarce.local /usr/sbin/cron[80564]: (root) CMD (/usr/libexec/atrun)
Jul  3 06:55:00 fw.rodolfoarce.local /usr/sbin/cron[80483]: (root) CMD (/usr/sbin/newsyslog)
Jul  3 06:55:03 fw.rodolfoarce.local dhclient[10762]: DHCPDISCOVER on vtnet0 to 255.255.255.255 port 67 interval 11
Jul  3 06:55:09 fw.rodolfoarce.local filterlog[32783]: 4,,,1000000103,vtnet0,match,block,in,4,0x0,,53,35082,0,none,17,udp,71,172.217.44.211,10.255.255.1,45712,53,51
Jul  3 06:55:14 fw.rodolfoarce.local dhclient[10762]: DHCPDISCOVER on vtnet0 to 255.255.255.255 port 67 interval 19
Jul  3 06:55:33 fw.rodolfoarce.local dhcp6c[28115]: Sending Solicit
Jul  3 06:55:33 fw.rodolfoarce.local dhclient[10762]: DHCPDISCOVER on vtnet0 to 255.255.255.255 port 67 interval 11
Jul  3 06:55:45 fw.rodolfoarce.local dhclient[10762]: No DHCPOFFERS received.
Jul  3 06:55:45 fw.rodolfoarce.local dhclient[10762]: No working leases in persistent database - sleeping.
Jul  3 02:55:45 fw.rodolfoarce.local dhclient[99194]: FAIL
Jul  3 06:55:58 fw.rodolfoarce.local filterlog[32783]: 4,,,1000000103,vtnet0,match,block,in,4,0x0,,240,54321,0,none,17,udp,59,185.142.53.155,10.255.255.1,39928,53,39
Jul  3 06:56:00 fw.rodolfoarce.local /usr/sbin/cron[99468]: (root) CMD (/usr/sbin/newsyslog)
Jul  3 06:56:00 fw.rodolfoarce.local dhclient[10762]: DHCPDISCOVER on vtnet0 to 255.255.255.255 port 67 interval 2
Jul  3 06:56:02 fw.rodolfoarce.local dhclient[10762]: DHCPDISCOVER on vtnet0 to 255.255.255.255 port 67 interval 2
Jul  3 06:56:04 fw.rodolfoarce.local dhclient[10762]: DHCPDISCOVER on vtnet0 to 255.255.255.255 port 67 interval 3
Jul  3 06:56:07 fw.rodolfoarce.local dhclient[10762]: DHCPDISCOVER on vtnet0 to 255.255.255.255 port 67 interval 4
Jul  3 06:56:11 fw.rodolfoarce.local dhclient[10762]: DHCPDISCOVER on vtnet0 to 255.255.255.255 port 67 interval 9
Jul  3 06:56:20 fw.rodolfoarce.local dhclient[10762]: DHCPDISCOVER on vtnet0 to 255.255.255.255 port 67 interval 18
Jul  3 06:56:38 fw.rodolfoarce.local dhclient[10762]: DHCPDISCOVER on vtnet0 to 255.255.255.255 port 67 interval 21
Jul  3 06:56:59 fw.rodolfoarce.local dhclient[10762]: DHCPDISCOVER on vtnet0 to 255.255.255.255 port 67 interval 2
Jul  3 06:57:00 fw.rodolfoarce.local /usr/sbin/cron[17650]: (root) CMD (/usr/sbin/newsyslog)
Jul  3 06:57:01 fw.rodolfoarce.local dhclient[10762]: No DHCPOFFERS received.
Jul  3 06:57:01 fw.rodolfoarce.local dhclient[10762]: No working leases in persistent database - sleeping.
Jul  3 02:57:01 fw.rodolfoarce.local dhclient[18112]: FAIL
Jul  3 06:57:16 fw.rodolfoarce.local dhclient[10762]: DHCPDISCOVER on vtnet0 to 255.255.255.255 port 67 interval 2
Jul  3 06:57:18 fw.rodolfoarce.local dhclient[10762]: DHCPDISCOVER on vtnet0 to 255.255.255.255 port 67 interval 4
Jul  3 06:57:23 fw.rodolfoarce.local dhclient[10762]: DHCPDISCOVER on vtnet0 to 255.255.255.255 port 67 interval 9
Jul  3 06:57:32 fw.rodolfoarce.local dhclient[10762]: DHCPDISCOVER on vtnet0 to 255.255.255.255 port 67 interval 18
Jul  3 06:57:41 fw.rodolfoarce.local dhcp6c[28115]: Sending Solicit
Jul  3 06:57:50 fw.rodolfoarce.local dhclient[10762]: DHCPDISCOVER on vtnet0 to 255.255.255.255 port 67 interval 8
Jul  3 06:57:58 fw.rodolfoarce.local dhclient[10762]: DHCPDISCOVER on vtnet0 to 255.255.255.255 port 67 interval 15
Jul  3 06:58:00 fw.rodolfoarce.local /usr/sbin/cron[37076]: (root) CMD (/usr/sbin/newsyslog)
Jul  3 06:58:13 fw.rodolfoarce.local dhclient[10762]: DHCPDISCOVER on vtnet0 to 255.255.255.255 port 67 interval 4
Jul  3 06:58:17 fw.rodolfoarce.local dhclient[10762]: No DHCPOFFERS received.
Jul  3 06:58:17 fw.rodolfoarce.local dhclient[10762]: No working leases in persistent database - sleeping.
Jul  3 02:58:17 fw.rodolfoarce.local dhclient[38151]: FAIL
Jul  3 06:58:32 fw.rodolfoarce.local dhclient[10762]: DHCPDISCOVER on vtnet0 to 255.255.255.255 port 67 interval 1
Jul  3 06:58:34 fw.rodolfoarce.local dhclient[10762]: message repeated 2 times: [ DHCPDISCOVER on vtnet0 to 255.255.255.255 port 67 interval 1]
Jul  3 06:58:35 fw.rodolfoarce.local dhclient[10762]: DHCPDISCOVER on vtnet0 to 255.255.255.255 port 67 interval 2
Jul  3 06:58:37 fw.rodolfoarce.local dhclient[10762]: DHCPDISCOVER on vtnet0 to 255.255.255.255 port 67 interval 5
Jul  3 06:58:42 fw.rodolfoarce.local dhclient[10762]: DHCPDISCOVER on vtnet0 to 255.255.255.255 port 67 interval 10
Jul  3 06:58:52 fw.rodolfoarce.local dhclient[10762]: DHCPDISCOVER on vtnet0 to 255.255.255.255 port 67 interval 9
Jul  3 06:59:00 fw.rodolfoarce.local /usr/sbin/cron[55703]: (root) CMD (/usr/sbin/newsyslog)
Jul  3 06:59:01 fw.rodolfoarce.local dhclient[10762]: DHCPDISCOVER on vtnet0 to 255.255.255.255 port 67 interval 18
Jul  3 06:59:03 fw.rodolfoarce.local filterlog[32783]: 4,,,1000000103,vtnet0,match,block,in,4,0x0,,240,54321,0,none,17,udp,71,95.214.53.134,10.255.255.1,12359,53,51
Jul  3 06:59:19 fw.rodolfoarce.local dhclient[10762]: DHCPDISCOVER on vtnet0 to 255.255.255.255 port 67 interval 14
Jul  3 06:59:29 fw.rodolfoarce.local dhcp6c[28115]: Sending Solicit
Jul  3 06:59:34 fw.rodolfoarce.local dhclient[10762]: No DHCPOFFERS received.
Jul  3 06:59:34 fw.rodolfoarce.local dhclient[10762]: No working leases in persistent database - sleeping.
Jul  3 02:59:34 fw.rodolfoarce.local dhclient[75448]: FAIL
Jul  3 06:59:49 fw.rodolfoarce.local dhclient[10762]: DHCPDISCOVER on vtnet0 to 255.255.255.255 port 67 interval 2
Jul  3 06:59:51 fw.rodolfoarce.local dhclient[10762]: DHCPDISCOVER on vtnet0 to 255.255.255.255 port 67 interval 2
Jul  3 06:59:53 fw.rodolfoarce.local dhclient[10762]: DHCPDISCOVER on vtnet0 to 255.255.255.255 port 67 interval 5
Jul  3 06:59:58 fw.rodolfoarce.local dhclient[10762]: DHCPDISCOVER on vtnet0 to 255.255.255.255 port 67 interval 12
Jul  3 07:00:00 fw.rodolfoarce.local /usr/sbin/cron[76458]: (root) CMD (/usr/sbin/newsyslog)
Jul  3 07:00:00 fw.rodolfoarce.local /usr/sbin/cron[76320]: (root) CMD (/usr/bin/nice -n20 /usr/local/sbin/expiretable -v -t 3600 virusprot)
Jul  3 07:00:00 fw.rodolfoarce.local /usr/sbin/cron[76603]: (root) CMD (/usr/libexec/atrun)
Jul  3 07:00:10 fw.rodolfoarce.local dhclient[10762]: DHCPDISCOVER on vtnet0 to 255.255.255.255 port 67 interval 21
Jul  3 07:00:31 fw.rodolfoarce.local dhclient[10762]: DHCPDISCOVER on vtnet0 to 255.255.255.255 port 67 interval 19
Jul  3 07:00:50 fw.rodolfoarce.local dhclient[10762]: No DHCPOFFERS received.
Jul  3 07:00:50 fw.rodolfoarce.local dhclient[10762]: No working leases in persistent database - sleeping.
Jul  3 03:00:50 fw.rodolfoarce.local dhclient[95971]: FAIL
Jul  3 07:01:00 fw.rodolfoarce.local /usr/sbin/cron[96137]: (root) CMD (/usr/sbin/newsyslog)
Jul  3 07:01:05 fw.rodolfoarce.local dhclient[10762]: DHCPDISCOVER on vtnet0 to 255.255.255.255 port 67 interval 2
Jul  3 07:01:07 fw.rodolfoarce.local dhclient[10762]: DHCPDISCOVER on vtnet0 to 255.255.255.255 port 67 interval 5
Jul  3 07:01:12 fw.rodolfoarce.local dhclient[10762]: DHCPDISCOVER on vtnet0 to 255.255.255.255 port 67 interval 12
Jul  3 07:01:25 fw.rodolfoarce.local dhclient[10762]: DHCPDISCOVER on vtnet0 to 255.255.255.255 port 67 interval 13
Jul  3 07:01:37 fw.rodolfoarce.local dhcp6c[28115]: Sending Solicit
Jul  3 07:01:38 fw.rodolfoarce.local dhclient[10762]: DHCPDISCOVER on vtnet0 to 255.255.255.255 port 67 interval 18
Jul  3 07:01:56 fw.rodolfoarce.local dhclient[10762]: DHCPDISCOVER on vtnet0 to 255.255.255.255 port 67 interval 10
Jul  3 07:02:00 fw.rodolfoarce.local /usr/sbin/cron[14398]: (root) CMD (/usr/sbin/newsyslog)
Jul  3 07:02:06 fw.rodolfoarce.local dhclient[10762]: No DHCPOFFERS received.
Jul  3 07:02:06 fw.rodolfoarce.local dhclient[10762]: No working leases in persistent database - sleeping.
Jul  3 03:02:06 fw.rodolfoarce.local dhclient[15118]: FAIL
Jul  3 07:02:21 fw.rodolfoarce.local dhclient[10762]: DHCPDISCOVER on vtnet0 to 255.255.255.255 port 67 interval 2
Jul  3 07:02:23 fw.rodolfoarce.local dhclient[10762]: DHCPDISCOVER on vtnet0 to 255.255.255.255 port 67 interval 2
Jul  3 07:02:25 fw.rodolfoarce.local dhclient[10762]: DHCPDISCOVER on vtnet0 to 255.255.255.255 port 67 interval 5
Jul  3 07:02:28 fw.rodolfoarce.local filterlog[32783]: 4,,,1000000103,vtnet0,match,block,in,4,0x0,,114,56566,0,none,17,udp,64,54.153.87.61,10.255.255.1,59286,53,44
Jul  3 07:02:30 fw.rodolfoarce.local dhclient[10762]: DHCPDISCOVER on vtnet0 to 255.255.255.255 port 67 interval 13
Jul  3 07:02:43 fw.rodolfoarce.local dhclient[10762]: DHCPDISCOVER on vtnet0 to 255.255.255.255 port 67 interval 8
Jul  3 07:02:51 fw.rodolfoarce.local dhclient[10762]: DHCPDISCOVER on vtnet0 to 255.255.255.255 port 67 interval 13
Jul  3 07:03:00 fw.rodolfoarce.local /usr/sbin/cron[32649]: (root) CMD (/usr/sbin/newsyslog)
Jul  3 07:03:04 fw.rodolfoarce.local dhclient[10762]: DHCPDISCOVER on vtnet0 to 255.255.255.255 port 67 interval 16
Jul  3 07:03:05 fw.rodolfoarce.local filterlog[32783]: 4,,,1000000103,vtnet0,match,block,in,4,0x0,,102,62675,0,none,17,udp,82,173.194.169.17,10.255.255.1,33666,53,62
Jul  3 07:03:06 fw.rodolfoarce.local filterlog[32783]: 4,,,1000000103,vtnet0,match,block,in,4,0x0,,99,51783,0,none,17,udp,71,173.194.169.119,10.255.255.1,39183,53,51
Jul  3 07:03:12 fw.rodolfoarce.local filterlog[32783]: 4,,,1000000103,vtnet0,match,block,in,4,0x0,,102,11878,0,none,17,udp,82,173.194.169.30,10.255.255.1,45780,53,62
Jul  3 07:03:13 fw.rodolfoarce.local filterlog[32783]: 4,,,1000000103,vtnet0,match,block,in,4,0x0,,102,10778,0,none,17,udp,71,173.194.169.86,10.255.255.1,37649,53,51
Jul  3 07:03:14 fw.rodolfoarce.local filterlog[32783]: 4,,,1000000103,vtnet0,match,block,in,4,0x0,,99,8494,0,none,17,udp,82,74.125.181.213,10.255.255.1,56094,53,62
Jul  3 07:03:15 fw.rodolfoarce.local filterlog[32783]: 4,,,1000000103,vtnet0,match,block,in,4,0x0,,99,39009,0,none,17,udp,71,74.125.181.221,10.255.255.1,41345,53,51
Jul  3 07:03:19 fw.rodolfoarce.local filterlog[32783]: 4,,,1000000103,vtnet0,match,block,in,4,0x0,,99,42405,0,none,17,udp,71,173.194.170.123,10.255.255.1,61640,53,51
Jul  3 07:03:20 fw.rodolfoarce.local dhclient[10762]: DHCPDISCOVER on vtnet0 to 255.255.255.255 port 67 interval 2
Jul  3 07:03:21 fw.rodolfoarce.local filterlog[32783]: 4,,,1000000103,vtnet0,match,block,in,4,0x0,,99,29171,0,none,17,udp,71,173.194.169.85,10.255.255.1,62676,53,51
Jul  3 07:03:23 fw.rodolfoarce.local dhclient[10762]: No DHCPOFFERS received.
Jul  3 07:03:23 fw.rodolfoarce.local dhclient[10762]: No working leases in persistent database - sleeping.
Jul  3 03:03:23 fw.rodolfoarce.local dhclient[33985]: FAIL
Jul  3 07:03:25 fw.rodolfoarce.local dhcp6c[28115]: Sending Solicit
Jul  3 07:03:38 fw.rodolfoarce.local dhclient[10762]: DHCPDISCOVER on vtnet0 to 255.255.255.255 port 67 interval 1
Jul  3 07:03:39 fw.rodolfoarce.local dhclient[10762]: DHCPDISCOVER on vtnet0 to 255.255.255.255 port 67 interval 2
Jul  3 07:03:41 fw.rodolfoarce.local dhclient[10762]: DHCPDISCOVER on vtnet0 to 255.255.255.255 port 67 interval 3
Jul  3 07:03:44 fw.rodolfoarce.local dhclient[10762]: DHCPDISCOVER on vtnet0 to 255.255.255.255 port 67 interval 6
Jul  3 07:03:50 fw.rodolfoarce.local dhclient[10762]: DHCPDISCOVER on vtnet0 to 255.255.255.255 port 67 interval 15
Jul  3 07:04:00 fw.rodolfoarce.local /usr/sbin/cron[52063]: (root) CMD (/usr/sbin/newsyslog)
Jul  3 07:04:05 fw.rodolfoarce.local dhclient[10762]: DHCPDISCOVER on vtnet0 to 255.255.255.255 port 67 interval 16
Jul  3 07:04:21 fw.rodolfoarce.local dhclient[10762]: DHCPDISCOVER on vtnet0 to 255.255.255.255 port 67 interval 12
Jul  3 07:04:33 fw.rodolfoarce.local dhclient[10762]: DHCPDISCOVER on vtnet0 to 255.255.255.255 port 67 interval 6
Jul  3 07:04:39 fw.rodolfoarce.local dhclient[10762]: No DHCPOFFERS received.
Jul  3 07:04:39 fw.rodolfoarce.local dhclient[10762]: No working leases in persistent database - sleeping.
Jul  3 03:04:39 fw.rodolfoarce.local dhclient[64330]: FAIL
Jul  3 07:04:54 fw.rodolfoarce.local dhclient[10762]: DHCPDISCOVER on vtnet0 to 255.255.255.255 port 67 interval 2
Jul  3 07:04:56 fw.rodolfoarce.local dhclient[10762]: DHCPDISCOVER on vtnet0 to 255.255.255.255 port 67 interval 5
Jul  3 07:05:00 fw.rodolfoarce.local /usr/sbin/cron[71147]: (root) CMD (/usr/sbin/newsyslog)
Jul  3 07:05:00 fw.rodolfoarce.local /usr/sbin/cron[71172]: (root) CMD (/usr/libexec/atrun)
Jul  3 07:05:02 fw.rodolfoarce.local dhclient[10762]: DHCPDISCOVER on vtnet0 to 255.255.255.255 port 67 interval 9
Jul  3 07:05:11 fw.rodolfoarce.local dhclient[10762]: DHCPDISCOVER on vtnet0 to 255.255.255.255 port 67 interval 16
Jul  3 07:05:27 fw.rodolfoarce.local dhclient[10762]: DHCPDISCOVER on vtnet0 to 255.255.255.255 port 67 interval 12
Jul  3 07:05:27 fw.rodolfoarce.local dhcp6c[28115]: Sending Solicit
Jul  3 07:05:39 fw.rodolfoarce.local dhclient[10762]: DHCPDISCOVER on vtnet0 to 255.255.255.255 port 67 interval 16
Jul  3 07:05:55 fw.rodolfoarce.local dhclient[10762]: No DHCPOFFERS received.
Jul  3 07:05:55 fw.rodolfoarce.local dhclient[10762]: No working leases in persistent database - sleeping.
Jul  3 03:05:55 fw.rodolfoarce.local dhclient[88657]: FAIL
Jul  3 07:06:00 fw.rodolfoarce.local /usr/sbin/cron[88826]: (root) CMD (/usr/sbin/newsyslog)
Jul  3 07:06:10 fw.rodolfoarce.local dhclient[10762]: DHCPDISCOVER on vtnet0 to 255.255.255.255 port 67 interval 2
Jul  3 07:06:12 fw.rodolfoarce.local dhclient[10762]: DHCPDISCOVER on vtnet0 to 255.255.255.255 port 67 interval 4
Jul  3 07:06:16 fw.rodolfoarce.local dhclient[10762]: DHCPDISCOVER on vtnet0 to 255.255.255.255 port 67 interval 6
Jul  3 07:06:22 fw.rodolfoarce.local dhclient[10762]: DHCPDISCOVER on vtnet0 to 255.255.255.255 port 67 interval 15
Jul  3 07:06:37 fw.rodolfoarce.local dhclient[10762]: DHCPDISCOVER on vtnet0 to 255.255.255.255 port 67 interval 19
Jul  3 07:06:56 fw.rodolfoarce.local dhclient[10762]: DHCPDISCOVER on vtnet0 to 255.255.255.255 port 67 interval 12
Jul  3 07:07:00 fw.rodolfoarce.local /usr/sbin/cron[6591]: (root) CMD (/usr/sbin/newsyslog)
Jul  3 07:07:08 fw.rodolfoarce.local dhclient[10762]: DHCPDISCOVER on vtnet0 to 255.255.255.255 port 67 interval 3
Jul  3 07:07:11 fw.rodolfoarce.local dhclient[10762]: No DHCPOFFERS received.
Jul  3 07:07:11 fw.rodolfoarce.local dhclient[10762]: No working leases in persistent database - sleeping.
Jul  3 03:07:11 fw.rodolfoarce.local dhclient[7533]: FAIL
Jul  3 07:07:20 fw.rodolfoarce.local dhcp6c[28115]: Sending Solicit
Jul  3 07:07:26 fw.rodolfoarce.local dhclient[10762]: DHCPDISCOVER on vtnet0 to 255.255.255.255 port 67 interval 2
Jul  3 07:07:28 fw.rodolfoarce.local dhclient[10762]: DHCPDISCOVER on vtnet0 to 255.255.255.255 port 67 interval 5
Jul  3 07:07:33 fw.rodolfoarce.local dhclient[10762]: DHCPDISCOVER on vtnet0 to 255.255.255.255 port 67 interval 5
Jul  3 07:07:38 fw.rodolfoarce.local dhclient[10762]: DHCPDISCOVER on vtnet0 to 255.255.255.255 port 67 interval 8
Jul  3 07:07:46 fw.rodolfoarce.local dhclient[10762]: DHCPDISCOVER on vtnet0 to 255.255.255.255 port 67 interval 12
Jul  3 07:07:58 fw.rodolfoarce.local dhclient[10762]: DHCPDISCOVER on vtnet0 to 255.255.255.255 port 67 interval 14
Jul  3 07:08:00 fw.rodolfoarce.local /usr/sbin/cron[26264]: (root) CMD (/usr/sbin/newsyslog)
Jul  3 07:08:12 fw.rodolfoarce.local dhclient[10762]: DHCPDISCOVER on vtnet0 to 255.255.255.255 port 67 interval 15
Jul  3 07:08:27 fw.rodolfoarce.local dhclient[10762]: No DHCPOFFERS received.
Jul  3 07:08:27 fw.rodolfoarce.local dhclient[10762]: No working leases in persistent database - sleeping.
Jul  3 03:08:28 fw.rodolfoarce.local dhclient[27826]: FAIL
Jul  3 07:08:43 fw.rodolfoarce.local dhclient[10762]: DHCPDISCOVER on vtnet0 to 255.255.255.255 port 67 interval 1
Jul  3 07:08:44 fw.rodolfoarce.local dhclient[10762]: DHCPDISCOVER on vtnet0 to 255.255.255.255 port 67 interval 2
Jul  3 07:08:46 fw.rodolfoarce.local dhclient[10762]: DHCPDISCOVER on vtnet0 to 255.255.255.255 port 67 interval 3
Jul  3 07:08:52 fw.rodolfoarce.local dhclient[10762]: message repeated 2 times: [ DHCPDISCOVER on vtnet0 to 255.255.255.255 port 67 interval 3]
Jul  3 07:08:55 fw.rodolfoarce.local dhclient[10762]: DHCPDISCOVER on vtnet0 to 255.255.255.255 port 67 interval 7
Jul  3 07:09:00 fw.rodolfoarce.local /usr/sbin/cron[45974]: (root) CMD (/usr/sbin/newsyslog)
Jul  3 07:09:02 fw.rodolfoarce.local dhclient[10762]: DHCPDISCOVER on vtnet0 to 255.255.255.255 port 67 interval 15
Jul  3 07:09:14 fw.rodolfoarce.local dhcp6c[28115]: Sending Solicit
Jul  3 07:09:17 fw.rodolfoarce.local dhclient[10762]: DHCPDISCOVER on vtnet0 to 255.255.255.255 port 67 interval 15
Jul  3 07:09:32 fw.rodolfoarce.local dhclient[10762]: DHCPDISCOVER on vtnet0 to 255.255.255.255 port 67 interval 12
Jul  3 07:09:44 fw.rodolfoarce.local dhclient[10762]: No DHCPOFFERS received.
Jul  3 07:09:44 fw.rodolfoarce.local dhclient[10762]: No working leases in persistent database - sleeping.
Jul  3 03:09:44 fw.rodolfoarce.local dhclient[47228]: FAIL
Jul  3 07:09:59 fw.rodolfoarce.local dhclient[10762]: DHCPDISCOVER on vtnet0 to 255.255.255.255 port 67 interval 2
Jul  3 07:10:00 fw.rodolfoarce.local /usr/sbin/cron[65023]: (root) CMD (/usr/sbin/newsyslog)
Jul  3 07:10:00 fw.rodolfoarce.local /usr/sbin/cron[65363]: (root) CMD (/usr/libexec/atrun)
Jul  3 07:10:01 fw.rodolfoarce.local dhclient[10762]: DHCPDISCOVER on vtnet0 to 255.255.255.255 port 67 interval 4
Jul  3 07:10:05 fw.rodolfoarce.local dhclient[10762]: DHCPDISCOVER on vtnet0 to 255.255.255.255 port 67 interval 8
Jul  3 07:10:13 fw.rodolfoarce.local dhclient[10762]: DHCPDISCOVER on vtnet0 to 255.255.255.255 port 67 interval 15
Jul  3 07:10:29 fw.rodolfoarce.local dhclient[10762]: DHCPDISCOVER on vtnet0 to 255.255.255.255 port 67 interval 12
Jul  3 07:10:41 fw.rodolfoarce.local dhclient[10762]: DHCPDISCOVER on vtnet0 to 255.255.255.255 port 67 interval 19
Jul  3 07:11:00 fw.rodolfoarce.local /usr/sbin/cron[82499]: (root) CMD (/usr/sbin/newsyslog)
Jul  3 07:11:00 fw.rodolfoarce.local dhclient[10762]: No DHCPOFFERS received.
Jul  3 07:11:00 fw.rodolfoarce.local dhclient[10762]: No working leases in persistent database - sleeping.
Jul  3 03:11:00 fw.rodolfoarce.local dhclient[82947]: FAIL
Jul  3 07:11:12 fw.rodolfoarce.local dhcp6c[28115]: Sending Solicit
Jul  3 07:11:15 fw.rodolfoarce.local dhclient[10762]: DHCPDISCOVER on vtnet0 to 255.255.255.255 port 67 interval 2
Jul  3 07:11:17 fw.rodolfoarce.local dhclient[10762]: DHCPDISCOVER on vtnet0 to 255.255.255.255 port 67 interval 5
Jul  3 07:11:22 fw.rodolfoarce.local dhclient[10762]: DHCPDISCOVER on vtnet0 to 255.255.255.255 port 67 interval 8
Jul  3 07:11:30 fw.rodolfoarce.local dhclient[10762]: DHCPDISCOVER on vtnet0 to 255.255.255.255 port 67 interval 13
Jul  3 07:11:43 fw.rodolfoarce.local dhclient[10762]: DHCPDISCOVER on vtnet0 to 255.255.255.255 port 67 interval 17
Jul  3 07:12:00 fw.rodolfoarce.local /usr/sbin/cron[1398]: (root) CMD (/usr/sbin/newsyslog)
Jul  3 07:12:00 fw.rodolfoarce.local dhclient[10762]: DHCPDISCOVER on vtnet0 to 255.255.255.255 port 67 interval 7
Jul  3 07:12:07 fw.rodolfoarce.local dhclient[10762]: DHCPDISCOVER on vtnet0 to 255.255.255.255 port 67 interval 9
Jul  3 07:12:16 fw.rodolfoarce.local dhclient[10762]: No DHCPOFFERS received.
Jul  3 07:12:16 fw.rodolfoarce.local dhclient[10762]: No working leases in persistent database - sleeping.
Jul  3 03:12:16 fw.rodolfoarce.local dhclient[1973]: FAIL
Jul  3 07:12:31 fw.rodolfoarce.local dhclient[10762]: DHCPDISCOVER on vtnet0 to 255.255.255.255 port 67 interval 1
Jul  3 07:12:32 fw.rodolfoarce.local dhclient[10762]: DHCPDISCOVER on vtnet0 to 255.255.255.255 port 67 interval 2
Jul  3 07:12:35 fw.rodolfoarce.local dhclient[10762]: DHCPDISCOVER on vtnet0 to 255.255.255.255 port 67 interval 2
Jul  3 07:12:37 fw.rodolfoarce.local dhclient[10762]: DHCPDISCOVER on vtnet0 to 255.255.255.255 port 67 interval 3
Jul  3 07:12:40 fw.rodolfoarce.local dhclient[10762]: DHCPDISCOVER on vtnet0 to 255.255.255.255 port 67 interval 6
Jul  3 07:12:46 fw.rodolfoarce.local dhclient[10762]: DHCPDISCOVER on vtnet0 to 255.255.255.255 port 67 interval 9
Jul  3 07:12:55 fw.rodolfoarce.local dhclient[10762]: DHCPDISCOVER on vtnet0 to 255.255.255.255 port 67 interval 11
Jul  3 07:13:00 fw.rodolfoarce.local /usr/sbin/cron[19100]: (root) CMD (/usr/sbin/newsyslog)
Jul  3 07:13:06 fw.rodolfoarce.local dhclient[10762]: DHCPDISCOVER on vtnet0 to 255.255.255.255 port 67 interval 14
Jul  3 07:13:14 fw.rodolfoarce.local dhcp6c[28115]: Sending Solicit
Jul  3 07:13:20 fw.rodolfoarce.local dhclient[10762]: DHCPDISCOVER on vtnet0 to 255.255.255.255 port 67 interval 7
Jul  3 07:13:27 fw.rodolfoarce.local dhclient[10762]: DHCPDISCOVER on vtnet0 to 255.255.255.255 port 67 interval 5
Jul  3 07:13:32 fw.rodolfoarce.local dhclient[10762]: No DHCPOFFERS received.
Jul  3 07:13:32 fw.rodolfoarce.local dhclient[10762]: No working leases in persistent database - sleeping.
Jul  3 03:13:32 fw.rodolfoarce.local dhclient[20769]: FAIL
Jul  3 07:13:47 fw.rodolfoarce.local dhclient[10762]: DHCPDISCOVER on vtnet0 to 255.255.255.255 port 67 interval 1
Jul  3 07:13:48 fw.rodolfoarce.local dhclient[10762]: DHCPDISCOVER on vtnet0 to 255.255.255.255 port 67 interval 2
Jul  3 07:13:50 fw.rodolfoarce.local dhclient[10762]: DHCPDISCOVER on vtnet0 to 255.255.255.255 port 67 interval 2
Jul  3 07:13:52 fw.rodolfoarce.local dhclient[10762]: DHCPDISCOVER on vtnet0 to 255.255.255.255 port 67 interval 3
Jul  3 07:13:55 fw.rodolfoarce.local dhclient[10762]: DHCPDISCOVER on vtnet0 to 255.255.255.255 port 67 interval 6
Jul  3 07:14:00 fw.rodolfoarce.local /usr/sbin/cron[36743]: (root) CMD (/usr/sbin/newsyslog)
Jul  3 07:14:01 fw.rodolfoarce.local dhclient[10762]: DHCPDISCOVER on vtnet0 to 255.255.255.255 port 67 interval 11
Jul  3 07:14:04 fw.rodolfoarce.local filterlog[32783]: 4,,,1000000103,vtnet0,match,block,in,4,0x0,,114,39066,0,none,17,udp,60,54.241.77.61,10.255.255.1,61639,53,40
Jul  3 07:14:12 fw.rodolfoarce.local dhclient[10762]: DHCPDISCOVER on vtnet0 to 255.255.255.255 port 67 interval 15
Jul  3 07:14:27 fw.rodolfoarce.local dhclient[10762]: DHCPDISCOVER on vtnet0 to 255.255.255.255 port 67 interval 18
Jul  3 07:14:45 fw.rodolfoarce.local dhclient[10762]: DHCPDISCOVER on vtnet0 to 255.255.255.255 port 67 interval 3
Jul  3 07:14:49 fw.rodolfoarce.local dhclient[10762]: No DHCPOFFERS received.
Jul  3 07:14:49 fw.rodolfoarce.local dhclient[10762]: No working leases in persistent database - sleeping.
Jul  3 03:14:49 fw.rodolfoarce.local dhclient[37951]: FAIL
Jul  3 07:15:00 fw.rodolfoarce.local /usr/sbin/cron[57184]: (root) CMD (/usr/libexec/atrun)
Jul  3 07:15:00 fw.rodolfoarce.local /usr/sbin/cron[56839]: (root) CMD (/usr/sbin/newsyslog)
Jul  3 07:15:02 fw.rodolfoarce.local dhcp6c[28115]: Sending Solicit
Jul  3 07:15:02 fw.rodolfoarce.local filterlog[32783]: 4,,,1000000103,vtnet0,match,block,in,4,0x0,,114,20852,0,none,17,udp,64,13.52.184.244,10.255.255.1,52232,53,44
Jul  3 07:15:04 fw.rodolfoarce.local dhclient[10762]: DHCPDISCOVER on vtnet0 to 255.255.255.255 port 67 interval 1
Jul  3 07:15:05 fw.rodolfoarce.local dhclient[10762]: DHCPDISCOVER on vtnet0 to 255.255.255.255 port 67 interval 2
Jul  3 07:15:07 fw.rodolfoarce.local dhclient[10762]: DHCPDISCOVER on vtnet0 to 255.255.255.255 port 67 interval 5
