Jun 30 14:52:11 fw.rodolfoarce.local dhclient[10762]: DHCPDISCOVER on vtnet0 to 255.255.255.255 port 67 interval 9
Jun 30 14:52:20 fw.rodolfoarce.local dhclient[10762]: DHCPDISCOVER on vtnet0 to 255.255.255.255 port 67 interval 14
Jun 30 14:52:35 fw.rodolfoarce.local dhclient[10762]: DHCPDISCOVER on vtnet0 to 255.255.255.255 port 67 interval 13
Jun 30 14:52:48 fw.rodolfoarce.local dhclient[10762]: No DHCPOFFERS received.
Jun 30 14:52:48 fw.rodolfoarce.local dhclient[10762]: No working leases in persistent database - sleeping.
Jun 30 10:52:48 fw.rodolfoarce.local dhclient[72798]: FAIL
Jun 30 14:53:00 fw.rodolfoarce.local /usr/sbin/cron[73254]: (root) CMD (/usr/sbin/newsyslog)
Jun 30 14:53:03 fw.rodolfoarce.local dhclient[10762]: DHCPDISCOVER on vtnet0 to 255.255.255.255 port 67 interval 2
Jun 30 14:53:05 fw.rodolfoarce.local dhclient[10762]: DHCPDISCOVER on vtnet0 to 255.255.255.255 port 67 interval 4
Jun 30 14:53:09 fw.rodolfoarce.local dhclient[10762]: DHCPDISCOVER on vtnet0 to 255.255.255.255 port 67 interval 9
Jun 30 14:53:18 fw.rodolfoarce.local dhclient[10762]: DHCPDISCOVER on vtnet0 to 255.255.255.255 port 67 interval 8
Jun 30 14:53:23 fw.rodolfoarce.local dhcp6c[28115]: Sending Solicit
Jun 30 14:53:26 fw.rodolfoarce.local dhclient[10762]: DHCPDISCOVER on vtnet0 to 255.255.255.255 port 67 interval 9
Jun 30 14:53:35 fw.rodolfoarce.local dhclient[10762]: DHCPDISCOVER on vtnet0 to 255.255.255.255 port 67 interval 8
Jun 30 14:53:43 fw.rodolfoarce.local dhclient[10762]: DHCPDISCOVER on vtnet0 to 255.255.255.255 port 67 interval 15
Jun 30 14:53:58 fw.rodolfoarce.local dhclient[10762]: DHCPDISCOVER on vtnet0 to 255.255.255.255 port 67 interval 6
Jun 30 14:54:00 fw.rodolfoarce.local /usr/sbin/cron[91714]: (root) CMD (/usr/sbin/newsyslog)
Jun 30 14:54:04 fw.rodolfoarce.local dhclient[10762]: No DHCPOFFERS received.
Jun 30 14:54:04 fw.rodolfoarce.local dhclient[10762]: No working leases in persistent database - sleeping.
Jun 30 10:54:04 fw.rodolfoarce.local dhclient[92442]: FAIL
Jun 30 14:54:20 fw.rodolfoarce.local dhclient[10762]: DHCPDISCOVER on vtnet0 to 255.255.255.255 port 67 interval 1
Jun 30 14:54:21 fw.rodolfoarce.local dhclient[10762]: DHCPDISCOVER on vtnet0 to 255.255.255.255 port 67 interval 2
Jun 30 14:54:23 fw.rodolfoarce.local dhclient[10762]: DHCPDISCOVER on vtnet0 to 255.255.255.255 port 67 interval 5
Jun 30 14:54:28 fw.rodolfoarce.local dhclient[10762]: DHCPDISCOVER on vtnet0 to 255.255.255.255 port 67 interval 11
Jun 30 14:54:39 fw.rodolfoarce.local dhclient[10762]: DHCPDISCOVER on vtnet0 to 255.255.255.255 port 67 interval 14
Jun 30 14:54:53 fw.rodolfoarce.local dhclient[10762]: DHCPDISCOVER on vtnet0 to 255.255.255.255 port 67 interval 8
Jun 30 14:55:00 fw.rodolfoarce.local /usr/sbin/cron[11254]: (root) CMD (/usr/libexec/atrun)
Jun 30 14:55:01 fw.rodolfoarce.local dhclient[10762]: DHCPDISCOVER on vtnet0 to 255.255.255.255 port 67 interval 7
Jun 30 14:55:08 fw.rodolfoarce.local dhclient[10762]: DHCPDISCOVER on vtnet0 to 255.255.255.255 port 67 interval 13
Jun 30 14:55:17 fw.rodolfoarce.local filterlog[32783]: 4,,,1000000103,vtnet0,match,block,in,4,0x0,,241,54321,0,none,6,tcp,40,64.62.197.194,10.255.255.1,52820,22,0,S,2786784333,,65535,,
Jun 30 14:55:21 fw.rodolfoarce.local dhclient[10762]: No DHCPOFFERS received.
Jun 30 14:55:21 fw.rodolfoarce.local dhclient[10762]: No working leases in persistent database - sleeping.
Jun 30 10:55:21 fw.rodolfoarce.local dhclient[29994]: FAIL
Jun 30 14:55:31 fw.rodolfoarce.local dhcp6c[28115]: Sending Solicit
Jun 30 14:55:36 fw.rodolfoarce.local dhclient[10762]: DHCPDISCOVER on vtnet0 to 255.255.255.255 port 67 interval 1
Jun 30 14:55:40 fw.rodolfoarce.local dhclient[10762]: message repeated 4 times: [ DHCPDISCOVER on vtnet0 to 255.255.255.255 port 67 interval 1]
Jun 30 14:55:42 fw.rodolfoarce.local dhclient[10762]: DHCPDISCOVER on vtnet0 to 255.255.255.255 port 67 interval 2
Jun 30 14:55:44 fw.rodolfoarce.local dhclient[10762]: DHCPDISCOVER on vtnet0 to 255.255.255.255 port 67 interval 4
Jun 30 14:55:48 fw.rodolfoarce.local dhclient[10762]: DHCPDISCOVER on vtnet0 to 255.255.255.255 port 67 interval 6
Jun 30 14:55:54 fw.rodolfoarce.local dhclient[10762]: DHCPDISCOVER on vtnet0 to 255.255.255.255 port 67 interval 14
Jun 30 14:56:00 fw.rodolfoarce.local /usr/sbin/cron[30838]: (root) CMD (/usr/sbin/newsyslog)
Jun 30 14:56:08 fw.rodolfoarce.local dhclient[10762]: DHCPDISCOVER on vtnet0 to 255.255.255.255 port 67 interval 14
Jun 30 14:56:22 fw.rodolfoarce.local dhclient[10762]: DHCPDISCOVER on vtnet0 to 255.255.255.255 port 67 interval 10
Jun 30 14:56:32 fw.rodolfoarce.local dhclient[10762]: DHCPDISCOVER on vtnet0 to 255.255.255.255 port 67 interval 5
Jun 30 14:56:37 fw.rodolfoarce.local dhclient[10762]: No DHCPOFFERS received.
Jun 30 14:56:37 fw.rodolfoarce.local dhclient[10762]: No working leases in persistent database - sleeping.
Jun 30 10:56:37 fw.rodolfoarce.local dhclient[49987]: FAIL
Jun 30 14:56:52 fw.rodolfoarce.local dhclient[10762]: DHCPDISCOVER on vtnet0 to 255.255.255.255 port 67 interval 1
Jun 30 14:56:55 fw.rodolfoarce.local dhclient[10762]: message repeated 3 times: [ DHCPDISCOVER on vtnet0 to 255.255.255.255 port 67 interval 1]
Jun 30 14:56:56 fw.rodolfoarce.local dhclient[10762]: DHCPDISCOVER on vtnet0 to 255.255.255.255 port 67 interval 2
Jun 30 14:56:58 fw.rodolfoarce.local dhclient[10762]: DHCPDISCOVER on vtnet0 to 255.255.255.255 port 67 interval 3
Jun 30 14:57:00 fw.rodolfoarce.local /usr/sbin/cron[50295]: (root) CMD (/usr/sbin/newsyslog)
Jun 30 14:57:01 fw.rodolfoarce.local dhclient[10762]: DHCPDISCOVER on vtnet0 to 255.255.255.255 port 67 interval 7
Jun 30 14:57:08 fw.rodolfoarce.local dhclient[10762]: DHCPDISCOVER on vtnet0 to 255.255.255.255 port 67 interval 11
Jun 30 14:57:20 fw.rodolfoarce.local dhclient[10762]: DHCPDISCOVER on vtnet0 to 255.255.255.255 port 67 interval 14
Jun 30 14:57:34 fw.rodolfoarce.local dhclient[10762]: DHCPDISCOVER on vtnet0 to 255.255.255.255 port 67 interval 11
Jun 30 14:57:43 fw.rodolfoarce.local dhcp6c[28115]: Sending Solicit
Jun 30 14:57:45 fw.rodolfoarce.local dhclient[10762]: DHCPDISCOVER on vtnet0 to 255.255.255.255 port 67 interval 8
Jun 30 14:57:53 fw.rodolfoarce.local dhclient[10762]: No DHCPOFFERS received.
Jun 30 14:57:53 fw.rodolfoarce.local dhclient[10762]: No working leases in persistent database - sleeping.
Jun 30 10:57:53 fw.rodolfoarce.local dhclient[69142]: FAIL
Jun 30 14:58:00 fw.rodolfoarce.local /usr/sbin/cron[69542]: (root) CMD (/usr/sbin/newsyslog)
Jun 30 14:58:08 fw.rodolfoarce.local dhclient[10762]: DHCPDISCOVER on vtnet0 to 255.255.255.255 port 67 interval 2
Jun 30 14:58:10 fw.rodolfoarce.local dhclient[10762]: DHCPDISCOVER on vtnet0 to 255.255.255.255 port 67 interval 3
Jun 30 14:58:13 fw.rodolfoarce.local dhclient[10762]: DHCPDISCOVER on vtnet0 to 255.255.255.255 port 67 interval 8
Jun 30 14:58:21 fw.rodolfoarce.local dhclient[10762]: DHCPDISCOVER on vtnet0 to 255.255.255.255 port 67 interval 15
Jun 30 14:58:36 fw.rodolfoarce.local dhclient[10762]: DHCPDISCOVER on vtnet0 to 255.255.255.255 port 67 interval 10
Jun 30 14:58:46 fw.rodolfoarce.local dhclient[10762]: DHCPDISCOVER on vtnet0 to 255.255.255.255 port 67 interval 10
Jun 30 14:58:56 fw.rodolfoarce.local dhclient[10762]: DHCPDISCOVER on vtnet0 to 255.255.255.255 port 67 interval 13
Jun 30 14:59:00 fw.rodolfoarce.local /usr/sbin/cron[89237]: (root) CMD (/usr/sbin/newsyslog)
Jun 30 14:59:09 fw.rodolfoarce.local dhclient[10762]: No DHCPOFFERS received.
Jun 30 14:59:09 fw.rodolfoarce.local dhclient[10762]: No working leases in persistent database - sleeping.
Jun 30 10:59:09 fw.rodolfoarce.local dhclient[89783]: FAIL
Jun 30 14:59:25 fw.rodolfoarce.local dhclient[10762]: DHCPDISCOVER on vtnet0 to 255.255.255.255 port 67 interval 1
Jun 30 14:59:26 fw.rodolfoarce.local dhclient[10762]: DHCPDISCOVER on vtnet0 to 255.255.255.255 port 67 interval 2
Jun 30 14:59:28 fw.rodolfoarce.local dhclient[10762]: DHCPDISCOVER on vtnet0 to 255.255.255.255 port 67 interval 3
Jun 30 14:59:31 fw.rodolfoarce.local dhclient[10762]: DHCPDISCOVER on vtnet0 to 255.255.255.255 port 67 interval 6
Jun 30 14:59:37 fw.rodolfoarce.local dhclient[10762]: DHCPDISCOVER on vtnet0 to 255.255.255.255 port 67 interval 14
Jun 30 14:59:49 fw.rodolfoarce.local dhcp6c[28115]: Sending Solicit
Jun 30 14:59:51 fw.rodolfoarce.local dhclient[10762]: DHCPDISCOVER on vtnet0 to 255.255.255.255 port 67 interval 7
Jun 30 14:59:58 fw.rodolfoarce.local dhclient[10762]: DHCPDISCOVER on vtnet0 to 255.255.255.255 port 67 interval 17
Jun 30 15:00:00 fw.rodolfoarce.local /usr/sbin/cron[8455]: (root) CMD (/usr/bin/nice -n20 /usr/local/sbin/expiretable -v -t 3600 virusprot)
Jun 30 15:00:00 fw.rodolfoarce.local /usr/sbin/cron[8541]: (root) CMD (/usr/sbin/newsyslog)
Jun 30 15:00:00 fw.rodolfoarce.local /usr/sbin/cron[8679]: (root) CMD (/usr/libexec/atrun)
Jun 30 15:00:15 fw.rodolfoarce.local dhclient[10762]: DHCPDISCOVER on vtnet0 to 255.255.255.255 port 67 interval 11
Jun 30 15:00:26 fw.rodolfoarce.local dhclient[10762]: No DHCPOFFERS received.
Jun 30 15:00:26 fw.rodolfoarce.local dhclient[10762]: No working leases in persistent database - sleeping.
Jun 30 11:00:26 fw.rodolfoarce.local dhclient[20955]: FAIL
Jun 30 15:00:41 fw.rodolfoarce.local dhclient[10762]: DHCPDISCOVER on vtnet0 to 255.255.255.255 port 67 interval 2
Jun 30 15:00:43 fw.rodolfoarce.local dhclient[10762]: DHCPDISCOVER on vtnet0 to 255.255.255.255 port 67 interval 5
Jun 30 15:00:48 fw.rodolfoarce.local dhclient[10762]: DHCPDISCOVER on vtnet0 to 255.255.255.255 port 67 interval 14
Jun 30 15:01:00 fw.rodolfoarce.local /usr/sbin/cron[27768]: (root) CMD (/usr/sbin/newsyslog)
Jun 30 15:01:02 fw.rodolfoarce.local dhclient[10762]: DHCPDISCOVER on vtnet0 to 255.255.255.255 port 67 interval 19
Jun 30 15:01:09 fw.rodolfoarce.local filterlog[32783]: 4,,,1000000103,vtnet1,match,block,in,4,0x0,,63,59344,0,DF,6,tcp,76,10.1.1.4,104.21.40.220,34036,443,24,PA,4278645269:4278645293,41863731,501,,nop;nop;TS
Jun 30 15:01:09 fw.rodolfoarce.local filterlog[32783]: 4,,,1000000103,vtnet1,match,block,in,4,0x0,,63,59345,0,DF,6,tcp,52,10.1.1.4,104.21.40.220,34036,443,0,FA,4278645293,41863731,501,,nop;nop;TS
Jun 30 15:01:09 fw.rodolfoarce.local filterlog[32783]: 4,,,1000000103,vtnet1,match,block,in,4,0x0,,63,59346,0,DF,6,tcp,52,10.1.1.4,104.21.40.220,34036,443,0,FA,4278645293,41863731,501,,nop;nop;TS
Jun 30 15:01:09 fw.rodolfoarce.local filterlog[32783]: 4,,,1000000103,vtnet1,match,block,in,4,0x0,,63,59347,0,DF,6,tcp,76,10.1.1.4,104.21.40.220,34036,443,24,FPA,4278645269:4278645293,41863731,501,,nop;nop;TS
Jun 30 15:01:09 fw.rodolfoarce.local filterlog[32783]: 4,,,1000000103,vtnet1,match,block,in,4,0x0,,63,59348,0,DF,6,tcp,76,10.1.1.4,104.21.40.220,34036,443,24,FPA,4278645269:4278645293,41863731,501,,nop;nop;TS
Jun 30 15:01:10 fw.rodolfoarce.local filterlog[32783]: 4,,,1000000103,vtnet1,match,block,in,4,0x0,,63,59349,0,DF,6,tcp,76,10.1.1.4,104.21.40.220,34036,443,24,FPA,4278645269:4278645293,41863731,501,,nop;nop;TS
Jun 30 15:01:12 fw.rodolfoarce.local filterlog[32783]: 4,,,1000000103,vtnet1,match,block,in,4,0x0,,63,59350,0,DF,6,tcp,76,10.1.1.4,104.21.40.220,34036,443,24,FPA,4278645269:4278645293,41863731,501,,nop;nop;TS
Jun 30 15:01:15 fw.rodolfoarce.local filterlog[32783]: 4,,,1000000103,vtnet1,match,block,in,4,0x0,,63,59351,0,DF,6,tcp,76,10.1.1.4,104.21.40.220,34036,443,24,FPA,4278645269:4278645293,41863731,501,,nop;nop;TS
Jun 30 15:01:21 fw.rodolfoarce.local dhclient[10762]: DHCPDISCOVER on vtnet0 to 255.255.255.255 port 67 interval 20
Jun 30 15:01:22 fw.rodolfoarce.local filterlog[32783]: 4,,,1000000103,vtnet1,match,block,in,4,0x0,,63,59352,0,DF,6,tcp,76,10.1.1.4,104.21.40.220,34036,443,24,FPA,4278645269:4278645293,41863731,501,,nop;nop;TS
Jun 30 15:01:36 fw.rodolfoarce.local filterlog[32783]: 4,,,1000000103,vtnet1,match,block,in,4,0x0,,63,59353,0,DF,6,tcp,76,10.1.1.4,104.21.40.220,34036,443,24,FPA,4278645269:4278645293,41863731,501,,nop;nop;TS
Jun 30 15:01:41 fw.rodolfoarce.local dhcp6c[28115]: Sending Solicit
Jun 30 15:01:41 fw.rodolfoarce.local dhclient[10762]: DHCPDISCOVER on vtnet0 to 255.255.255.255 port 67 interval 1
Jun 30 15:01:42 fw.rodolfoarce.local dhclient[10762]: No DHCPOFFERS received.
Jun 30 15:01:42 fw.rodolfoarce.local dhclient[10762]: No working leases in persistent database - sleeping.
Jun 30 11:01:42 fw.rodolfoarce.local dhclient[46358]: FAIL
Jun 30 15:01:58 fw.rodolfoarce.local dhclient[10762]: DHCPDISCOVER on vtnet0 to 255.255.255.255 port 67 interval 2
Jun 30 15:02:00 fw.rodolfoarce.local /usr/sbin/cron[46760]: (root) CMD (/usr/sbin/newsyslog)
Jun 30 15:02:00 fw.rodolfoarce.local dhclient[10762]: DHCPDISCOVER on vtnet0 to 255.255.255.255 port 67 interval 5
Jun 30 15:02:04 fw.rodolfoarce.local filterlog[32783]: 4,,,1000000103,vtnet1,match,block,in,4,0x0,,63,59354,0,DF,6,tcp,76,10.1.1.4,104.21.40.220,34036,443,24,FPA,4278645269:4278645293,41863731,501,,nop;nop;TS
Jun 30 15:02:05 fw.rodolfoarce.local dhclient[10762]: DHCPDISCOVER on vtnet0 to 255.255.255.255 port 67 interval 11
Jun 30 15:02:16 fw.rodolfoarce.local dhclient[10762]: DHCPDISCOVER on vtnet0 to 255.255.255.255 port 67 interval 16
Jun 30 15:02:32 fw.rodolfoarce.local dhclient[10762]: DHCPDISCOVER on vtnet0 to 255.255.255.255 port 67 interval 16
Jun 30 15:02:48 fw.rodolfoarce.local dhclient[10762]: DHCPDISCOVER on vtnet0 to 255.255.255.255 port 67 interval 7
Jun 30 15:02:55 fw.rodolfoarce.local dhclient[10762]: DHCPDISCOVER on vtnet0 to 255.255.255.255 port 67 interval 4
Jun 30 15:02:59 fw.rodolfoarce.local dhclient[10762]: No DHCPOFFERS received.
Jun 30 15:02:59 fw.rodolfoarce.local dhclient[10762]: No working leases in persistent database - sleeping.
Jun 30 11:02:59 fw.rodolfoarce.local dhclient[67073]: FAIL
Jun 30 15:03:00 fw.rodolfoarce.local /usr/sbin/cron[67330]: (root) CMD (/usr/sbin/newsyslog)
Jun 30 15:03:13 fw.rodolfoarce.local filterlog[32783]: 4,,,1000000103,vtnet0,match,block,in,4,0x0,,241,54321,0,none,17,udp,75,146.88.241.123,10.255.255.1,41983,53,55
Jun 30 15:03:14 fw.rodolfoarce.local dhclient[10762]: DHCPDISCOVER on vtnet0 to 255.255.255.255 port 67 interval 1
Jun 30 15:03:15 fw.rodolfoarce.local dhclient[10762]: DHCPDISCOVER on vtnet0 to 255.255.255.255 port 67 interval 2
Jun 30 15:03:17 fw.rodolfoarce.local dhclient[10762]: DHCPDISCOVER on vtnet0 to 255.255.255.255 port 67 interval 4
Jun 30 15:03:21 fw.rodolfoarce.local dhclient[10762]: DHCPDISCOVER on vtnet0 to 255.255.255.255 port 67 interval 8
Jun 30 15:03:30 fw.rodolfoarce.local dhclient[10762]: DHCPDISCOVER on vtnet0 to 255.255.255.255 port 67 interval 15
Jun 30 15:03:33 fw.rodolfoarce.local dhcp6c[28115]: Sending Solicit
Jun 30 15:03:45 fw.rodolfoarce.local dhclient[10762]: DHCPDISCOVER on vtnet0 to 255.255.255.255 port 67 interval 16
Jun 30 15:03:45 fw.rodolfoarce.local filterlog[32783]: 4,,,1000000103,vtnet0,match,block,in,4,0x0,,240,9342,0,none,17,udp,76,54.161.105.128,10.255.255.1,34705,53,56
Jun 30 15:03:47 fw.rodolfoarce.local filterlog[32783]: 4,,,1000000103,vtnet0,match,block,in,4,0x0,,240,9523,0,none,17,udp,76,54.161.105.128,10.255.255.1,55744,53,56
Jun 30 15:03:49 fw.rodolfoarce.local filterlog[32783]: 4,,,1000000103,vtnet0,match,block,in,4,0x0,,240,9587,0,none,17,udp,76,54.161.105.128,10.255.255.1,28674,53,56
Jun 30 15:03:54 fw.rodolfoarce.local filterlog[32783]: 4,,,1000000103,vtnet0,match,block,in,4,0x0,,240,9623,0,none,17,udp,76,54.161.105.128,10.255.255.1,38299,53,56
Jun 30 15:03:59 fw.rodolfoarce.local filterlog[32783]: 4,,,1000000103,vtnet0,match,block,in,4,0x0,,240,9967,0,none,17,udp,76,54.161.105.128,10.255.255.1,31668,53,56
Jun 30 15:04:00 fw.rodolfoarce.local /usr/sbin/cron[84708]: (root) CMD (/usr/sbin/newsyslog)
Jun 30 15:04:01 fw.rodolfoarce.local dhclient[10762]: DHCPDISCOVER on vtnet0 to 255.255.255.255 port 67 interval 14
Jun 30 15:04:09 fw.rodolfoarce.local filterlog[32783]: 4,,,1000000103,vtnet0,match,block,in,4,0x0,,240,10837,0,none,17,udp,76,54.161.105.128,10.255.255.1,64891,53,56
Jun 30 15:04:13 fw.rodolfoarce.local filterlog[32783]: 4,,,1000000103,vtnet0,match,block,in,4,0x0,,240,52785,0,none,17,udp,76,18.212.134.242,10.255.255.1,62026,53,56
Jun 30 15:04:15 fw.rodolfoarce.local dhclient[10762]: No DHCPOFFERS received.
Jun 30 15:04:15 fw.rodolfoarce.local dhclient[10762]: No working leases in persistent database - sleeping.
Jun 30 11:04:15 fw.rodolfoarce.local dhclient[85678]: FAIL
Jun 30 15:04:15 fw.rodolfoarce.local filterlog[32783]: 4,,,1000000103,vtnet0,match,block,in,4,0x0,,240,52883,0,none,17,udp,76,18.212.134.242,10.255.255.1,34471,53,56
Jun 30 15:04:17 fw.rodolfoarce.local filterlog[32783]: 4,,,1000000103,vtnet0,match,block,in,4,0x0,,240,53118,0,none,17,udp,76,18.212.134.242,10.255.255.1,63882,53,56
Jun 30 15:04:22 fw.rodolfoarce.local filterlog[32783]: 4,,,1000000103,vtnet0,match,block,in,4,0x0,,240,53271,0,none,17,udp,76,18.212.134.242,10.255.255.1,18808,53,56
Jun 30 15:04:26 fw.rodolfoarce.local filterlog[32783]: 4,,,1000000103,vtnet0,match,block,in,4,0x0,,240,53406,0,none,17,udp,76,18.212.134.242,10.255.255.1,29745,53,56
Jun 30 15:04:30 fw.rodolfoarce.local dhclient[10762]: DHCPDISCOVER on vtnet0 to 255.255.255.255 port 67 interval 2
Jun 30 15:04:32 fw.rodolfoarce.local dhclient[10762]: DHCPDISCOVER on vtnet0 to 255.255.255.255 port 67 interval 3
Jun 30 15:04:35 fw.rodolfoarce.local dhclient[10762]: DHCPDISCOVER on vtnet0 to 255.255.255.255 port 67 interval 6
Jun 30 15:04:36 fw.rodolfoarce.local filterlog[32783]: 4,,,1000000103,vtnet0,match,block,in,4,0x0,,240,53539,0,none,17,udp,76,18.212.134.242,10.255.255.1,32446,53,56
Jun 30 15:04:40 fw.rodolfoarce.local filterlog[32783]: 4,,,1000000103,vtnet0,match,block,in,4,0x0,,240,51201,0,none,17,udp,76,54.81.193.32,10.255.255.1,34669,53,56
Jun 30 15:04:41 fw.rodolfoarce.local dhclient[10762]: DHCPDISCOVER on vtnet0 to 255.255.255.255 port 67 interval 12
Jun 30 15:04:42 fw.rodolfoarce.local filterlog[32783]: 4,,,1000000103,vtnet0,match,block,in,4,0x0,,240,51423,0,none,17,udp,76,54.81.193.32,10.255.255.1,39970,53,56
Jun 30 15:04:45 fw.rodolfoarce.local filterlog[32783]: 4,,,1000000103,vtnet0,match,block,in,4,0x0,,240,51430,0,none,17,udp,76,54.81.193.32,10.255.255.1,52557,53,56
Jun 30 15:04:49 fw.rodolfoarce.local filterlog[32783]: 4,,,1000000103,vtnet0,match,block,in,4,0x0,,240,51507,0,none,17,udp,76,54.81.193.32,10.255.255.1,10649,53,56
Jun 30 15:04:53 fw.rodolfoarce.local dhclient[10762]: DHCPDISCOVER on vtnet0 to 255.255.255.255 port 67 interval 16
Jun 30 15:04:54 fw.rodolfoarce.local filterlog[32783]: 4,,,1000000103,vtnet0,match,block,in,4,0x0,,240,51557,0,none,17,udp,76,54.81.193.32,10.255.255.1,15070,53,56
Jun 30 15:05:00 fw.rodolfoarce.local /usr/sbin/cron[4195]: (root) CMD (/usr/sbin/newsyslog)
Jun 30 15:05:00 fw.rodolfoarce.local /usr/sbin/cron[4400]: (root) CMD (/usr/libexec/atrun)
Jun 30 15:05:04 fw.rodolfoarce.local filterlog[32783]: 4,,,1000000103,vtnet0,match,block,in,4,0x0,,240,51863,0,none,17,udp,76,54.81.193.32,10.255.255.1,12785,53,56
Jun 30 15:05:09 fw.rodolfoarce.local filterlog[32783]: 4,,,1000000103,vtnet0,match,block,in,4,0x0,,240,12026,0,none,17,udp,76,54.161.105.128,10.255.255.1,20203,53,56
Jun 30 15:05:09 fw.rodolfoarce.local dhclient[10762]: DHCPDISCOVER on vtnet0 to 255.255.255.255 port 67 interval 21
Jun 30 15:05:30 fw.rodolfoarce.local dhclient[10762]: DHCPDISCOVER on vtnet0 to 255.255.255.255 port 67 interval 1
Jun 30 15:05:31 fw.rodolfoarce.local dhclient[10762]: No DHCPOFFERS received.
Jun 30 15:05:31 fw.rodolfoarce.local dhclient[10762]: No working leases in persistent database - sleeping.
Jun 30 11:05:31 fw.rodolfoarce.local dhclient[5852]: FAIL
Jun 30 15:05:31 fw.rodolfoarce.local dhcp6c[28115]: Sending Solicit
Jun 30 15:05:46 fw.rodolfoarce.local dhclient[10762]: DHCPDISCOVER on vtnet0 to 255.255.255.255 port 67 interval 2
Jun 30 15:05:47 fw.rodolfoarce.local filterlog[32783]: 4,,,1000000103,vtnet0,match,block,in,4,0x0,,240,55480,0,none,17,udp,76,18.212.134.242,10.255.255.1,56654,53,56
Jun 30 15:05:48 fw.rodolfoarce.local dhclient[10762]: DHCPDISCOVER on vtnet0 to 255.255.255.255 port 67 interval 3
Jun 30 15:05:51 fw.rodolfoarce.local dhclient[10762]: DHCPDISCOVER on vtnet0 to 255.255.255.255 port 67 interval 7
Jun 30 15:05:58 fw.rodolfoarce.local dhclient[10762]: DHCPDISCOVER on vtnet0 to 255.255.255.255 port 67 interval 11
Jun 30 15:06:00 fw.rodolfoarce.local /usr/sbin/cron[23645]: (root) CMD (/usr/sbin/newsyslog)
Jun 30 15:06:09 fw.rodolfoarce.local dhclient[10762]: DHCPDISCOVER on vtnet0 to 255.255.255.255 port 67 interval 20
Jun 30 15:06:26 fw.rodolfoarce.local filterlog[32783]: 4,,,1000000103,vtnet0,match,block,in,4,0x0,,240,53480,0,none,17,udp,76,54.81.193.32,10.255.255.1,13657,53,56
Jun 30 15:06:29 fw.rodolfoarce.local dhclient[10762]: DHCPDISCOVER on vtnet0 to 255.255.255.255 port 67 interval 15
Jun 30 15:06:42 fw.rodolfoarce.local filterlog[32783]: 4,,,1000000103,vtnet0,match,block,in,4,0x0,,238,54321,0,none,6,tcp,40,51.8.223.96,10.255.255.1,57106,22,0,S,3688082368,,65535,,
Jun 30 15:06:45 fw.rodolfoarce.local dhclient[10762]: DHCPDISCOVER on vtnet0 to 255.255.255.255 port 67 interval 2
Jun 30 15:06:47 fw.rodolfoarce.local dhclient[10762]: No DHCPOFFERS received.
Jun 30 15:06:47 fw.rodolfoarce.local dhclient[10762]: No working leases in persistent database - sleeping.
Jun 30 11:06:47 fw.rodolfoarce.local dhclient[41767]: FAIL
Jun 30 15:07:00 fw.rodolfoarce.local /usr/sbin/cron[42176]: (root) CMD (/usr/sbin/newsyslog)
Jun 30 15:07:02 fw.rodolfoarce.local dhclient[10762]: DHCPDISCOVER on vtnet0 to 255.255.255.255 port 67 interval 1
Jun 30 15:07:03 fw.rodolfoarce.local dhclient[10762]: DHCPDISCOVER on vtnet0 to 255.255.255.255 port 67 interval 2
Jun 30 15:07:05 fw.rodolfoarce.local dhclient[10762]: DHCPDISCOVER on vtnet0 to 255.255.255.255 port 67 interval 5
Jun 30 15:07:10 fw.rodolfoarce.local dhclient[10762]: DHCPDISCOVER on vtnet0 to 255.255.255.255 port 67 interval 8
Jun 30 15:07:18 fw.rodolfoarce.local dhclient[10762]: DHCPDISCOVER on vtnet0 to 255.255.255.255 port 67 interval 7
Jun 30 15:07:20 fw.rodolfoarce.local dhcp6c[28115]: Sending Solicit
Jun 30 15:07:25 fw.rodolfoarce.local dhclient[10762]: DHCPDISCOVER on vtnet0 to 255.255.255.255 port 67 interval 7
Jun 30 15:07:32 fw.rodolfoarce.local dhclient[10762]: DHCPDISCOVER on vtnet0 to 255.255.255.255 port 67 interval 12
Jun 30 15:07:44 fw.rodolfoarce.local dhclient[10762]: DHCPDISCOVER on vtnet0 to 255.255.255.255 port 67 interval 12
Jun 30 15:07:56 fw.rodolfoarce.local dhclient[10762]: DHCPDISCOVER on vtnet0 to 255.255.255.255 port 67 interval 7
Jun 30 15:08:00 fw.rodolfoarce.local /usr/sbin/cron[61824]: (root) CMD (/usr/sbin/newsyslog)
Jun 30 15:08:03 fw.rodolfoarce.local dhclient[10762]: No DHCPOFFERS received.
Jun 30 15:08:03 fw.rodolfoarce.local dhclient[10762]: No working leases in persistent database - sleeping.
Jun 30 11:08:03 fw.rodolfoarce.local dhclient[62557]: FAIL
Jun 30 15:08:18 fw.rodolfoarce.local dhclient[10762]: DHCPDISCOVER on vtnet0 to 255.255.255.255 port 67 interval 1
Jun 30 15:08:20 fw.rodolfoarce.local dhclient[10762]: DHCPDISCOVER on vtnet0 to 255.255.255.255 port 67 interval 1
Jun 30 15:08:21 fw.rodolfoarce.local dhclient[10762]: DHCPDISCOVER on vtnet0 to 255.255.255.255 port 67 interval 2
Jun 30 15:08:22 fw.rodolfoarce.local filterlog[32783]: 4,,,1000000103,vtnet1,match,block,in,4,0x0,,64,3696,0,DF,6,tcp,76,10.1.1.3,104.21.40.220,34036,443,24,PA,1084210654:1084210678,1666903416,249,,nop;nop;TS
Jun 30 15:08:22 fw.rodolfoarce.local filterlog[32783]: 4,,,1000000103,vtnet1,match,block,in,4,0x0,,64,3697,0,DF,6,tcp,52,10.1.1.3,104.21.40.220,34036,443,0,FA,1084210678,1666903416,249,,nop;nop;TS
Jun 30 15:08:22 fw.rodolfoarce.local filterlog[32783]: 4,,,1000000103,vtnet1,match,block,in,4,0x0,,64,3698,0,DF,6,tcp,52,10.1.1.3,104.21.40.220,34036,443,0,FA,1084210678,1666903416,249,,nop;nop;TS
Jun 30 15:08:22 fw.rodolfoarce.local filterlog[32783]: 4,,,1000000103,vtnet1,match,block,in,4,0x0,,64,3699,0,DF,6,tcp,76,10.1.1.3,104.21.40.220,34036,443,24,FPA,1084210654:1084210678,1666903416,249,,nop;nop;TS
Jun 30 15:08:22 fw.rodolfoarce.local filterlog[32783]: 4,,,1000000103,vtnet1,match,block,in,4,0x0,,64,3700,0,DF,6,tcp,76,10.1.1.3,104.21.40.220,34036,443,24,FPA,1084210654:1084210678,1666903416,249,,nop;nop;TS
Jun 30 15:08:23 fw.rodolfoarce.local dhclient[10762]: DHCPDISCOVER on vtnet0 to 255.255.255.255 port 67 interval 5
Jun 30 15:08:23 fw.rodolfoarce.local filterlog[32783]: 4,,,1000000103,vtnet1,match,block,in,4,0x0,,64,3701,0,DF,6,tcp,76,10.1.1.3,104.21.40.220,34036,443,24,FPA,1084210654:1084210678,1666903416,249,,nop;nop;TS
Jun 30 15:08:25 fw.rodolfoarce.local filterlog[32783]: 4,,,1000000103,vtnet1,match,block,in,4,0x0,,64,3702,0,DF,6,tcp,76,10.1.1.3,104.21.40.220,34036,443,24,FPA,1084210654:1084210678,1666903416,249,,nop;nop;TS
Jun 30 15:08:28 fw.rodolfoarce.local dhclient[10762]: DHCPDISCOVER on vtnet0 to 255.255.255.255 port 67 interval 7
Jun 30 15:08:28 fw.rodolfoarce.local filterlog[32783]: 4,,,1000000103,vtnet1,match,block,in,4,0x0,,64,3703,0,DF,6,tcp,76,10.1.1.3,104.21.40.220,34036,443,24,FPA,1084210654:1084210678,1666903416,249,,nop;nop;TS
Jun 30 15:08:35 fw.rodolfoarce.local dhclient[10762]: DHCPDISCOVER on vtnet0 to 255.255.255.255 port 67 interval 14
Jun 30 15:08:35 fw.rodolfoarce.local filterlog[32783]: 4,,,1000000103,vtnet1,match,block,in,4,0x0,,64,3704,0,DF,6,tcp,76,10.1.1.3,104.21.40.220,34036,443,24,FPA,1084210654:1084210678,1666903416,249,,nop;nop;TS
Jun 30 15:08:49 fw.rodolfoarce.local filterlog[32783]: 4,,,1000000103,vtnet1,match,block,in,4,0x0,,64,3705,0,DF,6,tcp,76,10.1.1.3,104.21.40.220,34036,443,24,FPA,1084210654:1084210678,1666903416,249,,nop;nop;TS
Jun 30 15:08:49 fw.rodolfoarce.local dhclient[10762]: DHCPDISCOVER on vtnet0 to 255.255.255.255 port 67 interval 9
Jun 30 15:08:58 fw.rodolfoarce.local dhclient[10762]: DHCPDISCOVER on vtnet0 to 255.255.255.255 port 67 interval 17
Jun 30 15:09:00 fw.rodolfoarce.local /usr/sbin/cron[80169]: (root) CMD (/usr/sbin/newsyslog)
Jun 30 15:09:15 fw.rodolfoarce.local dhclient[10762]: DHCPDISCOVER on vtnet0 to 255.255.255.255 port 67 interval 4
Jun 30 15:09:17 fw.rodolfoarce.local filterlog[32783]: 4,,,1000000103,vtnet1,match,block,in,4,0x0,,64,3706,0,DF,6,tcp,76,10.1.1.3,104.21.40.220,34036,443,24,FPA,1084210654:1084210678,1666903416,249,,nop;nop;TS
Jun 30 15:09:19 fw.rodolfoarce.local dhclient[10762]: No DHCPOFFERS received.
Jun 30 15:09:19 fw.rodolfoarce.local dhclient[10762]: No working leases in persistent database - sleeping.
Jun 30 11:09:19 fw.rodolfoarce.local dhclient[80707]: FAIL
Jun 30 15:09:30 fw.rodolfoarce.local dhcp6c[28115]: Sending Solicit
Jun 30 15:09:34 fw.rodolfoarce.local dhclient[10762]: DHCPDISCOVER on vtnet0 to 255.255.255.255 port 67 interval 2
Jun 30 15:09:36 fw.rodolfoarce.local dhclient[10762]: DHCPDISCOVER on vtnet0 to 255.255.255.255 port 67 interval 5
Jun 30 15:09:41 fw.rodolfoarce.local dhclient[10762]: DHCPDISCOVER on vtnet0 to 255.255.255.255 port 67 interval 13
Jun 30 15:09:55 fw.rodolfoarce.local dhclient[10762]: DHCPDISCOVER on vtnet0 to 255.255.255.255 port 67 interval 11
Jun 30 15:10:00 fw.rodolfoarce.local /usr/sbin/cron[98731]: (root) CMD (/usr/sbin/newsyslog)
Jun 30 15:10:00 fw.rodolfoarce.local /usr/sbin/cron[98946]: (root) CMD (/usr/libexec/atrun)
Jun 30 15:10:06 fw.rodolfoarce.local dhclient[10762]: DHCPDISCOVER on vtnet0 to 255.255.255.255 port 67 interval 18
Jun 30 15:10:24 fw.rodolfoarce.local dhclient[10762]: DHCPDISCOVER on vtnet0 to 255.255.255.255 port 67 interval 11
Jun 30 15:10:35 fw.rodolfoarce.local dhclient[10762]: No DHCPOFFERS received.
Jun 30 15:10:35 fw.rodolfoarce.local dhclient[10762]: No working leases in persistent database - sleeping.
Jun 30 11:10:35 fw.rodolfoarce.local dhclient[213]: FAIL
Jun 30 15:10:50 fw.rodolfoarce.local dhclient[10762]: DHCPDISCOVER on vtnet0 to 255.255.255.255 port 67 interval 2
Jun 30 15:10:52 fw.rodolfoarce.local dhclient[10762]: DHCPDISCOVER on vtnet0 to 255.255.255.255 port 67 interval 5
Jun 30 15:10:57 fw.rodolfoarce.local dhclient[10762]: DHCPDISCOVER on vtnet0 to 255.255.255.255 port 67 interval 13
Jun 30 15:11:00 fw.rodolfoarce.local /usr/sbin/cron[20182]: (root) CMD (/usr/sbin/newsyslog)
Jun 30 15:11:10 fw.rodolfoarce.local dhclient[10762]: DHCPDISCOVER on vtnet0 to 255.255.255.255 port 67 interval 15
Jun 30 15:11:21 fw.rodolfoarce.local dhcp6c[28115]: Sending Solicit
Jun 30 15:11:25 fw.rodolfoarce.local dhclient[10762]: DHCPDISCOVER on vtnet0 to 255.255.255.255 port 67 interval 17
Jun 30 15:11:42 fw.rodolfoarce.local dhclient[10762]: DHCPDISCOVER on vtnet0 to 255.255.255.255 port 67 interval 7
Jun 30 15:11:49 fw.rodolfoarce.local dhclient[10762]: DHCPDISCOVER on vtnet0 to 255.255.255.255 port 67 interval 2
Jun 30 15:11:51 fw.rodolfoarce.local dhclient[10762]: No DHCPOFFERS received.
Jun 30 15:11:51 fw.rodolfoarce.local dhclient[10762]: No working leases in persistent database - sleeping.
Jun 30 11:11:51 fw.rodolfoarce.local dhclient[39725]: FAIL
Jun 30 15:12:00 fw.rodolfoarce.local /usr/sbin/cron[40270]: (root) CMD (/usr/sbin/newsyslog)
Jun 30 15:12:06 fw.rodolfoarce.local dhclient[10762]: DHCPDISCOVER on vtnet0 to 255.255.255.255 port 67 interval 1
Jun 30 15:12:07 fw.rodolfoarce.local dhclient[10762]: DHCPDISCOVER on vtnet0 to 255.255.255.255 port 67 interval 1
Jun 30 15:12:09 fw.rodolfoarce.local dhclient[10762]: DHCPDISCOVER on vtnet0 to 255.255.255.255 port 67 interval 2
Jun 30 15:12:11 fw.rodolfoarce.local dhclient[10762]: DHCPDISCOVER on vtnet0 to 255.255.255.255 port 67 interval 5
Jun 30 15:12:16 fw.rodolfoarce.local dhclient[10762]: DHCPDISCOVER on vtnet0 to 255.255.255.255 port 67 interval 10
Jun 30 15:12:26 fw.rodolfoarce.local dhclient[10762]: DHCPDISCOVER on vtnet0 to 255.255.255.255 port 67 interval 13
Jun 30 15:12:39 fw.rodolfoarce.local dhclient[10762]: DHCPDISCOVER on vtnet0 to 255.255.255.255 port 67 interval 15
Jun 30 15:12:54 fw.rodolfoarce.local dhclient[10762]: DHCPDISCOVER on vtnet0 to 255.255.255.255 port 67 interval 11
Jun 30 15:13:00 fw.rodolfoarce.local /usr/sbin/cron[58961]: (root) CMD (/usr/sbin/newsyslog)
Jun 30 15:13:05 fw.rodolfoarce.local dhclient[10762]: DHCPDISCOVER on vtnet0 to 255.255.255.255 port 67 interval 2
Jun 30 15:13:07 fw.rodolfoarce.local dhclient[10762]: No DHCPOFFERS received.
Jun 30 15:13:07 fw.rodolfoarce.local dhclient[10762]: No working leases in persistent database - sleeping.
Jun 30 11:13:07 fw.rodolfoarce.local dhclient[60078]: FAIL
Jun 30 15:13:16 fw.rodolfoarce.local dhcp6c[28115]: Sending Solicit
Jun 30 15:13:22 fw.rodolfoarce.local dhclient[10762]: DHCPDISCOVER on vtnet0 to 255.255.255.255 port 67 interval 2
Jun 30 15:13:24 fw.rodolfoarce.local dhclient[10762]: DHCPDISCOVER on vtnet0 to 255.255.255.255 port 67 interval 5
Jun 30 15:13:29 fw.rodolfoarce.local dhclient[10762]: DHCPDISCOVER on vtnet0 to 255.255.255.255 port 67 interval 14
Jun 30 15:13:43 fw.rodolfoarce.local dhclient[10762]: DHCPDISCOVER on vtnet0 to 255.255.255.255 port 67 interval 12
Jun 30 15:13:55 fw.rodolfoarce.local dhclient[10762]: DHCPDISCOVER on vtnet0 to 255.255.255.255 port 67 interval 14
Jun 30 15:14:00 fw.rodolfoarce.local /usr/sbin/cron[77759]: (root) CMD (/usr/sbin/newsyslog)
Jun 30 15:14:09 fw.rodolfoarce.local dhclient[10762]: DHCPDISCOVER on vtnet0 to 255.255.255.255 port 67 interval 14
Jun 30 15:14:23 fw.rodolfoarce.local dhclient[10762]: No DHCPOFFERS received.
Jun 30 15:14:23 fw.rodolfoarce.local dhclient[10762]: No working leases in persistent database - sleeping.
Jun 30 11:14:23 fw.rodolfoarce.local dhclient[78723]: FAIL
Jun 30 15:14:39 fw.rodolfoarce.local dhclient[10762]: DHCPDISCOVER on vtnet0 to 255.255.255.255 port 67 interval 2
Jun 30 15:14:41 fw.rodolfoarce.local dhclient[10762]: DHCPDISCOVER on vtnet0 to 255.255.255.255 port 67 interval 5
Jun 30 15:14:46 fw.rodolfoarce.local dhclient[10762]: DHCPDISCOVER on vtnet0 to 255.255.255.255 port 67 interval 6
Jun 30 15:14:52 fw.rodolfoarce.local dhclient[10762]: DHCPDISCOVER on vtnet0 to 255.255.255.255 port 67 interval 10
Jun 30 15:15:00 fw.rodolfoarce.local /usr/sbin/cron[96804]: (root) CMD (/usr/sbin/newsyslog)
Jun 30 15:15:00 fw.rodolfoarce.local /usr/sbin/cron[97046]: (root) CMD (/usr/libexec/atrun)
Jun 30 15:15:02 fw.rodolfoarce.local dhclient[10762]: DHCPDISCOVER on vtnet0 to 255.255.255.255 port 67 interval 21
Jun 30 15:15:23 fw.rodolfoarce.local dhclient[10762]: DHCPDISCOVER on vtnet0 to 255.255.255.255 port 67 interval 7
Jun 30 15:15:23 fw.rodolfoarce.local dhcp6c[28115]: Sending Solicit
Jun 30 15:15:30 fw.rodolfoarce.local dhclient[10762]: DHCPDISCOVER on vtnet0 to 255.255.255.255 port 67 interval 8
Jun 30 15:15:38 fw.rodolfoarce.local dhclient[10762]: DHCPDISCOVER on vtnet0 to 255.255.255.255 port 67 interval 2
Jun 30 15:15:40 fw.rodolfoarce.local dhclient[10762]: No DHCPOFFERS received.
Jun 30 15:15:40 fw.rodolfoarce.local dhclient[10762]: No working leases in persistent database - sleeping.
Jun 30 11:15:40 fw.rodolfoarce.local dhclient[98086]: FAIL
Jun 30 15:15:55 fw.rodolfoarce.local dhclient[10762]: DHCPDISCOVER on vtnet0 to 255.255.255.255 port 67 interval 2
Jun 30 15:15:57 fw.rodolfoarce.local dhclient[10762]: DHCPDISCOVER on vtnet0 to 255.255.255.255 port 67 interval 4
Jun 30 15:16:00 fw.rodolfoarce.local /usr/sbin/cron[17219]: (root) CMD (/usr/sbin/newsyslog)
Jun 30 15:16:01 fw.rodolfoarce.local dhclient[10762]: DHCPDISCOVER on vtnet0 to 255.255.255.255 port 67 interval 8
Jun 30 15:16:09 fw.rodolfoarce.local dhclient[10762]: DHCPDISCOVER on vtnet0 to 255.255.255.255 port 67 interval 19
Jun 30 15:16:28 fw.rodolfoarce.local dhclient[10762]: DHCPDISCOVER on vtnet0 to 255.255.255.255 port 67 interval 19
Jun 30 15:16:47 fw.rodolfoarce.local dhclient[10762]: DHCPDISCOVER on vtnet0 to 255.255.255.255 port 67 interval 9
Jun 30 15:16:56 fw.rodolfoarce.local dhclient[10762]: No DHCPOFFERS received.
Jun 30 15:16:56 fw.rodolfoarce.local dhclient[10762]: No working leases in persistent database - sleeping.
Jun 30 11:16:56 fw.rodolfoarce.local dhclient[36301]: FAIL
Jun 30 15:17:00 fw.rodolfoarce.local /usr/sbin/cron[36516]: (root) CMD (/usr/sbin/newsyslog)
Jun 30 15:17:12 fw.rodolfoarce.local dhclient[10762]: DHCPDISCOVER on vtnet0 to 255.255.255.255 port 67 interval 2
Jun 30 15:17:12 fw.rodolfoarce.local dhcp6c[28115]: Sending Solicit
Jun 30 15:17:14 fw.rodolfoarce.local dhclient[10762]: DHCPDISCOVER on vtnet0 to 255.255.255.255 port 67 interval 4
Jun 30 15:17:18 fw.rodolfoarce.local dhclient[10762]: DHCPDISCOVER on vtnet0 to 255.255.255.255 port 67 interval 5
Jun 30 15:17:23 fw.rodolfoarce.local dhclient[10762]: DHCPDISCOVER on vtnet0 to 255.255.255.255 port 67 interval 7
Jun 30 15:17:30 fw.rodolfoarce.local dhclient[10762]: DHCPDISCOVER on vtnet0 to 255.255.255.255 port 67 interval 8
Jun 30 15:17:38 fw.rodolfoarce.local dhclient[10762]: DHCPDISCOVER on vtnet0 to 255.255.255.255 port 67 interval 7
Jun 30 15:17:45 fw.rodolfoarce.local dhclient[10762]: DHCPDISCOVER on vtnet0 to 255.255.255.255 port 67 interval 9
Jun 30 15:17:54 fw.rodolfoarce.local dhclient[10762]: DHCPDISCOVER on vtnet0 to 255.255.255.255 port 67 interval 14
Jun 30 15:18:00 fw.rodolfoarce.local /usr/sbin/cron[56175]: (root) CMD (/usr/sbin/newsyslog)
Jun 30 15:18:08 fw.rodolfoarce.local dhclient[10762]: DHCPDISCOVER on vtnet0 to 255.255.255.255 port 67 interval 5
Jun 30 15:18:13 fw.rodolfoarce.local dhclient[10762]: No DHCPOFFERS received.
Jun 30 15:18:13 fw.rodolfoarce.local dhclient[10762]: No working leases in persistent database - sleeping.
Jun 30 11:18:13 fw.rodolfoarce.local dhclient[57173]: FAIL
Jun 30 15:18:28 fw.rodolfoarce.local dhclient[10762]: DHCPDISCOVER on vtnet0 to 255.255.255.255 port 67 interval 2
Jun 30 15:18:30 fw.rodolfoarce.local dhclient[10762]: DHCPDISCOVER on vtnet0 to 255.255.255.255 port 67 interval 5
Jun 30 15:18:35 fw.rodolfoarce.local dhclient[10762]: DHCPDISCOVER on vtnet0 to 255.255.255.255 port 67 interval 7
Jun 30 15:18:43 fw.rodolfoarce.local dhclient[10762]: DHCPDISCOVER on vtnet0 to 255.255.255.255 port 67 interval 7
Jun 30 15:18:50 fw.rodolfoarce.local dhclient[10762]: DHCPDISCOVER on vtnet0 to 255.255.255.255 port 67 interval 13
Jun 30 15:19:00 fw.rodolfoarce.local /usr/sbin/cron[75045]: (root) CMD (/usr/sbin/newsyslog)
Jun 30 15:19:03 fw.rodolfoarce.local dhclient[10762]: DHCPDISCOVER on vtnet0 to 255.255.255.255 port 67 interval 15
Jun 30 15:19:08 fw.rodolfoarce.local dhcp6c[28115]: Sending Solicit
Jun 30 15:19:18 fw.rodolfoarce.local dhclient[10762]: DHCPDISCOVER on vtnet0 to 255.255.255.255 port 67 interval 11
Jun 30 15:19:29 fw.rodolfoarce.local dhclient[10762]: No DHCPOFFERS received.
Jun 30 15:19:29 fw.rodolfoarce.local dhclient[10762]: No working leases in persistent database - sleeping.
Jun 30 11:19:29 fw.rodolfoarce.local dhclient[75730]: FAIL
Jun 30 15:19:44 fw.rodolfoarce.local dhclient[10762]: DHCPDISCOVER on vtnet0 to 255.255.255.255 port 67 interval 1
Jun 30 15:19:45 fw.rodolfoarce.local dhclient[10762]: DHCPDISCOVER on vtnet0 to 255.255.255.255 port 67 interval 1
Jun 30 15:19:46 fw.rodolfoarce.local dhclient[10762]: DHCPDISCOVER on vtnet0 to 255.255.255.255 port 67 interval 2
Jun 30 15:19:48 fw.rodolfoarce.local dhclient[10762]: DHCPDISCOVER on vtnet0 to 255.255.255.255 port 67 interval 3
Jun 30 15:19:51 fw.rodolfoarce.local dhclient[10762]: DHCPDISCOVER on vtnet0 to 255.255.255.255 port 67 interval 7
Jun 30 15:19:58 fw.rodolfoarce.local dhclient[10762]: DHCPDISCOVER on vtnet0 to 255.255.255.255 port 67 interval 11
Jun 30 15:20:00 fw.rodolfoarce.local /usr/sbin/cron[95430]: (root) CMD (/usr/sbin/newsyslog)
Jun 30 15:20:00 fw.rodolfoarce.local /usr/sbin/cron[95562]: (root) CMD (/usr/libexec/atrun)
Jun 30 15:20:09 fw.rodolfoarce.local dhclient[10762]: DHCPDISCOVER on vtnet0 to 255.255.255.255 port 67 interval 16
Jun 30 15:20:25 fw.rodolfoarce.local dhclient[10762]: DHCPDISCOVER on vtnet0 to 255.255.255.255 port 67 interval 10
Jun 30 15:20:35 fw.rodolfoarce.local dhclient[10762]: DHCPDISCOVER on vtnet0 to 255.255.255.255 port 67 interval 10
Jun 30 15:20:45 fw.rodolfoarce.local dhclient[10762]: No DHCPOFFERS received.
Jun 30 15:20:45 fw.rodolfoarce.local dhclient[10762]: No working leases in persistent database - sleeping.
Jun 30 11:20:45 fw.rodolfoarce.local dhclient[97282]: FAIL
Jun 30 15:21:00 fw.rodolfoarce.local /usr/sbin/cron[14165]: (root) CMD (/usr/sbin/newsyslog)
Jun 30 15:21:00 fw.rodolfoarce.local dhclient[10762]: DHCPDISCOVER on vtnet0 to 255.255.255.255 port 67 interval 1
Jun 30 15:21:01 fw.rodolfoarce.local dhclient[10762]: DHCPDISCOVER on vtnet0 to 255.255.255.255 port 67 interval 1
Jun 30 15:21:02 fw.rodolfoarce.local dhclient[10762]: DHCPDISCOVER on vtnet0 to 255.255.255.255 port 67 interval 2
Jun 30 15:21:04 fw.rodolfoarce.local dhcp6c[28115]: Sending Solicit
Jun 30 15:21:05 fw.rodolfoarce.local dhclient[10762]: DHCPDISCOVER on vtnet0 to 255.255.255.255 port 67 interval 4
Jun 30 15:21:09 fw.rodolfoarce.local dhclient[10762]: DHCPDISCOVER on vtnet0 to 255.255.255.255 port 67 interval 5
Jun 30 15:21:14 fw.rodolfoarce.local dhclient[10762]: DHCPDISCOVER on vtnet0 to 255.255.255.255 port 67 interval 12
Jun 30 15:21:26 fw.rodolfoarce.local dhclient[10762]: DHCPDISCOVER on vtnet0 to 255.255.255.255 port 67 interval 17
Jun 30 15:21:43 fw.rodolfoarce.local dhclient[10762]: DHCPDISCOVER on vtnet0 to 255.255.255.255 port 67 interval 12
Jun 30 15:21:55 fw.rodolfoarce.local dhclient[10762]: DHCPDISCOVER on vtnet0 to 255.255.255.255 port 67 interval 6
Jun 30 15:22:00 fw.rodolfoarce.local /usr/sbin/cron[31068]: (root) CMD (/usr/sbin/newsyslog)
Jun 30 15:22:01 fw.rodolfoarce.local dhclient[10762]: No DHCPOFFERS received.
Jun 30 15:22:01 fw.rodolfoarce.local dhclient[10762]: No working leases in persistent database - sleeping.
Jun 30 11:22:01 fw.rodolfoarce.local dhclient[32158]: FAIL
Jun 30 15:22:16 fw.rodolfoarce.local dhclient[10762]: DHCPDISCOVER on vtnet0 to 255.255.255.255 port 67 interval 2
Jun 30 15:22:18 fw.rodolfoarce.local dhclient[10762]: DHCPDISCOVER on vtnet0 to 255.255.255.255 port 67 interval 3
Jun 30 15:22:21 fw.rodolfoarce.local dhclient[10762]: DHCPDISCOVER on vtnet0 to 255.255.255.255 port 67 interval 6
Jun 30 15:22:27 fw.rodolfoarce.local dhclient[10762]: DHCPDISCOVER on vtnet0 to 255.255.255.255 port 67 interval 8
Jun 30 15:22:35 fw.rodolfoarce.local dhclient[10762]: DHCPDISCOVER on vtnet0 to 255.255.255.255 port 67 interval 8
Jun 30 15:22:43 fw.rodolfoarce.local dhclient[10762]: DHCPDISCOVER on vtnet0 to 255.255.255.255 port 67 interval 15
Jun 30 15:22:58 fw.rodolfoarce.local dhclient[10762]: DHCPDISCOVER on vtnet0 to 255.255.255.255 port 67 interval 19
Jun 30 15:23:00 fw.rodolfoarce.local /usr/sbin/cron[48231]: (root) CMD (/usr/sbin/newsyslog)
Jun 30 15:23:15 fw.rodolfoarce.local dhcp6c[28115]: Sending Solicit
Jun 30 15:23:17 fw.rodolfoarce.local dhclient[10762]: No DHCPOFFERS received.
Jun 30 15:23:17 fw.rodolfoarce.local dhclient[10762]: No working leases in persistent database - sleeping.
Jun 30 11:23:17 fw.rodolfoarce.local dhclient[49099]: FAIL
Jun 30 15:23:33 fw.rodolfoarce.local dhclient[10762]: DHCPDISCOVER on vtnet0 to 255.255.255.255 port 67 interval 1
Jun 30 15:23:34 fw.rodolfoarce.local dhclient[10762]: DHCPDISCOVER on vtnet0 to 255.255.255.255 port 67 interval 2
Jun 30 15:23:36 fw.rodolfoarce.local dhclient[10762]: DHCPDISCOVER on vtnet0 to 255.255.255.255 port 67 interval 5
Jun 30 15:23:41 fw.rodolfoarce.local dhclient[10762]: DHCPDISCOVER on vtnet0 to 255.255.255.255 port 67 interval 14
Jun 30 15:23:55 fw.rodolfoarce.local dhclient[10762]: DHCPDISCOVER on vtnet0 to 255.255.255.255 port 67 interval 19
Jun 30 15:24:00 fw.rodolfoarce.local /usr/sbin/cron[67157]: (root) CMD (/usr/sbin/newsyslog)
Jun 30 15:24:14 fw.rodolfoarce.local dhclient[10762]: DHCPDISCOVER on vtnet0 to 255.255.255.255 port 67 interval 9
Jun 30 15:24:23 fw.rodolfoarce.local dhclient[10762]: DHCPDISCOVER on vtnet0 to 255.255.255.255 port 67 interval 11
Jun 30 15:24:34 fw.rodolfoarce.local dhclient[10762]: No DHCPOFFERS received.
Jun 30 15:24:34 fw.rodolfoarce.local dhclient[10762]: No working leases in persistent database - sleeping.
Jun 30 11:24:34 fw.rodolfoarce.local dhclient[67902]: FAIL
Jun 30 15:24:49 fw.rodolfoarce.local dhclient[10762]: DHCPDISCOVER on vtnet0 to 255.255.255.255 port 67 interval 1
Jun 30 15:24:51 fw.rodolfoarce.local dhclient[10762]: message repeated 2 times: [ DHCPDISCOVER on vtnet0 to 255.255.255.255 port 67 interval 1]
Jun 30 15:24:52 fw.rodolfoarce.local dhclient[10762]: DHCPDISCOVER on vtnet0 to 255.255.255.255 port 67 interval 2
Jun 30 15:24:54 fw.rodolfoarce.local dhclient[10762]: DHCPDISCOVER on vtnet0 to 255.255.255.255 port 67 interval 4
Jun 30 15:24:58 fw.rodolfoarce.local dhclient[10762]: DHCPDISCOVER on vtnet0 to 255.255.255.255 port 67 interval 8
Jun 30 15:25:00 fw.rodolfoarce.local /usr/sbin/cron[86817]: (root) CMD (/usr/libexec/atrun)
Jun 30 15:25:00 fw.rodolfoarce.local /usr/sbin/cron[86759]: (root) CMD (/usr/sbin/newsyslog)
Jun 30 15:25:06 fw.rodolfoarce.local dhclient[10762]: DHCPDISCOVER on vtnet0 to 255.255.255.255 port 67 interval 15
Jun 30 15:25:08 fw.rodolfoarce.local dhcp6c[28115]: Sending Solicit
Jun 30 15:25:21 fw.rodolfoarce.local dhclient[10762]: DHCPDISCOVER on vtnet0 to 255.255.255.255 port 67 interval 9
Jun 30 15:25:31 fw.rodolfoarce.local dhclient[10762]: DHCPDISCOVER on vtnet0 to 255.255.255.255 port 67 interval 13
Jun 30 15:25:44 fw.rodolfoarce.local dhclient[10762]: DHCPDISCOVER on vtnet0 to 255.255.255.255 port 67 interval 6
Jun 30 15:25:50 fw.rodolfoarce.local dhclient[10762]: No DHCPOFFERS received.
Jun 30 15:25:50 fw.rodolfoarce.local dhclient[10762]: No working leases in persistent database - sleeping.
Jun 30 11:25:50 fw.rodolfoarce.local dhclient[88281]: FAIL
Jun 30 15:26:00 fw.rodolfoarce.local /usr/sbin/cron[7164]: (root) CMD (/usr/sbin/newsyslog)
Jun 30 15:26:05 fw.rodolfoarce.local dhclient[10762]: DHCPDISCOVER on vtnet0 to 255.255.255.255 port 67 interval 2
Jun 30 15:26:07 fw.rodolfoarce.local dhclient[10762]: DHCPDISCOVER on vtnet0 to 255.255.255.255 port 67 interval 5
Jun 30 15:26:12 fw.rodolfoarce.local dhclient[10762]: DHCPDISCOVER on vtnet0 to 255.255.255.255 port 67 interval 11
Jun 30 15:26:23 fw.rodolfoarce.local dhclient[10762]: DHCPDISCOVER on vtnet0 to 255.255.255.255 port 67 interval 14
Jun 30 15:26:37 fw.rodolfoarce.local dhclient[10762]: DHCPDISCOVER on vtnet0 to 255.255.255.255 port 67 interval 12
Jun 30 15:26:49 fw.rodolfoarce.local dhclient[10762]: DHCPDISCOVER on vtnet0 to 255.255.255.255 port 67 interval 11
Jun 30 15:27:00 fw.rodolfoarce.local /usr/sbin/cron[17982]: (root) CMD (/usr/sbin/newsyslog)
Jun 30 15:27:00 fw.rodolfoarce.local dhclient[10762]: DHCPDISCOVER on vtnet0 to 255.255.255.255 port 67 interval 6
Jun 30 15:27:06 fw.rodolfoarce.local dhclient[10762]: No DHCPOFFERS received.
Jun 30 15:27:06 fw.rodolfoarce.local dhclient[10762]: No working leases in persistent database - sleeping.
Jun 30 11:27:06 fw.rodolfoarce.local dhclient[25124]: FAIL
Jun 30 15:27:13 fw.rodolfoarce.local dhcp6c[28115]: Sending Solicit
Jun 30 15:27:21 fw.rodolfoarce.local dhclient[10762]: DHCPDISCOVER on vtnet0 to 255.255.255.255 port 67 interval 2
Jun 30 15:27:23 fw.rodolfoarce.local dhclient[10762]: DHCPDISCOVER on vtnet0 to 255.255.255.255 port 67 interval 4
Jun 30 15:27:27 fw.rodolfoarce.local dhclient[10762]: DHCPDISCOVER on vtnet0 to 255.255.255.255 port 67 interval 9
Jun 30 15:27:36 fw.rodolfoarce.local dhclient[10762]: DHCPDISCOVER on vtnet0 to 255.255.255.255 port 67 interval 9
Jun 30 15:27:45 fw.rodolfoarce.local dhclient[10762]: DHCPDISCOVER on vtnet0 to 255.255.255.255 port 67 interval 18
Jun 30 15:28:00 fw.rodolfoarce.local /usr/sbin/cron[25750]: (root) CMD (/usr/sbin/newsyslog)
Jun 30 15:28:04 fw.rodolfoarce.local dhclient[10762]: DHCPDISCOVER on vtnet0 to 255.255.255.255 port 67 interval 8
Jun 30 15:28:12 fw.rodolfoarce.local dhclient[10762]: DHCPDISCOVER on vtnet0 to 255.255.255.255 port 67 interval 8
Jun 30 15:28:20 fw.rodolfoarce.local dhclient[10762]: DHCPDISCOVER on vtnet0 to 255.255.255.255 port 67 interval 2
Jun 30 15:28:22 fw.rodolfoarce.local dhclient[10762]: No DHCPOFFERS received.
Jun 30 15:28:22 fw.rodolfoarce.local dhclient[10762]: No working leases in persistent database - sleeping.
Jun 30 11:28:22 fw.rodolfoarce.local dhclient[44241]: FAIL
Jun 30 15:28:37 fw.rodolfoarce.local dhclient[10762]: DHCPDISCOVER on vtnet0 to 255.255.255.255 port 67 interval 2
Jun 30 15:28:39 fw.rodolfoarce.local dhclient[10762]: DHCPDISCOVER on vtnet0 to 255.255.255.255 port 67 interval 5
Jun 30 15:28:44 fw.rodolfoarce.local dhclient[10762]: DHCPDISCOVER on vtnet0 to 255.255.255.255 port 67 interval 10
Jun 30 15:28:54 fw.rodolfoarce.local dhclient[10762]: DHCPDISCOVER on vtnet0 to 255.255.255.255 port 67 interval 11
Jun 30 15:29:00 fw.rodolfoarce.local /usr/sbin/cron[44570]: (root) CMD (/usr/sbin/newsyslog)
Jun 30 15:29:05 fw.rodolfoarce.local dhclient[10762]: DHCPDISCOVER on vtnet0 to 255.255.255.255 port 67 interval 9
Jun 30 15:29:12 fw.rodolfoarce.local dhcp6c[28115]: Sending Solicit
Jun 30 15:29:14 fw.rodolfoarce.local dhclient[10762]: DHCPDISCOVER on vtnet0 to 255.255.255.255 port 67 interval 18
Jun 30 15:29:32 fw.rodolfoarce.local dhclient[10762]: DHCPDISCOVER on vtnet0 to 255.255.255.255 port 67 interval 6
Jun 30 15:29:38 fw.rodolfoarce.local dhclient[10762]: No DHCPOFFERS received.
Jun 30 15:29:38 fw.rodolfoarce.local dhclient[10762]: No working leases in persistent database - sleeping.
Jun 30 11:29:38 fw.rodolfoarce.local dhclient[62845]: FAIL
Jun 30 15:29:53 fw.rodolfoarce.local dhclient[10762]: DHCPDISCOVER on vtnet0 to 255.255.255.255 port 67 interval 2
Jun 30 15:29:58 fw.rodolfoarce.local dhclient[10762]: message repeated 2 times: [ DHCPDISCOVER on vtnet0 to 255.255.255.255 port 67 interval 2]
Jun 30 15:30:00 fw.rodolfoarce.local /usr/sbin/cron[63313]: (root) CMD (/usr/sbin/newsyslog)
Jun 30 15:30:00 fw.rodolfoarce.local /usr/sbin/cron[63339]: (root) CMD (/usr/libexec/atrun)
Jun 30 15:30:00 fw.rodolfoarce.local dhclient[10762]: DHCPDISCOVER on vtnet0 to 255.255.255.255 port 67 interval 2
Jun 30 15:30:02 fw.rodolfoarce.local dhclient[10762]: DHCPDISCOVER on vtnet0 to 255.255.255.255 port 67 interval 4
Jun 30 15:30:06 fw.rodolfoarce.local dhclient[10762]: DHCPDISCOVER on vtnet0 to 255.255.255.255 port 67 interval 11
Jun 30 15:30:17 fw.rodolfoarce.local dhclient[10762]: DHCPDISCOVER on vtnet0 to 255.255.255.255 port 67 interval 15
Jun 30 15:30:32 fw.rodolfoarce.local dhclient[10762]: DHCPDISCOVER on vtnet0 to 255.255.255.255 port 67 interval 16
Jun 30 15:30:48 fw.rodolfoarce.local dhclient[10762]: DHCPDISCOVER on vtnet0 to 255.255.255.255 port 67 interval 6
Jun 30 15:30:54 fw.rodolfoarce.local dhclient[10762]: No DHCPOFFERS received.
Jun 30 15:30:54 fw.rodolfoarce.local dhclient[10762]: No working leases in persistent database - sleeping.
Jun 30 11:30:54 fw.rodolfoarce.local dhclient[82109]: FAIL
Jun 30 15:31:00 fw.rodolfoarce.local /usr/sbin/cron[82726]: (root) CMD (/usr/sbin/newsyslog)
Jun 30 15:31:09 fw.rodolfoarce.local dhclient[10762]: DHCPDISCOVER on vtnet0 to 255.255.255.255 port 67 interval 2
Jun 30 15:31:12 fw.rodolfoarce.local dhclient[10762]: DHCPDISCOVER on vtnet0 to 255.255.255.255 port 67 interval 4
Jun 30 15:31:16 fw.rodolfoarce.local dhclient[10762]: DHCPDISCOVER on vtnet0 to 255.255.255.255 port 67 interval 10
Jun 30 15:31:18 fw.rodolfoarce.local dhcp6c[28115]: Sending Solicit
Jun 30 15:31:26 fw.rodolfoarce.local dhclient[10762]: DHCPDISCOVER on vtnet0 to 255.255.255.255 port 67 interval 14
Jun 30 15:31:40 fw.rodolfoarce.local dhclient[10762]: DHCPDISCOVER on vtnet0 to 255.255.255.255 port 67 interval 16
Jun 30 15:31:56 fw.rodolfoarce.local dhclient[10762]: DHCPDISCOVER on vtnet0 to 255.255.255.255 port 67 interval 11
Jun 30 15:32:00 fw.rodolfoarce.local /usr/sbin/cron[99724]: (root) CMD (/usr/sbin/newsyslog)
Jun 30 15:32:07 fw.rodolfoarce.local dhclient[10762]: DHCPDISCOVER on vtnet0 to 255.255.255.255 port 67 interval 3
Jun 30 15:32:10 fw.rodolfoarce.local dhclient[10762]: No DHCPOFFERS received.
Jun 30 15:32:10 fw.rodolfoarce.local dhclient[10762]: No working leases in persistent database - sleeping.
