Jul  3 17:20:21 fw.rodolfoarce.local dhclient[10762]: No DHCPOFFERS received.
Jul  3 17:20:21 fw.rodolfoarce.local dhclient[10762]: No working leases in persistent database - sleeping.
Jul  3 13:20:21 fw.rodolfoarce.local dhclient[55155]: FAIL
Jul  3 17:20:36 fw.rodolfoarce.local dhclient[10762]: DHCPDISCOVER on vtnet0 to 255.255.255.255 port 67 interval 1
Jul  3 17:20:39 fw.rodolfoarce.local dhclient[10762]: message repeated 3 times: [ DHCPDISCOVER on vtnet0 to 255.255.255.255 port 67 interval 1]
Jul  3 17:20:40 fw.rodolfoarce.local dhclient[10762]: DHCPDISCOVER on vtnet0 to 255.255.255.255 port 67 interval 2
Jul  3 17:20:42 fw.rodolfoarce.local dhclient[10762]: DHCPDISCOVER on vtnet0 to 255.255.255.255 port 67 interval 4
Jul  3 17:20:46 fw.rodolfoarce.local dhclient[10762]: DHCPDISCOVER on vtnet0 to 255.255.255.255 port 67 interval 7
Jul  3 17:20:53 fw.rodolfoarce.local dhclient[10762]: DHCPDISCOVER on vtnet0 to 255.255.255.255 port 67 interval 13
Jul  3 17:21:00 fw.rodolfoarce.local /usr/sbin/cron[73251]: (root) CMD (/usr/sbin/newsyslog)
Jul  3 17:21:06 fw.rodolfoarce.local dhclient[10762]: DHCPDISCOVER on vtnet0 to 255.255.255.255 port 67 interval 20
Jul  3 17:21:26 fw.rodolfoarce.local dhclient[10762]: DHCPDISCOVER on vtnet0 to 255.255.255.255 port 67 interval 11
Jul  3 17:21:37 fw.rodolfoarce.local dhclient[10762]: No DHCPOFFERS received.
Jul  3 17:21:37 fw.rodolfoarce.local dhclient[10762]: No working leases in persistent database - sleeping.
Jul  3 13:21:37 fw.rodolfoarce.local dhclient[74461]: FAIL
Jul  3 17:21:49 fw.rodolfoarce.local dhcp6c[28115]: Sending Solicit
Jul  3 17:21:52 fw.rodolfoarce.local dhclient[10762]: DHCPDISCOVER on vtnet0 to 255.255.255.255 port 67 interval 1
Jul  3 17:21:53 fw.rodolfoarce.local dhclient[10762]: DHCPDISCOVER on vtnet0 to 255.255.255.255 port 67 interval 2
Jul  3 17:21:55 fw.rodolfoarce.local dhclient[10762]: DHCPDISCOVER on vtnet0 to 255.255.255.255 port 67 interval 5
Jul  3 17:22:00 fw.rodolfoarce.local /usr/sbin/cron[94644]: (root) CMD (/usr/sbin/newsyslog)
Jul  3 17:22:01 fw.rodolfoarce.local dhclient[10762]: DHCPDISCOVER on vtnet0 to 255.255.255.255 port 67 interval 6
Jul  3 17:22:07 fw.rodolfoarce.local dhclient[10762]: DHCPDISCOVER on vtnet0 to 255.255.255.255 port 67 interval 7
Jul  3 17:22:14 fw.rodolfoarce.local dhclient[10762]: DHCPDISCOVER on vtnet0 to 255.255.255.255 port 67 interval 11
Jul  3 17:22:25 fw.rodolfoarce.local dhclient[10762]: DHCPDISCOVER on vtnet0 to 255.255.255.255 port 67 interval 13
Jul  3 17:22:38 fw.rodolfoarce.local dhclient[10762]: DHCPDISCOVER on vtnet0 to 255.255.255.255 port 67 interval 8
Jul  3 17:22:46 fw.rodolfoarce.local dhclient[10762]: DHCPDISCOVER on vtnet0 to 255.255.255.255 port 67 interval 7
Jul  3 17:22:53 fw.rodolfoarce.local dhclient[10762]: No DHCPOFFERS received.
Jul  3 17:22:53 fw.rodolfoarce.local dhclient[10762]: No working leases in persistent database - sleeping.
Jul  3 13:22:53 fw.rodolfoarce.local dhclient[7266]: FAIL
Jul  3 17:23:00 fw.rodolfoarce.local /usr/sbin/cron[13877]: (root) CMD (/usr/sbin/newsyslog)
Jul  3 17:23:08 fw.rodolfoarce.local dhclient[10762]: DHCPDISCOVER on vtnet0 to 255.255.255.255 port 67 interval 1
Jul  3 17:23:09 fw.rodolfoarce.local dhclient[10762]: DHCPDISCOVER on vtnet0 to 255.255.255.255 port 67 interval 2
Jul  3 17:23:11 fw.rodolfoarce.local dhclient[10762]: DHCPDISCOVER on vtnet0 to 255.255.255.255 port 67 interval 4
Jul  3 17:23:15 fw.rodolfoarce.local dhclient[10762]: DHCPDISCOVER on vtnet0 to 255.255.255.255 port 67 interval 10
Jul  3 17:23:25 fw.rodolfoarce.local dhclient[10762]: DHCPDISCOVER on vtnet0 to 255.255.255.255 port 67 interval 14
Jul  3 17:23:39 fw.rodolfoarce.local dhcp6c[28115]: Sending Solicit
Jul  3 17:23:40 fw.rodolfoarce.local dhclient[10762]: DHCPDISCOVER on vtnet0 to 255.255.255.255 port 67 interval 20
Jul  3 17:24:00 fw.rodolfoarce.local /usr/sbin/cron[33366]: (root) CMD (/usr/sbin/newsyslog)
Jul  3 17:24:00 fw.rodolfoarce.local dhclient[10762]: DHCPDISCOVER on vtnet0 to 255.255.255.255 port 67 interval 9
Jul  3 17:24:09 fw.rodolfoarce.local dhclient[10762]: No DHCPOFFERS received.
Jul  3 17:24:09 fw.rodolfoarce.local dhclient[10762]: No working leases in persistent database - sleeping.
Jul  3 13:24:09 fw.rodolfoarce.local dhclient[34157]: FAIL
Jul  3 17:24:24 fw.rodolfoarce.local dhclient[10762]: DHCPDISCOVER on vtnet0 to 255.255.255.255 port 67 interval 1
Jul  3 17:24:25 fw.rodolfoarce.local dhclient[10762]: DHCPDISCOVER on vtnet0 to 255.255.255.255 port 67 interval 2
Jul  3 17:24:27 fw.rodolfoarce.local dhclient[10762]: DHCPDISCOVER on vtnet0 to 255.255.255.255 port 67 interval 4
Jul  3 17:24:31 fw.rodolfoarce.local dhclient[10762]: DHCPDISCOVER on vtnet0 to 255.255.255.255 port 67 interval 11
Jul  3 17:24:42 fw.rodolfoarce.local dhclient[10762]: DHCPDISCOVER on vtnet0 to 255.255.255.255 port 67 interval 20
Jul  3 17:25:00 fw.rodolfoarce.local /usr/sbin/cron[52214]: (root) CMD (/usr/libexec/atrun)
Jul  3 17:25:00 fw.rodolfoarce.local /usr/sbin/cron[52056]: (root) CMD (/usr/sbin/newsyslog)
Jul  3 17:25:02 fw.rodolfoarce.local dhclient[10762]: DHCPDISCOVER on vtnet0 to 255.255.255.255 port 67 interval 21
Jul  3 17:25:23 fw.rodolfoarce.local dhclient[10762]: DHCPDISCOVER on vtnet0 to 255.255.255.255 port 67 interval 2
Jul  3 17:25:25 fw.rodolfoarce.local dhclient[10762]: No DHCPOFFERS received.
Jul  3 17:25:25 fw.rodolfoarce.local dhclient[10762]: No working leases in persistent database - sleeping.
Jul  3 13:25:25 fw.rodolfoarce.local dhclient[53323]: FAIL
Jul  3 17:25:31 fw.rodolfoarce.local filterlog[32783]: 4,,,1000000103,vtnet0,match,block,in,4,0x0,,240,54321,0,none,17,udp,71,95.214.53.134,10.255.255.1,16079,53,51
Jul  3 17:25:41 fw.rodolfoarce.local dhclient[10762]: DHCPDISCOVER on vtnet0 to 255.255.255.255 port 67 interval 1
Jul  3 17:25:43 fw.rodolfoarce.local dhclient[10762]: message repeated 2 times: [ DHCPDISCOVER on vtnet0 to 255.255.255.255 port 67 interval 1]
Jul  3 17:25:44 fw.rodolfoarce.local dhclient[10762]: DHCPDISCOVER on vtnet0 to 255.255.255.255 port 67 interval 2
Jul  3 17:25:45 fw.rodolfoarce.local dhcp6c[28115]: Sending Solicit
Jul  3 17:25:46 fw.rodolfoarce.local dhclient[10762]: DHCPDISCOVER on vtnet0 to 255.255.255.255 port 67 interval 3
Jul  3 17:25:49 fw.rodolfoarce.local dhclient[10762]: DHCPDISCOVER on vtnet0 to 255.255.255.255 port 67 interval 6
Jul  3 17:25:55 fw.rodolfoarce.local dhclient[10762]: DHCPDISCOVER on vtnet0 to 255.255.255.255 port 67 interval 9
Jul  3 17:26:00 fw.rodolfoarce.local /usr/sbin/cron[72729]: (root) CMD (/usr/sbin/newsyslog)
Jul  3 17:26:04 fw.rodolfoarce.local dhclient[10762]: DHCPDISCOVER on vtnet0 to 255.255.255.255 port 67 interval 7
Jul  3 17:26:11 fw.rodolfoarce.local dhclient[10762]: DHCPDISCOVER on vtnet0 to 255.255.255.255 port 67 interval 8
Jul  3 17:26:19 fw.rodolfoarce.local dhclient[10762]: DHCPDISCOVER on vtnet0 to 255.255.255.255 port 67 interval 13
Jul  3 17:26:32 fw.rodolfoarce.local dhclient[10762]: DHCPDISCOVER on vtnet0 to 255.255.255.255 port 67 interval 7
Jul  3 17:26:39 fw.rodolfoarce.local dhclient[10762]: DHCPDISCOVER on vtnet0 to 255.255.255.255 port 67 interval 3
Jul  3 17:26:42 fw.rodolfoarce.local dhclient[10762]: No DHCPOFFERS received.
Jul  3 17:26:42 fw.rodolfoarce.local dhclient[10762]: No working leases in persistent database - sleeping.
Jul  3 13:26:42 fw.rodolfoarce.local dhclient[73347]: FAIL
Jul  3 17:26:57 fw.rodolfoarce.local dhclient[10762]: DHCPDISCOVER on vtnet0 to 255.255.255.255 port 67 interval 1
Jul  3 17:26:58 fw.rodolfoarce.local dhclient[10762]: DHCPDISCOVER on vtnet0 to 255.255.255.255 port 67 interval 1
Jul  3 17:26:59 fw.rodolfoarce.local dhclient[10762]: DHCPDISCOVER on vtnet0 to 255.255.255.255 port 67 interval 2
Jul  3 17:27:00 fw.rodolfoarce.local /usr/sbin/cron[93288]: (root) CMD (/usr/sbin/newsyslog)
Jul  3 17:27:01 fw.rodolfoarce.local dhclient[10762]: DHCPDISCOVER on vtnet0 to 255.255.255.255 port 67 interval 3
Jul  3 17:27:05 fw.rodolfoarce.local dhclient[10762]: DHCPDISCOVER on vtnet0 to 255.255.255.255 port 67 interval 8
Jul  3 17:27:13 fw.rodolfoarce.local dhclient[10762]: DHCPDISCOVER on vtnet0 to 255.255.255.255 port 67 interval 10
Jul  3 17:27:23 fw.rodolfoarce.local dhclient[10762]: DHCPDISCOVER on vtnet0 to 255.255.255.255 port 67 interval 16
Jul  3 17:27:39 fw.rodolfoarce.local dhclient[10762]: DHCPDISCOVER on vtnet0 to 255.255.255.255 port 67 interval 7
Jul  3 17:27:42 fw.rodolfoarce.local dhcp6c[28115]: Sending Solicit
Jul  3 17:27:46 fw.rodolfoarce.local dhclient[10762]: DHCPDISCOVER on vtnet0 to 255.255.255.255 port 67 interval 10
Jul  3 17:27:56 fw.rodolfoarce.local dhclient[10762]: DHCPDISCOVER on vtnet0 to 255.255.255.255 port 67 interval 2
Jul  3 17:27:58 fw.rodolfoarce.local dhclient[10762]: No DHCPOFFERS received.
Jul  3 17:27:58 fw.rodolfoarce.local dhclient[10762]: No working leases in persistent database - sleeping.
Jul  3 13:27:58 fw.rodolfoarce.local dhclient[94165]: FAIL
Jul  3 17:28:00 fw.rodolfoarce.local /usr/sbin/cron[4526]: (root) CMD (/usr/sbin/newsyslog)
Jul  3 17:28:13 fw.rodolfoarce.local dhclient[10762]: DHCPDISCOVER on vtnet0 to 255.255.255.255 port 67 interval 1
Jul  3 17:28:15 fw.rodolfoarce.local dhclient[10762]: message repeated 2 times: [ DHCPDISCOVER on vtnet0 to 255.255.255.255 port 67 interval 1]
Jul  3 17:28:16 fw.rodolfoarce.local dhclient[10762]: DHCPDISCOVER on vtnet0 to 255.255.255.255 port 67 interval 2
Jul  3 17:28:18 fw.rodolfoarce.local dhclient[10762]: DHCPDISCOVER on vtnet0 to 255.255.255.255 port 67 interval 2
Jul  3 17:28:20 fw.rodolfoarce.local dhclient[10762]: DHCPDISCOVER on vtnet0 to 255.255.255.255 port 67 interval 3
Jul  3 17:28:23 fw.rodolfoarce.local dhclient[10762]: DHCPDISCOVER on vtnet0 to 255.255.255.255 port 67 interval 6
Jul  3 17:28:29 fw.rodolfoarce.local dhclient[10762]: DHCPDISCOVER on vtnet0 to 255.255.255.255 port 67 interval 9
Jul  3 17:28:38 fw.rodolfoarce.local dhclient[10762]: DHCPDISCOVER on vtnet0 to 255.255.255.255 port 67 interval 17
Jul  3 17:28:52 fw.rodolfoarce.local filterlog[32783]: 4,,,1000000103,vtnet0,match,block,in,4,0x0,,239,19593,0,none,6,tcp,40,79.124.62.126,10.255.255.1,46644,53,0,S,3756024014,,1024,,
Jul  3 17:28:55 fw.rodolfoarce.local dhclient[10762]: DHCPDISCOVER on vtnet0 to 255.255.255.255 port 67 interval 8
Jul  3 17:29:00 fw.rodolfoarce.local /usr/sbin/cron[12247]: (root) CMD (/usr/sbin/newsyslog)
Jul  3 17:29:04 fw.rodolfoarce.local dhclient[10762]: DHCPDISCOVER on vtnet0 to 255.255.255.255 port 67 interval 10
Jul  3 17:29:14 fw.rodolfoarce.local dhclient[10762]: No DHCPOFFERS received.
Jul  3 17:29:14 fw.rodolfoarce.local dhclient[10762]: No working leases in persistent database - sleeping.
Jul  3 13:29:14 fw.rodolfoarce.local dhclient[30778]: FAIL
Jul  3 17:29:29 fw.rodolfoarce.local dhclient[10762]: DHCPDISCOVER on vtnet0 to 255.255.255.255 port 67 interval 2
Jul  3 17:29:31 fw.rodolfoarce.local dhclient[10762]: DHCPDISCOVER on vtnet0 to 255.255.255.255 port 67 interval 4
Jul  3 17:29:34 fw.rodolfoarce.local dhcp6c[28115]: Sending Solicit
Jul  3 17:29:35 fw.rodolfoarce.local dhclient[10762]: DHCPDISCOVER on vtnet0 to 255.255.255.255 port 67 interval 9
Jul  3 17:29:44 fw.rodolfoarce.local dhclient[10762]: DHCPDISCOVER on vtnet0 to 255.255.255.255 port 67 interval 15
Jul  3 17:29:59 fw.rodolfoarce.local dhclient[10762]: DHCPDISCOVER on vtnet0 to 255.255.255.255 port 67 interval 11
Jul  3 17:30:00 fw.rodolfoarce.local /usr/sbin/cron[31667]: (root) CMD (/usr/libexec/atrun)
Jul  3 17:30:00 fw.rodolfoarce.local /usr/sbin/cron[31534]: (root) CMD (/usr/sbin/newsyslog)
Jul  3 17:30:10 fw.rodolfoarce.local dhclient[10762]: DHCPDISCOVER on vtnet0 to 255.255.255.255 port 67 interval 15
Jul  3 17:30:25 fw.rodolfoarce.local dhclient[10762]: DHCPDISCOVER on vtnet0 to 255.255.255.255 port 67 interval 5
Jul  3 17:30:30 fw.rodolfoarce.local dhclient[10762]: No DHCPOFFERS received.
Jul  3 17:30:30 fw.rodolfoarce.local dhclient[10762]: No working leases in persistent database - sleeping.
Jul  3 13:30:30 fw.rodolfoarce.local dhclient[48847]: FAIL
Jul  3 17:30:45 fw.rodolfoarce.local dhclient[10762]: DHCPDISCOVER on vtnet0 to 255.255.255.255 port 67 interval 2
Jul  3 17:30:47 fw.rodolfoarce.local dhclient[10762]: DHCPDISCOVER on vtnet0 to 255.255.255.255 port 67 interval 3
Jul  3 17:30:50 fw.rodolfoarce.local dhclient[10762]: DHCPDISCOVER on vtnet0 to 255.255.255.255 port 67 interval 5
Jul  3 17:30:55 fw.rodolfoarce.local dhclient[10762]: DHCPDISCOVER on vtnet0 to 255.255.255.255 port 67 interval 6
Jul  3 17:31:00 fw.rodolfoarce.local /usr/sbin/cron[49118]: (root) CMD (/usr/sbin/newsyslog)
Jul  3 17:31:01 fw.rodolfoarce.local dhclient[10762]: DHCPDISCOVER on vtnet0 to 255.255.255.255 port 67 interval 14
Jul  3 17:31:15 fw.rodolfoarce.local dhclient[10762]: DHCPDISCOVER on vtnet0 to 255.255.255.255 port 67 interval 12
Jul  3 17:31:28 fw.rodolfoarce.local dhclient[10762]: DHCPDISCOVER on vtnet0 to 255.255.255.255 port 67 interval 18
Jul  3 17:31:34 fw.rodolfoarce.local dhcp6c[28115]: Sending Solicit
Jul  3 17:31:46 fw.rodolfoarce.local dhclient[10762]: No DHCPOFFERS received.
Jul  3 17:31:46 fw.rodolfoarce.local dhclient[10762]: No working leases in persistent database - sleeping.
Jul  3 13:31:46 fw.rodolfoarce.local dhclient[67381]: FAIL
Jul  3 17:32:00 fw.rodolfoarce.local /usr/sbin/cron[67654]: (root) CMD (/usr/sbin/newsyslog)
Jul  3 17:32:01 fw.rodolfoarce.local dhclient[10762]: DHCPDISCOVER on vtnet0 to 255.255.255.255 port 67 interval 2
Jul  3 17:32:03 fw.rodolfoarce.local dhclient[10762]: DHCPDISCOVER on vtnet0 to 255.255.255.255 port 67 interval 4
Jul  3 17:32:07 fw.rodolfoarce.local dhclient[10762]: DHCPDISCOVER on vtnet0 to 255.255.255.255 port 67 interval 11
Jul  3 17:32:18 fw.rodolfoarce.local dhclient[10762]: DHCPDISCOVER on vtnet0 to 255.255.255.255 port 67 interval 8
Jul  3 17:32:26 fw.rodolfoarce.local dhclient[10762]: DHCPDISCOVER on vtnet0 to 255.255.255.255 port 67 interval 12
Jul  3 17:32:38 fw.rodolfoarce.local dhclient[10762]: DHCPDISCOVER on vtnet0 to 255.255.255.255 port 67 interval 12
Jul  3 17:32:50 fw.rodolfoarce.local dhclient[10762]: DHCPDISCOVER on vtnet0 to 255.255.255.255 port 67 interval 11
Jul  3 17:33:00 fw.rodolfoarce.local /usr/sbin/cron[87905]: (root) CMD (/usr/sbin/newsyslog)
Jul  3 17:33:01 fw.rodolfoarce.local dhclient[10762]: DHCPDISCOVER on vtnet0 to 255.255.255.255 port 67 interval 1
Jul  3 17:33:02 fw.rodolfoarce.local dhclient[10762]: No DHCPOFFERS received.
Jul  3 17:33:02 fw.rodolfoarce.local dhclient[10762]: No working leases in persistent database - sleeping.
Jul  3 13:33:02 fw.rodolfoarce.local dhclient[88792]: FAIL
Jul  3 17:33:17 fw.rodolfoarce.local dhclient[10762]: DHCPDISCOVER on vtnet0 to 255.255.255.255 port 67 interval 1
Jul  3 17:33:23 fw.rodolfoarce.local dhclient[10762]: message repeated 5 times: [ DHCPDISCOVER on vtnet0 to 255.255.255.255 port 67 interval 1]
Jul  3 17:33:23 fw.rodolfoarce.local dhcp6c[28115]: Sending Solicit
Jul  3 17:33:24 fw.rodolfoarce.local dhclient[10762]: DHCPDISCOVER on vtnet0 to 255.255.255.255 port 67 interval 2
Jul  3 17:33:26 fw.rodolfoarce.local dhclient[10762]: DHCPDISCOVER on vtnet0 to 255.255.255.255 port 67 interval 4
Jul  3 17:33:30 fw.rodolfoarce.local dhclient[10762]: DHCPDISCOVER on vtnet0 to 255.255.255.255 port 67 interval 11
Jul  3 17:33:41 fw.rodolfoarce.local dhclient[10762]: DHCPDISCOVER on vtnet0 to 255.255.255.255 port 67 interval 8
Jul  3 17:33:49 fw.rodolfoarce.local dhclient[10762]: DHCPDISCOVER on vtnet0 to 255.255.255.255 port 67 interval 11
Jul  3 17:34:00 fw.rodolfoarce.local /usr/sbin/cron[8402]: (root) CMD (/usr/sbin/newsyslog)
Jul  3 17:34:00 fw.rodolfoarce.local dhclient[10762]: DHCPDISCOVER on vtnet0 to 255.255.255.255 port 67 interval 13
Jul  3 17:34:13 fw.rodolfoarce.local dhclient[10762]: DHCPDISCOVER on vtnet0 to 255.255.255.255 port 67 interval 5
Jul  3 17:34:18 fw.rodolfoarce.local dhclient[10762]: No DHCPOFFERS received.
Jul  3 17:34:18 fw.rodolfoarce.local dhclient[10762]: No working leases in persistent database - sleeping.
Jul  3 13:34:18 fw.rodolfoarce.local dhclient[25669]: FAIL
Jul  3 17:34:33 fw.rodolfoarce.local dhclient[10762]: DHCPDISCOVER on vtnet0 to 255.255.255.255 port 67 interval 2
Jul  3 17:34:36 fw.rodolfoarce.local dhclient[10762]: DHCPDISCOVER on vtnet0 to 255.255.255.255 port 67 interval 5
Jul  3 17:34:41 fw.rodolfoarce.local dhclient[10762]: DHCPDISCOVER on vtnet0 to 255.255.255.255 port 67 interval 12
Jul  3 17:34:53 fw.rodolfoarce.local dhclient[10762]: DHCPDISCOVER on vtnet0 to 255.255.255.255 port 67 interval 17
Jul  3 17:35:00 fw.rodolfoarce.local /usr/sbin/cron[26355]: (root) CMD (/usr/libexec/atrun)
Jul  3 17:35:00 fw.rodolfoarce.local /usr/sbin/cron[26052]: (root) CMD (/usr/sbin/newsyslog)
Jul  3 17:35:10 fw.rodolfoarce.local dhclient[10762]: DHCPDISCOVER on vtnet0 to 255.255.255.255 port 67 interval 19
Jul  3 17:35:29 fw.rodolfoarce.local dhclient[10762]: DHCPDISCOVER on vtnet0 to 255.255.255.255 port 67 interval 5
Jul  3 17:35:31 fw.rodolfoarce.local dhcp6c[28115]: Sending Solicit
Jul  3 17:35:34 fw.rodolfoarce.local dhclient[10762]: No DHCPOFFERS received.
Jul  3 17:35:34 fw.rodolfoarce.local dhclient[10762]: No working leases in persistent database - sleeping.
Jul  3 13:35:34 fw.rodolfoarce.local dhclient[45419]: FAIL
Jul  3 17:35:49 fw.rodolfoarce.local dhclient[10762]: DHCPDISCOVER on vtnet0 to 255.255.255.255 port 67 interval 1
Jul  3 17:35:50 fw.rodolfoarce.local dhclient[10762]: DHCPDISCOVER on vtnet0 to 255.255.255.255 port 67 interval 1
Jul  3 17:35:51 fw.rodolfoarce.local dhclient[10762]: DHCPDISCOVER on vtnet0 to 255.255.255.255 port 67 interval 2
Jul  3 17:35:53 fw.rodolfoarce.local dhclient[10762]: DHCPDISCOVER on vtnet0 to 255.255.255.255 port 67 interval 4
Jul  3 17:35:57 fw.rodolfoarce.local dhclient[10762]: DHCPDISCOVER on vtnet0 to 255.255.255.255 port 67 interval 8
Jul  3 17:36:00 fw.rodolfoarce.local /usr/sbin/cron[45722]: (root) CMD (/usr/sbin/newsyslog)
Jul  3 17:36:05 fw.rodolfoarce.local dhclient[10762]: DHCPDISCOVER on vtnet0 to 255.255.255.255 port 67 interval 9
Jul  3 17:36:14 fw.rodolfoarce.local dhclient[10762]: DHCPDISCOVER on vtnet0 to 255.255.255.255 port 67 interval 9
Jul  3 17:36:23 fw.rodolfoarce.local dhclient[10762]: DHCPDISCOVER on vtnet0 to 255.255.255.255 port 67 interval 7
Jul  3 17:36:30 fw.rodolfoarce.local dhclient[10762]: DHCPDISCOVER on vtnet0 to 255.255.255.255 port 67 interval 12
Jul  3 17:36:42 fw.rodolfoarce.local dhclient[10762]: DHCPDISCOVER on vtnet0 to 255.255.255.255 port 67 interval 8
Jul  3 17:36:51 fw.rodolfoarce.local dhclient[10762]: No DHCPOFFERS received.
Jul  3 17:36:51 fw.rodolfoarce.local dhclient[10762]: No working leases in persistent database - sleeping.
Jul  3 13:36:51 fw.rodolfoarce.local dhclient[63673]: FAIL
Jul  3 17:37:00 fw.rodolfoarce.local /usr/sbin/cron[64276]: (root) CMD (/usr/sbin/newsyslog)
Jul  3 17:37:06 fw.rodolfoarce.local dhclient[10762]: DHCPDISCOVER on vtnet0 to 255.255.255.255 port 67 interval 1
Jul  3 17:37:08 fw.rodolfoarce.local dhclient[10762]: message repeated 2 times: [ DHCPDISCOVER on vtnet0 to 255.255.255.255 port 67 interval 1]
Jul  3 17:37:09 fw.rodolfoarce.local dhclient[10762]: DHCPDISCOVER on vtnet0 to 255.255.255.255 port 67 interval 2
Jul  3 17:37:11 fw.rodolfoarce.local dhclient[10762]: DHCPDISCOVER on vtnet0 to 255.255.255.255 port 67 interval 3
Jul  3 17:37:14 fw.rodolfoarce.local dhclient[10762]: DHCPDISCOVER on vtnet0 to 255.255.255.255 port 67 interval 4
Jul  3 17:37:18 fw.rodolfoarce.local dhclient[10762]: DHCPDISCOVER on vtnet0 to 255.255.255.255 port 67 interval 11
Jul  3 17:37:19 fw.rodolfoarce.local filterlog[32783]: 4,,,1000000103,vtnet0,match,block,in,4,0x0,,240,54321,0,none,17,udp,60,185.94.111.1,10.255.255.1,49923,53,40
Jul  3 17:37:29 fw.rodolfoarce.local dhclient[10762]: DHCPDISCOVER on vtnet0 to 255.255.255.255 port 67 interval 19
Jul  3 17:37:40 fw.rodolfoarce.local dhcp6c[28115]: Sending Solicit
Jul  3 17:37:48 fw.rodolfoarce.local dhclient[10762]: DHCPDISCOVER on vtnet0 to 255.255.255.255 port 67 interval 15
Jul  3 17:38:00 fw.rodolfoarce.local /usr/sbin/cron[83381]: (root) CMD (/usr/sbin/newsyslog)
Jul  3 17:38:03 fw.rodolfoarce.local dhclient[10762]: DHCPDISCOVER on vtnet0 to 255.255.255.255 port 67 interval 4
Jul  3 17:38:07 fw.rodolfoarce.local dhclient[10762]: No DHCPOFFERS received.
Jul  3 17:38:07 fw.rodolfoarce.local dhclient[10762]: No working leases in persistent database - sleeping.
Jul  3 13:38:07 fw.rodolfoarce.local dhclient[84297]: FAIL
Jul  3 17:38:22 fw.rodolfoarce.local dhclient[10762]: DHCPDISCOVER on vtnet0 to 255.255.255.255 port 67 interval 2
Jul  3 17:38:24 fw.rodolfoarce.local dhclient[10762]: DHCPDISCOVER on vtnet0 to 255.255.255.255 port 67 interval 5
Jul  3 17:38:29 fw.rodolfoarce.local dhclient[10762]: DHCPDISCOVER on vtnet0 to 255.255.255.255 port 67 interval 9
Jul  3 17:38:38 fw.rodolfoarce.local dhclient[10762]: DHCPDISCOVER on vtnet0 to 255.255.255.255 port 67 interval 19
Jul  3 17:38:57 fw.rodolfoarce.local dhclient[10762]: DHCPDISCOVER on vtnet0 to 255.255.255.255 port 67 interval 9
Jul  3 17:39:00 fw.rodolfoarce.local /usr/sbin/cron[3998]: (root) CMD (/usr/sbin/newsyslog)
Jul  3 17:39:07 fw.rodolfoarce.local dhclient[10762]: DHCPDISCOVER on vtnet0 to 255.255.255.255 port 67 interval 16
Jul  3 17:39:23 fw.rodolfoarce.local dhclient[10762]: No DHCPOFFERS received.
Jul  3 17:39:23 fw.rodolfoarce.local dhclient[10762]: No working leases in persistent database - sleeping.
Jul  3 13:39:23 fw.rodolfoarce.local dhclient[22955]: FAIL
Jul  3 17:39:30 fw.rodolfoarce.local dhcp6c[28115]: Sending Solicit
Jul  3 17:39:38 fw.rodolfoarce.local dhclient[10762]: DHCPDISCOVER on vtnet0 to 255.255.255.255 port 67 interval 2
Jul  3 17:39:40 fw.rodolfoarce.local dhclient[10762]: DHCPDISCOVER on vtnet0 to 255.255.255.255 port 67 interval 5
Jul  3 17:39:45 fw.rodolfoarce.local dhclient[10762]: DHCPDISCOVER on vtnet0 to 255.255.255.255 port 67 interval 11
Jul  3 17:39:56 fw.rodolfoarce.local dhclient[10762]: DHCPDISCOVER on vtnet0 to 255.255.255.255 port 67 interval 7
Jul  3 17:40:00 fw.rodolfoarce.local /usr/sbin/cron[23511]: (root) CMD (/usr/sbin/newsyslog)
Jul  3 17:40:00 fw.rodolfoarce.local /usr/sbin/cron[23540]: (root) CMD (/usr/libexec/atrun)
Jul  3 17:40:03 fw.rodolfoarce.local dhclient[10762]: DHCPDISCOVER on vtnet0 to 255.255.255.255 port 67 interval 18
Jul  3 17:40:21 fw.rodolfoarce.local dhclient[10762]: DHCPDISCOVER on vtnet0 to 255.255.255.255 port 67 interval 18
Jul  3 17:40:39 fw.rodolfoarce.local dhclient[10762]: No DHCPOFFERS received.
Jul  3 17:40:39 fw.rodolfoarce.local dhclient[10762]: No working leases in persistent database - sleeping.
Jul  3 13:40:39 fw.rodolfoarce.local dhclient[42844]: FAIL
Jul  3 17:40:54 fw.rodolfoarce.local dhclient[10762]: DHCPDISCOVER on vtnet0 to 255.255.255.255 port 67 interval 2
Jul  3 17:40:56 fw.rodolfoarce.local dhclient[10762]: DHCPDISCOVER on vtnet0 to 255.255.255.255 port 67 interval 5
Jul  3 17:41:00 fw.rodolfoarce.local /usr/sbin/cron[43334]: (root) CMD (/usr/sbin/newsyslog)
Jul  3 17:41:01 fw.rodolfoarce.local dhclient[10762]: DHCPDISCOVER on vtnet0 to 255.255.255.255 port 67 interval 6
Jul  3 17:41:07 fw.rodolfoarce.local dhclient[10762]: DHCPDISCOVER on vtnet0 to 255.255.255.255 port 67 interval 8
Jul  3 17:41:16 fw.rodolfoarce.local dhclient[10762]: DHCPDISCOVER on vtnet0 to 255.255.255.255 port 67 interval 15
Jul  3 17:41:31 fw.rodolfoarce.local dhclient[10762]: DHCPDISCOVER on vtnet0 to 255.255.255.255 port 67 interval 20
Jul  3 17:41:41 fw.rodolfoarce.local dhcp6c[28115]: Sending Solicit
Jul  3 17:41:51 fw.rodolfoarce.local dhclient[10762]: DHCPDISCOVER on vtnet0 to 255.255.255.255 port 67 interval 4
Jul  3 17:41:55 fw.rodolfoarce.local dhclient[10762]: No DHCPOFFERS received.
Jul  3 17:41:55 fw.rodolfoarce.local dhclient[10762]: No working leases in persistent database - sleeping.
Jul  3 13:41:55 fw.rodolfoarce.local dhclient[64148]: FAIL
Jul  3 17:42:00 fw.rodolfoarce.local /usr/sbin/cron[64399]: (root) CMD (/usr/sbin/newsyslog)
Jul  3 17:42:10 fw.rodolfoarce.local dhclient[10762]: DHCPDISCOVER on vtnet0 to 255.255.255.255 port 67 interval 2
Jul  3 17:42:12 fw.rodolfoarce.local dhclient[10762]: DHCPDISCOVER on vtnet0 to 255.255.255.255 port 67 interval 5
Jul  3 17:42:17 fw.rodolfoarce.local dhclient[10762]: DHCPDISCOVER on vtnet0 to 255.255.255.255 port 67 interval 14
Jul  3 17:42:31 fw.rodolfoarce.local dhclient[10762]: DHCPDISCOVER on vtnet0 to 255.255.255.255 port 67 interval 12
Jul  3 17:42:43 fw.rodolfoarce.local dhclient[10762]: DHCPDISCOVER on vtnet0 to 255.255.255.255 port 67 interval 15
Jul  3 17:42:58 fw.rodolfoarce.local dhclient[10762]: DHCPDISCOVER on vtnet0 to 255.255.255.255 port 67 interval 13
Jul  3 17:43:00 fw.rodolfoarce.local /usr/sbin/cron[83879]: (root) CMD (/usr/sbin/newsyslog)
Jul  3 17:43:11 fw.rodolfoarce.local dhclient[10762]: No DHCPOFFERS received.
Jul  3 17:43:11 fw.rodolfoarce.local dhclient[10762]: No working leases in persistent database - sleeping.
Jul  3 13:43:11 fw.rodolfoarce.local dhclient[84744]: FAIL
Jul  3 17:43:26 fw.rodolfoarce.local dhclient[10762]: DHCPDISCOVER on vtnet0 to 255.255.255.255 port 67 interval 1
Jul  3 17:43:27 fw.rodolfoarce.local dhclient[10762]: DHCPDISCOVER on vtnet0 to 255.255.255.255 port 67 interval 1
Jul  3 17:43:28 fw.rodolfoarce.local dhclient[10762]: DHCPDISCOVER on vtnet0 to 255.255.255.255 port 67 interval 2
Jul  3 17:43:30 fw.rodolfoarce.local dhclient[10762]: DHCPDISCOVER on vtnet0 to 255.255.255.255 port 67 interval 5
Jul  3 17:43:35 fw.rodolfoarce.local dhclient[10762]: DHCPDISCOVER on vtnet0 to 255.255.255.255 port 67 interval 8
Jul  3 17:43:39 fw.rodolfoarce.local dhcp6c[28115]: Sending Solicit
Jul  3 17:43:43 fw.rodolfoarce.local dhclient[10762]: DHCPDISCOVER on vtnet0 to 255.255.255.255 port 67 interval 13
Jul  3 17:43:57 fw.rodolfoarce.local dhclient[10762]: DHCPDISCOVER on vtnet0 to 255.255.255.255 port 67 interval 21
Jul  3 17:44:00 fw.rodolfoarce.local /usr/sbin/cron[5094]: (root) CMD (/usr/sbin/newsyslog)
Jul  3 17:44:18 fw.rodolfoarce.local dhclient[10762]: DHCPDISCOVER on vtnet0 to 255.255.255.255 port 67 interval 9
Jul  3 17:44:27 fw.rodolfoarce.local dhclient[10762]: No DHCPOFFERS received.
Jul  3 17:44:27 fw.rodolfoarce.local dhclient[10762]: No working leases in persistent database - sleeping.
Jul  3 13:44:27 fw.rodolfoarce.local dhclient[24406]: FAIL
Jul  3 17:44:41 fw.rodolfoarce.local filterlog[32783]: 4,,,1000000103,vtnet1,match,block,in,4,0x0,,64,25452,0,DF,6,tcp,76,10.1.1.3,104.21.40.220,33136,443,24,PA,340540336:340540360,2274651578,249,,nop;nop;TS
Jul  3 17:44:41 fw.rodolfoarce.local filterlog[32783]: 4,,,1000000103,vtnet1,match,block,in,4,0x0,,64,25453,0,DF,6,tcp,52,10.1.1.3,104.21.40.220,33136,443,0,FA,340540360,2274651578,249,,nop;nop;TS
Jul  3 17:44:41 fw.rodolfoarce.local filterlog[32783]: 4,,,1000000103,vtnet1,match,block,in,4,0x0,,64,25454,0,DF,6,tcp,52,10.1.1.3,104.21.40.220,33136,443,0,FA,340540360,2274651578,249,,nop;nop;TS
Jul  3 17:44:42 fw.rodolfoarce.local dhclient[10762]: DHCPDISCOVER on vtnet0 to 255.255.255.255 port 67 interval 2
Jul  3 17:44:42 fw.rodolfoarce.local filterlog[32783]: 4,,,1000000103,vtnet1,match,block,in,4,0x0,,64,25455,0,DF,6,tcp,76,10.1.1.3,104.21.40.220,33136,443,24,FPA,340540336:340540360,2274651578,249,,nop;nop;TS
Jul  3 17:44:42 fw.rodolfoarce.local filterlog[32783]: 4,,,1000000103,vtnet1,match,block,in,4,0x0,,64,25456,0,DF,6,tcp,76,10.1.1.3,104.21.40.220,33136,443,24,FPA,340540336:340540360,2274651578,249,,nop;nop;TS
Jul  3 17:44:43 fw.rodolfoarce.local filterlog[32783]: 4,,,1000000103,vtnet1,match,block,in,4,0x0,,64,25457,0,DF,6,tcp,76,10.1.1.3,104.21.40.220,33136,443,24,FPA,340540336:340540360,2274651578,249,,nop;nop;TS
Jul  3 17:44:44 fw.rodolfoarce.local dhclient[10762]: DHCPDISCOVER on vtnet0 to 255.255.255.255 port 67 interval 2
Jul  3 17:44:45 fw.rodolfoarce.local filterlog[32783]: 4,,,1000000103,vtnet1,match,block,in,4,0x0,,64,25458,0,DF,6,tcp,76,10.1.1.3,104.21.40.220,33136,443,24,FPA,340540336:340540360,2274651578,249,,nop;nop;TS
Jul  3 17:44:46 fw.rodolfoarce.local dhclient[10762]: DHCPDISCOVER on vtnet0 to 255.255.255.255 port 67 interval 4
Jul  3 17:44:48 fw.rodolfoarce.local filterlog[32783]: 4,,,1000000103,vtnet1,match,block,in,4,0x0,,64,25459,0,DF,6,tcp,76,10.1.1.3,104.21.40.220,33136,443,24,FPA,340540336:340540360,2274651578,249,,nop;nop;TS
Jul  3 17:44:50 fw.rodolfoarce.local dhclient[10762]: DHCPDISCOVER on vtnet0 to 255.255.255.255 port 67 interval 10
Jul  3 17:44:54 fw.rodolfoarce.local filterlog[32783]: 4,,,1000000103,vtnet1,match,block,in,4,0x0,,64,25460,0,DF,6,tcp,76,10.1.1.3,104.21.40.220,33136,443,24,FPA,340540336:340540360,2274651578,249,,nop;nop;TS
Jul  3 17:45:00 fw.rodolfoarce.local /usr/sbin/cron[25322]: (root) CMD (/usr/libexec/atrun)
Jul  3 17:45:00 fw.rodolfoarce.local /usr/sbin/cron[25008]: (root) CMD (/usr/sbin/newsyslog)
Jul  3 17:45:00 fw.rodolfoarce.local dhclient[10762]: DHCPDISCOVER on vtnet0 to 255.255.255.255 port 67 interval 20
Jul  3 17:45:09 fw.rodolfoarce.local filterlog[32783]: 4,,,1000000103,vtnet1,match,block,in,4,0x0,,64,25461,0,DF,6,tcp,76,10.1.1.3,104.21.40.220,33136,443,24,FPA,340540336:340540360,2274651578,249,,nop;nop;TS
Jul  3 17:45:20 fw.rodolfoarce.local dhclient[10762]: DHCPDISCOVER on vtnet0 to 255.255.255.255 port 67 interval 11
Jul  3 17:45:31 fw.rodolfoarce.local dhclient[10762]: DHCPDISCOVER on vtnet0 to 255.255.255.255 port 67 interval 12
Jul  3 17:45:35 fw.rodolfoarce.local filterlog[32783]: 4,,,1000000103,vtnet1,match,block,in,4,0x0,,64,25462,0,DF,6,tcp,76,10.1.1.3,104.21.40.220,33136,443,24,FPA,340540336:340540360,2274651578,249,,nop;nop;TS
Jul  3 17:45:39 fw.rodolfoarce.local dhcp6c[28115]: Sending Solicit
Jul  3 17:45:44 fw.rodolfoarce.local dhclient[10762]: No DHCPOFFERS received.
Jul  3 17:45:44 fw.rodolfoarce.local dhclient[10762]: No working leases in persistent database - sleeping.
Jul  3 13:45:44 fw.rodolfoarce.local dhclient[41551]: FAIL
Jul  3 17:45:59 fw.rodolfoarce.local dhclient[10762]: DHCPDISCOVER on vtnet0 to 255.255.255.255 port 67 interval 1
Jul  3 17:46:00 fw.rodolfoarce.local dhclient[10762]: DHCPDISCOVER on vtnet0 to 255.255.255.255 port 67 interval 1
Jul  3 17:46:00 fw.rodolfoarce.local /usr/sbin/cron[42037]: (root) CMD (/usr/sbin/newsyslog)
Jul  3 17:46:01 fw.rodolfoarce.local dhclient[10762]: DHCPDISCOVER on vtnet0 to 255.255.255.255 port 67 interval 1
Jul  3 17:46:02 fw.rodolfoarce.local dhclient[10762]: DHCPDISCOVER on vtnet0 to 255.255.255.255 port 67 interval 2
Jul  3 17:46:04 fw.rodolfoarce.local dhclient[10762]: DHCPDISCOVER on vtnet0 to 255.255.255.255 port 67 interval 4
Jul  3 17:46:08 fw.rodolfoarce.local dhclient[10762]: DHCPDISCOVER on vtnet0 to 255.255.255.255 port 67 interval 5
Jul  3 17:46:13 fw.rodolfoarce.local dhclient[10762]: DHCPDISCOVER on vtnet0 to 255.255.255.255 port 67 interval 7
Jul  3 17:46:20 fw.rodolfoarce.local dhclient[10762]: DHCPDISCOVER on vtnet0 to 255.255.255.255 port 67 interval 15
Jul  3 17:46:35 fw.rodolfoarce.local dhclient[10762]: DHCPDISCOVER on vtnet0 to 255.255.255.255 port 67 interval 17
Jul  3 17:46:52 fw.rodolfoarce.local dhclient[10762]: DHCPDISCOVER on vtnet0 to 255.255.255.255 port 67 interval 8
Jul  3 17:47:00 fw.rodolfoarce.local /usr/sbin/cron[59138]: (root) CMD (/usr/sbin/newsyslog)
Jul  3 17:47:00 fw.rodolfoarce.local dhclient[10762]: No DHCPOFFERS received.
Jul  3 17:47:00 fw.rodolfoarce.local dhclient[10762]: No working leases in persistent database - sleeping.
Jul  3 13:47:00 fw.rodolfoarce.local dhclient[60042]: FAIL
Jul  3 17:47:15 fw.rodolfoarce.local dhclient[10762]: DHCPDISCOVER on vtnet0 to 255.255.255.255 port 67 interval 1
Jul  3 17:47:16 fw.rodolfoarce.local dhclient[10762]: DHCPDISCOVER on vtnet0 to 255.255.255.255 port 67 interval 1
Jul  3 17:47:17 fw.rodolfoarce.local dhclient[10762]: DHCPDISCOVER on vtnet0 to 255.255.255.255 port 67 interval 2
Jul  3 17:47:19 fw.rodolfoarce.local dhclient[10762]: DHCPDISCOVER on vtnet0 to 255.255.255.255 port 67 interval 2
Jul  3 17:47:22 fw.rodolfoarce.local dhclient[10762]: DHCPDISCOVER on vtnet0 to 255.255.255.255 port 67 interval 4
Jul  3 17:47:26 fw.rodolfoarce.local dhclient[10762]: DHCPDISCOVER on vtnet0 to 255.255.255.255 port 67 interval 6
Jul  3 17:47:32 fw.rodolfoarce.local dhclient[10762]: DHCPDISCOVER on vtnet0 to 255.255.255.255 port 67 interval 9
Jul  3 17:47:41 fw.rodolfoarce.local dhclient[10762]: DHCPDISCOVER on vtnet0 to 255.255.255.255 port 67 interval 18
Jul  3 17:47:46 fw.rodolfoarce.local dhcp6c[28115]: Sending Solicit
Jul  3 17:47:59 fw.rodolfoarce.local dhclient[10762]: DHCPDISCOVER on vtnet0 to 255.255.255.255 port 67 interval 16
Jul  3 17:48:00 fw.rodolfoarce.local /usr/sbin/cron[77242]: (root) CMD (/usr/sbin/newsyslog)
Jul  3 17:48:15 fw.rodolfoarce.local dhclient[10762]: DHCPDISCOVER on vtnet0 to 255.255.255.255 port 67 interval 1
Jul  3 17:48:16 fw.rodolfoarce.local dhclient[10762]: No DHCPOFFERS received.
Jul  3 17:48:16 fw.rodolfoarce.local dhclient[10762]: No working leases in persistent database - sleeping.
Jul  3 13:48:16 fw.rodolfoarce.local dhclient[78149]: FAIL
Jul  3 17:48:31 fw.rodolfoarce.local dhclient[10762]: DHCPDISCOVER on vtnet0 to 255.255.255.255 port 67 interval 2
Jul  3 17:48:33 fw.rodolfoarce.local dhclient[10762]: DHCPDISCOVER on vtnet0 to 255.255.255.255 port 67 interval 2
Jul  3 17:48:35 fw.rodolfoarce.local dhclient[10762]: DHCPDISCOVER on vtnet0 to 255.255.255.255 port 67 interval 5
Jul  3 17:48:41 fw.rodolfoarce.local dhclient[10762]: DHCPDISCOVER on vtnet0 to 255.255.255.255 port 67 interval 13
Jul  3 17:48:54 fw.rodolfoarce.local dhclient[10762]: DHCPDISCOVER on vtnet0 to 255.255.255.255 port 67 interval 20
Jul  3 17:49:00 fw.rodolfoarce.local /usr/sbin/cron[94029]: (root) CMD (/usr/sbin/newsyslog)
Jul  3 17:49:14 fw.rodolfoarce.local dhclient[10762]: DHCPDISCOVER on vtnet0 to 255.255.255.255 port 67 interval 14
Jul  3 17:49:28 fw.rodolfoarce.local dhclient[10762]: DHCPDISCOVER on vtnet0 to 255.255.255.255 port 67 interval 4
Jul  3 17:49:32 fw.rodolfoarce.local dhclient[10762]: No DHCPOFFERS received.
Jul  3 17:49:32 fw.rodolfoarce.local dhclient[10762]: No working leases in persistent database - sleeping.
Jul  3 13:49:32 fw.rodolfoarce.local dhclient[12311]: FAIL
Jul  3 17:49:38 fw.rodolfoarce.local dhcp6c[28115]: Sending Solicit
Jul  3 17:49:47 fw.rodolfoarce.local dhclient[10762]: DHCPDISCOVER on vtnet0 to 255.255.255.255 port 67 interval 1
Jul  3 17:49:48 fw.rodolfoarce.local dhclient[10762]: DHCPDISCOVER on vtnet0 to 255.255.255.255 port 67 interval 1
Jul  3 17:49:49 fw.rodolfoarce.local dhclient[10762]: DHCPDISCOVER on vtnet0 to 255.255.255.255 port 67 interval 2
Jul  3 17:49:51 fw.rodolfoarce.local dhclient[10762]: DHCPDISCOVER on vtnet0 to 255.255.255.255 port 67 interval 2
Jul  3 17:49:53 fw.rodolfoarce.local dhclient[10762]: DHCPDISCOVER on vtnet0 to 255.255.255.255 port 67 interval 4
Jul  3 17:49:57 fw.rodolfoarce.local dhclient[10762]: DHCPDISCOVER on vtnet0 to 255.255.255.255 port 67 interval 11
Jul  3 17:50:00 fw.rodolfoarce.local /usr/sbin/cron[12807]: (root) CMD (/usr/sbin/newsyslog)
Jul  3 17:50:00 fw.rodolfoarce.local /usr/sbin/cron[13128]: (root) CMD (/usr/libexec/atrun)
Jul  3 17:50:08 fw.rodolfoarce.local dhclient[10762]: DHCPDISCOVER on vtnet0 to 255.255.255.255 port 67 interval 20
Jul  3 17:50:28 fw.rodolfoarce.local dhclient[10762]: DHCPDISCOVER on vtnet0 to 255.255.255.255 port 67 interval 12
Jul  3 17:50:40 fw.rodolfoarce.local dhclient[10762]: DHCPDISCOVER on vtnet0 to 255.255.255.255 port 67 interval 8
Jul  3 17:50:48 fw.rodolfoarce.local dhclient[10762]: No DHCPOFFERS received.
Jul  3 17:50:48 fw.rodolfoarce.local dhclient[10762]: No working leases in persistent database - sleeping.
Jul  3 13:50:48 fw.rodolfoarce.local dhclient[29436]: FAIL
Jul  3 17:51:00 fw.rodolfoarce.local /usr/sbin/cron[29792]: (root) CMD (/usr/sbin/newsyslog)
Jul  3 17:51:03 fw.rodolfoarce.local dhclient[10762]: DHCPDISCOVER on vtnet0 to 255.255.255.255 port 67 interval 2
Jul  3 17:51:06 fw.rodolfoarce.local dhclient[10762]: DHCPDISCOVER on vtnet0 to 255.255.255.255 port 67 interval 3
Jul  3 17:51:09 fw.rodolfoarce.local dhclient[10762]: DHCPDISCOVER on vtnet0 to 255.255.255.255 port 67 interval 5
Jul  3 17:51:14 fw.rodolfoarce.local dhclient[10762]: DHCPDISCOVER on vtnet0 to 255.255.255.255 port 67 interval 13
Jul  3 17:51:27 fw.rodolfoarce.local dhclient[10762]: DHCPDISCOVER on vtnet0 to 255.255.255.255 port 67 interval 16
Jul  3 17:51:31 fw.rodolfoarce.local dhcp6c[28115]: Sending Solicit
Jul  3 17:51:43 fw.rodolfoarce.local dhclient[10762]: DHCPDISCOVER on vtnet0 to 255.255.255.255 port 67 interval 21
Jul  3 17:52:00 fw.rodolfoarce.local /usr/sbin/cron[46330]: (root) CMD (/usr/sbin/newsyslog)
Jul  3 17:52:04 fw.rodolfoarce.local dhclient[10762]: No DHCPOFFERS received.
Jul  3 17:52:04 fw.rodolfoarce.local dhclient[10762]: No working leases in persistent database - sleeping.
Jul  3 13:52:04 fw.rodolfoarce.local dhclient[47377]: FAIL
Jul  3 17:52:04 fw.rodolfoarce.local filterlog[32783]: 4,,,1000000103,vtnet0,match,block,in,4,0x0,,46,30325,0,DF,17,udp,60,130.207.0.71,10.255.255.1,44437,53,40
Jul  3 17:52:08 fw.rodolfoarce.local filterlog[32783]: 4,,,1000000103,vtnet0,match,block,in,4,0x0,,46,30965,0,DF,17,udp,60,130.207.0.71,10.255.255.1,37889,53,40
Jul  3 17:52:12 fw.rodolfoarce.local filterlog[32783]: 4,,,1000000103,vtnet0,match,block,in,4,0x0,,46,31472,0,DF,17,udp,60,130.207.0.71,10.255.255.1,40441,53,40
Jul  3 17:52:16 fw.rodolfoarce.local filterlog[32783]: 4,,,1000000103,vtnet0,match,block,in,4,0x0,,46,31968,0,DF,17,udp,60,130.207.0.71,10.255.255.1,34735,53,40
Jul  3 17:52:19 fw.rodolfoarce.local dhclient[10762]: DHCPDISCOVER on vtnet0 to 255.255.255.255 port 67 interval 2
Jul  3 17:52:19 fw.rodolfoarce.local filterlog[32783]: 4,,,1000000103,vtnet0,match,block,in,4,0x0,,46,32490,0,DF,17,udp,60,130.207.0.71,10.255.255.1,38366,53,40
Jul  3 17:52:21 fw.rodolfoarce.local dhclient[10762]: DHCPDISCOVER on vtnet0 to 255.255.255.255 port 67 interval 3
Jul  3 17:52:24 fw.rodolfoarce.local filterlog[32783]: 4,,,1000000103,vtnet0,match,block,in,4,0x0,,46,33025,0,DF,17,udp,60,130.207.0.71,10.255.255.1,40292,53,40
Jul  3 17:52:24 fw.rodolfoarce.local dhclient[10762]: DHCPDISCOVER on vtnet0 to 255.255.255.255 port 67 interval 6
Jul  3 17:52:28 fw.rodolfoarce.local filterlog[32783]: 4,,,1000000103,vtnet0,match,block,in,4,0x0,,46,33596,0,DF,17,udp,60,130.207.0.71,10.255.255.1,42949,53,40
Jul  3 17:52:30 fw.rodolfoarce.local dhclient[10762]: DHCPDISCOVER on vtnet0 to 255.255.255.255 port 67 interval 10
Jul  3 17:52:32 fw.rodolfoarce.local filterlog[32783]: 4,,,1000000103,vtnet0,match,block,in,4,0x0,,46,34066,0,DF,17,udp,60,130.207.0.71,10.255.255.1,44755,53,40
Jul  3 17:52:36 fw.rodolfoarce.local filterlog[32783]: 4,,,1000000103,vtnet0,match,block,in,4,0x0,,46,34614,0,DF,17,udp,60,130.207.0.71,10.255.255.1,42369,53,40
Jul  3 17:52:40 fw.rodolfoarce.local filterlog[32783]: 4,,,1000000103,vtnet0,match,block,in,4,0x0,,46,35099,0,DF,17,udp,60,130.207.0.71,10.255.255.1,58834,53,40
Jul  3 17:52:40 fw.rodolfoarce.local dhclient[10762]: DHCPDISCOVER on vtnet0 to 255.255.255.255 port 67 interval 15
Jul  3 17:52:44 fw.rodolfoarce.local filterlog[32783]: 4,,,1000000103,vtnet0,match,block,in,4,0x0,,46,35529,0,DF,17,udp,60,130.207.0.71,10.255.255.1,60039,53,40
Jul  3 17:52:48 fw.rodolfoarce.local filterlog[32783]: 4,,,1000000103,vtnet0,match,block,in,4,0x0,,46,35985,0,DF,17,udp,60,130.207.0.71,10.255.255.1,48390,53,40
Jul  3 17:52:52 fw.rodolfoarce.local filterlog[32783]: 4,,,1000000103,vtnet0,match,block,in,4,0x0,,46,36542,0,DF,17,udp,60,130.207.0.71,10.255.255.1,49385,53,40
Jul  3 17:52:55 fw.rodolfoarce.local dhclient[10762]: DHCPDISCOVER on vtnet0 to 255.255.255.255 port 67 interval 20
Jul  3 17:52:55 fw.rodolfoarce.local filterlog[32783]: 4,,,1000000103,vtnet0,match,block,in,4,0x0,,46,37197,0,DF,17,udp,60,130.207.0.71,10.255.255.1,38586,53,40
Jul  3 17:53:00 fw.rodolfoarce.local filterlog[32783]: 4,,,1000000103,vtnet0,match,block,in,4,0x0,,46,37761,0,DF,17,udp,60,130.207.0.71,10.255.255.1,60256,53,40
Jul  3 17:53:00 fw.rodolfoarce.local /usr/sbin/cron[64855]: (root) CMD (/usr/sbin/newsyslog)
Jul  3 17:53:04 fw.rodolfoarce.local filterlog[32783]: 4,,,1000000103,vtnet0,match,block,in,4,0x0,,46,38268,0,DF,17,udp,60,130.207.0.71,10.255.255.1,42864,53,40
Jul  3 17:53:08 fw.rodolfoarce.local filterlog[32783]: 4,,,1000000103,vtnet0,match,block,in,4,0x0,,46,38765,0,DF,17,udp,60,130.207.0.71,10.255.255.1,59016,53,40
Jul  3 17:53:12 fw.rodolfoarce.local filterlog[32783]: 4,,,1000000103,vtnet0,match,block,in,4,0x0,,46,39211,0,DF,17,udp,60,130.207.0.71,10.255.255.1,51430,53,40
Jul  3 17:53:15 fw.rodolfoarce.local dhclient[10762]: DHCPDISCOVER on vtnet0 to 255.255.255.255 port 67 interval 5
Jul  3 17:53:16 fw.rodolfoarce.local filterlog[32783]: 4,,,1000000103,vtnet0,match,block,in,4,0x0,,46,39700,0,DF,17,udp,60,130.207.0.71,10.255.255.1,45875,53,40
Jul  3 17:53:20 fw.rodolfoarce.local dhcp6c[28115]: Sending Solicit
Jul  3 17:53:20 fw.rodolfoarce.local filterlog[32783]: 4,,,1000000103,vtnet0,match,block,in,4,0x0,,46,40240,0,DF,17,udp,60,130.207.0.71,10.255.255.1,36333,53,40
Jul  3 17:53:21 fw.rodolfoarce.local dhclient[10762]: No DHCPOFFERS received.
Jul  3 17:53:21 fw.rodolfoarce.local dhclient[10762]: No working leases in persistent database - sleeping.
Jul  3 13:53:21 fw.rodolfoarce.local dhclient[65540]: FAIL
Jul  3 17:53:36 fw.rodolfoarce.local dhclient[10762]: DHCPDISCOVER on vtnet0 to 255.255.255.255 port 67 interval 1
Jul  3 17:53:37 fw.rodolfoarce.local dhclient[10762]: DHCPDISCOVER on vtnet0 to 255.255.255.255 port 67 interval 2
Jul  3 17:53:39 fw.rodolfoarce.local dhclient[10762]: DHCPDISCOVER on vtnet0 to 255.255.255.255 port 67 interval 3
Jul  3 17:53:42 fw.rodolfoarce.local dhclient[10762]: DHCPDISCOVER on vtnet0 to 255.255.255.255 port 67 interval 3
Jul  3 17:53:45 fw.rodolfoarce.local dhclient[10762]: DHCPDISCOVER on vtnet0 to 255.255.255.255 port 67 interval 4
Jul  3 17:53:49 fw.rodolfoarce.local dhclient[10762]: DHCPDISCOVER on vtnet0 to 255.255.255.255 port 67 interval 11
Jul  3 17:54:00 fw.rodolfoarce.local /usr/sbin/cron[83845]: (root) CMD (/usr/sbin/newsyslog)
Jul  3 17:54:00 fw.rodolfoarce.local dhclient[10762]: DHCPDISCOVER on vtnet0 to 255.255.255.255 port 67 interval 10
Jul  3 17:54:10 fw.rodolfoarce.local dhclient[10762]: DHCPDISCOVER on vtnet0 to 255.255.255.255 port 67 interval 17
Jul  3 17:54:27 fw.rodolfoarce.local dhclient[10762]: DHCPDISCOVER on vtnet0 to 255.255.255.255 port 67 interval 10
Jul  3 17:54:37 fw.rodolfoarce.local dhclient[10762]: No DHCPOFFERS received.
Jul  3 17:54:37 fw.rodolfoarce.local dhclient[10762]: No working leases in persistent database - sleeping.
Jul  3 13:54:37 fw.rodolfoarce.local dhclient[3432]: FAIL
Jul  3 17:54:53 fw.rodolfoarce.local dhclient[10762]: DHCPDISCOVER on vtnet0 to 255.255.255.255 port 67 interval 2
Jul  3 17:54:55 fw.rodolfoarce.local dhclient[10762]: DHCPDISCOVER on vtnet0 to 255.255.255.255 port 67 interval 5
Jul  3 17:55:00 fw.rodolfoarce.local /usr/sbin/cron[4109]: (root) CMD (/usr/libexec/atrun)
Jul  3 17:55:00 fw.rodolfoarce.local /usr/sbin/cron[3974]: (root) CMD (/usr/sbin/newsyslog)
Jul  3 17:55:00 fw.rodolfoarce.local dhclient[10762]: DHCPDISCOVER on vtnet0 to 255.255.255.255 port 67 interval 6
Jul  3 17:55:06 fw.rodolfoarce.local dhclient[10762]: DHCPDISCOVER on vtnet0 to 255.255.255.255 port 67 interval 9
Jul  3 17:55:15 fw.rodolfoarce.local dhclient[10762]: DHCPDISCOVER on vtnet0 to 255.255.255.255 port 67 interval 20
Jul  3 17:55:25 fw.rodolfoarce.local dhcp6c[28115]: Sending Solicit
Jul  3 17:55:35 fw.rodolfoarce.local dhclient[10762]: DHCPDISCOVER on vtnet0 to 255.255.255.255 port 67 interval 15
Jul  3 17:55:50 fw.rodolfoarce.local dhclient[10762]: DHCPDISCOVER on vtnet0 to 255.255.255.255 port 67 interval 4
Jul  3 17:55:54 fw.rodolfoarce.local dhclient[10762]: No DHCPOFFERS received.
Jul  3 17:55:54 fw.rodolfoarce.local dhclient[10762]: No working leases in persistent database - sleeping.
Jul  3 13:55:54 fw.rodolfoarce.local dhclient[21797]: FAIL
Jul  3 17:56:00 fw.rodolfoarce.local /usr/sbin/cron[22233]: (root) CMD (/usr/sbin/newsyslog)
Jul  3 17:56:09 fw.rodolfoarce.local dhclient[10762]: DHCPDISCOVER on vtnet0 to 255.255.255.255 port 67 interval 1
Jul  3 17:56:10 fw.rodolfoarce.local dhclient[10762]: DHCPDISCOVER on vtnet0 to 255.255.255.255 port 67 interval 2
Jul  3 17:56:12 fw.rodolfoarce.local dhclient[10762]: DHCPDISCOVER on vtnet0 to 255.255.255.255 port 67 interval 5
Jul  3 17:56:17 fw.rodolfoarce.local dhclient[10762]: DHCPDISCOVER on vtnet0 to 255.255.255.255 port 67 interval 10
Jul  3 17:56:27 fw.rodolfoarce.local dhclient[10762]: DHCPDISCOVER on vtnet0 to 255.255.255.255 port 67 interval 15
Jul  3 17:56:42 fw.rodolfoarce.local dhclient[10762]: DHCPDISCOVER on vtnet0 to 255.255.255.255 port 67 interval 10
Jul  3 17:56:52 fw.rodolfoarce.local dhclient[10762]: DHCPDISCOVER on vtnet0 to 255.255.255.255 port 67 interval 16
Jul  3 17:57:00 fw.rodolfoarce.local /usr/sbin/cron[39313]: (root) CMD (/usr/sbin/newsyslog)
Jul  3 17:57:08 fw.rodolfoarce.local dhclient[10762]: DHCPDISCOVER on vtnet0 to 255.255.255.255 port 67 interval 2
Jul  3 17:57:11 fw.rodolfoarce.local dhclient[10762]: No DHCPOFFERS received.
Jul  3 17:57:11 fw.rodolfoarce.local dhclient[10762]: No working leases in persistent database - sleeping.
Jul  3 13:57:11 fw.rodolfoarce.local dhclient[40229]: FAIL
Jul  3 17:57:26 fw.rodolfoarce.local dhclient[10762]: DHCPDISCOVER on vtnet0 to 255.255.255.255 port 67 interval 2
Jul  3 17:57:28 fw.rodolfoarce.local dhclient[10762]: DHCPDISCOVER on vtnet0 to 255.255.255.255 port 67 interval 2
Jul  3 17:57:30 fw.rodolfoarce.local dhclient[10762]: DHCPDISCOVER on vtnet0 to 255.255.255.255 port 67 interval 5
Jul  3 17:57:33 fw.rodolfoarce.local dhcp6c[28115]: Sending Solicit
Jul  3 17:57:35 fw.rodolfoarce.local dhclient[10762]: DHCPDISCOVER on vtnet0 to 255.255.255.255 port 67 interval 12
Jul  3 17:57:47 fw.rodolfoarce.local dhclient[10762]: DHCPDISCOVER on vtnet0 to 255.255.255.255 port 67 interval 12
Jul  3 17:57:59 fw.rodolfoarce.local dhclient[10762]: DHCPDISCOVER on vtnet0 to 255.255.255.255 port 67 interval 18
Jul  3 17:58:00 fw.rodolfoarce.local /usr/sbin/cron[58397]: (root) CMD (/usr/sbin/newsyslog)
Jul  3 17:58:17 fw.rodolfoarce.local dhclient[10762]: DHCPDISCOVER on vtnet0 to 255.255.255.255 port 67 interval 10
Jul  3 17:58:27 fw.rodolfoarce.local dhclient[10762]: No DHCPOFFERS received.
Jul  3 17:58:27 fw.rodolfoarce.local dhclient[10762]: No working leases in persistent database - sleeping.
Jul  3 13:58:27 fw.rodolfoarce.local dhclient[59263]: FAIL
Jul  3 17:58:42 fw.rodolfoarce.local dhclient[10762]: DHCPDISCOVER on vtnet0 to 255.255.255.255 port 67 interval 1
Jul  3 17:58:43 fw.rodolfoarce.local dhclient[10762]: DHCPDISCOVER on vtnet0 to 255.255.255.255 port 67 interval 2
Jul  3 17:58:45 fw.rodolfoarce.local dhclient[10762]: DHCPDISCOVER on vtnet0 to 255.255.255.255 port 67 interval 2
Jul  3 17:58:47 fw.rodolfoarce.local dhclient[10762]: DHCPDISCOVER on vtnet0 to 255.255.255.255 port 67 interval 4
Jul  3 17:58:51 fw.rodolfoarce.local dhclient[10762]: DHCPDISCOVER on vtnet0 to 255.255.255.255 port 67 interval 10
Jul  3 17:59:00 fw.rodolfoarce.local /usr/sbin/cron[77446]: (root) CMD (/usr/sbin/newsyslog)
Jul  3 17:59:01 fw.rodolfoarce.local dhclient[10762]: DHCPDISCOVER on vtnet0 to 255.255.255.255 port 67 interval 14
Jul  3 17:59:15 fw.rodolfoarce.local dhclient[10762]: DHCPDISCOVER on vtnet0 to 255.255.255.255 port 67 interval 11
Jul  3 17:59:26 fw.rodolfoarce.local dhclient[10762]: DHCPDISCOVER on vtnet0 to 255.255.255.255 port 67 interval 15
Jul  3 17:59:29 fw.rodolfoarce.local dhcp6c[28115]: Sending Solicit
Jul  3 17:59:41 fw.rodolfoarce.local dhclient[10762]: DHCPDISCOVER on vtnet0 to 255.255.255.255 port 67 interval 2
Jul  3 17:59:43 fw.rodolfoarce.local dhclient[10762]: No DHCPOFFERS received.
Jul  3 17:59:43 fw.rodolfoarce.local dhclient[10762]: No working leases in persistent database - sleeping.
Jul  3 13:59:43 fw.rodolfoarce.local dhclient[95157]: FAIL
Jul  3 17:59:59 fw.rodolfoarce.local dhclient[10762]: DHCPDISCOVER on vtnet0 to 255.255.255.255 port 67 interval 1
Jul  3 18:00:00 fw.rodolfoarce.local /usr/sbin/cron[95764]: (root) CMD (/usr/bin/nice -n20 /usr/local/sbin/expiretable -v -t 3600 virusprot)
Jul  3 18:00:00 fw.rodolfoarce.local /usr/sbin/cron[95888]: (root) CMD (/usr/sbin/newsyslog)
Jul  3 18:00:00 fw.rodolfoarce.local /usr/sbin/cron[95984]: (root) CMD (/usr/libexec/atrun)
Jul  3 18:00:00 fw.rodolfoarce.local dhclient[10762]: DHCPDISCOVER on vtnet0 to 255.255.255.255 port 67 interval 2
Jul  3 18:00:04 fw.rodolfoarce.local dhclient[10762]: message repeated 2 times: [ DHCPDISCOVER on vtnet0 to 255.255.255.255 port 67 interval 2]
Jul  3 18:00:06 fw.rodolfoarce.local dhclient[10762]: DHCPDISCOVER on vtnet0 to 255.255.255.255 port 67 interval 5
Jul  3 18:00:11 fw.rodolfoarce.local dhclient[10762]: DHCPDISCOVER on vtnet0 to 255.255.255.255 port 67 interval 13
Jul  3 18:00:24 fw.rodolfoarce.local dhclient[10762]: DHCPDISCOVER on vtnet0 to 255.255.255.255 port 67 interval 17
Jul  3 18:00:39 fw.rodolfoarce.local filterlog[32783]: 4,,,1000000103,vtnet0,match,block,in,4,0x0,,239,36393,0,none,6,tcp,40,79.124.62.74,10.255.255.1,46651,22,0,S,3038292725,,1024,,
Jul  3 18:00:41 fw.rodolfoarce.local dhclient[10762]: DHCPDISCOVER on vtnet0 to 255.255.255.255 port 67 interval 9
Jul  3 18:00:50 fw.rodolfoarce.local dhclient[10762]: DHCPDISCOVER on vtnet0 to 255.255.255.255 port 67 interval 10
Jul  3 18:01:00 fw.rodolfoarce.local /usr/sbin/cron[13347]: (root) CMD (/usr/sbin/newsyslog)
Jul  3 18:01:00 fw.rodolfoarce.local dhclient[10762]: No DHCPOFFERS received.
Jul  3 18:01:00 fw.rodolfoarce.local dhclient[10762]: No working leases in persistent database - sleeping.
Jul  3 14:01:00 fw.rodolfoarce.local dhclient[14311]: FAIL
Jul  3 18:01:15 fw.rodolfoarce.local dhclient[10762]: DHCPDISCOVER on vtnet0 to 255.255.255.255 port 67 interval 1
