Jul  4 05:48:00 fw.rodolfoarce.local /usr/sbin/cron[95344]: (root) CMD (/usr/sbin/newsyslog)
Jul  4 05:48:04 fw.rodolfoarce.local dhclient[10762]: DHCPDISCOVER on vtnet0 to 255.255.255.255 port 67 interval 1
Jul  4 05:48:05 fw.rodolfoarce.local dhclient[10762]: No DHCPOFFERS received.
Jul  4 05:48:05 fw.rodolfoarce.local dhclient[10762]: No working leases in persistent database - sleeping.
Jul  4 01:48:05 fw.rodolfoarce.local dhclient[96409]: FAIL
Jul  4 05:48:20 fw.rodolfoarce.local dhclient[10762]: DHCPDISCOVER on vtnet0 to 255.255.255.255 port 67 interval 1
Jul  4 05:48:21 fw.rodolfoarce.local dhclient[10762]: DHCPDISCOVER on vtnet0 to 255.255.255.255 port 67 interval 1
Jul  4 05:48:22 fw.rodolfoarce.local dhclient[10762]: DHCPDISCOVER on vtnet0 to 255.255.255.255 port 67 interval 2
Jul  4 05:48:25 fw.rodolfoarce.local dhclient[10762]: DHCPDISCOVER on vtnet0 to 255.255.255.255 port 67 interval 3
Jul  4 05:48:28 fw.rodolfoarce.local dhclient[10762]: DHCPDISCOVER on vtnet0 to 255.255.255.255 port 67 interval 3
Jul  4 05:48:31 fw.rodolfoarce.local dhclient[10762]: DHCPDISCOVER on vtnet0 to 255.255.255.255 port 67 interval 6
Jul  4 05:48:37 fw.rodolfoarce.local dhcp6c[28115]: Sending Solicit
Jul  4 05:48:37 fw.rodolfoarce.local dhclient[10762]: DHCPDISCOVER on vtnet0 to 255.255.255.255 port 67 interval 10
Jul  4 05:48:47 fw.rodolfoarce.local dhclient[10762]: DHCPDISCOVER on vtnet0 to 255.255.255.255 port 67 interval 14
Jul  4 05:49:00 fw.rodolfoarce.local /usr/sbin/cron[13597]: (root) CMD (/usr/sbin/newsyslog)
Jul  4 05:49:01 fw.rodolfoarce.local dhclient[10762]: DHCPDISCOVER on vtnet0 to 255.255.255.255 port 67 interval 16
Jul  4 05:49:17 fw.rodolfoarce.local dhclient[10762]: DHCPDISCOVER on vtnet0 to 255.255.255.255 port 67 interval 4
Jul  4 05:49:21 fw.rodolfoarce.local dhclient[10762]: No DHCPOFFERS received.
Jul  4 05:49:21 fw.rodolfoarce.local dhclient[10762]: No working leases in persistent database - sleeping.
Jul  4 01:49:21 fw.rodolfoarce.local dhclient[14953]: FAIL
Jul  4 05:49:24 fw.rodolfoarce.local filterlog[32783]: 4,,,1000000103,vtnet0,match,block,in,4,0x0,,46,42203,0,DF,17,udp,60,130.207.129.203,10.255.255.1,41240,53,40
Jul  4 05:49:28 fw.rodolfoarce.local filterlog[32783]: 4,,,1000000103,vtnet0,match,block,in,4,0x0,,46,42694,0,DF,17,udp,60,130.207.129.203,10.255.255.1,48643,53,40
Jul  4 05:49:33 fw.rodolfoarce.local filterlog[32783]: 4,,,1000000103,vtnet0,match,block,in,4,0x0,,46,43108,0,DF,17,udp,60,130.207.129.203,10.255.255.1,56668,53,40
Jul  4 05:49:36 fw.rodolfoarce.local dhclient[10762]: DHCPDISCOVER on vtnet0 to 255.255.255.255 port 67 interval 2
Jul  4 05:49:37 fw.rodolfoarce.local filterlog[32783]: 4,,,1000000103,vtnet0,match,block,in,4,0x0,,46,43485,0,DF,17,udp,60,130.207.129.203,10.255.255.1,59843,53,40
Jul  4 05:49:38 fw.rodolfoarce.local dhclient[10762]: DHCPDISCOVER on vtnet0 to 255.255.255.255 port 67 interval 2
Jul  4 05:49:40 fw.rodolfoarce.local filterlog[32783]: 4,,,1000000103,vtnet0,match,block,in,4,0x0,,46,43914,0,DF,17,udp,60,130.207.129.203,10.255.255.1,47700,53,40
Jul  4 05:49:40 fw.rodolfoarce.local dhclient[10762]: DHCPDISCOVER on vtnet0 to 255.255.255.255 port 67 interval 3
Jul  4 05:49:43 fw.rodolfoarce.local dhclient[10762]: DHCPDISCOVER on vtnet0 to 255.255.255.255 port 67 interval 5
Jul  4 05:49:44 fw.rodolfoarce.local filterlog[32783]: 4,,,1000000103,vtnet0,match,block,in,4,0x0,,46,44455,0,DF,17,udp,60,130.207.129.203,10.255.255.1,47332,53,40
Jul  4 05:49:48 fw.rodolfoarce.local filterlog[32783]: 4,,,1000000103,vtnet0,match,block,in,4,0x0,,46,45105,0,DF,17,udp,60,130.207.129.203,10.255.255.1,39520,53,40
Jul  4 05:49:48 fw.rodolfoarce.local dhclient[10762]: DHCPDISCOVER on vtnet0 to 255.255.255.255 port 67 interval 10
Jul  4 05:49:52 fw.rodolfoarce.local filterlog[32783]: 4,,,1000000103,vtnet0,match,block,in,4,0x0,,46,45250,0,DF,17,udp,60,130.207.129.203,10.255.255.1,52617,53,40
Jul  4 05:49:56 fw.rodolfoarce.local filterlog[32783]: 4,,,1000000103,vtnet0,match,block,in,4,0x0,,46,45763,0,DF,17,udp,60,130.207.129.203,10.255.255.1,48191,53,40
Jul  4 05:49:58 fw.rodolfoarce.local dhclient[10762]: DHCPDISCOVER on vtnet0 to 255.255.255.255 port 67 interval 20
Jul  4 05:50:00 fw.rodolfoarce.local /usr/sbin/cron[34196]: (root) CMD (/usr/libexec/atrun)
Jul  4 05:50:00 fw.rodolfoarce.local /usr/sbin/cron[34164]: (root) CMD (/usr/sbin/newsyslog)
Jul  4 05:50:00 fw.rodolfoarce.local filterlog[32783]: 4,,,1000000103,vtnet0,match,block,in,4,0x0,,46,46340,0,DF,17,udp,60,130.207.129.203,10.255.255.1,56465,53,40
Jul  4 05:50:04 fw.rodolfoarce.local filterlog[32783]: 4,,,1000000103,vtnet0,match,block,in,4,0x0,,46,46900,0,DF,17,udp,60,130.207.129.203,10.255.255.1,54023,53,40
Jul  4 05:50:09 fw.rodolfoarce.local filterlog[32783]: 4,,,1000000103,vtnet0,match,block,in,4,0x0,,46,47356,0,DF,17,udp,60,130.207.129.203,10.255.255.1,41182,53,40
Jul  4 05:50:13 fw.rodolfoarce.local filterlog[32783]: 4,,,1000000103,vtnet0,match,block,in,4,0x0,,46,47912,0,DF,17,udp,60,130.207.129.203,10.255.255.1,56789,53,40
Jul  4 05:50:17 fw.rodolfoarce.local filterlog[32783]: 4,,,1000000103,vtnet0,match,block,in,4,0x0,,46,48481,0,DF,17,udp,60,130.207.129.203,10.255.255.1,52069,53,40
Jul  4 05:50:19 fw.rodolfoarce.local dhclient[10762]: DHCPDISCOVER on vtnet0 to 255.255.255.255 port 67 interval 13
Jul  4 05:50:21 fw.rodolfoarce.local filterlog[32783]: 4,,,1000000103,vtnet0,match,block,in,4,0x0,,46,49047,0,DF,17,udp,60,130.207.129.203,10.255.255.1,47163,53,40
Jul  4 05:50:25 fw.rodolfoarce.local filterlog[32783]: 4,,,1000000103,vtnet0,match,block,in,4,0x0,,46,49613,0,DF,17,udp,60,130.207.129.203,10.255.255.1,49413,53,40
Jul  4 05:50:29 fw.rodolfoarce.local filterlog[32783]: 4,,,1000000103,vtnet0,match,block,in,4,0x0,,46,50190,0,DF,17,udp,60,130.207.129.203,10.255.255.1,42676,53,40
Jul  4 05:50:32 fw.rodolfoarce.local dhclient[10762]: DHCPDISCOVER on vtnet0 to 255.255.255.255 port 67 interval 5
Jul  4 05:50:33 fw.rodolfoarce.local filterlog[32783]: 4,,,1000000103,vtnet0,match,block,in,4,0x0,,46,50683,0,DF,17,udp,60,130.207.129.203,10.255.255.1,33437,53,40
Jul  4 05:50:37 fw.rodolfoarce.local dhclient[10762]: No DHCPOFFERS received.
Jul  4 05:50:37 fw.rodolfoarce.local dhclient[10762]: No working leases in persistent database - sleeping.
Jul  4 01:50:37 fw.rodolfoarce.local dhclient[34799]: FAIL
Jul  4 05:50:37 fw.rodolfoarce.local filterlog[32783]: 4,,,1000000103,vtnet0,match,block,in,4,0x0,,46,51053,0,DF,17,udp,60,130.207.129.203,10.255.255.1,42861,53,40
Jul  4 05:50:40 fw.rodolfoarce.local filterlog[32783]: 4,,,1000000103,vtnet0,match,block,in,4,0x0,,46,51626,0,DF,17,udp,60,130.207.129.203,10.255.255.1,59453,53,40
Jul  4 05:50:44 fw.rodolfoarce.local dhcp6c[28115]: Sending Solicit
Jul  4 05:50:52 fw.rodolfoarce.local dhclient[10762]: DHCPDISCOVER on vtnet0 to 255.255.255.255 port 67 interval 2
Jul  4 05:50:54 fw.rodolfoarce.local dhclient[10762]: DHCPDISCOVER on vtnet0 to 255.255.255.255 port 67 interval 2
Jul  4 05:50:56 fw.rodolfoarce.local dhclient[10762]: DHCPDISCOVER on vtnet0 to 255.255.255.255 port 67 interval 5
Jul  4 05:51:00 fw.rodolfoarce.local /usr/sbin/cron[53784]: (root) CMD (/usr/sbin/newsyslog)
Jul  4 05:51:01 fw.rodolfoarce.local dhclient[10762]: DHCPDISCOVER on vtnet0 to 255.255.255.255 port 67 interval 14
Jul  4 05:51:15 fw.rodolfoarce.local dhclient[10762]: DHCPDISCOVER on vtnet0 to 255.255.255.255 port 67 interval 12
Jul  4 05:51:27 fw.rodolfoarce.local dhclient[10762]: DHCPDISCOVER on vtnet0 to 255.255.255.255 port 67 interval 11
Jul  4 05:51:38 fw.rodolfoarce.local dhclient[10762]: DHCPDISCOVER on vtnet0 to 255.255.255.255 port 67 interval 13
Jul  4 05:51:51 fw.rodolfoarce.local dhclient[10762]: DHCPDISCOVER on vtnet0 to 255.255.255.255 port 67 interval 2
Jul  4 05:51:53 fw.rodolfoarce.local dhclient[10762]: No DHCPOFFERS received.
Jul  4 05:51:53 fw.rodolfoarce.local dhclient[10762]: No working leases in persistent database - sleeping.
Jul  4 01:51:53 fw.rodolfoarce.local dhclient[72792]: FAIL
Jul  4 05:52:00 fw.rodolfoarce.local /usr/sbin/cron[72861]: (root) CMD (/usr/sbin/newsyslog)
Jul  4 05:52:08 fw.rodolfoarce.local dhclient[10762]: DHCPDISCOVER on vtnet0 to 255.255.255.255 port 67 interval 2
Jul  4 05:52:11 fw.rodolfoarce.local dhclient[10762]: DHCPDISCOVER on vtnet0 to 255.255.255.255 port 67 interval 3
Jul  4 05:52:14 fw.rodolfoarce.local dhclient[10762]: DHCPDISCOVER on vtnet0 to 255.255.255.255 port 67 interval 4
Jul  4 05:52:18 fw.rodolfoarce.local dhclient[10762]: DHCPDISCOVER on vtnet0 to 255.255.255.255 port 67 interval 7
Jul  4 05:52:25 fw.rodolfoarce.local dhclient[10762]: DHCPDISCOVER on vtnet0 to 255.255.255.255 port 67 interval 12
Jul  4 05:52:37 fw.rodolfoarce.local dhclient[10762]: DHCPDISCOVER on vtnet0 to 255.255.255.255 port 67 interval 19
Jul  4 05:52:38 fw.rodolfoarce.local dhcp6c[28115]: Sending Solicit
Jul  4 05:52:40 fw.rodolfoarce.local filterlog[32783]: 4,,,1000000103,vtnet0,match,block,in,4,0x0,,50,46082,0,DF,17,udp,59,193.27.90.229,10.255.255.1,57075,53,39
Jul  4 05:52:56 fw.rodolfoarce.local dhclient[10762]: DHCPDISCOVER on vtnet0 to 255.255.255.255 port 67 interval 13
Jul  4 05:53:00 fw.rodolfoarce.local /usr/sbin/cron[90131]: (root) CMD (/usr/sbin/newsyslog)
Jul  4 05:53:09 fw.rodolfoarce.local dhclient[10762]: No DHCPOFFERS received.
Jul  4 05:53:09 fw.rodolfoarce.local dhclient[10762]: No working leases in persistent database - sleeping.
Jul  4 01:53:09 fw.rodolfoarce.local dhclient[90820]: FAIL
Jul  4 05:53:24 fw.rodolfoarce.local dhclient[10762]: DHCPDISCOVER on vtnet0 to 255.255.255.255 port 67 interval 2
Jul  4 05:53:26 fw.rodolfoarce.local dhclient[10762]: DHCPDISCOVER on vtnet0 to 255.255.255.255 port 67 interval 5
Jul  4 05:53:31 fw.rodolfoarce.local dhclient[10762]: DHCPDISCOVER on vtnet0 to 255.255.255.255 port 67 interval 8
Jul  4 05:53:39 fw.rodolfoarce.local dhclient[10762]: DHCPDISCOVER on vtnet0 to 255.255.255.255 port 67 interval 14
Jul  4 05:53:53 fw.rodolfoarce.local dhclient[10762]: DHCPDISCOVER on vtnet0 to 255.255.255.255 port 67 interval 20
Jul  4 05:54:00 fw.rodolfoarce.local /usr/sbin/cron[8124]: (root) CMD (/usr/sbin/newsyslog)
Jul  4 05:54:13 fw.rodolfoarce.local dhclient[10762]: DHCPDISCOVER on vtnet0 to 255.255.255.255 port 67 interval 8
Jul  4 05:54:21 fw.rodolfoarce.local dhclient[10762]: DHCPDISCOVER on vtnet0 to 255.255.255.255 port 67 interval 4
Jul  4 05:54:25 fw.rodolfoarce.local dhclient[10762]: No DHCPOFFERS received.
Jul  4 05:54:25 fw.rodolfoarce.local dhclient[10762]: No working leases in persistent database - sleeping.
Jul  4 01:54:25 fw.rodolfoarce.local dhclient[9892]: FAIL
Jul  4 05:54:41 fw.rodolfoarce.local dhclient[10762]: DHCPDISCOVER on vtnet0 to 255.255.255.255 port 67 interval 2
Jul  4 05:54:43 fw.rodolfoarce.local dhclient[10762]: DHCPDISCOVER on vtnet0 to 255.255.255.255 port 67 interval 4
Jul  4 05:54:44 fw.rodolfoarce.local dhcp6c[28115]: Sending Solicit
Jul  4 05:54:47 fw.rodolfoarce.local dhclient[10762]: DHCPDISCOVER on vtnet0 to 255.255.255.255 port 67 interval 11
Jul  4 05:54:58 fw.rodolfoarce.local dhclient[10762]: DHCPDISCOVER on vtnet0 to 255.255.255.255 port 67 interval 19
Jul  4 05:55:00 fw.rodolfoarce.local /usr/sbin/cron[29376]: (root) CMD (/usr/libexec/atrun)
Jul  4 05:55:00 fw.rodolfoarce.local /usr/sbin/cron[29036]: (root) CMD (/usr/sbin/newsyslog)
Jul  4 05:55:17 fw.rodolfoarce.local dhclient[10762]: DHCPDISCOVER on vtnet0 to 255.255.255.255 port 67 interval 12
Jul  4 05:55:29 fw.rodolfoarce.local dhclient[10762]: DHCPDISCOVER on vtnet0 to 255.255.255.255 port 67 interval 13
Jul  4 05:55:42 fw.rodolfoarce.local dhclient[10762]: No DHCPOFFERS received.
Jul  4 05:55:42 fw.rodolfoarce.local dhclient[10762]: No working leases in persistent database - sleeping.
Jul  4 01:55:42 fw.rodolfoarce.local dhclient[30385]: FAIL
Jul  4 05:55:57 fw.rodolfoarce.local dhclient[10762]: DHCPDISCOVER on vtnet0 to 255.255.255.255 port 67 interval 2
Jul  4 05:55:59 fw.rodolfoarce.local dhclient[10762]: DHCPDISCOVER on vtnet0 to 255.255.255.255 port 67 interval 3
Jul  4 05:56:00 fw.rodolfoarce.local /usr/sbin/cron[49249]: (root) CMD (/usr/sbin/newsyslog)
Jul  4 05:56:02 fw.rodolfoarce.local dhclient[10762]: DHCPDISCOVER on vtnet0 to 255.255.255.255 port 67 interval 7
Jul  4 05:56:09 fw.rodolfoarce.local dhclient[10762]: DHCPDISCOVER on vtnet0 to 255.255.255.255 port 67 interval 15
Jul  4 05:56:24 fw.rodolfoarce.local dhclient[10762]: DHCPDISCOVER on vtnet0 to 255.255.255.255 port 67 interval 16
Jul  4 05:56:40 fw.rodolfoarce.local dhclient[10762]: DHCPDISCOVER on vtnet0 to 255.255.255.255 port 67 interval 14
Jul  4 05:56:46 fw.rodolfoarce.local dhcp6c[28115]: Sending Solicit
Jul  4 05:56:54 fw.rodolfoarce.local dhclient[10762]: DHCPDISCOVER on vtnet0 to 255.255.255.255 port 67 interval 4
Jul  4 05:56:58 fw.rodolfoarce.local dhclient[10762]: No DHCPOFFERS received.
Jul  4 05:56:58 fw.rodolfoarce.local dhclient[10762]: No working leases in persistent database - sleeping.
Jul  4 01:56:58 fw.rodolfoarce.local dhclient[60537]: FAIL
Jul  4 05:57:00 fw.rodolfoarce.local /usr/sbin/cron[67235]: (root) CMD (/usr/sbin/newsyslog)
Jul  4 05:57:11 fw.rodolfoarce.local filterlog[32783]: 4,,,1000000103,vtnet0,match,block,in,4,0x0,,51,4891,0,DF,17,udp,65,146.190.248.173,10.255.255.1,54813,53,45
Jul  4 05:57:11 fw.rodolfoarce.local filterlog[32783]: 4,,,1000000103,vtnet0,match,block,in,4,0x0,,51,4998,0,DF,17,udp,76,146.190.248.173,10.255.255.1,54813,53,56
Jul  4 05:57:12 fw.rodolfoarce.local filterlog[32783]: 4,,,1000000103,vtnet0,match,block,in,4,0x0,,51,5135,0,DF,17,udp,65,146.190.248.173,10.255.255.1,54813,53,45
Jul  4 05:57:13 fw.rodolfoarce.local filterlog[32783]: 4,,,1000000103,vtnet0,match,block,in,4,0x0,,51,5268,0,DF,17,udp,76,146.190.248.173,10.255.255.1,54813,53,56
Jul  4 05:57:13 fw.rodolfoarce.local dhclient[10762]: DHCPDISCOVER on vtnet0 to 255.255.255.255 port 67 interval 2
Jul  4 05:57:14 fw.rodolfoarce.local filterlog[32783]: 4,,,1000000103,vtnet0,match,block,in,4,0x0,,51,5313,0,DF,17,udp,65,146.190.248.173,10.255.255.1,54813,53,45
Jul  4 05:57:16 fw.rodolfoarce.local dhclient[10762]: DHCPDISCOVER on vtnet0 to 255.255.255.255 port 67 interval 2
Jul  4 05:57:17 fw.rodolfoarce.local filterlog[32783]: 4,,,1000000103,vtnet0,match,block,in,4,0x0,,51,5631,0,DF,17,udp,76,146.190.248.173,10.255.255.1,54813,53,56
Jul  4 05:57:18 fw.rodolfoarce.local dhclient[10762]: DHCPDISCOVER on vtnet0 to 255.255.255.255 port 67 interval 3
Jul  4 05:57:18 fw.rodolfoarce.local filterlog[32783]: 4,,,1000000103,vtnet0,match,block,in,4,0x0,,51,5926,0,DF,17,udp,65,146.190.248.173,10.255.255.1,54813,53,45
Jul  4 05:57:20 fw.rodolfoarce.local filterlog[32783]: 4,,,1000000103,vtnet0,match,block,in,4,0x0,,51,6022,0,DF,17,udp,76,146.190.248.173,10.255.255.1,54813,53,56
Jul  4 05:57:21 fw.rodolfoarce.local dhclient[10762]: DHCPDISCOVER on vtnet0 to 255.255.255.255 port 67 interval 6
Jul  4 05:57:22 fw.rodolfoarce.local filterlog[32783]: 4,,,1000000103,vtnet0,match,block,in,4,0x0,,51,6236,0,DF,17,udp,65,146.190.248.173,10.255.255.1,54813,53,45
Jul  4 05:57:25 fw.rodolfoarce.local filterlog[32783]: 4,,,1000000103,vtnet0,match,block,in,4,0x0,,51,6668,0,DF,17,udp,76,146.190.248.173,10.255.255.1,54813,53,56
Jul  4 05:57:27 fw.rodolfoarce.local dhclient[10762]: DHCPDISCOVER on vtnet0 to 255.255.255.255 port 67 interval 11
Jul  4 05:57:27 fw.rodolfoarce.local filterlog[32783]: 4,,,1000000103,vtnet0,match,block,in,4,0x0,,51,6877,0,DF,17,udp,76,146.190.248.173,10.255.255.1,54813,53,56
Jul  4 05:57:28 fw.rodolfoarce.local filterlog[32783]: 4,,,1000000103,vtnet0,match,block,in,4,0x0,,51,6931,0,DF,17,udp,65,146.190.248.173,10.255.255.1,54813,53,45
Jul  4 05:57:28 fw.rodolfoarce.local filterlog[32783]: 4,,,1000000103,vtnet0,match,block,in,4,0x0,,51,6986,0,DF,17,udp,76,146.190.248.173,10.255.255.1,54813,53,56
Jul  4 05:57:29 fw.rodolfoarce.local filterlog[32783]: 4,,,1000000103,vtnet0,match,block,in,4,0x0,,51,7089,0,DF,17,udp,65,146.190.248.173,10.255.255.1,54813,53,45
Jul  4 05:57:30 fw.rodolfoarce.local filterlog[32783]: 4,,,1000000103,vtnet0,match,block,in,4,0x0,,51,7103,0,DF,17,udp,76,146.190.248.173,10.255.255.1,54813,53,56
Jul  4 05:57:31 fw.rodolfoarce.local filterlog[32783]: 4,,,1000000103,vtnet0,match,block,in,4,0x0,,51,7325,0,DF,17,udp,65,146.190.248.173,10.255.255.1,54813,53,45
Jul  4 05:57:33 fw.rodolfoarce.local filterlog[32783]: 4,,,1000000103,vtnet0,match,block,in,4,0x0,,51,7412,0,DF,17,udp,76,146.190.248.173,10.255.255.1,54813,53,56
Jul  4 05:57:34 fw.rodolfoarce.local filterlog[32783]: 4,,,1000000103,vtnet0,match,block,in,4,0x0,,51,7660,0,DF,17,udp,65,146.190.248.173,10.255.255.1,54813,53,45
Jul  4 05:57:36 fw.rodolfoarce.local filterlog[32783]: 4,,,1000000103,vtnet0,match,block,in,4,0x0,,51,7684,0,DF,17,udp,76,146.190.248.173,10.255.255.1,54813,53,56
Jul  4 05:57:38 fw.rodolfoarce.local dhclient[10762]: DHCPDISCOVER on vtnet0 to 255.255.255.255 port 67 interval 14
Jul  4 05:57:38 fw.rodolfoarce.local filterlog[32783]: 4,,,1000000103,vtnet0,match,block,in,4,0x0,,51,8237,0,DF,17,udp,65,146.190.248.173,10.255.255.1,54813,53,45
Jul  4 05:57:41 fw.rodolfoarce.local filterlog[32783]: 4,,,1000000103,vtnet0,match,block,in,4,0x0,,51,8262,0,DF,17,udp,76,146.190.248.173,10.255.255.1,54813,53,56
Jul  4 05:57:44 fw.rodolfoarce.local filterlog[32783]: 4,,,1000000103,vtnet0,match,block,in,4,0x0,,51,8944,0,DF,17,udp,76,146.190.248.173,10.255.255.1,54813,53,56
Jul  4 05:57:44 fw.rodolfoarce.local filterlog[32783]: 4,,,1000000103,vtnet0,match,block,in,4,0x0,,51,8988,0,DF,17,udp,65,146.190.248.173,10.255.255.1,54813,53,45
Jul  4 05:57:44 fw.rodolfoarce.local filterlog[32783]: 4,,,1000000103,vtnet0,match,block,in,4,0x0,,51,9008,0,DF,17,udp,76,146.190.248.173,10.255.255.1,54813,53,56
Jul  4 05:57:45 fw.rodolfoarce.local filterlog[32783]: 4,,,1000000103,vtnet0,match,block,in,4,0x0,,51,9026,0,DF,17,udp,65,146.190.248.173,10.255.255.1,54813,53,45
Jul  4 05:57:46 fw.rodolfoarce.local filterlog[32783]: 4,,,1000000103,vtnet0,match,block,in,4,0x0,,51,9038,0,DF,17,udp,76,146.190.248.173,10.255.255.1,54813,53,56
Jul  4 05:57:47 fw.rodolfoarce.local filterlog[32783]: 4,,,1000000103,vtnet0,match,block,in,4,0x0,,51,9276,0,DF,17,udp,65,146.190.248.173,10.255.255.1,54813,53,45
Jul  4 05:57:49 fw.rodolfoarce.local filterlog[32783]: 4,,,1000000103,vtnet0,match,block,in,4,0x0,,51,9289,0,DF,17,udp,76,146.190.248.173,10.255.255.1,54813,53,56
Jul  4 05:57:50 fw.rodolfoarce.local filterlog[32783]: 4,,,1000000103,vtnet0,match,block,in,4,0x0,,51,9667,0,DF,17,udp,65,146.190.248.173,10.255.255.1,54813,53,45
Jul  4 05:57:52 fw.rodolfoarce.local dhclient[10762]: DHCPDISCOVER on vtnet0 to 255.255.255.255 port 67 interval 12
Jul  4 05:57:52 fw.rodolfoarce.local filterlog[32783]: 4,,,1000000103,vtnet0,match,block,in,4,0x0,,51,9805,0,DF,17,udp,76,146.190.248.173,10.255.255.1,54813,53,56
Jul  4 05:57:56 fw.rodolfoarce.local filterlog[32783]: 4,,,1000000103,vtnet0,match,block,in,4,0x0,,51,10047,0,DF,17,udp,65,146.190.248.173,10.255.255.1,54813,53,45
Jul  4 05:57:58 fw.rodolfoarce.local filterlog[32783]: 4,,,1000000103,vtnet0,match,block,in,4,0x0,,51,10209,0,DF,17,udp,76,146.190.248.173,10.255.255.1,54813,53,56
Jul  4 05:58:00 fw.rodolfoarce.local /usr/sbin/cron[77940]: (root) CMD (/usr/sbin/newsyslog)
Jul  4 05:58:01 fw.rodolfoarce.local filterlog[32783]: 4,,,1000000103,vtnet0,match,block,in,4,0x0,,51,10310,0,DF,17,udp,76,146.190.248.173,10.255.255.1,54813,53,56
Jul  4 05:58:01 fw.rodolfoarce.local filterlog[32783]: 4,,,1000000103,vtnet0,match,block,in,4,0x0,,51,10364,0,DF,17,udp,65,146.190.248.173,10.255.255.1,54813,53,45
Jul  4 05:58:01 fw.rodolfoarce.local filterlog[32783]: 4,,,1000000103,vtnet0,match,block,in,4,0x0,,51,10412,0,DF,17,udp,76,146.190.248.173,10.255.255.1,54813,53,56
Jul  4 05:58:02 fw.rodolfoarce.local filterlog[32783]: 4,,,1000000103,vtnet0,match,block,in,4,0x0,,51,10491,0,DF,17,udp,65,146.190.248.173,10.255.255.1,54813,53,45
Jul  4 05:58:03 fw.rodolfoarce.local filterlog[32783]: 4,,,1000000103,vtnet0,match,block,in,4,0x0,,51,10646,0,DF,17,udp,76,146.190.248.173,10.255.255.1,54813,53,56
Jul  4 05:58:04 fw.rodolfoarce.local filterlog[32783]: 4,,,1000000103,vtnet0,match,block,in,4,0x0,,51,10700,0,DF,17,udp,65,146.190.248.173,10.255.255.1,54813,53,45
Jul  4 05:58:04 fw.rodolfoarce.local dhclient[10762]: DHCPDISCOVER on vtnet0 to 255.255.255.255 port 67 interval 10
Jul  4 05:58:06 fw.rodolfoarce.local filterlog[32783]: 4,,,1000000103,vtnet0,match,block,in,4,0x0,,51,10721,0,DF,17,udp,76,146.190.248.173,10.255.255.1,54813,53,56
Jul  4 05:58:08 fw.rodolfoarce.local filterlog[32783]: 4,,,1000000103,vtnet0,match,block,in,4,0x0,,51,11142,0,DF,17,udp,65,146.190.248.173,10.255.255.1,54813,53,45
Jul  4 05:58:10 fw.rodolfoarce.local filterlog[32783]: 4,,,1000000103,vtnet0,match,block,in,4,0x0,,51,11375,0,DF,17,udp,76,146.190.248.173,10.255.255.1,54813,53,56
Jul  4 05:58:12 fw.rodolfoarce.local filterlog[32783]: 4,,,1000000103,vtnet0,match,block,in,4,0x0,,51,11425,0,DF,17,udp,65,146.190.248.173,10.255.255.1,54813,53,45
Jul  4 05:58:14 fw.rodolfoarce.local filterlog[32783]: 4,,,1000000103,vtnet0,match,block,in,4,0x0,,51,11566,0,DF,17,udp,76,146.190.248.173,10.255.255.1,54813,53,56
Jul  4 05:58:14 fw.rodolfoarce.local dhclient[10762]: No DHCPOFFERS received.
Jul  4 05:58:14 fw.rodolfoarce.local dhclient[10762]: No working leases in persistent database - sleeping.
Jul  4 01:58:14 fw.rodolfoarce.local dhclient[86015]: FAIL
Jul  4 05:58:17 fw.rodolfoarce.local filterlog[32783]: 4,,,1000000103,vtnet0,match,block,in,4,0x0,,51,11889,0,DF,17,udp,76,146.190.248.173,10.255.255.1,54813,53,56
Jul  4 05:58:17 fw.rodolfoarce.local filterlog[32783]: 4,,,1000000103,vtnet0,match,block,in,4,0x0,,51,11916,0,DF,17,udp,65,146.190.248.173,10.255.255.1,54813,53,45
Jul  4 05:58:18 fw.rodolfoarce.local filterlog[32783]: 4,,,1000000103,vtnet0,match,block,in,4,0x0,,51,11920,0,DF,17,udp,76,146.190.248.173,10.255.255.1,54813,53,56
Jul  4 05:58:18 fw.rodolfoarce.local filterlog[32783]: 4,,,1000000103,vtnet0,match,block,in,4,0x0,,51,12071,0,DF,17,udp,65,146.190.248.173,10.255.255.1,54813,53,45
Jul  4 05:58:19 fw.rodolfoarce.local filterlog[32783]: 4,,,1000000103,vtnet0,match,block,in,4,0x0,,51,12253,0,DF,17,udp,76,146.190.248.173,10.255.255.1,54813,53,56
Jul  4 05:58:21 fw.rodolfoarce.local filterlog[32783]: 4,,,1000000103,vtnet0,match,block,in,4,0x0,,51,12349,0,DF,17,udp,65,146.190.248.173,10.255.255.1,54813,53,45
Jul  4 05:58:22 fw.rodolfoarce.local filterlog[32783]: 4,,,1000000103,vtnet0,match,block,in,4,0x0,,51,12642,0,DF,17,udp,76,146.190.248.173,10.255.255.1,54813,53,56
Jul  4 05:58:24 fw.rodolfoarce.local filterlog[32783]: 4,,,1000000103,vtnet0,match,block,in,4,0x0,,51,12805,0,DF,17,udp,65,146.190.248.173,10.255.255.1,54813,53,45
Jul  4 05:58:26 fw.rodolfoarce.local filterlog[32783]: 4,,,1000000103,vtnet0,match,block,in,4,0x0,,51,13132,0,DF,17,udp,76,146.190.248.173,10.255.255.1,54813,53,56
Jul  4 05:58:28 fw.rodolfoarce.local filterlog[32783]: 4,,,1000000103,vtnet0,match,block,in,4,0x0,,51,13504,0,DF,17,udp,65,146.190.248.173,10.255.255.1,54813,53,45
Jul  4 05:58:29 fw.rodolfoarce.local dhclient[10762]: DHCPDISCOVER on vtnet0 to 255.255.255.255 port 67 interval 2
Jul  4 05:58:30 fw.rodolfoarce.local filterlog[32783]: 4,,,1000000103,vtnet0,match,block,in,4,0x0,,51,14015,0,DF,17,udp,76,146.190.248.173,10.255.255.1,54813,53,56
Jul  4 05:58:31 fw.rodolfoarce.local dhclient[10762]: DHCPDISCOVER on vtnet0 to 255.255.255.255 port 67 interval 4
Jul  4 05:58:33 fw.rodolfoarce.local filterlog[32783]: 4,,,1000000103,vtnet0,match,block,in,4,0x0,,51,14507,0,DF,17,udp,76,146.190.248.173,10.255.255.1,54813,53,56
Jul  4 05:58:33 fw.rodolfoarce.local filterlog[32783]: 4,,,1000000103,vtnet0,match,block,in,4,0x0,,51,14542,0,DF,17,udp,65,146.190.248.173,10.255.255.1,54813,53,45
Jul  4 05:58:34 fw.rodolfoarce.local dhcp6c[28115]: Sending Solicit
Jul  4 05:58:34 fw.rodolfoarce.local filterlog[32783]: 4,,,1000000103,vtnet0,match,block,in,4,0x0,,51,14603,0,DF,17,udp,76,146.190.248.173,10.255.255.1,54813,53,56
Jul  4 05:58:34 fw.rodolfoarce.local filterlog[32783]: 4,,,1000000103,vtnet0,match,block,in,4,0x0,,51,14773,0,DF,17,udp,65,146.190.248.173,10.255.255.1,54813,53,45
Jul  4 05:58:35 fw.rodolfoarce.local dhclient[10762]: DHCPDISCOVER on vtnet0 to 255.255.255.255 port 67 interval 5
Jul  4 05:58:35 fw.rodolfoarce.local filterlog[32783]: 4,,,1000000103,vtnet0,match,block,in,4,0x0,,51,14903,0,DF,17,udp,76,146.190.248.173,10.255.255.1,54813,53,56
Jul  4 05:58:37 fw.rodolfoarce.local filterlog[32783]: 4,,,1000000103,vtnet0,match,block,in,4,0x0,,51,15130,0,DF,17,udp,65,146.190.248.173,10.255.255.1,54813,53,45
Jul  4 05:58:38 fw.rodolfoarce.local filterlog[32783]: 4,,,1000000103,vtnet0,match,block,in,4,0x0,,51,15365,0,DF,17,udp,76,146.190.248.173,10.255.255.1,54813,53,56
Jul  4 05:58:40 fw.rodolfoarce.local dhclient[10762]: DHCPDISCOVER on vtnet0 to 255.255.255.255 port 67 interval 6
Jul  4 05:58:40 fw.rodolfoarce.local filterlog[32783]: 4,,,1000000103,vtnet0,match,block,in,4,0x0,,51,15685,0,DF,17,udp,65,146.190.248.173,10.255.255.1,54813,53,45
Jul  4 05:58:43 fw.rodolfoarce.local filterlog[32783]: 4,,,1000000103,vtnet0,match,block,in,4,0x0,,51,15726,0,DF,17,udp,76,146.190.248.173,10.255.255.1,54813,53,56
Jul  4 05:58:45 fw.rodolfoarce.local filterlog[32783]: 4,,,1000000103,vtnet0,match,block,in,4,0x0,,51,15766,0,DF,17,udp,65,146.190.248.173,10.255.255.1,54813,53,45
Jul  4 05:58:46 fw.rodolfoarce.local dhclient[10762]: DHCPDISCOVER on vtnet0 to 255.255.255.255 port 67 interval 6
Jul  4 05:58:47 fw.rodolfoarce.local filterlog[32783]: 4,,,1000000103,vtnet0,match,block,in,4,0x0,,51,15788,0,DF,17,udp,76,146.190.248.173,10.255.255.1,54813,53,56
Jul  4 05:58:52 fw.rodolfoarce.local dhclient[10762]: DHCPDISCOVER on vtnet0 to 255.255.255.255 port 67 interval 8
Jul  4 05:59:00 fw.rodolfoarce.local /usr/sbin/cron[86074]: (root) CMD (/usr/sbin/newsyslog)
Jul  4 05:59:00 fw.rodolfoarce.local dhclient[10762]: DHCPDISCOVER on vtnet0 to 255.255.255.255 port 67 interval 21
Jul  4 05:59:21 fw.rodolfoarce.local dhclient[10762]: DHCPDISCOVER on vtnet0 to 255.255.255.255 port 67 interval 7
Jul  4 05:59:29 fw.rodolfoarce.local dhclient[10762]: DHCPDISCOVER on vtnet0 to 255.255.255.255 port 67 interval 1
Jul  4 05:59:30 fw.rodolfoarce.local dhclient[10762]: No DHCPOFFERS received.
Jul  4 05:59:30 fw.rodolfoarce.local dhclient[10762]: No working leases in persistent database - sleeping.
Jul  4 01:59:30 fw.rodolfoarce.local dhclient[6271]: FAIL
Jul  4 05:59:45 fw.rodolfoarce.local dhclient[10762]: DHCPDISCOVER on vtnet0 to 255.255.255.255 port 67 interval 2
Jul  4 05:59:47 fw.rodolfoarce.local dhclient[10762]: DHCPDISCOVER on vtnet0 to 255.255.255.255 port 67 interval 2
Jul  4 05:59:49 fw.rodolfoarce.local dhclient[10762]: DHCPDISCOVER on vtnet0 to 255.255.255.255 port 67 interval 5
Jul  4 05:59:54 fw.rodolfoarce.local dhclient[10762]: DHCPDISCOVER on vtnet0 to 255.255.255.255 port 67 interval 12
Jul  4 06:00:00 fw.rodolfoarce.local /usr/sbin/cron[6924]: (root) CMD (/usr/bin/nice -n20 /usr/local/sbin/expiretable -v -t 3600 virusprot)
Jul  4 06:00:00 fw.rodolfoarce.local /usr/sbin/cron[6990]: (root) CMD (/usr/sbin/newsyslog)
Jul  4 06:00:00 fw.rodolfoarce.local /usr/sbin/cron[7192]: (root) CMD (/usr/libexec/atrun)
Jul  4 06:00:05 fw.rodolfoarce.local filterlog[32783]: 4,,,1000000103,vtnet0,match,block,in,4,0x0,,116,325,0,none,17,udp,82,172.217.43.4,10.255.255.1,43939,53,62
Jul  4 06:00:05 fw.rodolfoarce.local filterlog[32783]: 4,,,1000000103,vtnet0,match,block,in,4,0x0,,117,15821,0,none,17,udp,82,172.217.44.1,10.255.255.1,36599,53,62
Jul  4 06:00:06 fw.rodolfoarce.local dhclient[10762]: DHCPDISCOVER on vtnet0 to 255.255.255.255 port 67 interval 7
Jul  4 06:00:06 fw.rodolfoarce.local filterlog[32783]: 4,,,1000000103,vtnet0,match,block,in,4,0x0,,116,21706,0,none,17,udp,71,172.253.238.137,10.255.255.1,52071,53,51
Jul  4 06:00:06 fw.rodolfoarce.local filterlog[32783]: 4,,,1000000103,vtnet0,match,block,in,4,0x0,,116,53776,0,none,17,udp,71,172.217.45.4,10.255.255.1,53051,53,51
Jul  4 06:00:09 fw.rodolfoarce.local filterlog[32783]: 4,,,1000000103,vtnet0,match,block,in,4,0x0,,117,23927,0,none,17,udp,82,172.217.44.3,10.255.255.1,53783,53,62
Jul  4 06:00:10 fw.rodolfoarce.local filterlog[32783]: 4,,,1000000103,vtnet0,match,block,in,4,0x0,,116,9279,0,none,17,udp,82,172.217.45.1,10.255.255.1,58109,53,62
Jul  4 06:00:10 fw.rodolfoarce.local filterlog[32783]: 4,,,1000000103,vtnet0,match,block,in,4,0x0,,54,12344,0,none,17,udp,71,67.215.84.57,10.255.255.1,57895,53,51
Jul  4 06:00:10 fw.rodolfoarce.local filterlog[32783]: 4,,,1000000103,vtnet0,match,block,in,4,0x0,,54,4657,0,none,17,udp,71,67.215.84.57,10.255.255.1,47659,53,51
Jul  4 06:00:10 fw.rodolfoarce.local filterlog[32783]: 4,,,1000000103,vtnet0,match,block,in,4,0x0,,54,57910,0,none,17,udp,71,67.215.84.57,10.255.255.1,63260,53,51
Jul  4 06:00:10 fw.rodolfoarce.local filterlog[32783]: 4,,,1000000103,vtnet0,match,block,in,4,0x0,,116,56882,0,none,17,udp,71,172.217.45.4,10.255.255.1,42031,53,51
Jul  4 06:00:10 fw.rodolfoarce.local filterlog[32783]: 4,,,1000000103,vtnet0,match,block,in,4,0x0,,54,26461,0,none,17,udp,71,67.215.84.57,10.255.255.1,13701,53,51
Jul  4 06:00:11 fw.rodolfoarce.local filterlog[32783]: 4,,,1000000103,vtnet0,match,block,in,4,0x0,,54,51696,0,none,17,udp,71,67.215.84.57,10.255.255.1,5428,53,51
Jul  4 06:00:11 fw.rodolfoarce.local filterlog[32783]: 4,,,1000000103,vtnet0,match,block,in,4,0x0,,54,23578,0,none,17,udp,71,67.215.84.57,10.255.255.1,3705,53,51
Jul  4 06:00:11 fw.rodolfoarce.local filterlog[32783]: 4,,,1000000103,vtnet0,match,block,in,4,0x0,,116,51012,0,none,17,udp,71,172.217.45.5,10.255.255.1,47442,53,51
Jul  4 06:00:12 fw.rodolfoarce.local filterlog[32783]: 4,,,1000000103,vtnet0,match,block,in,4,0x0,,54,58651,0,none,17,udp,71,67.215.84.57,10.255.255.1,3998,53,51
Jul  4 06:00:12 fw.rodolfoarce.local filterlog[32783]: 4,,,1000000103,vtnet0,match,block,in,4,0x0,,54,31451,0,none,17,udp,71,67.215.84.57,10.255.255.1,53105,53,51
Jul  4 06:00:12 fw.rodolfoarce.local filterlog[32783]: 4,,,1000000103,vtnet0,match,block,in,4,0x0,,54,6966,0,none,17,udp,71,67.215.84.57,10.255.255.1,61752,53,51
Jul  4 06:00:13 fw.rodolfoarce.local filterlog[32783]: 4,,,1000000103,vtnet0,match,block,in,4,0x0,,54,3472,0,none,17,udp,71,67.215.84.57,10.255.255.1,55058,53,51
Jul  4 06:00:13 fw.rodolfoarce.local filterlog[32783]: 4,,,1000000103,vtnet0,match,block,in,4,0x0,,54,27383,0,none,17,udp,71,67.215.84.57,10.255.255.1,51901,53,51
Jul  4 06:00:13 fw.rodolfoarce.local filterlog[32783]: 4,,,1000000103,vtnet0,match,block,in,4,0x0,,54,13526,0,none,17,udp,71,67.215.84.57,10.255.255.1,33409,53,51
Jul  4 06:00:13 fw.rodolfoarce.local dhclient[10762]: DHCPDISCOVER on vtnet0 to 255.255.255.255 port 67 interval 13
Jul  4 06:00:14 fw.rodolfoarce.local filterlog[32783]: 4,,,1000000103,vtnet0,match,block,in,4,0x0,,116,28803,0,none,17,udp,82,172.253.238.137,10.255.255.1,61238,53,62
Jul  4 06:00:14 fw.rodolfoarce.local filterlog[32783]: 4,,,1000000103,vtnet0,match,block,in,4,0x0,,54,41759,0,none,17,udp,71,67.215.84.57,10.255.255.1,62677,53,51
Jul  4 06:00:14 fw.rodolfoarce.local filterlog[32783]: 4,,,1000000103,vtnet0,match,block,in,4,0x0,,54,20293,0,none,17,udp,71,67.215.84.57,10.255.255.1,54393,53,51
Jul  4 06:00:15 fw.rodolfoarce.local filterlog[32783]: 4,,,1000000103,vtnet0,match,block,in,4,0x0,,116,59980,0,none,17,udp,71,172.217.45.4,10.255.255.1,58246,53,51
Jul  4 06:00:15 fw.rodolfoarce.local filterlog[32783]: 4,,,1000000103,vtnet0,match,block,in,4,0x0,,54,43687,0,none,17,udp,71,67.215.84.59,10.255.255.1,22641,53,51
Jul  4 06:00:15 fw.rodolfoarce.local filterlog[32783]: 4,,,1000000103,vtnet0,match,block,in,4,0x0,,54,17938,0,none,17,udp,71,67.215.84.59,10.255.255.1,47832,53,51
Jul  4 06:00:15 fw.rodolfoarce.local filterlog[32783]: 4,,,1000000103,vtnet0,match,block,in,4,0x0,,54,6205,0,none,17,udp,71,67.215.84.59,10.255.255.1,54033,53,51
Jul  4 06:00:15 fw.rodolfoarce.local filterlog[32783]: 4,,,1000000103,vtnet0,match,block,in,4,0x0,,54,12262,0,none,17,udp,71,67.215.84.59,10.255.255.1,29999,53,51
Jul  4 06:00:15 fw.rodolfoarce.local filterlog[32783]: 4,,,1000000103,vtnet0,match,block,in,4,0x0,,54,60117,0,none,17,udp,71,67.215.84.57,10.255.255.1,28926,53,51
Jul  4 06:00:15 fw.rodolfoarce.local filterlog[32783]: 4,,,1000000103,vtnet0,match,block,in,4,0x0,,54,16134,0,none,17,udp,71,67.215.84.57,10.255.255.1,4287,53,51
Jul  4 06:00:16 fw.rodolfoarce.local filterlog[32783]: 4,,,1000000103,vtnet0,match,block,in,4,0x0,,54,52611,0,none,17,udp,71,67.215.84.59,10.255.255.1,12302,53,51
Jul  4 06:00:16 fw.rodolfoarce.local filterlog[32783]: 4,,,1000000103,vtnet0,match,block,in,4,0x0,,54,23435,0,none,17,udp,71,67.215.84.59,10.255.255.1,24117,53,51
Jul  4 06:00:16 fw.rodolfoarce.local filterlog[32783]: 4,,,1000000103,vtnet0,match,block,in,4,0x0,,116,29876,0,none,17,udp,82,172.253.238.137,10.255.255.1,62899,53,62
Jul  4 06:00:16 fw.rodolfoarce.local filterlog[32783]: 4,,,1000000103,vtnet0,match,block,in,4,0x0,,54,27619,0,none,17,udp,71,67.215.84.59,10.255.255.1,8439,53,51
Jul  4 06:00:16 fw.rodolfoarce.local filterlog[32783]: 4,,,1000000103,vtnet0,match,block,in,4,0x0,,54,24910,0,none,17,udp,71,67.215.84.59,10.255.255.1,25617,53,51
Jul  4 06:00:17 fw.rodolfoarce.local filterlog[32783]: 4,,,1000000103,vtnet0,match,block,in,4,0x0,,116,22071,0,none,17,udp,71,172.253.238.130,10.255.255.1,39186,53,51
Jul  4 06:00:18 fw.rodolfoarce.local filterlog[32783]: 4,,,1000000103,vtnet0,match,block,in,4,0x0,,54,46464,0,none,17,udp,71,67.215.84.59,10.255.255.1,46737,53,51
Jul  4 06:00:18 fw.rodolfoarce.local filterlog[32783]: 4,,,1000000103,vtnet0,match,block,in,4,0x0,,54,4416,0,none,17,udp,71,67.215.84.59,10.255.255.1,51278,53,51
Jul  4 06:00:18 fw.rodolfoarce.local filterlog[32783]: 4,,,1000000103,vtnet0,match,block,in,4,0x0,,54,47503,0,none,17,udp,71,67.215.84.59,10.255.255.1,59834,53,51
Jul  4 06:00:18 fw.rodolfoarce.local filterlog[32783]: 4,,,1000000103,vtnet0,match,block,in,4,0x0,,54,14042,0,none,17,udp,71,67.215.84.59,10.255.255.1,34087,53,51
Jul  4 06:00:19 fw.rodolfoarce.local filterlog[32783]: 4,,,1000000103,vtnet0,match,block,in,4,0x0,,54,12670,0,none,17,udp,71,67.215.84.59,10.255.255.1,20954,53,51
Jul  4 06:00:19 fw.rodolfoarce.local filterlog[32783]: 4,,,1000000103,vtnet0,match,block,in,4,0x0,,54,36983,0,none,17,udp,71,67.215.84.59,10.255.255.1,17488,53,51
Jul  4 06:00:20 fw.rodolfoarce.local filterlog[32783]: 4,,,1000000103,vtnet0,match,block,in,4,0x0,,54,8801,0,none,17,udp,71,67.215.84.57,10.255.255.1,10947,53,51
Jul  4 06:00:20 fw.rodolfoarce.local filterlog[32783]: 4,,,1000000103,vtnet0,match,block,in,4,0x0,,54,55397,0,none,17,udp,71,67.215.84.59,10.255.255.1,29380,53,51
Jul  4 06:00:20 fw.rodolfoarce.local filterlog[32783]: 4,,,1000000103,vtnet0,match,block,in,4,0x0,,54,29616,0,none,17,udp,71,67.215.84.59,10.255.255.1,44226,53,51
Jul  4 06:00:21 fw.rodolfoarce.local filterlog[32783]: 4,,,1000000103,vtnet0,match,block,in,4,0x0,,116,15301,0,none,17,udp,82,172.217.43.4,10.255.255.1,58352,53,62
Jul  4 06:00:21 fw.rodolfoarce.local filterlog[32783]: 4,,,1000000103,vtnet0,match,block,in,4,0x0,,116,64494,0,none,17,udp,82,172.217.45.2,10.255.255.1,44239,53,62
Jul  4 06:00:22 fw.rodolfoarce.local filterlog[32783]: 4,,,1000000103,vtnet0,match,block,in,4,0x0,,116,53029,0,none,17,udp,71,172.217.45.5,10.255.255.1,60711,53,51
Jul  4 06:00:22 fw.rodolfoarce.local filterlog[32783]: 4,,,1000000103,vtnet0,match,block,in,4,0x0,,116,13948,0,none,17,udp,71,172.253.238.133,10.255.255.1,40122,53,51
Jul  4 06:00:22 fw.rodolfoarce.local filterlog[32783]: 4,,,1000000103,vtnet0,match,block,in,4,0x0,,54,11053,0,none,17,udp,71,67.215.84.57,10.255.255.1,18126,53,51
Jul  4 06:00:22 fw.rodolfoarce.local filterlog[32783]: 4,,,1000000103,vtnet0,match,block,in,4,0x0,,54,26246,0,none,17,udp,71,67.215.84.57,10.255.255.1,47694,53,51
Jul  4 06:00:24 fw.rodolfoarce.local filterlog[32783]: 4,,,1000000103,vtnet0,match,block,in,4,0x0,,54,31041,0,none,17,udp,71,67.215.84.57,10.255.255.1,40795,53,51
Jul  4 06:00:24 fw.rodolfoarce.local filterlog[32783]: 4,,,1000000103,vtnet0,match,block,in,4,0x0,,51,57811,0,none,17,udp,71,67.215.86.71,10.255.255.1,16729,53,51
Jul  4 06:00:25 fw.rodolfoarce.local filterlog[32783]: 4,,,1000000103,vtnet0,match,block,in,4,0x0,,51,8302,0,none,17,udp,71,67.215.86.71,10.255.255.1,48129,53,51
Jul  4 06:00:25 fw.rodolfoarce.local filterlog[32783]: 4,,,1000000103,vtnet0,match,block,in,4,0x0,,54,63984,0,none,17,udp,71,67.215.84.59,10.255.255.1,46323,53,51
Jul  4 06:00:25 fw.rodolfoarce.local filterlog[32783]: 4,,,1000000103,vtnet0,match,block,in,4,0x0,,51,13787,0,none,17,udp,71,67.215.86.71,10.255.255.1,37689,53,51
Jul  4 06:00:26 fw.rodolfoarce.local dhclient[10762]: DHCPDISCOVER on vtnet0 to 255.255.255.255 port 67 interval 13
Jul  4 06:00:26 fw.rodolfoarce.local filterlog[32783]: 4,,,1000000103,vtnet0,match,block,in,4,0x0,,51,59997,0,none,17,udp,71,67.215.86.71,10.255.255.1,12547,53,51
Jul  4 06:00:27 fw.rodolfoarce.local filterlog[32783]: 4,,,1000000103,vtnet0,match,block,in,4,0x0,,54,39942,0,none,17,udp,71,67.215.84.59,10.255.255.1,8536,53,51
Jul  4 06:00:27 fw.rodolfoarce.local filterlog[32783]: 4,,,1000000103,vtnet0,match,block,in,4,0x0,,54,34304,0,none,17,udp,71,67.215.84.59,10.255.255.1,24108,53,51
Jul  4 06:00:27 fw.rodolfoarce.local filterlog[32783]: 4,,,1000000103,vtnet0,match,block,in,4,0x0,,51,45898,0,none,17,udp,71,67.215.86.71,10.255.255.1,27066,53,51
Jul  4 06:00:28 fw.rodolfoarce.local filterlog[32783]: 4,,,1000000103,vtnet0,match,block,in,4,0x0,,51,29050,0,none,17,udp,71,67.215.86.71,10.255.255.1,38003,53,51
Jul  4 06:00:29 fw.rodolfoarce.local filterlog[32783]: 4,,,1000000103,vtnet0,match,block,in,4,0x0,,54,27670,0,none,17,udp,71,67.215.84.59,10.255.255.1,33734,53,51
Jul  4 06:00:29 fw.rodolfoarce.local filterlog[32783]: 4,,,1000000103,vtnet0,match,block,in,4,0x0,,49,11850,0,none,17,udp,71,146.112.135.69,10.255.255.1,47471,53,51
Jul  4 06:00:29 fw.rodolfoarce.local filterlog[32783]: 4,,,1000000103,vtnet0,match,block,in,4,0x0,,51,7479,0,none,17,udp,71,67.215.86.71,10.255.255.1,36138,53,51
Jul  4 06:00:30 fw.rodolfoarce.local filterlog[32783]: 4,,,1000000103,vtnet0,match,block,in,4,0x0,,49,13995,0,none,17,udp,71,146.112.135.69,10.255.255.1,8955,53,51
Jul  4 06:00:30 fw.rodolfoarce.local filterlog[32783]: 4,,,1000000103,vtnet0,match,block,in,4,0x0,,49,4865,0,none,17,udp,71,146.112.135.69,10.255.255.1,13598,53,51
Jul  4 06:00:31 fw.rodolfoarce.local filterlog[32783]: 4,,,1000000103,vtnet0,match,block,in,4,0x0,,49,15981,0,none,17,udp,71,146.112.135.69,10.255.255.1,9349,53,51
Jul  4 06:00:32 fw.rodolfoarce.local filterlog[32783]: 4,,,1000000103,vtnet0,match,block,in,4,0x0,,49,47100,0,none,17,udp,71,146.112.135.69,10.255.255.1,16700,53,51
Jul  4 06:00:33 fw.rodolfoarce.local filterlog[32783]: 4,,,1000000103,vtnet0,match,block,in,4,0x0,,49,61174,0,none,17,udp,71,146.112.135.69,10.255.255.1,25849,53,51
Jul  4 06:00:34 fw.rodolfoarce.local filterlog[32783]: 4,,,1000000103,vtnet0,match,block,in,4,0x0,,49,56688,0,none,17,udp,71,146.112.135.69,10.255.255.1,8067,53,51
Jul  4 06:00:35 fw.rodolfoarce.local filterlog[32783]: 4,,,1000000103,vtnet0,match,block,in,4,0x0,,49,44558,0,none,17,udp,71,146.112.135.69,10.255.255.1,39714,53,51
Jul  4 06:00:36 fw.rodolfoarce.local filterlog[32783]: 4,,,1000000103,vtnet0,match,block,in,4,0x0,,54,30575,0,none,17,udp,76,67.215.84.57,10.255.255.1,60716,53,56
Jul  4 06:00:36 fw.rodolfoarce.local filterlog[32783]: 4,,,1000000103,vtnet0,match,block,in,4,0x0,,54,47147,0,none,17,udp,76,67.215.84.57,10.255.255.1,7257,53,56
Jul  4 06:00:36 fw.rodolfoarce.local filterlog[32783]: 4,,,1000000103,vtnet0,match,block,in,4,0x0,,54,19359,0,none,17,udp,76,67.215.84.57,10.255.255.1,44078,53,56
Jul  4 06:00:36 fw.rodolfoarce.local filterlog[32783]: 4,,,1000000103,vtnet0,match,block,in,4,0x0,,54,24916,0,none,17,udp,76,67.215.84.57,10.255.255.1,35546,53,56
Jul  4 06:00:36 fw.rodolfoarce.local filterlog[32783]: 4,,,1000000103,vtnet0,match,block,in,4,0x0,,54,64792,0,none,17,udp,76,67.215.84.57,10.255.255.1,25238,53,56
Jul  4 06:00:36 fw.rodolfoarce.local filterlog[32783]: 4,,,1000000103,vtnet0,match,block,in,4,0x0,,54,36004,0,none,17,udp,76,67.215.84.57,10.255.255.1,13649,53,56
Jul  4 06:00:37 fw.rodolfoarce.local filterlog[32783]: 4,,,1000000103,vtnet0,match,block,in,4,0x0,,54,2337,0,none,17,udp,76,67.215.84.57,10.255.255.1,56376,53,56
Jul  4 06:00:38 fw.rodolfoarce.local filterlog[32783]: 4,,,1000000103,vtnet0,match,block,in,4,0x0,,54,41297,0,none,17,udp,76,67.215.84.57,10.255.255.1,55168,53,56
Jul  4 06:00:38 fw.rodolfoarce.local filterlog[32783]: 4,,,1000000103,vtnet0,match,block,in,4,0x0,,54,27947,0,none,17,udp,76,67.215.84.57,10.255.255.1,12115,53,56
Jul  4 06:00:38 fw.rodolfoarce.local filterlog[32783]: 4,,,1000000103,vtnet0,match,block,in,4,0x0,,54,30338,0,none,17,udp,76,67.215.84.57,10.255.255.1,25640,53,56
Jul  4 06:00:39 fw.rodolfoarce.local dhclient[10762]: DHCPDISCOVER on vtnet0 to 255.255.255.255 port 67 interval 7
Jul  4 06:00:40 fw.rodolfoarce.local filterlog[32783]: 4,,,1000000103,vtnet0,match,block,in,4,0x0,,54,18131,0,none,17,udp,76,67.215.84.57,10.255.255.1,39403,53,56
Jul  4 06:00:40 fw.rodolfoarce.local filterlog[32783]: 4,,,1000000103,vtnet0,match,block,in,4,0x0,,54,26995,0,none,17,udp,76,67.215.84.57,10.255.255.1,57789,53,56
Jul  4 06:00:40 fw.rodolfoarce.local dhcp6c[28115]: Sending Solicit
Jul  4 06:00:41 fw.rodolfoarce.local filterlog[32783]: 4,,,1000000103,vtnet0,match,block,in,4,0x0,,54,18399,0,none,17,udp,76,67.215.84.57,10.255.255.1,42184,53,56
Jul  4 06:00:41 fw.rodolfoarce.local filterlog[32783]: 4,,,1000000103,vtnet0,match,block,in,4,0x0,,54,22440,0,none,17,udp,76,67.215.84.57,10.255.255.1,41721,53,56
Jul  4 06:00:42 fw.rodolfoarce.local filterlog[32783]: 4,,,1000000103,vtnet0,match,block,in,4,0x0,,54,1807,0,none,17,udp,76,67.215.84.57,10.255.255.1,54759,53,56
Jul  4 06:00:42 fw.rodolfoarce.local filterlog[32783]: 4,,,1000000103,vtnet0,match,block,in,4,0x0,,54,14376,0,none,17,udp,76,67.215.84.57,10.255.255.1,12018,53,56
Jul  4 06:00:45 fw.rodolfoarce.local filterlog[32783]: 4,,,1000000103,vtnet0,match,block,in,4,0x0,,54,58112,0,none,17,udp,76,67.215.84.57,10.255.255.1,3966,53,56
Jul  4 06:00:45 fw.rodolfoarce.local filterlog[32783]: 4,,,1000000103,vtnet0,match,block,in,4,0x0,,54,59298,0,none,17,udp,76,67.215.84.57,10.255.255.1,39964,53,56
Jul  4 06:00:46 fw.rodolfoarce.local dhclient[10762]: No DHCPOFFERS received.
Jul  4 06:00:46 fw.rodolfoarce.local dhclient[10762]: No working leases in persistent database - sleeping.
Jul  4 02:00:46 fw.rodolfoarce.local dhclient[24859]: FAIL
Jul  4 06:00:47 fw.rodolfoarce.local filterlog[32783]: 4,,,1000000103,vtnet0,match,block,in,4,0x0,,54,41252,0,none,17,udp,76,67.215.84.57,10.255.255.1,44880,53,56
Jul  4 06:00:47 fw.rodolfoarce.local filterlog[32783]: 4,,,1000000103,vtnet0,match,block,in,4,0x0,,54,4230,0,none,17,udp,76,67.215.84.57,10.255.255.1,15921,53,56
Jul  4 06:01:00 fw.rodolfoarce.local /usr/sbin/cron[25125]: (root) CMD (/usr/sbin/newsyslog)
Jul  4 06:01:01 fw.rodolfoarce.local dhclient[10762]: DHCPDISCOVER on vtnet0 to 255.255.255.255 port 67 interval 2
Jul  4 06:01:05 fw.rodolfoarce.local dhclient[10762]: message repeated 2 times: [ DHCPDISCOVER on vtnet0 to 255.255.255.255 port 67 interval 2]
Jul  4 06:01:07 fw.rodolfoarce.local filterlog[32783]: 4,,,1000000103,vtnet1,match,block,in,4,0x0,,64,7383,0,DF,6,tcp,76,10.1.1.3,104.21.40.220,53302,443,24,PA,4286555463:4286555487,1307708411,249,,nop;nop;TS
Jul  4 06:01:07 fw.rodolfoarce.local filterlog[32783]: 4,,,1000000103,vtnet1,match,block,in,4,0x0,,64,7384,0,DF,6,tcp,52,10.1.1.3,104.21.40.220,53302,443,0,FA,4286555487,1307708411,249,,nop;nop;TS
Jul  4 06:01:07 fw.rodolfoarce.local filterlog[32783]: 4,,,1000000103,vtnet1,match,block,in,4,0x0,,64,7385,0,DF,6,tcp,52,10.1.1.3,104.21.40.220,53302,443,0,FA,4286555487,1307708411,249,,nop;nop;TS
Jul  4 06:01:07 fw.rodolfoarce.local filterlog[32783]: 4,,,1000000103,vtnet1,match,block,in,4,0x0,,64,7386,0,DF,6,tcp,76,10.1.1.3,104.21.40.220,53302,443,24,FPA,4286555463:4286555487,1307708411,249,,nop;nop;TS
Jul  4 06:01:07 fw.rodolfoarce.local filterlog[32783]: 4,,,1000000103,vtnet1,match,block,in,4,0x0,,64,7387,0,DF,6,tcp,76,10.1.1.3,104.21.40.220,53302,443,24,FPA,4286555463:4286555487,1307708411,249,,nop;nop;TS
Jul  4 06:01:07 fw.rodolfoarce.local dhclient[10762]: DHCPDISCOVER on vtnet0 to 255.255.255.255 port 67 interval 2
Jul  4 06:01:08 fw.rodolfoarce.local filterlog[32783]: 4,,,1000000103,vtnet1,match,block,in,4,0x0,,64,7388,0,DF,6,tcp,76,10.1.1.3,104.21.40.220,53302,443,24,FPA,4286555463:4286555487,1307708411,249,,nop;nop;TS
Jul  4 06:01:10 fw.rodolfoarce.local dhclient[10762]: DHCPDISCOVER on vtnet0 to 255.255.255.255 port 67 interval 4
Jul  4 06:01:10 fw.rodolfoarce.local filterlog[32783]: 4,,,1000000103,vtnet1,match,block,in,4,0x0,,64,7389,0,DF,6,tcp,76,10.1.1.3,104.21.40.220,53302,443,24,FPA,4286555463:4286555487,1307708411,249,,nop;nop;TS
Jul  4 06:01:13 fw.rodolfoarce.local filterlog[32783]: 4,,,1000000103,vtnet1,match,block,in,4,0x0,,64,7390,0,DF,6,tcp,76,10.1.1.3,104.21.40.220,53302,443,24,FPA,4286555463:4286555487,1307708411,249,,nop;nop;TS
Jul  4 06:01:14 fw.rodolfoarce.local dhclient[10762]: DHCPDISCOVER on vtnet0 to 255.255.255.255 port 67 interval 8
Jul  4 06:01:20 fw.rodolfoarce.local filterlog[32783]: 4,,,1000000103,vtnet1,match,block,in,4,0x0,,64,7391,0,DF,6,tcp,76,10.1.1.3,104.21.40.220,53302,443,24,FPA,4286555463:4286555487,1307708411,249,,nop;nop;TS
Jul  4 06:01:22 fw.rodolfoarce.local dhclient[10762]: DHCPDISCOVER on vtnet0 to 255.255.255.255 port 67 interval 8
Jul  4 06:01:30 fw.rodolfoarce.local dhclient[10762]: DHCPDISCOVER on vtnet0 to 255.255.255.255 port 67 interval 20
Jul  4 06:01:35 fw.rodolfoarce.local filterlog[32783]: 4,,,1000000103,vtnet1,match,block,in,4,0x0,,64,7392,0,DF,6,tcp,76,10.1.1.3,104.21.40.220,53302,443,24,FPA,4286555463:4286555487,1307708411,249,,nop;nop;TS
Jul  4 06:01:50 fw.rodolfoarce.local dhclient[10762]: DHCPDISCOVER on vtnet0 to 255.255.255.255 port 67 interval 12
Jul  4 06:02:00 fw.rodolfoarce.local /usr/sbin/cron[43418]: (root) CMD (/usr/sbin/newsyslog)
Jul  4 06:02:02 fw.rodolfoarce.local filterlog[32783]: 4,,,1000000103,vtnet1,match,block,in,4,0x0,,64,7393,0,DF,6,tcp,76,10.1.1.3,104.21.40.220,53302,443,24,FPA,4286555463:4286555487,1307708411,249,,nop;nop;TS
Jul  4 06:02:02 fw.rodolfoarce.local dhclient[10762]: No DHCPOFFERS received.
Jul  4 06:02:02 fw.rodolfoarce.local dhclient[10762]: No working leases in persistent database - sleeping.
Jul  4 02:02:02 fw.rodolfoarce.local dhclient[44238]: FAIL
Jul  4 06:02:17 fw.rodolfoarce.local dhclient[10762]: DHCPDISCOVER on vtnet0 to 255.255.255.255 port 67 interval 1
Jul  4 06:02:22 fw.rodolfoarce.local dhclient[10762]: message repeated 5 times: [ DHCPDISCOVER on vtnet0 to 255.255.255.255 port 67 interval 1]
Jul  4 06:02:23 fw.rodolfoarce.local dhclient[10762]: DHCPDISCOVER on vtnet0 to 255.255.255.255 port 67 interval 2
Jul  4 06:02:27 fw.rodolfoarce.local dhclient[10762]: message repeated 2 times: [ DHCPDISCOVER on vtnet0 to 255.255.255.255 port 67 interval 2]
Jul  4 06:02:29 fw.rodolfoarce.local dhcp6c[28115]: Sending Solicit
Jul  4 06:02:29 fw.rodolfoarce.local dhclient[10762]: DHCPDISCOVER on vtnet0 to 255.255.255.255 port 67 interval 5
Jul  4 06:02:35 fw.rodolfoarce.local dhclient[10762]: DHCPDISCOVER on vtnet0 to 255.255.255.255 port 67 interval 13
Jul  4 06:02:48 fw.rodolfoarce.local dhclient[10762]: DHCPDISCOVER on vtnet0 to 255.255.255.255 port 67 interval 16
Jul  4 06:03:00 fw.rodolfoarce.local /usr/sbin/cron[62300]: (root) CMD (/usr/sbin/newsyslog)
Jul  4 06:03:04 fw.rodolfoarce.local dhclient[10762]: DHCPDISCOVER on vtnet0 to 255.255.255.255 port 67 interval 14
Jul  4 06:03:18 fw.rodolfoarce.local dhclient[10762]: No DHCPOFFERS received.
Jul  4 06:03:18 fw.rodolfoarce.local dhclient[10762]: No working leases in persistent database - sleeping.
Jul  4 02:03:18 fw.rodolfoarce.local dhclient[82068]: FAIL
Jul  4 06:03:33 fw.rodolfoarce.local dhclient[10762]: DHCPDISCOVER on vtnet0 to 255.255.255.255 port 67 interval 2
Jul  4 06:03:35 fw.rodolfoarce.local dhclient[10762]: DHCPDISCOVER on vtnet0 to 255.255.255.255 port 67 interval 4
Jul  4 06:03:39 fw.rodolfoarce.local dhclient[10762]: DHCPDISCOVER on vtnet0 to 255.255.255.255 port 67 interval 7
Jul  4 06:03:46 fw.rodolfoarce.local dhclient[10762]: DHCPDISCOVER on vtnet0 to 255.255.255.255 port 67 interval 11
Jul  4 06:03:57 fw.rodolfoarce.local dhclient[10762]: DHCPDISCOVER on vtnet0 to 255.255.255.255 port 67 interval 15
Jul  4 06:04:00 fw.rodolfoarce.local /usr/sbin/cron[82468]: (root) CMD (/usr/sbin/newsyslog)
Jul  4 06:04:12 fw.rodolfoarce.local dhclient[10762]: DHCPDISCOVER on vtnet0 to 255.255.255.255 port 67 interval 8
Jul  4 06:04:20 fw.rodolfoarce.local dhclient[10762]: DHCPDISCOVER on vtnet0 to 255.255.255.255 port 67 interval 9
Jul  4 06:04:29 fw.rodolfoarce.local dhcp6c[28115]: Sending Solicit
Jul  4 06:04:29 fw.rodolfoarce.local dhclient[10762]: DHCPDISCOVER on vtnet0 to 255.255.255.255 port 67 interval 5
Jul  4 06:04:34 fw.rodolfoarce.local dhclient[10762]: No DHCPOFFERS received.
Jul  4 06:04:34 fw.rodolfoarce.local dhclient[10762]: No working leases in persistent database - sleeping.
Jul  4 02:04:34 fw.rodolfoarce.local dhclient[2864]: FAIL
Jul  4 06:04:49 fw.rodolfoarce.local dhclient[10762]: DHCPDISCOVER on vtnet0 to 255.255.255.255 port 67 interval 2
Jul  4 06:04:54 fw.rodolfoarce.local dhclient[10762]: message repeated 2 times: [ DHCPDISCOVER on vtnet0 to 255.255.255.255 port 67 interval 2]
Jul  4 06:04:56 fw.rodolfoarce.local dhclient[10762]: DHCPDISCOVER on vtnet0 to 255.255.255.255 port 67 interval 4
Jul  4 06:05:00 fw.rodolfoarce.local /usr/sbin/cron[3544]: (root) CMD (/usr/libexec/atrun)
Jul  4 06:05:00 fw.rodolfoarce.local /usr/sbin/cron[3272]: (root) CMD (/usr/sbin/newsyslog)
Jul  4 06:05:00 fw.rodolfoarce.local dhclient[10762]: DHCPDISCOVER on vtnet0 to 255.255.255.255 port 67 interval 8
Jul  4 06:05:08 fw.rodolfoarce.local dhclient[10762]: DHCPDISCOVER on vtnet0 to 255.255.255.255 port 67 interval 8
